== c25cusp_line comps [('t**2', 't**5'), ('t', 't/2')] alpha 3 degs [[2, 5], [1, 1]]
  c=(0.63, 0.0) W=[1, 2, 2, 2, -2, -1] [([1, 2], 'br', 2, 'cusps', 0)]
  c=(-0.315, 0.546) W=[1, 1, 2, 1, 2, 1, 1, -2, -1, -2, -1, -1] [([0, 2], 'br', 2, 'cusps', 0)]
  c=(0.0, 0.0) W=[1, 1, 2, 1, 2, 2, 2, 1, 2] [([0, 1, 2], 'br', 2, 'cusps', 1)]
  c=(-0.315, -0.546) W=[-2, -1, -2, 1, 1, 2, 1, 2] [([0, 2], 'br', 2, 'cusps', 0)]
abelianization: [ 0, 0 ]
k=[ 4, 4 ] nu=4 transitive reps: 386
   D=5 n=[ 2, 5 ] cyc=[ [ , 1 ], [  ] ] A5 chi=[ -1, -10 ] fail=euler s=[ 2, 2, 0, 2 ] euler=0 chiR=1
   D=6 n=[ 2, 6 ] cyc=[ [ ,, 1 ], [  ] ] S5 chi=[ -2, -14 ] fail=euler s=[ 2, 2, 0, 2 ] euler=0 chiR=1
   D=10 n=[ 4, 10 ] cyc=[ [ ,,,, 1 ], [  ] ] C2 x ((C2 x C2 x C2 x C2) : A5) chi=[ -2, -20 ] fail=euler s=[ 4, 4, 0, 4 ] euler=0 chiR=1
   D=10 n=[ 3, 10 ] cyc=[ [ ,,,,, 1 ], [  ] ] A10 chi=[ -4, -25 ] fail=euler s=[ 3, 3, 0, 3 ] euler=0 chiR=1
   D=10 n=[ 2, 10 ] cyc=[ [ ,,,,,, 1 ], [  ] ] A6 : C2 chi=[ -6, -30 ] fail=euler s=[ 2, 2, 0, 2 ] euler=0 chiR=1
   D=10 n=[ 2, 10 ] cyc=[ [ ,,,,,, 1 ], [  ] ] S10 chi=[ -6, -30 ] fail=euler s=[ 2, 2, 0, 2 ] euler=0 chiR=1
   D=10 n=[ 3, 10 ] cyc=[ [ ,,,,, 1 ], [  ] ] A10 chi=[ -4, -25 ] fail=euler s=[ 3, 3, 0, 3 ] euler=0 chiR=1
   D=10 n=[ 3, 10 ] cyc=[ [ 1,,, 1 ], [  ] ] S10 chi=[ -4, -25 ] fail=euler s=[ 3, 3, 0, 3 ] euler=0 chiR=1
   D=10 n=[ 2, 10 ] cyc=[ [ , 1,, 1 ], [  ] ] A10 chi=[ -6, -30 ] fail=euler s=[ 2, 2, 0, 2 ] euler=0 chiR=1
   D=10 n=[ 2, 10 ] cyc=[ [ 1,,,, 1 ], [  ] ] A10 chi=[ -6, -30 ] fail=euler s=[ 2, 2, 0, 2 ] euler=0 chiR=1
   D=10 n=[ 2, 10 ] cyc=[ [ 1,,,, 1 ], [  ] ] A10 chi=[ -6, -30 ] fail=euler s=[ 2, 2, 0, 2 ] euler=0 chiR=1
   D=10 n=[ 3, 10 ] cyc=[ [ ,,,,, 1 ], [  ] ] A10 chi=[ -4, -25 ] fail=euler s=[ 3, 3, 0, 3 ] euler=0 chiR=1
   D=5 n=[ 1, 5 ] cyc=[ [ 2 ], [  ] ] D10 chi=[ -3, -15 ] fail=euler s=[ 1, 1, 0, 1 ] euler=0 chiR=1
   D=6 n=[ 1, 6 ] cyc=[ [ 1, 1 ], [  ] ] S6 chi=[ -4, -19 ] fail=euler s=[ 1, 1, 0, 1 ] euler=0 chiR=1
   D=10 n=[ 2, 10 ] cyc=[ [ 1,,,, 1 ], [  ] ] A10 chi=[ -6, -30 ] fail=euler s=[ 2, 2, 0, 2 ] euler=0 chiR=1
   D=10 n=[ 1, 10 ] cyc=[ [ 1,,,,, 1 ], [  ] ] S10 chi=[ -8, -35 ] fail=euler s=[ 1, 1, 0, 1 ] euler=0 chiR=1
   D=10 n=[ 1, 10 ] cyc=[ [ 1,,,,, 1 ], [  ] ] S10 chi=[ -8, -35 ] fail=euler s=[ 1, 1, 0, 1 ] euler=0 chiR=1
   D=10 n=[ 2, 10 ] cyc=[ [ 1,,,, 1 ], [  ] ] A10 chi=[ -6, -30 ] fail=euler s=[ 2, 2, 0, 2 ] euler=0 chiR=1
   D=10 n=[ 2, 10 ] cyc=[ [ 2,, 1 ], [  ] ] (C2 x C2 x C2 x C2) : D10 chi=[ -6, -30 ] fail=euler s=[ 2, 2, 0, 2 ] euler=0 chiR=1
   D=10 n=[ 1, 10 ] cyc=[ [ 1, 1, 1 ], [  ] ] A10 chi=[ -8, -35 ] fail=euler s=[ 1, 1, 0, 1 ] euler=0 chiR=1
   D=10 n=[ 1, 10 ] cyc=[ [ 2,,, 1 ], [  ] ] A10 chi=[ -8, -35 ] fail=euler s=[ 1, 1, 0, 1 ] euler=0 chiR=1
   D=10 n=[ 1, 10 ] cyc=[ [ 2,,, 1 ], [  ] ] A10 chi=[ -8, -35 ] fail=euler s=[ 1, 1, 0, 1 ] euler=0 chiR=1
   D=10 n=[ 2, 10 ] cyc=[ [ 1,,,, 1 ], [  ] ] A10 chi=[ -6, -30 ] fail=euler s=[ 2, 2, 0, 2 ] euler=0 chiR=1
   D=5 n=[ 1, 5 ] cyc=[ [ ,, 1 ], [  ] ] S5 chi=[ -3, -15 ] fail=euler s=[ 1, 1, 0, 1 ] euler=0 chiR=1
   D=10 n=[ 2, 10 ] cyc=[ [ ,,,,,, 1 ], [  ] ] (C2 x C2 x C2 x C2) : S5 chi=[ -6, -30 ] fail=euler s=[ 2, 2, 0, 2 ] euler=0 chiR=1
   D=10 n=[ 1, 10 ] cyc=[ [ ,,,,,,, 1 ], [  ] ] A10 chi=[ -8, -35 ] fail=euler s=[ 1, 1, 0, 1 ] euler=0 chiR=1
   D=10 n=[ 1, 10 ] cyc=[ [ 1, 1, 1 ], [  ] ] A10 chi=[ -8, -35 ] fail=euler s=[ 1, 1, 0, 1 ] euler=0 chiR=1
   D=10 n=[ 1, 10 ] cyc=[ [ , 1,,, 1 ], [  ] ] S10 chi=[ -8, -35 ] fail=euler s=[ 1, 1, 0, 1 ] euler=0 chiR=1
   D=6 n=[ 1, 6 ] cyc=[ [ ,,, 1 ], [  ] ] A6 chi=[ -4, -19 ] fail=euler s=[ 1, 1, 0, 1 ] euler=0 chiR=1
   D=10 n=[ 2, 10 ] cyc=[ [ ,,,,,, 1 ], [  ] ] A6 : C2 chi=[ -6, -30 ] fail=euler s=[ 2, 2, 0, 2 ] euler=0 chiR=1
   D=10 n=[ 1, 10 ] cyc=[ [ ,,,,,,, 1 ], [  ] ] A10 chi=[ -8, -35 ] fail=euler s=[ 1, 1, 0, 1 ] euler=0 chiR=1
   D=10 n=[ 1, 10 ] cyc=[ [ ,,,,,,, 1 ], [  ] ] A10 chi=[ -8, -35 ] fail=euler s=[ 1, 1, 0, 1 ] euler=0 chiR=1
   D=10 n=[ 2, 10 ] cyc=[ [ ,,,,,, 1 ], [  ] ] S10 chi=[ -6, -30 ] fail=euler s=[ 2, 2, 0, 2 ] euler=0 chiR=1
   D=10 n=[ 1, 10 ] cyc=[ [ 1,,,,, 1 ], [  ] ] S10 chi=[ -8, -35 ] fail=euler s=[ 1, 1, 0, 1 ] euler=0 chiR=1
   D=10 n=[ 2, 10 ] cyc=[ [ ,,,,,, 1 ], [  ] ] S10 chi=[ -6, -30 ] fail=euler s=[ 2, 2, 0, 2 ] euler=0 chiR=1
   D=10 n=[ 1, 10 ] cyc=[ [ , 1,,, 1 ], [  ] ] S10 chi=[ -8, -35 ] fail=euler s=[ 1, 1, 0, 1 ] euler=0 chiR=1
   D=10 n=[ 2, 10 ] cyc=[ [ ,,,,,, 1 ], [  ] ] (C2 x C2 x C2 x C2) : S5 chi=[ -6, -30 ] fail=euler s=[ 2, 2, 0, 2 ] euler=0 chiR=1
   D=10 n=[ 1, 10 ] cyc=[ [ ,,,,,,, 1 ], [  ] ] A10 chi=[ -8, -35 ] fail=euler s=[ 1, 1, 0, 1 ] euler=0 chiR=1
   D=10 n=[ 1, 10 ] cyc=[ [ 1,,,,, 1 ], [  ] ] S10 chi=[ -8, -35 ] fail=euler s=[ 1, 1, 0, 1 ] euler=0 chiR=1
   D=10 n=[ 2, 10 ] cyc=[ [ ,, 2 ], [  ] ] A6 chi=[ -6, -30 ] fail=euler s=[ 2, 2, 0, 2 ] euler=0 chiR=1
   D=10 n=[ 1, 10 ] cyc=[ [ ,, 1, 1 ], [  ] ] S10 chi=[ -8, -35 ] fail=euler s=[ 1, 1, 0, 1 ] euler=0 chiR=1
   D=10 n=[ 1, 10 ] cyc=[ [ ,,,,,,, 1 ], [  ] ] A10 chi=[ -8, -35 ] fail=euler s=[ 1, 1, 0, 1 ] euler=0 chiR=1
   D=10 n=[ 2, 10 ] cyc=[ [ ,, 2 ], [  ] ] (C2 x C2 x C2 x C2) : S5 chi=[ -6, -30 ] fail=euler s=[ 2, 2, 0, 2 ] euler=0 chiR=1
   D=10 n=[ 2, 10 ] cyc=[ [ 1,,,, 1 ], [  ] ] A10 chi=[ -6, -30 ] fail=euler s=[ 2, 2, 0, 2 ] euler=0 chiR=1
   D=10 n=[ 2, 10 ] cyc=[ [ 2,, 1 ], [  ] ] (C2 x C2 x C2 x C2) : D10 chi=[ -6, -30 ] fail=euler s=[ 2, 2, 0, 2 ] euler=0 chiR=1
   D=10 n=[ 1, 10 ] cyc=[ [ 1,,,,, 1 ], [  ] ] S10 chi=[ -8, -35 ] fail=euler s=[ 1, 1, 0, 1 ] euler=0 chiR=1
   D=10 n=[ 1, 10 ] cyc=[ [ 1, 1, 1 ], [  ] ] A10 chi=[ -8, -35 ] fail=euler s=[ 1, 1, 0, 1 ] euler=0 chiR=1
   D=10 n=[ 1, 10 ] cyc=[ [ 1, 1, 1 ], [  ] ] A10 chi=[ -8, -35 ] fail=euler s=[ 1, 1, 0, 1 ] euler=0 chiR=1
   D=10 n=[ 2, 10 ] cyc=[ [ 1, 2 ], [  ] ] C2 x ((C2 x C2 x C2 x C2) : A5) chi=[ -6, -30 ] fail=euler s=[ 2, 2, 0, 2 ] euler=0 chiR=1
   D=10 n=[ 1, 10 ] cyc=[ [ 2,,, 1 ], [  ] ] A10 chi=[ -8, -35 ] fail=euler s=[ 1, 1, 0, 1 ] euler=0 chiR=1
   D=10 n=[ 1, 10 ] cyc=[ [ 1,,,,, 1 ], [  ] ] S10 chi=[ -8, -35 ] fail=euler s=[ 1, 1, 0, 1 ] euler=0 chiR=1
   D=10 n=[ 1, 10 ] cyc=[ [ 2,,, 1 ], [  ] ] A10 chi=[ -8, -35 ] fail=euler s=[ 1, 1, 0, 1 ] euler=0 chiR=1
   D=10 n=[ 2, 10 ] cyc=[ [ 1,,,, 1 ], [  ] ] (C2 x C2 x C2 x C2) : A5 chi=[ -6, -30 ] fail=euler s=[ 2, 2, 0, 2 ] euler=0 chiR=1
   D=6 n=[ 1, 6 ] cyc=[ [ ,,, 1 ], [  ] ] A5 chi=[ -4, -19 ] fail=euler s=[ 1, 1, 0, 1 ] euler=0 chiR=1
   D=10 n=[ 1, 10 ] cyc=[ [ 1,,,,, 1 ], [  ] ] S10 chi=[ -8, -35 ] fail=euler s=[ 1, 1, 0, 1 ] euler=0 chiR=1
   D=10 n=[ 1, 10 ] cyc=[ [ , 1,,, 1 ], [  ] ] S10 chi=[ -8, -35 ] fail=euler s=[ 1, 1, 0, 1 ] euler=0 chiR=1
   D=10 n=[ 2, 10 ] cyc=[ [ , 1,, 1 ], [  ] ] A10 chi=[ -6, -30 ] fail=euler s=[ 2, 2, 0, 2 ] euler=0 chiR=1
   D=10 n=[ 1, 10 ] cyc=[ [ 1, 1, 1 ], [  ] ] A10 chi=[ -8, -35 ] fail=euler s=[ 1, 1, 0, 1 ] euler=0 chiR=1
   D=10 n=[ 2, 10 ] cyc=[ [ , 1,, 1 ], [  ] ] A10 chi=[ -6, -30 ] fail=euler s=[ 2, 2, 0, 2 ] euler=0 chiR=1
   D=7 n=[ 1, 7 ] cyc=[ [ ,,,, 1 ], [  ] ] S7 chi=[ -5, -23 ] fail=euler s=[ 1, 1, 0, 1 ] euler=0 chiR=1
   D=10 n=[ 1, 10 ] cyc=[ [ ,,,,,,, 1 ], [  ] ] A10 chi=[ -8, -35 ] fail=euler s=[ 1, 1, 0, 1 ] euler=0 chiR=1
   D=10 n=[ 1, 10 ] cyc=[ [ ,,,,,,, 1 ], [  ] ] A10 chi=[ -8, -35 ] fail=euler s=[ 1, 1, 0, 1 ] euler=0 chiR=1
   D=10 n=[ 1, 10 ] cyc=[ [ ,, 1, 1 ], [  ] ] S10 chi=[ -8, -35 ] fail=euler s=[ 1, 1, 0, 1 ] euler=0 chiR=1
   D=6 n=[ 1, 6 ] cyc=[ [ ,,, 1 ], [  ] ] A6 chi=[ -4, -19 ] fail=euler s=[ 1, 1, 0, 1 ] euler=0 chiR=1
   D=10 n=[ 1, 10 ] cyc=[ [ ,,,,,,, 1 ], [  ] ] A10 chi=[ -8, -35 ] fail=euler s=[ 1, 1, 0, 1 ] euler=0 chiR=1
   D=10 n=[ 1, 10 ] cyc=[ [ ,,,,,,, 1 ], [  ] ] A10 chi=[ -8, -35 ] fail=euler s=[ 1, 1, 0, 1 ] euler=0 chiR=1
   D=10 n=[ 1, 10 ] cyc=[ [ ,,,,,,, 1 ], [  ] ] A10 chi=[ -8, -35 ] fail=euler s=[ 1, 1, 0, 1 ] euler=0 chiR=1
   D=10 n=[ 2, 10 ] cyc=[ [ ,,,,,, 1 ], [  ] ] (C2 x C2 x C2 x C2) : S5 chi=[ -6, -30 ] fail=euler s=[ 2, 2, 0, 2 ] euler=0 chiR=1
   D=10 n=[ 1, 10 ] cyc=[ [ ,, 1, 1 ], [  ] ] S10 chi=[ -8, -35 ] fail=euler s=[ 1, 1, 0, 1 ] euler=0 chiR=1
   D=10 n=[ 2, 10 ] cyc=[ [ ,, 2 ], [  ] ] (C2 x C2 x C2 x C2) : S5 chi=[ -6, -30 ] fail=euler s=[ 2, 2, 0, 2 ] euler=0 chiR=1
   D=10 n=[ 1, 10 ] cyc=[ [ 1, 1, 1 ], [  ] ] A10 chi=[ -8, -35 ] fail=euler s=[ 1, 1, 0, 1 ] euler=0 chiR=1
   D=10 n=[ 1, 10 ] cyc=[ [ ,,,,,,, 1 ], [  ] ] A10 chi=[ -8, -35 ] fail=euler s=[ 1, 1, 0, 1 ] euler=0 chiR=1
   D=10 n=[ 1, 10 ] cyc=[ [ 1,,,,, 1 ], [  ] ] S10 chi=[ -8, -35 ] fail=euler s=[ 1, 1, 0, 1 ] euler=0 chiR=1
   D=10 n=[ 1, 10 ] cyc=[ [ 1,,,,, 1 ], [  ] ] S10 chi=[ -8, -35 ] fail=euler s=[ 1, 1, 0, 1 ] euler=0 chiR=1
   D=10 n=[ 2, 10 ] cyc=[ [ ,,,,,, 1 ], [  ] ] S10 chi=[ -6, -30 ] fail=euler s=[ 2, 2, 0, 2 ] euler=0 chiR=1
   D=10 n=[ 1, 10 ] cyc=[ [ , 1,,, 1 ], [  ] ] S10 chi=[ -8, -35 ] fail=euler s=[ 1, 1, 0, 1 ] euler=0 chiR=1
   D=10 n=[ 1, 10 ] cyc=[ [ , 1,,, 1 ], [  ] ] S10 chi=[ -8, -35 ] fail=euler s=[ 1, 1, 0, 1 ] euler=0 chiR=1
   D=7 n=[ 1, 7 ] cyc=[ [ ,,,, 1 ], [  ] ] S7 chi=[ -5, -23 ] fail=euler s=[ 1, 1, 0, 1 ] euler=0 chiR=1
   D=7 n=[ 1, 7 ] cyc=[ [ ,,,, 1 ], [  ] ] S7 chi=[ -5, -23 ] fail=euler s=[ 1, 1, 0, 1 ] euler=0 chiR=1
   D=8 n=[ 1, 8 ] cyc=[ [ ,,,,, 1 ], [  ] ] A8 chi=[ -6, -27 ] fail=euler s=[ 1, 1, 0, 1 ] euler=0 chiR=1
   D=10 n=[ 2, 10 ] cyc=[ [ , 1,, 1 ], [  ] ] A10 chi=[ -6, -30 ] fail=euler s=[ 2, 2, 0, 2 ] euler=0 chiR=1
   D=10 n=[ 2, 10 ] cyc=[ [ ,, 2 ], [  ] ] (C2 x C2 x C2 x C2) : D10 chi=[ -6, -30 ] fail=euler s=[ 2, 2, 0, 2 ] euler=0 chiR=1
   D=10 n=[ 2, 10 ] cyc=[ [ , 1,, 1 ], [  ] ] A10 chi=[ -6, -30 ] fail=euler s=[ 2, 2, 0, 2 ] euler=0 chiR=1
   D=10 n=[ 1, 10 ] cyc=[ [ ,, 1, 1 ], [  ] ] S10 chi=[ -8, -35 ] fail=euler s=[ 1, 1, 0, 1 ] euler=0 chiR=1
   D=10 n=[ 2, 10 ] cyc=[ [ ,, 2 ], [  ] ] (C2 x C2 x C2 x C2) : S5 chi=[ -6, -30 ] fail=euler s=[ 2, 2, 0, 2 ] euler=0 chiR=1
   D=10 n=[ 1, 10 ] cyc=[ [ ,,,,,,, 1 ], [  ] ] A10 chi=[ -8, -35 ] fail=euler s=[ 1, 1, 0, 1 ] euler=0 chiR=1
   D=10 n=[ 1, 10 ] cyc=[ [ 1,,,,, 1 ], [  ] ] S10 chi=[ -8, -35 ] fail=euler s=[ 1, 1, 0, 1 ] euler=0 chiR=1
   D=10 n=[ 2, 10 ] cyc=[ [ ,,,,,, 1 ], [  ] ] (C2 x C2 x C2 x C2) : S5 chi=[ -6, -30 ] fail=euler s=[ 2, 2, 0, 2 ] euler=0 chiR=1
   D=10 n=[ 1, 10 ] cyc=[ [ 1, 1, 1 ], [  ] ] A10 chi=[ -8, -35 ] fail=euler s=[ 1, 1, 0, 1 ] euler=0 chiR=1
   D=10 n=[ 1, 10 ] cyc=[ [ ,,,,,,, 1 ], [  ] ] A10 chi=[ -8, -35 ] fail=euler s=[ 1, 1, 0, 1 ] euler=0 chiR=1
   D=10 n=[ 1, 10 ] cyc=[ [ , 1,,, 1 ], [  ] ] S6 chi=[ -8, -35 ] fail=euler s=[ 1, 1, 0, 1 ] euler=0 chiR=1
   D=10 n=[ 1, 10 ] cyc=[ [ ,,,,,,, 1 ], [  ] ] A10 chi=[ -8, -35 ] fail=euler s=[ 1, 1, 0, 1 ] euler=0 chiR=1
   D=10 n=[ 1, 10 ] cyc=[ [ ,,,,,,, 1 ], [  ] ] A10 chi=[ -8, -35 ] fail=euler s=[ 1, 1, 0, 1 ] euler=0 chiR=1
   D=10 n=[ 1, 10 ] cyc=[ [ 1,,,,, 1 ], [  ] ] S10 chi=[ -8, -35 ] fail=euler s=[ 1, 1, 0, 1 ] euler=0 chiR=1
   D=10 n=[ 2, 10 ] cyc=[ [ 1, 2 ], [  ] ] C2 x ((C2 x C2 x C2 x C2) : A5) chi=[ -6, -30 ] fail=euler s=[ 2, 2, 0, 2 ] euler=0 chiR=1
   D=10 n=[ 1, 10 ] cyc=[ [ , 3 ], [  ] ] A5 chi=[ -8, -35 ] fail=euler s=[ 1, 1, 0, 1 ] euler=0 chiR=1
   D=10 n=[ 1, 10 ] cyc=[ [ 1, 1, 1 ], [  ] ] A10 chi=[ -8, -35 ] fail=euler s=[ 1, 1, 0, 1 ] euler=0 chiR=1
   D=10 n=[ 1, 10 ] cyc=[ [ , 1,,, 1 ], [  ] ] S10 chi=[ -8, -35 ] fail=euler s=[ 1, 1, 0, 1 ] euler=0 chiR=1
   D=10 n=[ 1, 10 ] cyc=[ [ ,,,,,,, 1 ], [  ] ] A10 chi=[ -8, -35 ] fail=euler s=[ 1, 1, 0, 1 ] euler=0 chiR=1
   D=10 n=[ 1, 10 ] cyc=[ [ ,, 1, 1 ], [  ] ] S10 chi=[ -8, -35 ] fail=euler s=[ 1, 1, 0, 1 ] euler=0 chiR=1
   D=10 n=[ 1, 10 ] cyc=[ [ 1, 1, 1 ], [  ] ] A10 chi=[ -8, -35 ] fail=euler s=[ 1, 1, 0, 1 ] euler=0 chiR=1
   D=10 n=[ 1, 10 ] cyc=[ [ ,, 1, 1 ], [  ] ] S10 chi=[ -8, -35 ] fail=euler s=[ 1, 1, 0, 1 ] euler=0 chiR=1
   D=10 n=[ 1, 10 ] cyc=[ [ 1,,,,, 1 ], [  ] ] S10 chi=[ -8, -35 ] fail=euler s=[ 1, 1, 0, 1 ] euler=0 chiR=1
   D=10 n=[ 1, 10 ] cyc=[ [ , 1,,, 1 ], [  ] ] S10 chi=[ -8, -35 ] fail=euler s=[ 1, 1, 0, 1 ] euler=0 chiR=1
   D=10 n=[ 1, 10 ] cyc=[ [ ,,,,,,, 1 ], [  ] ] A10 chi=[ -8, -35 ] fail=euler s=[ 1, 1, 0, 1 ] euler=0 chiR=1
   D=10 n=[ 1, 10 ] cyc=[ [ ,,,,,,, 1 ], [  ] ] A10 chi=[ -8, -35 ] fail=euler s=[ 1, 1, 0, 1 ] euler=0 chiR=1
   D=10 n=[ 1, 10 ] cyc=[ [ , 1,,, 1 ], [  ] ] S5 chi=[ -8, -35 ] fail=euler s=[ 1, 1, 0, 1 ] euler=0 chiR=1
   D=10 n=[ 1, 10 ] cyc=[ [ , 1,,, 1 ], [  ] ] S10 chi=[ -8, -35 ] fail=euler s=[ 1, 1, 0, 1 ] euler=0 chiR=1
   D=10 n=[ 1, 10 ] cyc=[ [ ,, 1, 1 ], [  ] ] S10 chi=[ -8, -35 ] fail=euler s=[ 1, 1, 0, 1 ] euler=0 chiR=1
   D=10 n=[ 1, 10 ] cyc=[ [ ,,,,,,, 1 ], [  ] ] A10 chi=[ -8, -35 ] fail=euler s=[ 1, 1, 0, 1 ] euler=0 chiR=1
   D=10 n=[ 1, 10 ] cyc=[ [ ,,,,,,, 1 ], [  ] ] A10 chi=[ -8, -35 ] fail=euler s=[ 1, 1, 0, 1 ] euler=0 chiR=1
   D=10 n=[ 1, 10 ] cyc=[ [ ,,,,,,, 1 ], [  ] ] A10 chi=[ -8, -35 ] fail=euler s=[ 1, 1, 0, 1 ] euler=0 chiR=1
   D=10 n=[ 1, 10 ] cyc=[ [ ,,,,,,, 1 ], [  ] ] A10 chi=[ -8, -35 ] fail=euler s=[ 1, 1, 0, 1 ] euler=0 chiR=1
   D=10 n=[ 1, 10 ] cyc=[ [ 2,,, 1 ], [  ] ] A10 chi=[ -8, -35 ] fail=euler s=[ 1, 1, 0, 1 ] euler=0 chiR=1
   D=10 n=[ 1, 10 ] cyc=[ [ ,,,,,,, 1 ], [  ] ] A10 chi=[ -8, -35 ] fail=euler s=[ 1, 1, 0, 1 ] euler=0 chiR=1
   D=10 n=[ 2, 10 ] cyc=[ [ 1,,,, 1 ], [  ] ] (C2 x C2 x C2 x C2) : A5 chi=[ -6, -30 ] fail=euler s=[ 2, 2, 0, 2 ] euler=0 chiR=1
   D=10 n=[ 1, 10 ] cyc=[ [ ,,,,,,, 1 ], [  ] ] A10 chi=[ -8, -35 ] fail=euler s=[ 1, 1, 0, 1 ] euler=0 chiR=1
   (269 reps with a meridian acting freely)
  [8 s]
== c25cusp_tanline comps [('t**2', 't**5'), ('t', '0')] alpha 3 degs [[2, 5], [1, 0]]
  c=(0.0, 0.0) W=[1, 2, 1, 1, 2, 1, 1, 2, 1, 1, 2, 1, 1, 2, 1] [([0, 1, 2], 'br', 2, 'cusps', 1)]
