== c45_2cusp comps [('t**4 - 2*t**2', 't**5/5 + 7*t**4/24 - t**3 + 5*t**2/12')] alpha 4 degs [[4, 5]]
  c=(-1.0, 0.0) W=[3, 1, 2, 1, 3, 1, 1, -2, -1, -3] [([1, 2], 'br', 1, 'cusps', 1)]
  c=(-0.332, 0.0) W=[3, -2, 1, 2, 2, -1, 2, -3] [([0, 1], 'br', 2, 'cusps', 0)]
  c=(0.0, 0.0) W=[3, -2, 1, 1, 1, 2, -3] [([0, 2], 'br', 1, 'cusps', 1)]
  c=(3.666, -24.021) W=[3, -2, -1, -2, 3, 3, 2, 1, 2, -3] [([0, 3], 'br', 2, 'cusps', 0)]
  c=(3.666, 24.021) W=[3, 3] [([2, 3], 'br', 2, 'cusps', 0)]
  c=(15.0, 0.0) W=[-3, -2, -1, 3, 1, 3, 2, 3] [([1, 3], 'br', 2, 'cusps', 0)]
abelianization: [ 0 ]
k=[ 10 ] nu=4 transitive reps: 5
   (5 reps with a meridian acting freely)
  [5 s]
== c46_a comps [('t**4 - 2*t**2', 't**6/6 + t**5/10 - t**4/6 - t**3/6 - t**2/6')] alpha 4 degs [[4, 6]]
  c=(0.0, 0.0) W=[1, 1, 1] [([2, 3], 'br', 1, 'cusps', 1)]
  c=(-0.871, 0.684) W=[-1, 3, 2, 1, 3, 2, 2, -3, -1, -2, -3, 1] [([1, 2], 'br', 2, 'cusps', 0)]
  c=(-0.556, 0.0) W=[-1, 3, 3, 1] [([0, 1], 'br', 2, 'cusps', 0)]
  c=(-0.69, 0.0) W=[-1, -3, 2, 2, 3, 1] [([0, 3], 'br', 2, 'cusps', 0)]
  c=(-1.0, 0.0) W=[-1, -3, -2, 1, 3, 1, 3, 1, 3, 2, 3, 1] [([0, 2], 'br', 1, 'cusps', 1), ([1, 3], 'br', 1, 'cusps', 1)]
  c=(-0.871, -0.684) W=[-1, -3, -2, -1, -3, 2, 2, 3, 1, 2, 1, 3] [([1, 2], 'br', 2, 'cusps', 0)]
abelianization: [ 0 ]
k=[ 11 ] nu=4 transitive reps: 5
   (5 reps with a meridian acting freely)
  [4 s]
== c37 comps [('t**3', 't**7 + t**5 + t**4')] alpha 3 degs [[3, 7]]
  c=(-0.338, -0.562) W=[2, 1, 2, 2, -1, -2] [([0, 2], 'br', 2, 'cusps', 0)]
  c=(0.0, 0.0) W=[2, 1, 1, 2, 1, 2, 1, 2, 1, 2, -1, -2] [([0, 1, 2], 'br', 1, 'cusps', 1)]
  c=(-0.338, 0.562) W=[2, -2, -1, 2, 2, 1, 2, -2] [([0, 1], 'br', 2, 'cusps', 0)]
  c=(-2.325, 0.0) W=[2, 2] [([1, 2], 'br', 2, 'cusps', 0)]
abelianization: [ 0 ]
k=[ 7 ] nu=3 transitive reps: 5
   (5 reps with a meridian acting freely)
  [2 s]
== c27 comps [('t**2', 't**3*(t**2 - 4)*(t**2 - 1)')] alpha 2 degs [[2, 7]]
  c=(0.0, 0.0) W=[1, 1, 1, 1, -1] [([0, 1], 'br', 1, 'cusps', 1)]
  c=(1.0, 0.0) W=[1, 1] [([0, 1], 'br', 2, 'cusps', 0)]
  c=(4.0, 0.0) W=[-1, 1, 1, 1] [([0, 1], 'br', 2, 'cusps', 0)]
