== c37_2525_r2_c1 comps [('t**3 - 3*t', 't**7/28 - t**6/9 - 3*t**5/20 + 2*t**4/3 + t**3/2 - t**2 - t')] alpha 3 degs [[3, 7]]
  c=(-2.0, 0.0) W=[2, 1, 2, 2, 2, 2, 2, -1, -2] [([1, 2], 'br', 1, 'cusps', 1)]
  c=(0.0, 1.431) W=[2, 1, -2, -1, 2, 1] [([0, 2], 'br', 2, 'cusps', 0)]
  c=(0.0, -1.431) W=[-1, -2, 1, -2, 1, 2, 1, 2, -1, -1, 2, 1] []
  c=(2.0, 0.0) W=[-1, -2, 1, 1, 1, 1, 1, 2, 1] [([0, 1], 'br', 1, 'cusps', 1)]
abelianization: [ 0 ]
k=[ 4 ] nu=1 transitive reps: 8
   D=7 n=[ 4 ] cyc=[ [ , 1 ] ] A7 chi=[ -2, -14 ] fail=euler s=[ 2, 1, 2 ] euler=0 chiR=1
   (7 reps with a meridian acting freely)
  [16 s]
== c37_2525_r1o2_cm1 comps [('t**3 - 3*t', 't**7/28 - t**6/36 - 3*t**5/20 + t**4/6 - t**3/6 - t**2/4 + t')] alpha 3 degs [[3, 7]]
  c=(-2.0, 0.0) W=[2, 1, 2, 2, 2, 2, 2, -1, -2] [([0, 2], 'br', 1, 'cusps', 1)]
  c=(0.0, 1.431) W=[2, 1, -2, -1, 2, 1] [([0, 1], 'br', 2, 'cusps', 0)]
  c=(0.0, -1.431) W=[-1, -2, 1, -2, 1, 2, 1, 2, -1, -1, 2, 1] [([0, 1], 'br', 2, 'cusps', 0)]
  c=(2.0, 0.0) W=[-1, -2, 1, 1, 1, 1, 1, 2, 1] [([1, 2], 'br', 1, 'cusps', 1)]
abelianization: [ 0 ]
k=[ 6 ] nu=2 transitive reps: 8
   D=7 n=[ 4 ] cyc=[ [ , 1 ] ] A7 chi=[ -2, -14 ] fail=euler s=[ 2, 1, 1, 2 ] euler=0 chiR=1
   (7 reps with a meridian acting freely)
  [13 s]
== c37_2525_r3_c1o3 comps [('t**3 - 3*t', 't**7/28 - t**6/6 - 3*t**5/20 + t**4 + 5*t**3/18 - 3*t**2/2 - t/3')] alpha 3 degs [[3, 7]]
  c=(-2.0, 0.0) W=[2, 1, 2, 2, 2, 2, 2, -1, -2] [([1, 2], 'br', 1, 'cusps', 1)]
  c=(0.0, 1.431) W=[2, 1, -2, -1, 2, 1] [([0, 2], 'br', 2, 'cusps', 0)]
  c=(0.0, -1.431) W=[-1, -2, 1, -2, 1, 2, 1, 2, -1, -1, 2, 1] [([0, 2], 'br', 2, 'cusps', 0)]
  c=(2.0, 0.0) W=[-1, -2, 1, 1, 1, 1, 1, 2, 1] [([0, 1], 'br', 1, 'cusps', 1)]
abelianization: [ 0 ]
k=[ 6 ] nu=2 transitive reps: 8
   D=7 n=[ 4 ] cyc=[ [ , 1 ] ] A7 chi=[ -2, -14 ] fail=euler s=[ 2, 1, 1, 2 ] euler=0 chiR=1
   (7 reps with a meridian acting freely)
  [16 s]
== c37_2525_rm2_c2 comps [('t**3 - 3*t', 't**7/28 + t**6/9 - 3*t**5/20 - 2*t**4/3 + 5*t**3/6 + t**2 - 2*t')] alpha 3 degs [[3, 7]]
  c=(-2.0, 0.0) W=[2, 1, 2, 2, 2, 2, 2, -1, -2] [([0, 1], 'br', 1, 'cusps', 1)]
  c=(0.0, 1.431) W=[2, 1, -2, -1, 2, 1] [([0, 1, 2], 'br', 2, 'cusps', 0)]
  c=(0.0, -1.431) W=[-1, -2, 1, -2, 1, 2, 1, 2, -1, -1, 2, 1] []
  c=(2.0, 0.0) W=[-1, -2, 1, 1, 1, 1, 1, 2, 1] [([1, 2], 'br', 1, 'cusps', 1)]
abelianization: [ 0 ]
k=[ 4 ] nu=1 transitive reps: 8
   D=7 n=[ 4 ] cyc=[ [ , 1 ] ] A7 chi=[ -2, -14 ] fail=euler s=[ 2, 0, 2 ] euler=-1 chiR=0
   (7 reps with a meridian acting freely)
  [17 s]
