== c37_27_0 comps [('t**3 - 3*t', '3*t**7 + 2*t**6 + 21*t**5 - 96*t**4 + t**3 + 186*t**2 - 129*t')] alpha 3 degs [[3, 7]]
  c=(86.332, 0.0) W=[2, 1, 2, 1, 1, -2, -1, -2] [([0, 2], 'br', 2, 'cusps', 0)]
  c=(2.0, 0.0) W=[1, 1, 2, 2, 2, -1, -1] []
  c=(1.668, 0.0) W=[1, 1, -2, 1, 1, 2, -1, -1] [([0, 1], 'br', 2, 'cusps', 0)]
  c=(-2.0, 0.0) W=[-2, -1, 2, 2, 2, 2, 2, 2, 2, 1, 2] []
abelianization: [ 0 ]
[1m[34m[0m[31m
STDERR Error, Function: number of arguments must be 8 (not 7)
not in any function at *stdin*:1
type 'quit;' to quit to outer loop
  [1302 s]
== c37_27_1 comps [('t**3 - 3*t', 't**7/2 - t**6 + 7*t**5/2 - 8*t**4 + 2*t**3 + 19*t**2 - 27*t')] alpha 3 degs [[3, 7]]
  c=(86.332, 0.0) W=[2, 1, 2, 1, 1, -2, -1, -2] [([0, 2], 'br', 2, 'cusps', 0)]
  c=(2.0, 0.0) W=[1, 1, 2, 2, 2, -1, -1] []
  c=(1.668, 0.0) W=[1, 1, -2, 1, 1, 2, -1, -1] [([0, 1], 'br', 2, 'cusps', 0)]
  c=(-2.0, 0.0) W=[-2, -1, 2, 2, 2, 2, 2, 2, 2, 1, 2] [([1, 2], 'br', 1, 'cusps', 1)]
abelianization: [ 0 ]
[1m[34m[0m[31m
STDERR Error, Function: number of arguments must be 8 (not 7)
not in any function at *stdin*:1
type 'quit;' to quit to outer loop
  [1004 s]
