== cc_cc_a comps [('t**2', 't**3'), ('t**2 + 1', 't**3')] alpha 4 degs [[2, 3], [2, 3]]
  c=(0.0, 0.0) W=[2, 1, 2, 1, 3, 2, 1, 2, -1, -3, -2, -1, -3] [([0, 2], 'br', 1, 'cusps', 1)]
  c=(0.5, 0.289) W=[1, 3, 1, 3] [([0, 3], 'br', 2, 'cusps', 0), ([1, 2], 'br', 2, 'cusps', 0)]
  c=(0.5, -0.289) W=[-1, -3, 2, 1, 3, 1, 3, -2, 1, 3] [([0, 1], 'br', 2, 'cusps', 0), ([2, 3], 'br', 2, 'cusps', 0)]
  c=(1.0, 0.0) W=[-1, -3, 2, 2, 2, 1, 3] [([1, 3], 'br', 1, 'cusps', 1)]
abelianization: [ 0, 0 ]
k=[ 5, 5 ] nu=4 transitive reps: 133
   (119 reps with a meridian acting freely)
  [6 s]
== cc_cc_b comps [('t**2', 't**3'), ('t**2', 't**3 + 1')] alpha 4 degs [[2, 3], [2, 3]]
  c=(0.63, 0.0) W=[2, 2] [([1, 3], 'br', 2, 'cusps', 0)]
  c=(-0.315, 0.546) W=[-2, 1, 3, 2, 2, -1, -3, 2] [([0, 2], 'br', 2, 'cusps', 0)]
  c=(0.0, 0.0) W=[-2, 1, 3, 1, 3, 1, 3, 2] [([0, 3], 'br', 1, 'cusps', 1), ([1, 2], 'br', 1, 'cusps', 1)]
  c=(-0.315, -0.546) W=[-2, -1, -3, 2, 2, 1, 3, 2] [([0, 2], 'br', 2, 'cusps', 0)]
abelianization: [ 0, 0 ]
k=[ 4, 4 ] nu=3 transitive reps: 285
   D=4 n=[ 2, 2 ] cyc=[ [ 1 ], [ 1 ] ] S4 chi=[ -4, -8 ] fail=euler s=[ 2, 0, 1, 1, 0 ] euler=0 chiR=1
   D=8 n=[ 4, 4 ] cyc=[ [ ,, 1 ], [ ,, 1 ] ] Q8 : S4 chi=[ -8, -16 ] fail=euler s=[ 4, 0, 2, 2, 0 ] euler=0 chiR=1
   D=8 n=[ 4, 4 ] cyc=[ [ 2 ], [ 2 ] ] (C2 x C2 x C2) : S4 chi=[ -8, -16 ] fail=euler s=[ 4, 0, 2, 2, 0 ] euler=0 chiR=1
   D=8 n=[ 4, 4 ] cyc=[ [ ,, 1 ], [ ,, 1 ] ] Q8 : S4 chi=[ -8, -16 ] fail=euler s=[ 4, 0, 2, 2, 0 ] euler=0 chiR=1
   D=4 n=[ 2, 2 ] cyc=[ [ 1 ], [ 1 ] ] S4 chi=[ -4, -8 ] fail=euler s=[ 0, 0, 1, 1, 2 ] euler=0 chiR=1
   D=8 n=[ 4, 4 ] cyc=[ [ 2 ], [ 2 ] ] (C2 x C2 x C2) : S4 chi=[ -8, -16 ] fail=euler s=[ 0, 0, 2, 2, 4 ] euler=0 chiR=1
   D=8 n=[ 4, 4 ] cyc=[ [ ,, 1 ], [ ,, 1 ] ] Q8 : S4 chi=[ -8, -16 ] fail=euler s=[ 0, 0, 2, 2, 4 ] euler=0 chiR=1
   D=8 n=[ 4, 4 ] cyc=[ [ ,, 1 ], [ ,, 1 ] ] Q8 : S4 chi=[ -8, -16 ] fail=euler s=[ 0, 0, 2, 2, 4 ] euler=0 chiR=1
   D=4 n=[ 2, 2 ] cyc=[ [ 1 ], [ 1 ] ] S4 chi=[ -4, -8 ] fail=euler s=[ 0, 2, 1, 1, 0 ] euler=0 chiR=1
   D=8 n=[ 4, 4 ] cyc=[ [ ,, 1 ], [ ,, 1 ] ] Q8 : S4 chi=[ -8, -16 ] fail=euler s=[ 0, 4, 2, 2, 0 ] euler=0 chiR=1
   D=8 n=[ 4, 4 ] cyc=[ [ 2 ], [ 2 ] ] (C2 x C2 x C2) : S4 chi=[ -8, -16 ] fail=euler s=[ 0, 4, 2, 2, 0 ] euler=0 chiR=1
   D=8 n=[ 4, 4 ] cyc=[ [ ,, 1 ], [ ,, 1 ] ] Q8 : S4 chi=[ -8, -16 ] fail=euler s=[ 0, 4, 2, 2, 0 ] euler=0 chiR=1
   D=6 n=[ 2, 2 ] cyc=[ [ ,, 1 ], [ ,, 1 ] ] S4 chi=[ -10, -18 ] fail=euler s=[ 2, 2, 0, 0, 2 ] euler=6 chiR=-1
   D=6 n=[ 2, 2 ] cyc=[ [ 2 ], [ 2 ] ] S4 chi=[ -10, -18 ] fail=euler s=[ 2, 2, 0, 0, 2 ] euler=6 chiR=-4
   D=4 n=[ 1, 1 ] cyc=[ [ , 1 ], [ , 1 ] ] A4 chi=[ -8, -14 ] fail=euler s=[ 1, 1, 0, 0, 1 ] euler=5 chiR=-1
   D=6 n=[ 2, 2 ] cyc=[ [ ,, 1 ], [ ,, 1 ] ] S4 chi=[ -10, -18 ] fail=euler s=[ 2, 2, 0, 0, 2 ] euler=6 chiR=-1
   D=6 n=[ 1, 1 ] cyc=[ [ ,,, 1 ], [ ,,, 1 ] ] A5 chi=[ -14, -24 ] fail=euler s=[ 1, 1, 0, 0, 1 ] euler=9 chiR=-1
   D=8 n=[ 2, 2 ] cyc=[ [ , 2 ], [ , 2 ] ] SL(2,3) chi=[ -16, -28 ] fail=euler s=[ 2, 2, 0, 0, 2 ] euler=10 chiR=-4
   D=7 n=[ 1, 1 ] cyc=[ [ ,,,, 1 ], [ ,,,, 1 ] ] C7 : C6 chi=[ -17, -29 ] fail=euler s=[ 1, 1, 0, 0, 1 ] euler=11 chiR=-1
   D=7 n=[ 1, 1 ] cyc=[ [ ,,,, 1 ], [ ,,,, 1 ] ] C7 : C6 chi=[ -17, -29 ] fail=euler s=[ 1, 1, 0, 0, 1 ] euler=11 chiR=-1
   D=8 n=[ 1, 1 ] cyc=[ [ ,,,,, 1 ], [ ,,,,, 1 ] ] PSL(3,2) chi=[ -20, -34 ] fail=euler s=[ 1, 1, 0, 0, 1 ] euler=13 chiR=-1
   D=6 n=[ 2, 2 ] cyc=[ [ 2 ], [ 2 ] ] S4 chi=[ -10, -18 ] fail=euler s=[ 2, 2, 0, 0, 2 ] euler=6 chiR=-4
   D=6 n=[ 2, 2 ] cyc=[ [ ,, 1 ], [ ,, 1 ] ] S4 chi=[ -10, -18 ] fail=euler s=[ 2, 2, 0, 0, 2 ] euler=6 chiR=-1
   D=6 n=[ 2, 2 ] cyc=[ [ 2 ], [ 2 ] ] S4 chi=[ -10, -18 ] fail=euler s=[ 2, 2, 0, 0, 2 ] euler=6 chiR=-4
   D=6 n=[ 2, 2 ] cyc=[ [ ,, 1 ], [ ,, 1 ] ] S4 chi=[ -10, -18 ] fail=euler s=[ 2, 2, 0, 0, 2 ] euler=6 chiR=-1
   (246 reps with a meridian acting freely)
  [89 s]
== cc_cc_c comps [('t**2', 't**3'), ('1 - t**2', 't**3')] alpha 4 degs [[2, 3], [2, 3]]
  c=(0.5, -0.866) W=[1, 3, 2, 1, 3, 2, 1, 3, -2, -1, -3, -2, 1, 3, -1, -3] [([0, 1], 'br', 2, 'cusps', 0), ([2, 3], 'br', 2, 'cusps', 0)]
  c=(1.0, 0.0) W=[2, 1, 3, 2, 2, 2, -1, -3, -2] [([0, 2], 'br', 1, 'cusps', 1)]
  c=(0.5, 0.0) W=[2, 1, 3, 1, 3, -2] [([0, 3], 'br', 2, 'cusps', 0), ([1, 2], 'br', 2, 'cusps', 0)]
  c=(0.0, 0.0) W=[2, 2, 2] [([1, 3], 'br', 1, 'cusps', 1)]
  c=(0.5, 0.866) W=[-2, -2, -1, -3, -2, 1, 3, 2, 1, 3, 2, 1, 3, 2] [([0, 3], 'br', 2, 'cusps', 0), ([1, 2], 'br', 2, 'cusps', 0)]
abelianization: [ 0, 0 ]
k=[ 7, 7 ] nu=6 transitive reps: 133
   (119 reps with a meridian acting freely)
  [2 s]
== cc_cc_d comps [('t**2', 't**3'), ('(t + 1)**2', 't**3')] alpha 4 degs [[2, 3], [2, 3]]
  c=(-3.0, 0.0) W=[1, 3, -1, 3] [([0, 2], 'br', 2, 'cusps', 0)]
  c=(-0.5, -0.866) W=[1, -3, 3, 2, 3, 3, -2, -3, -1, 3] [([0, 3], 'br', 2, 'cusps', 0)]
  c=(0.167, -0.289) W=[-3, 1, 3, 2, 1, -3, -2, 2, 3, 2, 3, -2, -3, 2, -2, 2, 3, -1, -2, -1, -3, 3] [([0, 1], 'br', 2, 'cusps', 0)]
  c=(0.0, 0.0) W=[-3, -2, -1, 3, 2, 1, 3, 3, 3, -2, -3, 1, 2, 3] [([1, 3], 'br', 1, 'cusps', 1)]
  c=(0.25, 0.0) W=[-3, -2, -1, 3, 2, -3, 2, 2, 3, -2, -3, 1, 2, 3] [([1, 2], 'br', 2, 'cusps', 0)]
  c=(0.167, 0.289) W=[-3, -2, -1, 3, 2, -3, -2, 3, 2, 3, -3, 1, 2, 3] [([2, 3], 'br', 2, 'cusps', 0)]
  c=(-0.5, 0.866) W=[-3, -2, 3, 3, 2, 3] [([1, 2], 'br', 2, 'cusps', 0)]
abelianization: [ 0, 0 ]
k=[ 6, 7 ] nu=6 transitive reps: 90
   (83 reps with a meridian acting freely)
  [6 s]
== c33cusp_a comps [('t**3', 't**4 + t**2/2')] alpha 3 degs [[3, 4]]
  c=(0.354, 0.0) W=[1, 2, 1, 1, -2, -1] [([0, 2], 'br', 2, 'cusps', 0)]
  c=(0.0, 0.0) W=[-2, 1, 2, 1, 2, 1, -1, 2] [([0, 1, 2], 'br', 1, 'cusps', 1)]
  c=(-0.354, 0.0) W=[-2, 1, 1, 2] [([1, 2], 'br', 2, 'cusps', 0)]
abelianization: [ 0 ]
k=[ 5 ] nu=2 transitive reps: 5
   (5 reps with a meridian acting freely)
  [2 s]
== c35_34cusp comps [('t**3', 't**5 + t**4')] alpha 3 degs [[3, 5]]
  c=(1.0, 0.0) W=[1, 2, 1, 1, -2, -1] [([1, 2], 'br', 2, 'cusps', 0)]
  c=(0.0, 0.0) W=[-2, 1, 2, 1, 2, 1, 2, 1, 2, 2] [([0, 1, 2], 'br', 1, 'cusps', 1)]
abelianization: [ 0 ]
k=[ 3 ] nu=1 transitive reps: 5
   (5 reps with a meridian acting freely)
  [2 s]
