curves: ['c37_27_0', 'c37_27_1', 'c37_27_2', 'c38_75_0', 'c38_75_1', 'tac37_p-6_qm99o4', 'tac37_p-5_qm8', 'tac37_p-4_qm51']
== c37_27_0 comps [('t**3 - 3*t', '3*t**7 + 2*t**6 + 21*t**5 - 96*t**4 + t**3 + 186*t**2 - 129*t')] alpha 3 degs [[3, 7]]
  c=(86.332, 0.0) W=[2, 1, 2, 1, 1, -2, -1, -2] [([0, 2], 'br', 2, 'cusps', 0)]
  c=(2.0, 0.0) W=[1, 1, 2, 2, 2, -1, -1] [([0, 2], 'br', 1, 'cusps', 1)]
  c=(1.668, 0.0) W=[1, 1, -2, 1, 1, 2, -1, -1] [([0, 1], 'br', 2, 'cusps', 0)]
  c=(-2.0, 0.0) W=[-2, -1, 2, 2, 2, 2, 2, 2, 2, 1, 2] [([1, 2], 'br', 1, 'cusps', 1)]
abelianization: [ 0 ]
k=[ 6 ] nu=2 transitive reps: 7
   (7 reps with a meridian acting freely)
STDERR Syntax warning: Unbound global variable in /home/user/jacobian_planar/docs/plans/audit/vitushkin/gapcheck.g:51
      dic := DicriticalTest(hom, D, compofgen, m, kk, longitudes, fibres);
      ^^^
Syntax warning: Unbound global variable in /home/user/jacobian_planar/docs/plans/audit/vitushkin/gapcheck.g:51
      dic := DicriticalTest(hom, D, compofgen, m, kk, longitudes, fibres);
                                                      ^^^^^^^^^^
Syntax warning: Unbound global variable in /home/user/jacobian_planar/docs/plans/audit/vitushkin/gapcheck.g:52
      res.dicrit := List(dic.comps, c -> [c.d, c.chi, c.Nsing, c.unibranch, c.places_inf]);
                         ^^^
Syntax warning: Unbound global variable in /home/user/jacobian_planar/docs/plans/audit/vitushkin/gapcheck.g:53
      if dic.fails <> [] then ok := false; res.fail := "dicritical"; fi;
         ^^^
  [856 s]
== c37_27_1 comps [('t**3 - 3*t', 't**7/2 - t**6 + 7*t**5/2 - 8*t**4 + 2*t**3 + 19*t**2 - 27*t')] alpha 3 degs [[3, 7]]
  c=(86.332, 0.0) W=[2, 1, 2, 1, 1, -2, -1, -2] [([0, 2], 'br', 2, 'cusps', 0)]
  c=(2.0, 0.0) W=[1, 1, 2, 2, 2, -1, -1] [([0, 2], 'br', 1, 'cusps', 1)]
  c=(1.668, 0.0) W=[1, 1, -2, 1, 1, 2, -1, -1] [([0, 1], 'br', 2, 'cusps', 0)]
  c=(-2.0, 0.0) W=[-2, -1, 2, 2, 2, 2, 2, 2, 2, 1, 2] [([1, 2], 'br', 1, 'cusps', 1)]
abelianization: [ 0 ]
k=[ 6 ] nu=2 transitive reps: 7
   (7 reps with a meridian acting freely)
STDERR Syntax warning: Unbound global variable in /home/user/jacobian_planar/docs/plans/audit/vitushkin/gapcheck.g:51
      dic := DicriticalTest(hom, D, compofgen, m, kk, longitudes, fibres);
      ^^^
Syntax warning: Unbound global variable in /home/user/jacobian_planar/docs/plans/audit/vitushkin/gapcheck.g:51
      dic := DicriticalTest(hom, D, compofgen, m, kk, longitudes, fibres);
                                                      ^^^^^^^^^^
Syntax warning: Unbound global variable in /home/user/jacobian_planar/docs/plans/audit/vitushkin/gapcheck.g:52
      res.dicrit := List(dic.comps, c -> [c.d, c.chi, c.Nsing, c.unibranch, c.places_inf]);
                         ^^^
Syntax warning: Unbound global variable in /home/user/jacobian_planar/docs/plans/audit/vitushkin/gapcheck.g:53
      if dic.fails <> [] then ok := false; res.fail := "dicritical"; fi;
         ^^^
  [823 s]
== c37_27_2 comps [('t**3 - 3*t', '5*t**7 + t**6 + 35*t**5 - 146*t**4 - 3*t**3 + 289*t**2 - 201*t')] alpha 3 degs [[3, 7]]
  c=(86.332, 0.0) W=[2, 1, 2, 1, 1, -2, -1, -2] [([0, 2], 'br', 2, 'cusps', 0)]
  c=(2.0, 0.0) W=[1, 1, 2, 2, 2, -1, -1] [([0, 2], 'br', 1, 'cusps', 1)]
  c=(1.668, 0.0) W=[1, 1, -2, 1, 1, 2, -1, -1] [([0, 1], 'br', 2, 'cusps', 0)]
  c=(-2.0, 0.0) W=[-2, -1, 2, 2, 2, 2, 2, 2, 2, 1, 2] [([1, 2], 'br', 1, 'cusps', 1)]
abelianization: [ 0 ]
k=[ 6 ] nu=2 transitive reps: 7
   (7 reps with a meridian acting freely)
STDERR Syntax warning: Unbound global variable in /home/user/jacobian_planar/docs/plans/audit/vitushkin/gapcheck.g:51
      dic := DicriticalTest(hom, D, compofgen, m, kk, longitudes, fibres);
      ^^^
Syntax warning: Unbound global variable in /home/user/jacobian_planar/docs/plans/audit/vitushkin/gapcheck.g:51
      dic := DicriticalTest(hom, D, compofgen, m, kk, longitudes, fibres);
                                                      ^^^^^^^^^^
Syntax warning: Unbound global variable in /home/user/jacobian_planar/docs/plans/audit/vitushkin/gapcheck.g:52
      res.dicrit := List(dic.comps, c -> [c.d, c.chi, c.Nsing, c.unibranch, c.places_inf]);
                         ^^^
Syntax warning: Unbound global variable in /home/user/jacobian_planar/docs/plans/audit/vitushkin/gapcheck.g:53
      if dic.fails <> [] then ok := false; res.fail := "dicritical"; fi;
         ^^^
  [965 s]
== c38_75_0 comps [('t**3 - 3*t', '3*t**8 - 60*t**7/7 + 2*t**6 + 36*t**5 - 66*t**4 + t**3 + 114*t**2 - 123*t')] alpha 3 degs [[3, 8]]
  c=(1.338, -0.815) W=[1, 1, 1, 2, 1, 1, -2, 2, 1, -1, -2, -1, -1, -1] [([0, 1, 2], 'br', 2, 'cusps', 0)]
  c=(2.0, 0.0) W=[1, 1, 1, 2, 2, 2, 2, 2, -1, -1, -1] []
  c=(1.338, 0.815) W=[1, 1, 1, -2, 1, 1, 2, -1, -1, -1] [([0, 1, 2], 'br', 2, 'cusps', 0)]
  c=(-2.0, 0.0) W=[1, 1, 1, 1, 1, 1, 1] [([1, 2], 'br', 1, 'cusps', 1)]
GAP TIMEOUT
  [7805 s]
== c38_75_1 comps [('t**3 - 3*t', 't**8/2 - 10*t**7/7 - t**6 + 6*t**5 - 3*t**4 + 2*t**3 + 7*t**2 - 26*t')] alpha 3 degs [[3, 8]]
  c=(1.338, -0.815) W=[1, 1, 1, 2, 1, 1, -2, 2, 1, -1, -2, -1, -1, -1] [([0, 1, 2], 'br', 2, 'cusps', 0)]
  c=(2.0, 0.0) W=[1, 1, 1, 2, 2, 2, 2, 2, -1, -1, -1] []
  c=(1.338, 0.815) W=[1, 1, 1, -2, 1, 1, 2, -1, -1, -1] [([0, 1, 2], 'br', 2, 'cusps', 0)]
  c=(-2.0, 0.0) W=[1, 1, 1, 1, 1, 1, 1] [([1, 2], 'br', 1, 'cusps', 1)]
