c25cusp_line TRACKING FAILED path to (-0.3149802624737183-0.5455618179858607j) passes near (0.6299605249474366+0j); change base
== c25cusp_tanline comps [('t**2', 't**5'), ('t', '0')] alpha 3 degs [[2, 5], [1, -oo]]
  c=(0.0, 0.0) W=[1, 2, 1, 1, 2, 1, 1, 2, 1, 1, 2, 1, 1, 2, 1] [([0, 1, 2], 'br', 2, 'cusps', 1)]
abelianization: [ 0, 0 ]
STDERR Error, Variable: 'oo' must have a value
not in any function at /tmp/c25cusp_tanline.g:11
Error, Variable: 'degs' must have a value
not in any function at *stdin*:1
Error, Variable: 'r' must have a value
not in any function at *stdin*:1
  [2 s]
== c25cusp_cc comps [('t**2', 't**5'), ('t**2', 't**3')] alpha 4 degs [[2, 5], [2, 3]]
  c=(1.0, 0.0) W=[1, 3, 2, 1, 3, 2, 1, 3, 1, 3, -2, -1, -3, -2, -1, -3] [([0, 2], 'br', 2, 'cusps', 0), ([1, 3], 'br', 2, 'cusps', 0)]
  c=(0.0, 0.0) W=[1, 3, 2, 1, 3, 2, 2, 1, 3, 2, 1, 3, 2, 1, 2, 1, 3, 2, 1, 2] [([0, 1, 2, 3], 'br', 2, 'cusps', 2)]
  c=(-1.0, 0.0) W=[-2, -1, -3, 1, -2, -1, -3, -2, 1, 1, 2, 1, 3, 2, 1, 1, 3, 2] [([0, 3], 'br', 2, 'cusps', 0), ([1, 2], 'br', 2, 'cusps', 0)]
abelianization: [ 0, 0 ]
k=[ 5, 5 ] nu=5 transitive reps: 483
   D=4 n=[ 4, 1 ] cyc=[ [  ], [ , 1 ] ] A4 chi=[ -2, -5 ] fail=euler s=[ 1, 1, 0, 1, 1 ] euler=0
   D=6 n=[ 6, 2 ] cyc=[ [  ], [ ,, 1 ] ] S4 chi=[ -2, -6 ] fail=euler s=[ 2, 2, 0, 2, 2 ] euler=0
   D=9 n=[ 9, 3 ] cyc=[ [  ], [ ,,,, 1 ] ] ((C3 x C3 x C3) : C3) : C2 chi=[ -3, -9 ] fail=euler s=[ 3, 3, 0, 3, 3 ] euler=0
   D=8 n=[ 8, 2 ] cyc=[ [  ], [ , 2 ] ] SL(2,3) chi=[ -4, -10 ] fail=euler s=[ 2, 2, 0, 2, 2 ] euler=0
   D=6 n=[ 6, 1 ] cyc=[ [  ], [ ,,, 1 ] ] A5 chi=[ -4, -9 ] fail=euler s=[ 1, 1, 0, 1, 1 ] euler=0
   D=9 n=[ 9, 1 ] cyc=[ [  ], [ , 1,, 1 ] ] A9 chi=[ -7, -15 ] fail=euler s=[ 1, 1, 0, 1, 1 ] euler=0
   D=10 n=[ 10, 1 ] cyc=[ [  ], [ ,, 1, 1 ] ] S10 chi=[ -8, -17 ] fail=euler s=[ 1, 1, 0, 1, 1 ] euler=0
   D=7 n=[ 7, 1 ] cyc=[ [  ], [ ,,,, 1 ] ] C7 : C6 chi=[ -5, -11 ] fail=euler s=[ 1, 1, 0, 1, 1 ] euler=0
   D=9 n=[ 9, 1 ] cyc=[ [  ], [ ,,,,,, 1 ] ] (C3 x C3) : GL(2,3) chi=[ -7, -15 ] fail=euler s=[ 1, 1, 0, 1, 1 ] euler=0
   D=10 n=[ 10, 1 ] cyc=[ [  ], [ ,,,,,,, 1 ] ] A10 chi=[ -8, -17 ] fail=euler s=[ 1, 1, 0, 1, 1 ] euler=0
   D=9 n=[ 9, 2 ] cyc=[ [  ], [ ,,,,, 1 ] ] PSL(2,8) chi=[ -5, -12 ] fail=euler s=[ 2, 2, 0, 2, 2 ] euler=0
   D=10 n=[ 10, 1 ] cyc=[ [  ], [ ,,,,,,, 1 ] ] A10 chi=[ -8, -17 ] fail=euler s=[ 1, 1, 0, 1, 1 ] euler=0
   D=7 n=[ 7, 1 ] cyc=[ [  ], [ ,,,, 1 ] ] C7 : C6 chi=[ -5, -11 ] fail=euler s=[ 1, 1, 0, 1, 1 ] euler=0
   D=8 n=[ 8, 1 ] cyc=[ [  ], [ ,,,,, 1 ] ] PSL(3,2) chi=[ -6, -13 ] fail=euler s=[ 1, 1, 0, 1, 1 ] euler=0
   D=10 n=[ 10, 2 ] cyc=[ [  ], [ ,,,,,, 1 ] ] A6 : C2 chi=[ -6, -14 ] fail=euler s=[ 2, 2, 0, 2, 2 ] euler=0
   D=10 n=[ 10, 1 ] cyc=[ [  ], [ ,,,,,,, 1 ] ] A10 chi=[ -8, -17 ] fail=euler s=[ 1, 1, 0, 1, 1 ] euler=0
   D=9 n=[ 9, 1 ] cyc=[ [  ], [ ,,,,,, 1 ] ] (C3 x C3) : GL(2,3) chi=[ -7, -15 ] fail=euler s=[ 1, 1, 0, 1, 1 ] euler=0
   D=10 n=[ 10, 1 ] cyc=[ [  ], [ ,,,,,,, 1 ] ] A10 chi=[ -8, -17 ] fail=euler s=[ 1, 1, 0, 1, 1 ] euler=0
   D=10 n=[ 10, 1 ] cyc=[ [  ], [ ,,,,,,, 1 ] ] A10 chi=[ -8, -17 ] fail=euler s=[ 1, 1, 0, 1, 1 ] euler=0
   D=9 n=[ 9, 1 ] cyc=[ [  ], [ 1,,,, 1 ] ] (C3 x C3) : C6 chi=[ -7, -15 ] fail=euler s=[ 1, 1, 0, 1, 1 ] euler=0
   D=10 n=[ 10, 1 ] cyc=[ [  ], [ 1,,,,, 1 ] ] S10 chi=[ -8, -17 ] fail=euler s=[ 1, 1, 0, 1, 1 ] euler=0
   D=10 n=[ 10, 1 ] cyc=[ [  ], [ ,,,,,,, 1 ] ] A10 chi=[ -8, -17 ] fail=euler s=[ 1, 1, 0, 1, 1 ] euler=0
   D=5 n=[ 2, 5 ] cyc=[ [ , 1 ], [  ] ] A5 chi=[ -1, -10 ] fail=euler s=[ 2, 2, 0, 2, 2 ] euler=0
   D=6 n=[ 2, 6 ] cyc=[ [ ,, 1 ], [  ] ] S5 chi=[ -2, -14 ] fail=euler s=[ 2, 2, 0, 2, 2 ] euler=0
   D=10 n=[ 4, 10 ] cyc=[ [ ,,,, 1 ], [  ] ] C2 x ((C2 x C2 x C2 x C2) : A5) chi=[ -2, -20 ] fail=euler s=[ 4, 4, 0, 4, 4 ] euler=0
   D=10 n=[ 3, 10 ] cyc=[ [ ,,,,, 1 ], [  ] ] A10 chi=[ -4, -25 ] fail=euler s=[ 3, 3, 0, 3, 3 ] euler=0
   D=10 n=[ 2, 10 ] cyc=[ [ ,,,,,, 1 ], [  ] ] A6 : C2 chi=[ -6, -30 ] fail=euler s=[ 2, 2, 0, 2, 2 ] euler=0
   D=10 n=[ 2, 10 ] cyc=[ [ ,,,,,, 1 ], [  ] ] S10 chi=[ -6, -30 ] fail=euler s=[ 2, 2, 0, 2, 2 ] euler=0
   D=10 n=[ 3, 10 ] cyc=[ [ ,,,,, 1 ], [  ] ] A10 chi=[ -4, -25 ] fail=euler s=[ 3, 3, 0, 3, 3 ] euler=0
   D=10 n=[ 3, 10 ] cyc=[ [ 1,,, 1 ], [  ] ] S10 chi=[ -4, -25 ] fail=euler s=[ 3, 3, 0, 3, 3 ] euler=0
   D=10 n=[ 2, 10 ] cyc=[ [ , 1,, 1 ], [  ] ] A10 chi=[ -6, -30 ] fail=euler s=[ 2, 2, 0, 2, 2 ] euler=0
   D=10 n=[ 2, 10 ] cyc=[ [ 1,,,, 1 ], [  ] ] A10 chi=[ -6, -30 ] fail=euler s=[ 2, 2, 0, 2, 2 ] euler=0
   D=10 n=[ 2, 10 ] cyc=[ [ 1,,,, 1 ], [  ] ] A10 chi=[ -6, -30 ] fail=euler s=[ 2, 2, 0, 2, 2 ] euler=0
   D=10 n=[ 3, 10 ] cyc=[ [ ,,,,, 1 ], [  ] ] A10 chi=[ -4, -25 ] fail=euler s=[ 3, 3, 0, 3, 3 ] euler=0
   D=5 n=[ 1, 5 ] cyc=[ [ 2 ], [  ] ] D10 chi=[ -3, -15 ] fail=euler s=[ 1, 1, 0, 1, 1 ] euler=0
   D=6 n=[ 1, 6 ] cyc=[ [ 1, 1 ], [  ] ] S6 chi=[ -4, -19 ] fail=euler s=[ 1, 1, 0, 1, 1 ] euler=0
   D=10 n=[ 2, 10 ] cyc=[ [ 1,,,, 1 ], [  ] ] A10 chi=[ -6, -30 ] fail=euler s=[ 2, 2, 0, 2, 2 ] euler=0
   D=10 n=[ 1, 10 ] cyc=[ [ 1,,,,, 1 ], [  ] ] S10 chi=[ -8, -35 ] fail=euler s=[ 1, 1, 0, 1, 1 ] euler=0
   D=10 n=[ 1, 10 ] cyc=[ [ 1,,,,, 1 ], [  ] ] S10 chi=[ -8, -35 ] fail=euler s=[ 1, 1, 0, 1, 1 ] euler=0
   D=10 n=[ 2, 10 ] cyc=[ [ 1,,,, 1 ], [  ] ] A10 chi=[ -6, -30 ] fail=euler s=[ 2, 2, 0, 2, 2 ] euler=0
   D=10 n=[ 2, 10 ] cyc=[ [ 2,, 1 ], [  ] ] (C2 x C2 x C2 x C2) : D10 chi=[ -6, -30 ] fail=euler s=[ 2, 2, 0, 2, 2 ] euler=0
   D=10 n=[ 1, 10 ] cyc=[ [ 1, 1, 1 ], [  ] ] A10 chi=[ -8, -35 ] fail=euler s=[ 1, 1, 0, 1, 1 ] euler=0
   D=10 n=[ 1, 10 ] cyc=[ [ 2,,, 1 ], [  ] ] A10 chi=[ -8, -35 ] fail=euler s=[ 1, 1, 0, 1, 1 ] euler=0
   D=10 n=[ 1, 10 ] cyc=[ [ 2,,, 1 ], [  ] ] A10 chi=[ -8, -35 ] fail=euler s=[ 1, 1, 0, 1, 1 ] euler=0
   D=10 n=[ 2, 10 ] cyc=[ [ 1,,,, 1 ], [  ] ] A10 chi=[ -6, -30 ] fail=euler s=[ 2, 2, 0, 2, 2 ] euler=0
   D=5 n=[ 1, 5 ] cyc=[ [ ,, 1 ], [  ] ] S5 chi=[ -3, -15 ] fail=euler s=[ 1, 1, 0, 1, 1 ] euler=0
   D=10 n=[ 2, 10 ] cyc=[ [ ,,,,,, 1 ], [  ] ] (C2 x C2 x C2 x C2) : S5 chi=[ -6, -30 ] fail=euler s=[ 2, 2, 0, 2, 2 ] euler=0
   D=10 n=[ 1, 10 ] cyc=[ [ ,,,,,,, 1 ], [  ] ] A10 chi=[ -8, -35 ] fail=euler s=[ 1, 1, 0, 1, 1 ] euler=0
   D=10 n=[ 1, 10 ] cyc=[ [ 1, 1, 1 ], [  ] ] A10 chi=[ -8, -35 ] fail=euler s=[ 1, 1, 0, 1, 1 ] euler=0
   D=10 n=[ 1, 10 ] cyc=[ [ , 1,,, 1 ], [  ] ] S10 chi=[ -8, -35 ] fail=euler s=[ 1, 1, 0, 1, 1 ] euler=0
   D=6 n=[ 1, 6 ] cyc=[ [ ,,, 1 ], [  ] ] A6 chi=[ -4, -19 ] fail=euler s=[ 1, 1, 0, 1, 1 ] euler=0
   D=10 n=[ 2, 10 ] cyc=[ [ ,,,,,, 1 ], [  ] ] A6 : C2 chi=[ -6, -30 ] fail=euler s=[ 2, 2, 0, 2, 2 ] euler=0
   D=10 n=[ 1, 10 ] cyc=[ [ ,,,,,,, 1 ], [  ] ] A10 chi=[ -8, -35 ] fail=euler s=[ 1, 1, 0, 1, 1 ] euler=0
   D=10 n=[ 1, 10 ] cyc=[ [ ,,,,,,, 1 ], [  ] ] A10 chi=[ -8, -35 ] fail=euler s=[ 1, 1, 0, 1, 1 ] euler=0
   D=10 n=[ 2, 10 ] cyc=[ [ ,,,,,, 1 ], [  ] ] S10 chi=[ -6, -30 ] fail=euler s=[ 2, 2, 0, 2, 2 ] euler=0
   D=10 n=[ 1, 10 ] cyc=[ [ 1,,,,, 1 ], [  ] ] S10 chi=[ -8, -35 ] fail=euler s=[ 1, 1, 0, 1, 1 ] euler=0
   D=10 n=[ 2, 10 ] cyc=[ [ ,,,,,, 1 ], [  ] ] S10 chi=[ -6, -30 ] fail=euler s=[ 2, 2, 0, 2, 2 ] euler=0
   D=10 n=[ 1, 10 ] cyc=[ [ , 1,,, 1 ], [  ] ] S10 chi=[ -8, -35 ] fail=euler s=[ 1, 1, 0, 1, 1 ] euler=0
   D=10 n=[ 2, 10 ] cyc=[ [ ,,,,,, 1 ], [  ] ] (C2 x C2 x C2 x C2) : S5 chi=[ -6, -30 ] fail=euler s=[ 2, 2, 0, 2, 2 ] euler=0
   D=10 n=[ 1, 10 ] cyc=[ [ ,,,,,,, 1 ], [  ] ] A10 chi=[ -8, -35 ] fail=euler s=[ 1, 1, 0, 1, 1 ] euler=0
   D=10 n=[ 1, 10 ] cyc=[ [ 1,,,,, 1 ], [  ] ] S10 chi=[ -8, -35 ] fail=euler s=[ 1, 1, 0, 1, 1 ] euler=0
   D=10 n=[ 2, 10 ] cyc=[ [ ,, 2 ], [  ] ] A6 chi=[ -6, -30 ] fail=euler s=[ 2, 2, 0, 2, 2 ] euler=0
   D=10 n=[ 1, 10 ] cyc=[ [ ,, 1, 1 ], [  ] ] S10 chi=[ -8, -35 ] fail=euler s=[ 1, 1, 0, 1, 1 ] euler=0
   D=10 n=[ 1, 10 ] cyc=[ [ ,,,,,,, 1 ], [  ] ] A10 chi=[ -8, -35 ] fail=euler s=[ 1, 1, 0, 1, 1 ] euler=0
   D=10 n=[ 2, 10 ] cyc=[ [ ,, 2 ], [  ] ] (C2 x C2 x C2 x C2) : S5 chi=[ -6, -30 ] fail=euler s=[ 2, 2, 0, 2, 2 ] euler=0
   D=10 n=[ 2, 10 ] cyc=[ [ 1,,,, 1 ], [  ] ] A10 chi=[ -6, -30 ] fail=euler s=[ 2, 2, 0, 2, 2 ] euler=0
   D=10 n=[ 2, 10 ] cyc=[ [ 2,, 1 ], [  ] ] (C2 x C2 x C2 x C2) : D10 chi=[ -6, -30 ] fail=euler s=[ 2, 2, 0, 2, 2 ] euler=0
   D=10 n=[ 1, 10 ] cyc=[ [ 1,,,,, 1 ], [  ] ] S10 chi=[ -8, -35 ] fail=euler s=[ 1, 1, 0, 1, 1 ] euler=0
   D=10 n=[ 1, 10 ] cyc=[ [ 1, 1, 1 ], [  ] ] A10 chi=[ -8, -35 ] fail=euler s=[ 1, 1, 0, 1, 1 ] euler=0
   D=10 n=[ 1, 10 ] cyc=[ [ 1, 1, 1 ], [  ] ] A10 chi=[ -8, -35 ] fail=euler s=[ 1, 1, 0, 1, 1 ] euler=0
   D=10 n=[ 2, 10 ] cyc=[ [ 1, 2 ], [  ] ] C2 x ((C2 x C2 x C2 x C2) : A5) chi=[ -6, -30 ] fail=euler s=[ 2, 2, 0, 2, 2 ] euler=0
   D=10 n=[ 1, 10 ] cyc=[ [ 2,,, 1 ], [  ] ] A10 chi=[ -8, -35 ] fail=euler s=[ 1, 1, 0, 1, 1 ] euler=0
   D=10 n=[ 1, 10 ] cyc=[ [ 1,,,,, 1 ], [  ] ] S10 chi=[ -8, -35 ] fail=euler s=[ 1, 1, 0, 1, 1 ] euler=0
   D=10 n=[ 1, 10 ] cyc=[ [ 2,,, 1 ], [  ] ] A10 chi=[ -8, -35 ] fail=euler s=[ 1, 1, 0, 1, 1 ] euler=0
   D=10 n=[ 2, 10 ] cyc=[ [ 1,,,, 1 ], [  ] ] (C2 x C2 x C2 x C2) : A5 chi=[ -6, -30 ] fail=euler s=[ 2, 2, 0, 2, 2 ] euler=0
   D=6 n=[ 1, 6 ] cyc=[ [ ,,, 1 ], [  ] ] A5 chi=[ -4, -19 ] fail=euler s=[ 1, 1, 0, 1, 1 ] euler=0
   D=10 n=[ 1, 10 ] cyc=[ [ 1,,,,, 1 ], [  ] ] S10 chi=[ -8, -35 ] fail=euler s=[ 1, 1, 0, 1, 1 ] euler=0
   D=10 n=[ 1, 10 ] cyc=[ [ , 1,,, 1 ], [  ] ] S10 chi=[ -8, -35 ] fail=euler s=[ 1, 1, 0, 1, 1 ] euler=0
   D=10 n=[ 2, 10 ] cyc=[ [ , 1,, 1 ], [  ] ] A10 chi=[ -6, -30 ] fail=euler s=[ 2, 2, 0, 2, 2 ] euler=0
   D=10 n=[ 1, 10 ] cyc=[ [ 1, 1, 1 ], [  ] ] A10 chi=[ -8, -35 ] fail=euler s=[ 1, 1, 0, 1, 1 ] euler=0
   D=10 n=[ 2, 10 ] cyc=[ [ , 1,, 1 ], [  ] ] A10 chi=[ -6, -30 ] fail=euler s=[ 2, 2, 0, 2, 2 ] euler=0
   D=7 n=[ 1, 7 ] cyc=[ [ ,,,, 1 ], [  ] ] S7 chi=[ -5, -23 ] fail=euler s=[ 1, 1, 0, 1, 1 ] euler=0
   D=10 n=[ 1, 10 ] cyc=[ [ ,,,,,,, 1 ], [  ] ] A10 chi=[ -8, -35 ] fail=euler s=[ 1, 1, 0, 1, 1 ] euler=0
   D=10 n=[ 1, 10 ] cyc=[ [ ,,,,,,, 1 ], [  ] ] A10 chi=[ -8, -35 ] fail=euler s=[ 1, 1, 0, 1, 1 ] euler=0
   D=10 n=[ 1, 10 ] cyc=[ [ ,, 1, 1 ], [  ] ] S10 chi=[ -8, -35 ] fail=euler s=[ 1, 1, 0, 1, 1 ] euler=0
   D=6 n=[ 1, 6 ] cyc=[ [ ,,, 1 ], [  ] ] A6 chi=[ -4, -19 ] fail=euler s=[ 1, 1, 0, 1, 1 ] euler=0
   D=10 n=[ 1, 10 ] cyc=[ [ ,,,,,,, 1 ], [  ] ] A10 chi=[ -8, -35 ] fail=euler s=[ 1, 1, 0, 1, 1 ] euler=0
   D=10 n=[ 1, 10 ] cyc=[ [ ,,,,,,, 1 ], [  ] ] A10 chi=[ -8, -35 ] fail=euler s=[ 1, 1, 0, 1, 1 ] euler=0
   D=10 n=[ 1, 10 ] cyc=[ [ ,,,,,,, 1 ], [  ] ] A10 chi=[ -8, -35 ] fail=euler s=[ 1, 1, 0, 1, 1 ] euler=0
   D=10 n=[ 2, 10 ] cyc=[ [ ,,,,,, 1 ], [  ] ] (C2 x C2 x C2 x C2) : S5 chi=[ -6, -30 ] fail=euler s=[ 2, 2, 0, 2, 2 ] euler=0
   D=10 n=[ 1, 10 ] cyc=[ [ ,, 1, 1 ], [  ] ] S10 chi=[ -8, -35 ] fail=euler s=[ 1, 1, 0, 1, 1 ] euler=0
   D=10 n=[ 2, 10 ] cyc=[ [ ,, 2 ], [  ] ] (C2 x C2 x C2 x C2) : S5 chi=[ -6, -30 ] fail=euler s=[ 2, 2, 0, 2, 2 ] euler=0
   D=10 n=[ 1, 10 ] cyc=[ [ 1, 1, 1 ], [  ] ] A10 chi=[ -8, -35 ] fail=euler s=[ 1, 1, 0, 1, 1 ] euler=0
   D=10 n=[ 1, 10 ] cyc=[ [ ,,,,,,, 1 ], [  ] ] A10 chi=[ -8, -35 ] fail=euler s=[ 1, 1, 0, 1, 1 ] euler=0
   D=10 n=[ 1, 10 ] cyc=[ [ 1,,,,, 1 ], [  ] ] S10 chi=[ -8, -35 ] fail=euler s=[ 1, 1, 0, 1, 1 ] euler=0
   D=10 n=[ 1, 10 ] cyc=[ [ 1,,,,, 1 ], [  ] ] S10 chi=[ -8, -35 ] fail=euler s=[ 1, 1, 0, 1, 1 ] euler=0
   D=10 n=[ 2, 10 ] cyc=[ [ ,,,,,, 1 ], [  ] ] S10 chi=[ -6, -30 ] fail=euler s=[ 2, 2, 0, 2, 2 ] euler=0
   D=10 n=[ 1, 10 ] cyc=[ [ , 1,,, 1 ], [  ] ] S10 chi=[ -8, -35 ] fail=euler s=[ 1, 1, 0, 1, 1 ] euler=0
   D=10 n=[ 1, 10 ] cyc=[ [ , 1,,, 1 ], [  ] ] S10 chi=[ -8, -35 ] fail=euler s=[ 1, 1, 0, 1, 1 ] euler=0
   D=7 n=[ 1, 7 ] cyc=[ [ ,,,, 1 ], [  ] ] S7 chi=[ -5, -23 ] fail=euler s=[ 1, 1, 0, 1, 1 ] euler=0
   D=7 n=[ 1, 7 ] cyc=[ [ ,,,, 1 ], [  ] ] S7 chi=[ -5, -23 ] fail=euler s=[ 1, 1, 0, 1, 1 ] euler=0
   D=8 n=[ 1, 8 ] cyc=[ [ ,,,,, 1 ], [  ] ] A8 chi=[ -6, -27 ] fail=euler s=[ 1, 1, 0, 1, 1 ] euler=0
   D=10 n=[ 2, 10 ] cyc=[ [ , 1,, 1 ], [  ] ] A10 chi=[ -6, -30 ] fail=euler s=[ 2, 2, 0, 2, 2 ] euler=0
   D=10 n=[ 2, 10 ] cyc=[ [ ,, 2 ], [  ] ] (C2 x C2 x C2 x C2) : D10 chi=[ -6, -30 ] fail=euler s=[ 2, 2, 0, 2, 2 ] euler=0
   D=10 n=[ 2, 10 ] cyc=[ [ , 1,, 1 ], [  ] ] A10 chi=[ -6, -30 ] fail=euler s=[ 2, 2, 0, 2, 2 ] euler=0
   D=10 n=[ 1, 10 ] cyc=[ [ ,, 1, 1 ], [  ] ] S10 chi=[ -8, -35 ] fail=euler s=[ 1, 1, 0, 1, 1 ] euler=0
   D=10 n=[ 2, 10 ] cyc=[ [ ,, 2 ], [  ] ] (C2 x C2 x C2 x C2) : S5 chi=[ -6, -30 ] fail=euler s=[ 2, 2, 0, 2, 2 ] euler=0
   D=10 n=[ 1, 10 ] cyc=[ [ ,,,,,,, 1 ], [  ] ] A10 chi=[ -8, -35 ] fail=euler s=[ 1, 1, 0, 1, 1 ] euler=0
   D=10 n=[ 1, 10 ] cyc=[ [ 1,,,,, 1 ], [  ] ] S10 chi=[ -8, -35 ] fail=euler s=[ 1, 1, 0, 1, 1 ] euler=0
   D=10 n=[ 2, 10 ] cyc=[ [ ,,,,,, 1 ], [  ] ] (C2 x C2 x C2 x C2) : S5 chi=[ -6, -30 ] fail=euler s=[ 2, 2, 0, 2, 2 ] euler=0
   D=10 n=[ 1, 10 ] cyc=[ [ 1, 1, 1 ], [  ] ] A10 chi=[ -8, -35 ] fail=euler s=[ 1, 1, 0, 1, 1 ] euler=0
   D=10 n=[ 1, 10 ] cyc=[ [ ,,,,,,, 1 ], [  ] ] A10 chi=[ -8, -35 ] fail=euler s=[ 1, 1, 0, 1, 1 ] euler=0
   D=10 n=[ 1, 10 ] cyc=[ [ , 1,,, 1 ], [  ] ] S6 chi=[ -8, -35 ] fail=euler s=[ 1, 1, 0, 1, 1 ] euler=0
   D=10 n=[ 1, 10 ] cyc=[ [ ,,,,,,, 1 ], [  ] ] A10 chi=[ -8, -35 ] fail=euler s=[ 1, 1, 0, 1, 1 ] euler=0
   D=10 n=[ 1, 10 ] cyc=[ [ ,,,,,,, 1 ], [  ] ] A10 chi=[ -8, -35 ] fail=euler s=[ 1, 1, 0, 1, 1 ] euler=0
   D=10 n=[ 1, 10 ] cyc=[ [ 1,,,,, 1 ], [  ] ] S10 chi=[ -8, -35 ] fail=euler s=[ 1, 1, 0, 1, 1 ] euler=0
   D=10 n=[ 2, 10 ] cyc=[ [ 1, 2 ], [  ] ] C2 x ((C2 x C2 x C2 x C2) : A5) chi=[ -6, -30 ] fail=euler s=[ 2, 2, 0, 2, 2 ] euler=0
   D=10 n=[ 1, 10 ] cyc=[ [ , 3 ], [  ] ] A5 chi=[ -8, -35 ] fail=euler s=[ 1, 1, 0, 1, 1 ] euler=0
   D=10 n=[ 1, 10 ] cyc=[ [ 1, 1, 1 ], [  ] ] A10 chi=[ -8, -35 ] fail=euler s=[ 1, 1, 0, 1, 1 ] euler=0
   D=10 n=[ 1, 10 ] cyc=[ [ , 1,,, 1 ], [  ] ] S10 chi=[ -8, -35 ] fail=euler s=[ 1, 1, 0, 1, 1 ] euler=0
   D=10 n=[ 1, 10 ] cyc=[ [ ,,,,,,, 1 ], [  ] ] A10 chi=[ -8, -35 ] fail=euler s=[ 1, 1, 0, 1, 1 ] euler=0
   D=10 n=[ 1, 10 ] cyc=[ [ ,, 1, 1 ], [  ] ] S10 chi=[ -8, -35 ] fail=euler s=[ 1, 1, 0, 1, 1 ] euler=0
   D=10 n=[ 1, 10 ] cyc=[ [ 1, 1, 1 ], [  ] ] A10 chi=[ -8, -35 ] fail=euler s=[ 1, 1, 0, 1, 1 ] euler=0
   D=10 n=[ 1, 10 ] cyc=[ [ ,, 1, 1 ], [  ] ] S10 chi=[ -8, -35 ] fail=euler s=[ 1, 1, 0, 1, 1 ] euler=0
   D=10 n=[ 1, 10 ] cyc=[ [ 1,,,,, 1 ], [  ] ] S10 chi=[ -8, -35 ] fail=euler s=[ 1, 1, 0, 1, 1 ] euler=0
   D=10 n=[ 1, 10 ] cyc=[ [ , 1,,, 1 ], [  ] ] S10 chi=[ -8, -35 ] fail=euler s=[ 1, 1, 0, 1, 1 ] euler=0
   D=10 n=[ 1, 10 ] cyc=[ [ ,,,,,,, 1 ], [  ] ] A10 chi=[ -8, -35 ] fail=euler s=[ 1, 1, 0, 1, 1 ] euler=0
   D=10 n=[ 1, 10 ] cyc=[ [ ,,,,,,, 1 ], [  ] ] A10 chi=[ -8, -35 ] fail=euler s=[ 1, 1, 0, 1, 1 ] euler=0
   D=10 n=[ 1, 10 ] cyc=[ [ , 1,,, 1 ], [  ] ] S5 chi=[ -8, -35 ] fail=euler s=[ 1, 1, 0, 1, 1 ] euler=0
   D=10 n=[ 1, 10 ] cyc=[ [ , 1,,, 1 ], [  ] ] S10 chi=[ -8, -35 ] fail=euler s=[ 1, 1, 0, 1, 1 ] euler=0
   D=10 n=[ 1, 10 ] cyc=[ [ ,, 1, 1 ], [  ] ] S10 chi=[ -8, -35 ] fail=euler s=[ 1, 1, 0, 1, 1 ] euler=0
   D=10 n=[ 1, 10 ] cyc=[ [ ,,,,,,, 1 ], [  ] ] A10 chi=[ -8, -35 ] fail=euler s=[ 1, 1, 0, 1, 1 ] euler=0
   D=10 n=[ 1, 10 ] cyc=[ [ ,,,,,,, 1 ], [  ] ] A10 chi=[ -8, -35 ] fail=euler s=[ 1, 1, 0, 1, 1 ] euler=0
   D=10 n=[ 1, 10 ] cyc=[ [ ,,,,,,, 1 ], [  ] ] A10 chi=[ -8, -35 ] fail=euler s=[ 1, 1, 0, 1, 1 ] euler=0
   D=10 n=[ 1, 10 ] cyc=[ [ ,,,,,,, 1 ], [  ] ] A10 chi=[ -8, -35 ] fail=euler s=[ 1, 1, 0, 1, 1 ] euler=0
   D=10 n=[ 1, 10 ] cyc=[ [ 2,,, 1 ], [  ] ] A10 chi=[ -8, -35 ] fail=euler s=[ 1, 1, 0, 1, 1 ] euler=0
   D=10 n=[ 1, 10 ] cyc=[ [ ,,,,,,, 1 ], [  ] ] A10 chi=[ -8, -35 ] fail=euler s=[ 1, 1, 0, 1, 1 ] euler=0
   D=10 n=[ 2, 10 ] cyc=[ [ 1,,,, 1 ], [  ] ] (C2 x C2 x C2 x C2) : A5 chi=[ -6, -30 ] fail=euler s=[ 2, 2, 0, 2, 2 ] euler=0
   D=10 n=[ 1, 10 ] cyc=[ [ ,,,,,,, 1 ], [  ] ] A10 chi=[ -8, -35 ] fail=euler s=[ 1, 1, 0, 1, 1 ] euler=0
   (344 reps with a meridian acting freely)
  [14 s]
c25cusp_cc2 TRACKING FAILED path to (1+0j) passes near (0.5911179689872589+0.21085942103047625j); change base
c25cusp_par TRACKING FAILED path to (-0.7829195875500998-0.2693305196498968j) passes near (0.9159736592365367+1.0717884701664369j); change base
== cc_cc_samecusp_b comps [('t**2', 't**3'), ('t**2', '2*t**3')] alpha 4 degs [[2, 3], [2, 3]]
  c=(0.0, 0.0) W=[1, 2, 1, 3, 2, 1, 1, 2, 1, 3, 2, 1, 1, 2, 1, 3, 2, 1] [([0, 1, 2, 3], 'br', 2, 'cusps', 2)]
