== c35_25cusp comps [('t**3 - 3*t', 't**5/5 - 5*t**4/6 + 4*t**3/3 - t**2 + t/3')] alpha 3 degs [[3, 5]]
  c=(11.335, 0.0) W=[1, 2, 1, 2, 2, -1, -2, -1] [([0, 1], 'br', 2, 'cusps', 0)]
  c=(2.0, 0.0) W=[2, 2, 1, -2, -2] []
  c=(-2.0, 0.0) W=[2, 2, 2, 2, 2, 2, -2] [([1, 2], 'br', 1, 'cusps', 1)]
  c=(-14.673, 0.0) W=[-2, 2, 2, 2] [([1, 2], 'br', 2, 'cusps', 0)]
abelianization: [ 0 ]
k=[ 5 ] nu=2 transitive reps: 5
   (5 reps with a meridian acting freely)
  [41 s]
== c36_a comps [('t**3 - 3*t', 't**6/6 - t**4/8 + t**3/9 - t**2/4 - t/3')] alpha 3 degs [[3, 6]]
  c=(2.0, 0.0) W=[1, 2, 1, 1, 1, -2, -1] [([0, 2], 'br', 1, 'cusps', 1)]
  c=(0.0, 0.0) W=[1, 2, 2, -1] [([0, 1], 'br', 2, 'cusps', 0)]
  c=(-2.0, 0.0) W=[1, 1, 1] [([1, 2], 'br', 1, 'cusps', 1)]
abelianization: [ 0 ]
k=[ 4 ] nu=1 transitive reps: 43
   D=4 n=[ 2 ] cyc=[ [ 1 ] ] S4 chi=[ -2, -8 ] fail=euler s=[ 1, 0, 1 ] euler=
0
   D=8 n=[ 4 ] cyc=[ [ ,, 1 ] ] Q8 : S4 chi=[ -4, -16 ] fail=euler s=
[ 2, 0, 2 ] euler=0
   D=6 n=[ 2 ] cyc=[ [ ,, 1 ] ] S4 chi=[ -6, -18 ] fail=euler s=
[ 0, 2, 0 ] euler=2
   D=6 n=[ 2 ] cyc=[ [ 2 ] ] S4 chi=[ -6, -18 ] fail=euler s=
[ 0, 2, 0 ] euler=2
   D=4 n=[ 1 ] cyc=[ [ , 1 ] ] A4 chi=[ -5, -14 ] fail=euler s=
[ 0, 1, 0 ] euler=2
   D=6 n=[ 2 ] cyc=[ [ ,, 1 ] ] S4 chi=[ -6, -18 ] fail=euler s=
[ 0, 2, 0 ] euler=2
   D=6 n=[ 1 ] cyc=[ [ ,,, 1 ] ] A5 chi=[ -9, -24 ] fail=euler s=
[ 0, 1, 0 ] euler=4
   D=8 n=[ 2 ] cyc=[ [ , 2 ] ] SL(2,3) chi=[ -10, -28 ] fail=euler s=
[ 0, 2, 0 ] euler=4
   D=7 n=[ 1 ] cyc=[ [ ,,,, 1 ] ] C7 : C6 chi=[ -11, -29 ] fail=euler s=
[ 0, 1, 0 ] euler=5
   D=7 n=[ 1 ] cyc=[ [ ,,,, 1 ] ] C7 : C6 chi=[ -11, -29 ] fail=euler s=
[ 0, 1, 0 ] euler=5
   D=8 n=[ 1 ] cyc=[ [ ,,,,, 1 ] ] PSL(3,2) chi=[ -13, -34 ] fail=euler s=
[ 0, 1, 0 ] euler=6
   (32 reps with a meridian acting freely)
  [2 s]
== c36_b comps [('t**3 - 3*t', 't**6/6 - 2*t**5/5 - t**2/2 + 2*t')] alpha 3 degs [[3, 6]]
  c=(-2.0, 0.0) W=[1, 2, 1, 1, 1, 1, 1, -2, -1] [([1, 2], 'br', 1, 'cusps', 1)]
  c=(1.375, 0.0) W=[1, 2, 2, -1] [([0, 2], 'br', 2, 'cusps', 0)]
  c=(2.0, 0.0) W=[1, 1, 1] [([0, 1], 'br', 1, 'cusps', 1)]
abelianization: [ 0 ]
[1m[34m[0m[31m
STDERR Error, no method found! For debugging hints type ?Recovery from NoMethodFound
Error, no 1st choice method found for `*' on 2 arguments at /usr/share/gap/lib/methsel2.g:249 called from
Size( G ) / IndexInWholeGroup( H ) at /usr/share/gap/lib/grpfp.gi:3952 called from
Size( C ) at /usr/share/gap/lib/coll.gi:153 called from
IsFinite( G ) at /usr/share/gap/lib/grp.gi:2960 called from
oper( super, sub ) at /usr/share/gap/lib/domain.gd:452 called from
NormalClosure( H, Subgroup( G, staylifts ) 
 ) at /home/user/jacobian_planar/docs/plans/audit/vitushkin/gapcheck.g:50 called from
...  at *stdin*:1
type 'quit;' to quit to outer loop
  [14 s]
== c34_1cusp comps [('t**3 - 3*t', 't**4/4 - t**3/6 - t**2/12 - t/3')] alpha 3 degs [[3, 4]]
  c=(10.355, 0.0) W=[1, 2, 1, 1, -2, -1] [([0, 2], 'br', 2, 'cusps', 0)]
  c=(2.0, 0.0) W=[-2, 1, 2, 1, -2, -1, 2] []
  c=(1.645, 0.0) W=[-2, 1, 2, 2, -1, 2] [([0, 1], 'br', 2, 'cusps', 0)]
  c=(-2.0, 0.0) W=[-2, 1, 1, 1, 2] [([1, 2], 'br', 1, 'cusps', 1)]
abelianization: [ 0 ]
k=[ 5 ] nu=2 transitive reps: 5
   (5 reps with a meridian acting freely)
  [2 s]
== c45_a comps [('t**4 - 2*t**2', 't**5/5 - t**4/12 - t**3/3 + t**2/6')] alpha 4 degs [[4, 5]]
  c=(0.0, 0.0) W=[1, 3, 2, 1, 3, 2, 2, 2, -1, -3, -2, -1, -3] [([1, 3], 'br', 1, 'cusps', 1)]
  c=(-0.444, 0.0) W=[-2, 1, 3, 2, 1, 3, 1, 3, -2, -1, -3, 2] [([0, 3], 'br', 2, 'cusps', 0), ([1, 2], 'br', 2, 'cusps', 0)]
  c=(-0.556, 0.0) W=[-2, 1, 3, 2, 2, -1, -3, 2] [([0, 2], 'br', 2, 'cusps', 0)]
  c=(-1.0, 0.0) W=[-2, 1, 3, 1, 3, 1, 3, 2] [([0, 1], 'br', 1, 'cusps', 1), ([2, 3], 'br', 1, 'cusps', 1)]
abelianization: [ 0 ]
k=[ 9 ] nu=3 transitive reps: 7
   D=5 n=[ 3 ] cyc=[ [ 1 ] ] S5 chi=[ -3, -5 ] fail=euler s=
[ 2, 1, 1, 1, 2, 2 ] euler=0
   (6 reps with a meridian acting freely)
  [1027 s]
== c45_b comps [('t**4 - 2*t**2', 't**5/5 - t**4/2 - t**3/3 + t**2')] alpha 4 degs [[4, 5]]
  c=(0.0, 0.0) W=[1, 3, 2, 1, 3, 2, 2, 2, -1, -3, -2, -1, -3] [([1, 2], 'br', 1, 'cusps', 1)]
  c=(-0.444, 0.0) W=[-2, 1, 3, 2, 1, 3, 1, 3, -2, -1, -3, 2] [([0, 2], 'br', 2, 'cusps', 0), ([1, 3], 'br', 2, 'cusps', 0)]
  c=(-0.556, 0.0) W=[-2, 1, 3, 2, 2, -1, -3, 2] [([0, 3], 'br', 2, 'cusps', 0)]
  c=(-1.0, 0.0) W=[-2, 1, 3, 1, 3, 1, 3, 2] [([0, 1], 'br', 1, 'cusps', 1), ([2, 3], 'br', 1, 'cusps', 1)]
abelianization: [ 0 ]
k=[ 9 ] nu=3 transitive reps: 7
   D=5 n=[ 3 ] cyc=[ [ 1 ] ] S5 chi=[ -3, -5 ] fail=euler s=
[ 2, 1, 1, 1, 2, 2 ] euler=0 chiR=1
   (6 reps with a meridian acting freely)
  [1545 s]
== c45_2cusp comps [('t**4 - 2*t**2', 't**5/5 + 7*t**4/24 - t**3 + 5*t**2/12')] alpha 4 degs [[4, 5]]
  c=(3.666, -24.021) W=[3, 3] [([2, 3], 'br', 2, 'cusps', 0)]
  c=(15.0, 0.0) W=[-3, 2, 3, 1, 3, -1, -2, 3] [([1, 3], 'br', 2, 'cusps', 0)]
  c=(3.666, 24.021) W=[-3, 2, 1, 2, 3, 3, -2, -1, -2, 3] [([0, 3], 'br', 2, 'cusps', 0)]
  c=(0.0, 0.0) W=[-3, 2, 1, 1, 1, -2, 3] [([0, 2], 'br', 1, 'cusps', 1)]
  c=(-0.332, 0.0) W=[-3, 2, -1, -2, 2, 2, 2, 1, -2, 3] [([0, 1], 'br', 2, 'cusps', 0)]
  c=(-1.0, 0.0) W=[-3, -1, -2, 1, 1, 1, 3, 2, 1, 3] [([1, 2], 'br', 1, 'cusps', 1)]
abelianization: [ 0 ]
[1m[34m[0m[31m
STDERR Error, Function: number of arguments must be 8 (not 7)
not in any function at *stdin*:1
type 'quit;' to quit to outer loop
  [3 s]
== c46_a comps [('t**4 - 2*t**2', 't**6/6 + t**5/10 - t**4/6 - t**3/6 - t**2/6')] alpha 4 degs [[4, 6]]
  c=(-0.871, 0.684) W=[1, 3, 2, 1, 3, 2, 2, -3, -1, -2, -3, -1] [([1, 2], 'br', 2, 'cusps', 0)]
  c=(-1.0, 0.0) W=[1, 3, 2, 1, 3, 1, 3, 1, 3, -2, -3, -1] [([0, 2], 'br', 1, 'cusps', 1), ([1, 3], 'br', 1, 'cusps', 1)]
  c=(-0.69, 0.0) W=[1, 3, 2, 2, -3, -1] [([0, 3], 'br', 2, 'cusps', 0)]
  c=(-0.556, 0.0) W=[1, 3, 3, -1] [([0, 1], 'br', 2, 'cusps', 0)]
  c=(-0.871, -0.684) W=[1, -3, -2, -1, -3, 2, 2, 3, 1, 2, 3, -1] [([1, 2], 'br', 2, 'cusps', 0)]
  c=(0.0, 0.0) W=[1, 1, 1] [([2, 3], 'br', 1, 'cusps', 1)]
abelianization: [ 0 ]
[1m[34m[0m[31m
STDERR Error, Function: number of arguments must be 8 (not 7)
not in any function at *stdin*:1
type 'quit;' to quit to outer loop
  [2 s]
== c33cusp_a comps [('t**3', 't**4 + t**2/2')] alpha 3 degs [[3, 4]]
  c=(0.354, 0.0) W=[1, 2, 1, 1, -2, -1] [([0, 2], 'br', 2, 'cusps', 0)]
  c=(0.0, 0.0) W=[-2, 1, 2, 1, 2, 1, -1, 2] [([0, 1, 2], 'br', 1, 'cusps', 1)]
  c=(-0.354, 0.0) W=[-2, 1, 1, 2] [([1, 2], 'br', 2, 'cusps', 0)]
abelianization: [ 0 ]
[1m[34m[0m[31m
STDERR Error, Function: number of arguments must be 8 (not 7)
not in any function at *stdin*:1
type 'quit;' to quit to outer loop
  [2 s]
== c35_34cusp comps [('t**3', 't**5 + t**4')] alpha 3 degs [[3, 5]]
  c=(1.0, 0.0) W=[2, 1, 2, 1, 1, -2, -1, -2] [([1, 2], 'br', 2, 'cusps', 0)]
  c=(0.0, 0.0) W=[1, 2, 1, 2, 1, 2, 1, 2] [([0, 1, 2], 'br', 1, 'cusps', 1)]
abelianization: [ 0 ]
[1m[34m[0m[31m
STDERR Error, Function: number of arguments must be 8 (not 7)
not in any function at *stdin*:1
type 'quit;' to quit to outer loop
  [2 s]
== c37 comps [('t**3', 't**7 + t**5 + t**4')] alpha 3 degs [[3, 7]]
  c=(-0.338, -0.562) W=[2, 1, 2, 2, -1, -2] [([0, 2], 'br', 2, 'cusps', 0)]
  c=(0.0, 0.0) W=[2, 1, 1, 2, 1, 2, 1, 2, 1, 2, -1, -2] [([0, 1, 2], 'br', 1, 'cusps', 1)]
  c=(-0.338, 0.562) W=[2, -2, -1, 2, 2, 1, 2, -2] [([0, 1], 'br', 2, 'cusps', 0)]
  c=(-2.325, 0.0) W=[2, 2] [([1, 2], 'br', 2, 'cusps', 0)]
abelianization: [ 0 ]
[1m[34m[0m[31m
STDERR Error, Function: number of arguments must be 8 (not 7)
not in any function at *stdin*:1
type 'quit;' to quit to outer loop
  [2 s]
== c27 comps [('t**2', 't**3*(t**2 - 4)*(t**2 - 1)')] alpha 2 degs [[2, 7]]
  c=(4.0, 0.0) W=[1, 1, 1, 1, -1, -1] [([0, 1], 'br', 2, 'cusps', 0)]
  c=(1.0, 0.0) W=[1, 1, 1, -1] [([0, 1], 'br', 2, 'cusps', 0)]
  c=(0.0, 0.0) W=[1, 1, 1] [([0, 1], 'br', 1, 'cusps', 1)]
abelianization: [ 0 ]
[1m[34m[0m[31m
STDERR Error, Function: number of arguments must be 8 (not 7)
not in any function at *stdin*:1
type 'quit;' to quit to outer loop
  [2 s]
== c27_tac comps [('t**2', 't**3*(t**2 - 1)**2')] alpha 2 degs [[2, 7]]
  c=(1.0, 0.0) W=[1, 1, 1, 1, 1, -1] [([0, 1], 'br', 2, 'cusps', 0)]
  c=(0.0, 0.0) W=[-1, 1, 1, 1, 1] [([0, 1], 'br', 1, 'cusps', 1)]
abelianization: [ 0 ]
[1m[34m[0m[31m
STDERR Error, Function: number of arguments must be 8 (not 7)
not in any function at *stdin*:1
type 'quit;' to quit to outer loop
  [2 s]
== c27_25 comps [('t**2', 't**5*(t**2 - 1)')] alpha 2 degs [[2, 7]]
  c=(1.0, 0.0) W=[1, 1, 1, -1] [([0, 1], 'br', 2, 'cusps', 0)]
  c=(0.0, 0.0) W=[1, 1, 1, 1, 1] [([0, 1], 'br', 1, 'cusps', 1)]
abelianization: [ 0 ]
[1m[34m[0m[31m
STDERR Error, Function: number of arguments must be 8 (not 7)
not in any function at *stdin*:1
type 'quit;' to quit to outer loop
  [2 s]
== cc_line_gen comps [('t**2', 't**3'), ('t', 't + 1')] alpha 3 degs [[2, 3], [1, 1]]
  c=(-0.574, 0.369) W=[2, 2, 2, -2] [([0, 2], 'br', 2, 'cusps', 0)]
  c=(-0.574, -0.369) W=[1, 2, 2, -1] [([1, 2], 'br', 2, 'cusps', 0)]
  c=(0.0, 0.0) W=[1, 1, 1] [([0, 1], 'br', 1, 'cusps', 1)]
  c=(2.148, 0.0) W=[-1, 2, 2, 1] [([1, 2], 'br', 2, 'cusps', 0)]
abelianization: [ 0, 0 ]
[1m[34m[0m[31m
STDERR Error, Function: number of arguments must be 8 (not 7)
not in any function at *stdin*:1
type 'quit;' to quit to outer loop
  [2 s]
== cc_line_cusp comps [('t**2', 't**3'), ('t', 't/2')] alpha 3 degs [[2, 3], [1, 1]]
  c=(0.25, 0.0) W=[2, 1, 2, 2, -1, -2] [([1, 2], 'br', 2, 'cusps', 0)]
  c=(0.0, 0.0) W=[2, 1, 1, 2, 1, 2, 1] [([0, 1, 2], 'br', 2, 'cusps', 1)]
abelianization: [ 0, 0 ]
[1m[34m[0m[31m
STDERR Error, Function: number of arguments must be 8 (not 7)
not in any function at *stdin*:1
type 'quit;' to quit to outer loop
  [2 s]
== cc_line_tan0 comps [('t**2', 't**3'), ('t', '0')] alpha 3 degs [[2, 3], [1, -oo]]
  c=(0.0, 0.0) W=[1, 2, 1, 1, 2, 1, 1, 2, 1] [([0, 1, 2], 'br', 2, 'cusps', 1)]
abelianization: [ 0, 0 ]
STDERR Error, Variable: 'oo' must have a value
not in any function at /tmp/cc_line_tan0.g:11
Error, Variable: 'degs' must have a value
not in any function at *stdin*:1
Error, Variable: 'r' must have a value
not in any function at *stdin*:1
  [2 s]
== cc_line_tan1 comps [('t**2', 't**3'), ('2*t + 1', '3*t + 1')] alpha 3 degs [[2, 3], [1, 1]]
  c=(1.0, 0.0) W=[2, 1, 2, 2, 2, 2, -1, -2] [([1, 2], 'br', 2, 'cusps', 0)]
  c=(0.25, 0.0) W=[-1, 2, 1, 1, -2, 1] [([0, 1], 'br', 2, 'cusps', 0)]
  c=(0.0, 0.0) W=[-1, 2, 2, 2, 1] [([0, 2], 'br', 1, 'cusps', 1)]
abelianization: [ 0, 0 ]
[1m[34m[0m[31m
STDERR Error, Function: number of arguments must be 8 (not 7)
not in any function at *stdin*:1
type 'quit;' to quit to outer loop
  [2 s]
cc_cc_a TRACKING FAILED path to (0.5+0.28867513459481287j) passes near (0.5-0.28867513459481287j); change base
cc_cc_b TRACKING FAILED path to (-0.3149802624737183-0.5455618179858607j) passes near (0.6299605249474366+0j); change base
cc_cc_c TRACKING FAILED path to (1+0j) passes near (0.5-0.8660254037844386j); change base
cc_cc_d TRACKING FAILED path to (0.25+0j) passes near (-0.5+0.8660254037844386j); change base
cc_cc_T TRACKING FAILED path to (0.30901699437494745+0.9510565162951535j) passes near (1+0j); change base
cc_cc_T2 TRACKING FAILED path to (0.5617723058531164-0.75586268285523j) passes near (-0.2102293614710422-1.2653354383015025j); change base
== cc_par_a comps [('t**2', 't**3'), ('t', 't**2 + 1')] alpha 3 degs [[2, 3], [1, 2]]
  c=(0.0, 0.0) W=[1, 1, 1] [([0, 2], 'br', 1, 'cusps', 1)]
  c=(-0.175, -0.692) W=[-1, 2, 2, 1] [([0, 1], 'br', 2, 'cusps', 0)]
  c=(0.675, -1.228) W=[-1, -2, 1, 2, 1, 2] [([1, 2], 'br', 2, 'cusps', 0)]
  c=(0.675, 1.228) W=[2, 1, 2, 1, -2, -1] [([1, 2], 'br', 2, 'cusps', 0)]
  c=(-0.175, 0.692) W=[1, 2, 2, -1] [([0, 1], 'br', 2, 'cusps', 0)]
abelianization: [ 0, 0 ]
[1m[34m[0m[31m
STDERR Error, Function: number of arguments must be 8 (not 7)
not in any function at *stdin*:1
type 'quit;' to quit to outer loop
  [2 s]
== cc_par_b comps [('t**2', 't**3'), ('t', 't**2 - 1/2')] alpha 3 degs [[2, 3], [1, 2]]
  c=(-0.51, 0.309) W=[1, 1] [([1, 2], 'br', 2, 'cusps', 0)]
  c=(-0.51, -0.309) W=[2, 1, 1, -2] [([0, 1], 'br', 2, 'cusps', 0)]
  c=(0.0, 0.0) W=[2, 2, 2] [([0, 2], 'br', 1, 'cusps', 1)]
  c=(0.448, 0.0) W=[-2, -1, 1, 1, 1, 2] [([0, 1], 'br', 2, 'cusps', 0)]
  c=(1.572, 0.0) W=[-2, -1, 2, 2, 1, 2] [([1, 2], 'br', 2, 'cusps', 0)]
abelianization: [ 0, 0 ]
[1m[34m[0m[31m
STDERR Error, Function: number of arguments must be 8 (not 7)
not in any function at *stdin*:1
type 'quit;' to quit to outer loop
  [2 s]
== cc_par_c comps [('t**2', 't**3'), ('t + 1', 't**2')] alpha 3 degs [[2, 3], [1, 2]]
  c=(0.46, 0.633) W=[1, 2, 1, 2, -1, -2, 1, -1] [([0, 1], 'br', 2, 'cusps', 0)]
  c=(0.0, 0.0) W=[2, 1, 1, 1, -2] [([0, 2], 'br', 1, 'cusps', 1)]
  c=(0.45, 0.0) W=[2, 2] [([1, 2], 'br', 2, 'cusps', 0)]
  c=(0.46, -0.633) W=[-2, -1, 2, 1, 2, 1] [([0, 1], 'br', 2, 'cusps', 0)]
  c=(3.63, 0.0) W=[2, 2] [([1, 2], 'br', 2, 'cusps', 0)]
abelianization: [ 0, 0 ]
[1m[34m[0m[31m
STDERR Error, Function: number of arguments must be 8 (not 7)
not in any function at *stdin*:1
type 'quit;' to quit to outer loop
  [2 s]
== c34_line comps [('t**3 - 3*t', 't**4/4 - 2*t**3/3 - t**2/2 + 2*t'), ('t', 't/3 + 1')] alpha 4 degs [[3, 4], [1, 1]]
  c=(41.791, 0.0) W=[1, 3, 2, 3, 1, 3, -1, -2, -3, -1] [([2, 3], 'br', 2, 'cusps', 0)]
  c=(2.0, 0.0) W=[1, 3, 2, 1, 1, 1, -2, -3, -1] [([0, 1], 'br', 1, 'cusps', 1)]
  c=(0.0, 0.0) W=[3, -2, 1, 2, 2, -1, 2, -3] [([0, 2], 'br', 2, 'cusps', 0)]
  c=(-0.158, 0.0) W=[-2, -3, 2, 1, 3, 3, -1, -2, 3, 2] [([0, 3], 'br', 2, 'cusps', 0)]
  c=(-0.569, 0.0) W=[-2, -3, 2, 1, -2, 2, 2, 2, -1, -2, 3, 2] [([2, 3], 'br', 2, 'cusps', 0)]
  c=(-1.064, 0.0) W=[-2, -3, -1, 2, 1, 1, -2, 1, 3, 2] [([1, 3], 'br', 2, 'cusps', 0)]
  c=(-2.0, 0.0) W=[-2, -3, -1, 2, 2, 2, 1, 3, 2] [([1, 2], 'br', 1, 'cusps', 1)]
abelianization: [ 0, 0 ]
[1m[34m[0m[31m
STDERR Error, Function: number of arguments must be 8 (not 7)
not in any function at *stdin*:1
type 'quit;' to quit to outer loop
  [2 s]
== cc_2lines comps [('t**2', 't**3'), ('t', 't + 1'), ('t', '2 - t')] alpha 4 degs [[2, 3], [1, 1], [1, 1]]
  c=(2.148, 0.0) W=[3, 3] [([0, 1], 'br', 2, 'cusps', 0)]
  c=(1.0, 0.0) W=[2, 2] [([0, 3], 'br', 2, 'cusps', 0)]
  c=(0.0, 2.0) W=[-2, 3, 1, 2, 3, 3, -2, -1, -3, 2] [([2, 3], 'br', 2, 'cusps', 0)]
  c=(0.5, 0.0) W=[-2, 3, 3, 2] [([1, 3], 'br', 2, 'cusps', 0)]
  c=(0.0, 0.0) W=[-2, -3, 1, 1, 1, 3, 2] [([0, 2], 'br', 1, 'cusps', 1)]
  c=(-0.574, 0.369) W=[-2, -1, -3, -1, 2, 2, 1, 3, 1, 2] [([0, 1], 'br', 2, 'cusps', 0)]
  c=(-0.574, -0.369) W=[-2, -1, -3, 2, 2, 3, 1, 2] [([1, 2], 'br', 2, 'cusps', 0)]
  c=(0.0, -2.0) W=[-2, -1, -3, -2, 3, 3, 2, 3, 1, 2] [([2, 3], 'br', 2, 'cusps', 0)]
abelianization: [ 0, 0, 0 ]
[1m[34m[0m[31m
STDERR Error, Function: number of arguments must be 8 (not 7)
not in any function at *stdin*:1
type 'quit;' to quit to outer loop
  [2 s]
== cc_line_line_cusp comps [('t**2', 't**3'), ('t', 't/2'), ('t', '-t/3')] alpha 4 degs [[2, 3], [1, 1], [1, 1]]
  c=(0.25, 0.0) W=[2, 3, 1, 2, 1, 3, 3, -1, -2, -1, -3, -2] [([1, 2], 'br', 2, 'cusps', 0)]
  c=(0.111, 0.0) W=[2, 3, 1, 2, 1, 1, -2, -1, -3, -2] [([0, 3], 'br', 2, 'cusps', 0)]
  c=(0.0, 0.0) W=[2, 3, 1, 2, 2, 1, 3, 2, 1, 3, 2, 3, 1] [([0, 1, 2, 3], 'br', 3, 'cusps', 1)]
abelianization: [ 0, 0, 0 ]
[1m[34m[0m[31m
STDERR Error, Function: number of arguments must be 8 (not 7)
not in any function at *stdin*:1
type 'quit;' to quit to outer loop
  [2 s]
