== c3525_cc_a comps [('t**3 - 3*t', 't**5/5 - t**4/2 + t**3/3 + t**2 - 2*t'), ('t**2 - 1', 't**3 + 1')] alpha 5 degs [[3, 5], [2, 3]]
  c=(1.473, -3.128) W=[-4, -1, 1, 2, 3, 2, 4, 3, 2, 3, 2, 3, 1, 4, 2, 3, 2, 1, -1, 4, 1, 4, -1, -2, -3, -2, -4, -1, -3, -2, -3, -2, -3, -2, -4, -3, -2, -1, 1, 4] [([0, 2], 'br', 2, 'cusps', 0)]
  c=(-1.525, -1.521) W=[-4, -1, 1, 2, 3, 2, 4, 2, 3, 2, 2, 3, 3, 2, -2, -3, -2, -2, -4, -3, -2, -1, 1, 4] [([1, 2, 3], 'br', 2, 'cusps', 0)]
  c=(-1.505, -1.492) W=[-4, -1, 1, 2, 3, 2, 4, 2, 3, 2, 2, 3, -2, -2, -4, -3, -2, -1, 1, 4] []
  c=(-2.0, 0.0) W=[-4, -1, 1, 2, 3, 2, 4, 2, 2, -4, 2, 2, -3, -2, -1, 1, 4] [([1, 3], 'br', 1, 'cusps', 1)]
  c=(-1.0, 0.0) W=[-4, -1, 1, 2, 3, -2, -2, 4, 4, 4, 2, 2, -3, -2, -1, 1, 4] [([2, 4], 'br', 1, 'cusps', 1)]
  c=(0.0, 0.0) W=[-4, -1, 1, 2, 3, -2, -2, -4, 3, 3, 4, 2, 2, -3, -2, -1, 1, 4] [([1, 2], 'br', 2, 'cusps', 0)]
  c=(0.056, 0.0) W=[-4, -1, 1, -3, 2, 3, -2, -4, -3, 2, 2, 3, 4, 2, -3, -2, 3, -1, 1, 4] [([2, 3], 'br', 2, 'cusps', 0)]
  c=(0.65, -0.0) W=[-4, -1, 1, -3, 2, 3, -2, -4, -3, -2, 1, 1, 2, 3, 4, 2, -3, -2, 3, -1, 1, 4] [([0, 2], 'br', 2, 'cusps', 0)]
  c=(1.375, 0.0) W=[-4, -1, 1, -3, 2, 3, -2, -4, -3, -2, -1, 2, 2, 1, 2, 3, 4, 2, -3, -2, 3, -1, 1, 4] [([0, 3], 'br', 2, 'cusps', 0)]
  c=(-1.505, 1.492) W=[-4, -1, 1, -3, 2, 3, 3, -2, 3, -1, 1, 4] []
  c=(-1.525, 1.521) W=[-4, -1, 1, -3, 2, 2, 3, -1, 1, 4] [([1, 3, 4], 'br', 2, 'cusps', 0)]
  c=(2.0, 0.0) W=[-4, -1, 1, -3, -2, -3, -4, -2, -3, -2, -1, -2, 3, 3, 3, 2, 1, 2, 3, 2, 4, 3, 2, 3, -1, 1, 4] [([0, 1], 'br', 1, 'cusps', 1)]
  c=(1.473, 3.128) W=[-4, -1, -3, -2, -3, -1, -2, -4, -3, -2, -1, 4, 4, 1, 2, 3, 4, 2, 1, 3, 2, 3, 1, 4] [([0, 4], 'br', 2, 'cusps', 0)]
  c=(25369.909, -0.0) W=[-1, -2, -4, -3, -4, -1, -2, -1, -3, -2, -4, -3, -1, -2, 4, 2, 4, 1, 3, 4, 2, 3, 1, 2, 1, 4, 3, 4, 2, 1] [([3, 4], 'br', 2, 'cusps', 0)]
abelianization: [ 0, 0 ]
k=[ 12, 9 ] nu=9 transitive reps: 96
   (85 reps with a meridian acting freely)
STDERR Syntax warning: Unbound global variable in /home/user/jacobian_planar/docs/plans/audit/vitushkin/gapcheck.g:51
      dic := DicriticalTest(hom, D, compofgen, m, kk, longitudes, fibres);
      ^^^
Syntax warning: Unbound global variable in /home/user/jacobian_planar/docs/plans/audit/vitushkin/gapcheck.g:52
      res.dicrit := List(dic.comps, c -> [c.d, c.chi, c.Nsing, c.unibranch, c.places_inf]);
                         ^^^
Syntax warning: Unbound global variable in /home/user/jacobian_planar/docs/plans/audit/vitushkin/gapcheck.g:53
      if dic.fails <> [] then ok := false; res.fail := "dicritical"; fi;
         ^^^
  [1186 s]
== c3525_cc_b comps [('t**3 - 3*t', 't**5/5 - t**4/2 + t**3/3 + t**2 - 2*t'), ('t**2 + 2', 't**3')] alpha 5 degs [[3, 5], [2, 3]]
  c=(25346.439, 0.0) W=[4, 3, 1, 4, 2, 1, 3, 2, 4, 3, 1, 4, 2, 4, -2, -1, -3, -4, -2, -3, -1, -2, -4, -1, -3, -4] [([3, 4], 'br', 2, 'cusps', 0)]
  c=(4.859, -2.002) W=[4, -2, 2, 3, 2, 4, 3, 2, 1, 3, 2, 3, 3, -2, -3, -1, -2, -3, -4, -2, -3, -2, 2, -4] [([2, 4], 'br', 2, 'cusps', 0)]
  c=(3.775, 0.0) W=[4, -2, 3, 2, 3, 2, 4, 3, 2, 1, 2, 4, 2, -4, -1, -2, -3, -2, -4, -3, -2, -3, 2, -4] [([3, 4], 'br', 2, 'cusps', 0)]
  c=(4.859, 2.002) W=[4, -2, 3, 2, 3, 2, 4, 3, 2, 1, 4, -2, 3, 3, 2, -4, -1, -2, -3, -4, -2, -3, -2, -3, 2, -4] [([0, 4], 'br', 2, 'cusps', 0)]
  c=(2.0, 0.0) W=[4, -2, 3, 3, 2, 4, 3, 2, 4, 1, 4, 1, 4, 1, -2, -3, -2, -4, -3, -3, 2, -4] [([0, 2], 'br', 1, 'cusps', 1), ([1, 4], 'br', 1, 'cusps', 1)]
  c=(1.388, -0.548) W=[4, -2, 3, 3, 4, 2, 3, 2, 2, -3, -2, -4, -3, -3, 2, -4] [([1, 3], 'br', 2, 'cusps', 0)]
  c=(1.161, -0.625) W=[4, -2, 3, 3, 4, 4, -3, -3, 2, -4] [([1, 2], 'br', 2, 'cusps', 0)]
  c=(1.235, -0.269) W=[4, -2, 3, 3, -4, -3, 2, 3, -3, 2, 3, 4, -3, -3, 2, -4] [([0, 1], 'br', 2, 'cusps', 0)]
  c=(1.375, 0.0) W=[4, -2, 3, 3, -4, -3, -2, 3, -1, 3, 1, 2, 3, 4, -3, -3, 2, -4] [([0, 3], 'br', 2, 'cusps', 0)]
  c=(1.235, 0.269) W=[4, -2, 3, -1, 3, -4, -3, -2, -1, 2, 2, 1, 2, 3, 4, -3, 1, -3, 2, -4] [([0, 4], 'br', 2, 'cusps', 0)]
  c=(1.388, 0.548) W=[4, -2, 3, -1, 3, -4, -3, -2, -1, -2, -3, 2, 3, -3, 2, 3, 2, 1, 2, 3, 4, -3, 1, -3, 2, -4] [([3, 4], 'br', 2, 'cusps', 0)]
  c=(1.161, 0.625) W=[4, -2, 3, -1, 3, -4, -3, -2, -3, -1, 4, 4, 1, 3, 2, 3, 4, -3, 1, -3, 2, -4] [([2, 4], 'br', 2, 'cusps', 0)]
  c=(-2.0, 0.0) W=[4, -2, -1, -2, -3, 2, 2, -4, 2, 2, 2, 4, -2, 2, 3, 2, 1, 2, -4] [([2, 3], 'br', 1, 'cusps', 1)]
abelianization: [ 0, 0 ]
k=[ 14, 11 ] nu=11 transitive reps: 96
   (85 reps with a meridian acting freely)
STDERR Syntax warning: Unbound global variable in /home/user/jacobian_planar/docs/plans/audit/vitushkin/gapcheck.g:51
      dic := DicriticalTest(hom, D, compofgen, m, kk, longitudes, fibres);
      ^^^
Syntax warning: Unbound global variable in /home/user/jacobian_planar/docs/plans/audit/vitushkin/gapcheck.g:52
      res.dicrit := List(dic.comps, c -> [c.d, c.chi, c.Nsing, c.unibranch, c.places_inf]);
                         ^^^
Syntax warning: Unbound global variable in /home/user/jacobian_planar/docs/plans/audit/vitushkin/gapcheck.g:53
      if dic.fails <> [] then ok := false; res.fail := "dicritical"; fi;
         ^^^
  [2020 s]
