== c36_b_D10 comps [('t**3 - 3*t', 't**6/6 - 2*t**5/5 - t**2/2 + 2*t')] alpha 3 degs [[3, 6]]
  c=(-2.0, 0.0) W=[1, 2, 1, 1, 1, 1, 1, -2, -1] [([1, 2], 'br', 1, 'cusps', 1)]
  c=(1.375, 0.0) W=[1, 2, 2, -1] [([0, 2], 'br', 2, 'cusps', 0)]
  c=(2.0, 0.0) W=[1, 1, 1] [([0, 1], 'br', 1, 'cusps', 1)]
abelianization: [ 0 ]
k=[ 4 ] nu=1 transitive reps: 20
   D=6 n=[ 3 ] cyc=[ [ , 1 ] ] A6 chi=[ -3, -12 ] fail=euler s=[ 1, 0, 2 ] euler=0
   D=10 n=[ 2 ] cyc=[ [ 4 ] ] A5 chi=[ -14, -38 ] fail=euler s=[ 0, 0, 1 ] euler=5
   D=6 n=[ 2 ] cyc=[ [ 2 ] ] A5 chi=[ -6, -18 ] fail=pi1(H1) s=[ 1, 0, 0 ] euler=1 pi1ab=[ 0, 0 ]
   D=6 n=[ 1 ] cyc=[ [ ,,, 1 ] ] A5 chi=[ -9, -24 ] fail=euler s=[ 0, 1, 0 ] euler=4
   D=5 n=[ 1 ] cyc=[ [ 2 ] ] A5 chi=[ -7, -19 ] fail=euler s=[ 0, 1, 0 ] euler=3
   D=10 n=[ 2 ] cyc=[ [ ,, 2 ] ] (C2 x C2 x C2 x C2) : A5 chi=[ -14, -38 ] fail=euler s=[ 0, 2, 0 ] euler=6
   D=10 n=[ 1 ] cyc=[ [ , 3 ] ] A6 chi=[ -17, -44 ] fail=euler s=[ 0, 1, 0 ] euler=8
   (13 reps with a meridian acting freely)
  [45 s]
== c35_25_c1 comps [('t**3 - 3*t', 't**5/5 - t**4/2 + t**3/3 + t**2 - 2*t')] alpha 3 degs [[3, 5]]
  c=(-2.0, 0.0) W=[2, 1, 2, 2, 2, 2, 2, -1, -2] [([1, 2], 'br', 1, 'cusps', 1)]
  c=(1.375, 0.0) W=[2, 1, 1, -2] [([0, 2], 'br', 2, 'cusps', 0)]
  c=(2.0, 0.0) W=[2, 2, 2] [([0, 1], 'br', 1, 'cusps', 1)]
abelianization: [ 0 ]
k=[ 4 ] nu=1 transitive reps: 20
   D=6 n=[ 2 ] cyc=[ [ 2 ] ] A5 chi=[ -6, -14 ] fail=pi1(H1) s=[ 1, 0, 0 ] euler=1 pi1ab=[ 0, 0 ]
   D=6 n=[ 3 ] cyc=[ [ , 1 ] ] A6 chi=[ -3, -9 ] fail=euler s=[ 1, 0, 2 ] euler=0
   D=5 n=[ 1 ] cyc=[ [ 2 ] ] A5 chi=[ -7, -15 ] fail=euler s=[ 0, 1, 0 ] euler=3
   D=6 n=[ 1 ] cyc=[ [ ,,, 1 ] ] A5 chi=[ -9, -19 ] fail=euler s=[ 0, 1, 0 ] euler=4
   D=10 n=[ 2 ] cyc=[ [ ,, 2 ] ] (C2 x C2 x C2 x C2) : A5 chi=[ -14, -30 ] fail=euler s=[ 0, 2, 0 ] euler=6
   D=10 n=[ 1 ] cyc=[ [ , 3 ] ] A6 chi=[ -17, -35 ] fail=euler s=[ 0, 1, 0 ] euler=8
   D=10 n=[ 2 ] cyc=[ [ 4 ] ] A5 chi=[ -14, -30 ] fail=euler s=[ 0, 0, 1 ] euler=5
   (13 reps with a meridian acting freely)
  [17 s]
== c35_25_cm1 comps [('t**3 - 3*t', 't**5/5 - t**4/2 - t**3/3 + t**2')] alpha 3 degs [[3, 5]]
  c=(-2.0, 0.0) W=[2, 1, 2, 2, 2, 2, 2, -1, -2] [([1, 2], 'br', 1, 'cusps', 1)]
  c=(1.375, 0.0) W=[2, 1, 1, -2] [([0, 2], 'br', 2, 'cusps', 0)]
  c=(2.0, 0.0) W=[2, 2, 2] [([0, 1], 'br', 1, 'cusps', 1)]
abelianization: [ 0 ]
k=[ 4 ] nu=1 transitive reps: 20
   D=6 n=[ 2 ] cyc=[ [ 2 ] ] A5 chi=[ -6, -14 ] fail=pi1(H1) s=[ 1, 0, 0 ] euler=1 pi1ab=[ 0, 0 ]
   D=6 n=[ 3 ] cyc=[ [ , 1 ] ] A6 chi=[ -3, -9 ] fail=euler s=[ 1, 0, 2 ] euler=0
   D=5 n=[ 1 ] cyc=[ [ 2 ] ] A5 chi=[ -7, -15 ] fail=euler s=[ 0, 1, 0 ] euler=3
   D=6 n=[ 1 ] cyc=[ [ ,,, 1 ] ] A5 chi=[ -9, -19 ] fail=euler s=[ 0, 1, 0 ] euler=4
   D=10 n=[ 2 ] cyc=[ [ ,, 2 ] ] (C2 x C2 x C2 x C2) : A5 chi=[ -14, -30 ] fail=euler s=[ 0, 2, 0 ] euler=6
   D=10 n=[ 1 ] cyc=[ [ , 3 ] ] A6 chi=[ -17, -35 ] fail=euler s=[ 0, 1, 0 ] euler=8
   D=10 n=[ 2 ] cyc=[ [ 4 ] ] A5 chi=[ -14, -30 ] fail=euler s=[ 0, 0, 1 ] euler=5
   (13 reps with a meridian acting freely)
  [16 s]
== c35_25_c1o2 comps [('t**3 - 3*t', 't**5/5 - t**4/2 + t**3/6 + t**2 - 3*t/2')] alpha 3 degs [[3, 5]]
  c=(-2.0, 0.0) W=[2, 1, 2, 2, 2, 2, 2, -1, -2] [([1, 2], 'br', 1, 'cusps', 1)]
  c=(1.375, 0.0) W=[2, 1, 1, -2] [([0, 2], 'br', 2, 'cusps', 0)]
  c=(2.0, 0.0) W=[2, 2, 2] [([0, 1], 'br', 1, 'cusps', 1)]
abelianization: [ 0 ]
k=[ 4 ] nu=1 transitive reps: 20
   D=6 n=[ 2 ] cyc=[ [ 2 ] ] A5 chi=[ -6, -14 ] fail=pi1(H1) s=[ 1, 0, 0 ] euler=1 pi1ab=[ 0, 0 ]
   D=6 n=[ 3 ] cyc=[ [ , 1 ] ] A6 chi=[ -3, -9 ] fail=euler s=[ 1, 0, 2 ] euler=0
   D=5 n=[ 1 ] cyc=[ [ 2 ] ] A5 chi=[ -7, -15 ] fail=euler s=[ 0, 1, 0 ] euler=3
   D=6 n=[ 1 ] cyc=[ [ ,,, 1 ] ] A5 chi=[ -9, -19 ] fail=euler s=[ 0, 1, 0 ] euler=4
   D=10 n=[ 2 ] cyc=[ [ ,, 2 ] ] (C2 x C2 x C2 x C2) : A5 chi=[ -14, -30 ] fail=euler s=[ 0, 2, 0 ] euler=6
   D=10 n=[ 1 ] cyc=[ [ , 3 ] ] A6 chi=[ -17, -35 ] fail=euler s=[ 0, 1, 0 ] euler=8
   D=10 n=[ 2 ] cyc=[ [ 4 ] ] A5 chi=[ -14, -30 ] fail=euler s=[ 0, 0, 1 ] euler=5
   (13 reps with a meridian acting freely)
  [14 s]
== c35_25_c3 comps [('t**3 - 3*t', 't**5/5 - t**4/2 + t**3 + t**2 - 4*t')] alpha 3 degs [[3, 5]]
  c=(-2.0, 0.0) W=[2, 1, 2, 2, 2, 2, 2, -1, -2] [([1, 2], 'br', 1, 'cusps', 1)]
  c=(1.375, 0.0) W=[2, 1, 1, -2] [([0, 1], 'br', 2, 'cusps', 0)]
  c=(2.0, 0.0) W=[2, 2, 2] [([0, 2], 'br', 1, 'cusps', 1)]
abelianization: [ 0 ]
k=[ 4 ] nu=1 transitive reps: 20
   D=6 n=[ 2 ] cyc=[ [ 2 ] ] A5 chi=[ -6, -14 ] fail=pi1(H1) s=[ 1, 0, 0 ] euler=1 pi1ab=[ 0, 0 ]
   D=6 n=[ 3 ] cyc=[ [ , 1 ] ] A6 chi=[ -3, -9 ] fail=euler s=[ 1, 0, 2 ] euler=0
   D=5 n=[ 1 ] cyc=[ [ 2 ] ] A5 chi=[ -7, -15 ] fail=euler s=[ 0, 1, 0 ] euler=3
   D=6 n=[ 1 ] cyc=[ [ ,,, 1 ] ] A5 chi=[ -9, -19 ] fail=euler s=[ 0, 1, 0 ] euler=4
   D=10 n=[ 2 ] cyc=[ [ ,, 2 ] ] (C2 x C2 x C2 x C2) : A5 chi=[ -14, -30 ] fail=euler s=[ 0, 2, 0 ] euler=6
   D=10 n=[ 1 ] cyc=[ [ , 3 ] ] A6 chi=[ -17, -35 ] fail=euler s=[ 0, 1, 0 ] euler=8
   D=10 n=[ 2 ] cyc=[ [ 4 ] ] A5 chi=[ -14, -30 ] fail=euler s=[ 0, 0, 1 ] euler=5
   (13 reps with a meridian acting freely)
  [14 s]
== c35_25_cm1o4 comps [('t**3 - 3*t', 't**5/5 - t**4/2 - t**3/12 + t**2 - 3*t/4')] alpha 3 degs [[3, 5]]
  c=(-2.0, 0.0) W=[2, 1, 2, 2, 2, 2, 2, -1, -2] [([1, 2], 'br', 1, 'cusps', 1)]
  c=(1.375, 0.0) W=[2, 1, 1, -2] [([0, 2], 'br', 2, 'cusps', 0)]
  c=(2.0, 0.0) W=[2, 2, 2] [([0, 1], 'br', 1, 'cusps', 1)]
abelianization: [ 0 ]
k=[ 4 ] nu=1 transitive reps: 20
   D=6 n=[ 2 ] cyc=[ [ 2 ] ] A5 chi=[ -6, -14 ] fail=pi1(H1) s=[ 1, 0, 0 ] euler=1 pi1ab=[ 0, 0 ]
   D=6 n=[ 3 ] cyc=[ [ , 1 ] ] A6 chi=[ -3, -9 ] fail=euler s=[ 1, 0, 2 ] euler=0
   D=5 n=[ 1 ] cyc=[ [ 2 ] ] A5 chi=[ -7, -15 ] fail=euler s=[ 0, 1, 0 ] euler=3
   D=6 n=[ 1 ] cyc=[ [ ,,, 1 ] ] A5 chi=[ -9, -19 ] fail=euler s=[ 0, 1, 0 ] euler=4
   D=10 n=[ 2 ] cyc=[ [ ,, 2 ] ] (C2 x C2 x C2 x C2) : A5 chi=[ -14, -30 ] fail=euler s=[ 0, 2, 0 ] euler=6
   D=10 n=[ 1 ] cyc=[ [ , 3 ] ] A6 chi=[ -17, -35 ] fail=euler s=[ 0, 1, 0 ] euler=8
   D=10 n=[ 2 ] cyc=[ [ 4 ] ] A5 chi=[ -14, -30 ] fail=euler s=[ 0, 0, 1 ] euler=5
   (13 reps with a meridian acting freely)
  [13 s]
== c36_25_s3 comps [('t**3 - 3*t', 't**6/6 - 3*t**5/5 + t**4/2 - 2*t**3 - 3*t**2/2 + 9*t')] alpha 3 degs [[3, 6]]
  c=(-2.0, 0.0) W=[1, 2, 1, 1, 1, 1, 1, -2, -1] [([1, 2], 'br', 1, 'cusps', 1)]
  c=(1.375, 0.0) W=[1, 2, 2, -1] [([0, 2], 'br', 2, 'cusps', 0)]
  c=(2.0, 0.0) W=[1, 1, 1] [([0, 1], 'br', 1, 'cusps', 1)]
abelianization: [ 0 ]
k=[ 4 ] nu=1 transitive reps: 20
   D=6 n=[ 3 ] cyc=[ [ , 1 ] ] A6 chi=[ -3, -12 ] fail=euler s=[ 1, 0, 2 ] euler=0
   D=10 n=[ 2 ] cyc=[ [ 4 ] ] A5 chi=[ -14, -38 ] fail=euler s=[ 0, 0, 1 ] euler=5
   D=6 n=[ 2 ] cyc=[ [ 2 ] ] A5 chi=[ -6, -18 ] fail=pi1(H1) s=[ 1, 0, 0 ] euler=1 pi1ab=[ 0, 0 ]
   D=6 n=[ 1 ] cyc=[ [ ,,, 1 ] ] A5 chi=[ -9, -24 ] fail=euler s=[ 0, 1, 0 ] euler=4
   D=5 n=[ 1 ] cyc=[ [ 2 ] ] A5 chi=[ -7, -19 ] fail=euler s=[ 0, 1, 0 ] euler=3
   D=10 n=[ 2 ] cyc=[ [ ,, 2 ] ] (C2 x C2 x C2 x C2) : A5 chi=[ -14, -38 ] fail=euler s=[ 0, 2, 0 ] euler=6
   D=10 n=[ 1 ] cyc=[ [ , 3 ] ] A6 chi=[ -17, -44 ] fail=euler s=[ 0, 1, 0 ] euler=8
   (13 reps with a meridian acting freely)
  [42 s]
== c36_25_s5o2 comps [('t**3 - 3*t', 't**6/6 - t**5/2 + t**4/4 - 5*t**3/6 - t**2 + 5*t')] alpha 3 degs [[3, 6]]
  c=(-2.0, 0.0) W=[1, 2, 1, 1, 1, 1, 1, -2, -1] [([1, 2], 'br', 1, 'cusps', 1)]
  c=(1.375, 0.0) W=[1, 2, 2, -1] [([0, 2], 'br', 2, 'cusps', 0)]
  c=(2.0, 0.0) W=[1, 1, 1] [([0, 1], 'br', 1, 'cusps', 1)]
abelianization: [ 0 ]
k=[ 4 ] nu=1 transitive reps: 20
   D=6 n=[ 3 ] cyc=[ [ , 1 ] ] A6 chi=[ -3, -12 ] fail=euler s=[ 1, 0, 2 ] euler=0
   D=10 n=[ 2 ] cyc=[ [ 4 ] ] A5 chi=[ -14, -38 ] fail=euler s=[ 0, 0, 1 ] euler=5
   D=6 n=[ 2 ] cyc=[ [ 2 ] ] A5 chi=[ -6, -18 ] fail=pi1(H1) s=[ 1, 0, 0 ] euler=1 pi1ab=[ 0, 0 ]
   D=6 n=[ 1 ] cyc=[ [ ,,, 1 ] ] A5 chi=[ -9, -24 ] fail=euler s=[ 0, 1, 0 ] euler=4
   D=5 n=[ 1 ] cyc=[ [ 2 ] ] A5 chi=[ -7, -19 ] fail=euler s=[ 0, 1, 0 ] euler=3
   D=10 n=[ 2 ] cyc=[ [ ,, 2 ] ] (C2 x C2 x C2 x C2) : A5 chi=[ -14, -38 ] fail=euler s=[ 0, 2, 0 ] euler=6
   D=10 n=[ 1 ] cyc=[ [ , 3 ] ] A6 chi=[ -17, -44 ] fail=euler s=[ 0, 1, 0 ] euler=8
   (13 reps with a meridian acting freely)
  [44 s]
== c36_25_s3o2 comps [('t**3 - 3*t', 't**6/6 - 3*t**5/10 - t**4/4 + t**3/2')] alpha 3 degs [[3, 6]]
  c=(-2.0, 0.0) W=[1, 2, 1, 1, 1, 1, 1, -2, -1] [([1, 2], 'br', 1, 'cusps', 1)]
  c=(1.375, 0.0) W=[1, 2, 2, -1] [([0, 1], 'br', 2, 'cusps', 0)]
  c=(2.0, 0.0) W=[1, 1, 1] [([0, 2], 'br', 1, 'cusps', 1)]
abelianization: [ 0 ]
k=[ 4 ] nu=1 transitive reps: 20
   D=6 n=[ 3 ] cyc=[ [ , 1 ] ] A6 chi=[ -3, -12 ] fail=euler s=[ 1, 0, 2 ] euler=0
   D=10 n=[ 2 ] cyc=[ [ 4 ] ] A5 chi=[ -14, -38 ] fail=euler s=[ 0, 0, 1 ] euler=5
   D=6 n=[ 2 ] cyc=[ [ 2 ] ] A5 chi=[ -6, -18 ] fail=pi1(H1) s=[ 1, 0, 0 ] euler=1 pi1ab=[ 0, 0 ]
   D=6 n=[ 1 ] cyc=[ [ ,,, 1 ] ] A5 chi=[ -9, -24 ] fail=euler s=[ 0, 1, 0 ] euler=4
   D=5 n=[ 1 ] cyc=[ [ 2 ] ] A5 chi=[ -7, -19 ] fail=euler s=[ 0, 1, 0 ] euler=3
   D=10 n=[ 2 ] cyc=[ [ ,, 2 ] ] (C2 x C2 x C2 x C2) : A5 chi=[ -14, -38 ] fail=euler s=[ 0, 2, 0 ] euler=6
   D=10 n=[ 1 ] cyc=[ [ , 3 ] ] A6 chi=[ -17, -44 ] fail=euler s=[ 0, 1, 0 ] euler=8
   (13 reps with a meridian acting freely)
  [35 s]
== c36_25_s4 comps [('t**3 - 3*t', 't**6/6 - 4*t**5/5 + t**4 - 16*t**3/3 - 5*t**2/2 + 20*t')] alpha 3 degs [[3, 6]]
  c=(-2.0, 0.0) W=[1, 2, 1, 1, 1, 1, 1, -2, -1] [([1, 2], 'br', 1, 'cusps', 1)]
  c=(1.375, 0.0) W=[1, 2, 2, -1] []
  c=(2.0, 0.0) W=[1, 1, 1] [([0, 2], 'br', 1, 'cusps', 1)]
abelianization: [ 0 ]
k=[ 2 ] nu=0 transitive reps: 20
   D=6 n=[ 3 ] cyc=[ [ , 1 ] ] A6 chi=[ -3, -12 ] fail=euler s=[ 1, 2 ] euler=0
   D=10 n=[ 2 ] cyc=[ [ 4 ] ] A5 chi=[ -14, -38 ] fail=euler s=[ 0, 1 ] euler=-1
   D=6 n=[ 2 ] cyc=[ [ 2 ] ] A5 chi=[ -6, -18 ] fail=euler s=[ 1, 0 ] euler=-1
   D=6 n=[ 1 ] cyc=[ [ ,,, 1 ] ] A5 chi=[ -9, -24 ] fail=euler s=[ 0, 0 ] euler=-1
   D=5 n=[ 1 ] cyc=[ [ 2 ] ] A5 chi=[ -7, -19 ] fail=euler s=[ 0, 0 ] euler=-1
   D=10 n=[ 2 ] cyc=[ [ ,, 2 ] ] (C2 x C2 x C2 x C2) : A5 chi=[ -14, -38 ] fail=euler s=[ 0, 0 ] euler=-2
   D=10 n=[ 1 ] cyc=[ [ , 3 ] ] A6 chi=[ -17, -44 ] fail=euler s=[ 0, 0 ] euler=-1
   (13 reps with a meridian acting freely)
  [42 s]
== c36_25_sm1 comps [('t**3 - 3*t', 't**6/6 + t**5/5 - 3*t**4/2 - 2*t**3 + 5*t**2/2 + 5*t')] alpha 3 degs [[3, 6]]
  c=(-2.0, 0.0) W=[2, 1, 2, 2, 2, 2, 2, -1, -2] [([0, 1], 'br', 1, 'cusps', 1)]
  c=(1.375, 0.0) W=[2, 1, 1, -2] [([0, 2], 'br', 2, 'cusps', 0)]
  c=(2.0, 0.0) W=[2, 2, 2] [([1, 2], 'br', 1, 'cusps', 1)]
abelianization: [ 0 ]
k=[ 4 ] nu=1 transitive reps: 20
   D=6 n=[ 2 ] cyc=[ [ 2 ] ] A5 chi=[ -6, -18 ] fail=pi1(H1) s=[ 1, 0, 0 ] euler=1 pi1ab=[ 0, 0 ]
   D=6 n=[ 3 ] cyc=[ [ , 1 ] ] A6 chi=[ -3, -12 ] fail=euler s=[ 1, 0, 2 ] euler=0
   D=5 n=[ 1 ] cyc=[ [ 2 ] ] A5 chi=[ -7, -19 ] fail=euler s=[ 0, 1, 0 ] euler=3
   D=6 n=[ 1 ] cyc=[ [ ,,, 1 ] ] A5 chi=[ -9, -24 ] fail=euler s=[ 0, 1, 0 ] euler=4
   D=10 n=[ 2 ] cyc=[ [ ,, 2 ] ] (C2 x C2 x C2 x C2) : A5 chi=[ -14, -38 ] fail=euler s=[ 0, 2, 0 ] euler=6
   D=10 n=[ 1 ] cyc=[ [ , 3 ] ] A6 chi=[ -17, -44 ] fail=euler s=[ 0, 1, 0 ] euler=8
   D=10 n=[ 2 ] cyc=[ [ 4 ] ] A5 chi=[ -14, -38 ] fail=euler s=[ 0, 0, 1 ] euler=5
   (13 reps with a meridian acting freely)
  [15 s]
== c36_25_s1o2 comps [('t**3 - 3*t', 't**6/6 - t**5/10 - 3*t**4/4 + t**3/2 + t**2 - t')] alpha 3 degs [[3, 6]]
  c=(-2.0, 0.0) W=[1, 2, 1, 1, 1, 1, 1, -2, -1] [([0, 1], 'br', 1, 'cusps', 1)]
  c=(1.375, 0.0) W=[1, 2, 2, -1] [([0, 2], 'br', 2, 'cusps', 0)]
  c=(2.0, 0.0) W=[1, 1, 1] [([1, 2], 'br', 1, 'cusps', 1)]
abelianization: [ 0 ]
k=[ 4 ] nu=1 transitive reps: 20
   D=6 n=[ 3 ] cyc=[ [ , 1 ] ] A6 chi=[ -3, -12 ] fail=euler s=[ 1, 0, 2 ] euler=0
   D=10 n=[ 2 ] cyc=[ [ 4 ] ] A5 chi=[ -14, -38 ] fail=euler s=[ 0, 0, 1 ] euler=5
   D=6 n=[ 2 ] cyc=[ [ 2 ] ] A5 chi=[ -6, -18 ] fail=pi1(H1) s=[ 1, 0, 0 ] euler=1 pi1ab=[ 0, 0 ]
   D=6 n=[ 1 ] cyc=[ [ ,,, 1 ] ] A5 chi=[ -9, -24 ] fail=euler s=[ 0, 1, 0 ] euler=4
   D=5 n=[ 1 ] cyc=[ [ 2 ] ] A5 chi=[ -7, -19 ] fail=euler s=[ 0, 1, 0 ] euler=3
   D=10 n=[ 2 ] cyc=[ [ ,, 2 ] ] (C2 x C2 x C2 x C2) : A5 chi=[ -14, -38 ] fail=euler s=[ 0, 2, 0 ] euler=6
   D=10 n=[ 1 ] cyc=[ [ , 3 ] ] A6 chi=[ -17, -44 ] fail=euler s=[ 0, 1, 0 ] euler=8
   (13 reps with a meridian acting freely)
  [41 s]
== c36_25b_c1_r3 comps [('t**3 - 3*t', 't**6/6 - t**5 + 7*t**4/4 - t**3/3 - 4*t**2 + 6*t')] alpha 3 degs [[3, 6]]
  c=(-5.51, 0.0) W=[1, 2, 1, 1, 1, -1, -2, -1] [([1, 2], 'br', 2, 'cusps', 0)]
  c=(-2.0, 0.0) W=[1, 2, -1, 1, 1, 1, 1, -2, -1] [([1, 2], 'br', 1, 'cusps', 1)]
  c=(1.214, 0.0) W=[-2, 1, 2, 2, -1, 2] [([0, 2], 'br', 2, 'cusps', 0)]
  c=(2.0, 0.0) W=[-2, 1, 1, 1, 2] [([0, 1], 'br', 1, 'cusps', 1)]
abelianization: [ 0 ]
k=[ 6 ] nu=2 transitive reps: 7
   (7 reps with a meridian acting freely)
  [5 s]
== c36_25b_cm1_r3 comps [('t**3 - 3*t', 't**6/6 - t**5 + 5*t**4/4 + 5*t**3/3 - 3*t**2')] alpha 3 degs [[3, 6]]
  c=(-2.0, 0.0) W=[1, 2, 1, 1, 1, -2, -1] [([1, 2], 'br', 1, 'cusps', 1)]
  c=(0.507, 0.0) W=[-2, 1, 2, 1, 1, -2, -1, 2] [([1, 2], 'br', 2, 'cusps', 0)]
  c=(1.602, 0.0) W=[-2, 1, 2, 2, -1, 2] [([0, 2], 'br', 2, 'cusps', 0)]
  c=(2.0, 0.0) W=[-2, 1, 1, 1, 2] [([0, 1], 'br', 1, 'cusps', 1)]
abelianization: [ 0 ]
k=[ 6 ] nu=2 transitive reps: 7
   (7 reps with a meridian acting freely)
  [4 s]
== c36_25b_c2_rm2 comps [('t**3 - 3*t', 't**6/6 - t**4/2 + 2*t**3 + t**2/2 - 6*t')] alpha 3 degs [[3, 6]]
  c=(2.0, 0.0) W=[1, 2, 1, 1, 1, -2, -1] [([1, 2], 'br', 1, 'cusps', 1)]
  c=(0.0, 0.0) W=[1, 2, 2, -1] [([0, 2], 'br', 2, 'cusps', 0)]
  c=(-2.0, 0.0) W=[1, 1, 1] [([0, 1], 'br', 1, 'cusps', 1)]
abelianization: [ 0 ]
k=[ 4 ] nu=1 transitive reps: 91
   D=4 n=[ 2 ] cyc=[ [ 1 ] ] S4 chi=[ -2, -8 ] fail=euler s=[ 1, 0, 1 ] euler=0
   D=8 n=[ 4 ] cyc=[ [ ,, 1 ] ] Q8 : S4 chi=[ -4, -16 ] fail=euler s=[ 2, 0, 2 ] euler=0
   D=9 n=[ 3 ] cyc=[ [ , 2 ] ] (C3 x C3) : SL(2,3) chi=[ -9, -27 ] fail=euler s=[ 1, 0, 1 ] euler=2
   D=6 n=[ 2 ] cyc=[ [ ,, 1 ] ] S4 chi=[ -6, -18 ] fail=euler s=[ 0, 2, 0 ] euler=2
   D=6 n=[ 2 ] cyc=[ [ 2 ] ] S4 chi=[ -6, -18 ] fail=euler s=[ 0, 2, 0 ] euler=2
   D=4 n=[ 1 ] cyc=[ [ , 1 ] ] A4 chi=[ -5, -14 ] fail=euler s=[ 0, 1, 0 ] euler=2
   D=6 n=[ 2 ] cyc=[ [ ,, 1 ] ] S4 chi=[ -6, -18 ] fail=euler s=[ 0, 2, 0 ] euler=2
   D=9 n=[ 3 ] cyc=[ [ ,,,, 1 ] ] ((C3 x C3 x C3) : C3) : C2 chi=[ -9, -27 ] fail=euler s=[ 0, 3, 0 ] euler=3
   D=6 n=[ 1 ] cyc=[ [ ,,, 1 ] ] A5 chi=[ -9, -24 ] fail=euler s=[ 0, 1, 0 ] euler=4
   D=9 n=[ 1 ] cyc=[ [ , 1,, 1 ] ] A9 chi=[ -15, -39 ] fail=euler s=[ 0, 1, 0 ] euler=7
   D=10 n=[ 1 ] cyc=[ [ ,, 1, 1 ] ] S10 chi=[ -17, -44 ] fail=euler s=[ 0, 1, 0 ] euler=8
   D=8 n=[ 2 ] cyc=[ [ , 2 ] ] SL(2,3) chi=[ -10, -28 ] fail=euler s=[ 0, 2, 0 ] euler=4
   D=7 n=[ 1 ] cyc=[ [ ,,,, 1 ] ] C7 : C6 chi=[ -11, -29 ] fail=euler s=[ 0, 1, 0 ] euler=5
   D=9 n=[ 2 ] cyc=[ [ ,,,,, 1 ] ] PSL(2,8) chi=[ -12, -33 ] fail=euler s=[ 0, 2, 0 ] euler=5
   D=9 n=[ 1 ] cyc=[ [ ,,,,,, 1 ] ] (C3 x C3) : GL(2,3) chi=[ -15, -39 ] fail=euler s=[ 0, 1, 0 ] euler=7
   D=10 n=[ 1 ] cyc=[ [ ,,,,,,, 1 ] ] A10 chi=[ -17, -44 ] fail=euler s=[ 0, 1, 0 ] euler=8
   D=10 n=[ 1 ] cyc=[ [ ,,,,,,, 1 ] ] A10 chi=[ -17, -44 ] fail=euler s=[ 0, 1, 0 ] euler=8
   D=7 n=[ 1 ] cyc=[ [ ,,,, 1 ] ] C7 : C6 chi=[ -11, -29 ] fail=euler s=[ 0, 1, 0 ] euler=5
   D=9 n=[ 1 ] cyc=[ [ ,,,,,, 1 ] ] (C3 x C3) : GL(2,3) chi=[ -15, -39 ] fail=euler s=[ 0, 1, 0 ] euler=7
   D=10 n=[ 1 ] cyc=[ [ ,,,,,,, 1 ] ] A10 chi=[ -17, -44 ] fail=euler s=[ 0, 1, 0 ] euler=8
   D=10 n=[ 1 ] cyc=[ [ ,,,,,,, 1 ] ] A10 chi=[ -17, -44 ] fail=euler s=[ 0, 1, 0 ] euler=8
   D=8 n=[ 1 ] cyc=[ [ ,,,,, 1 ] ] PSL(3,2) chi=[ -13, -34 ] fail=euler s=[ 0, 1, 0 ] euler=6
   D=10 n=[ 2 ] cyc=[ [ ,,,,,, 1 ] ] A6 : C2 chi=[ -14, -38 ] fail=euler s=[ 0, 2, 0 ] euler=6
   D=10 n=[ 1 ] cyc=[ [ ,,,,,,, 1 ] ] A10 chi=[ -17, -44 ] fail=euler s=[ 0, 1, 0 ] euler=8
   D=9 n=[ 1 ] cyc=[ [ 1,,,, 1 ] ] (C3 x C3) : C6 chi=[ -15, -39 ] fail=euler s=[ 0, 1, 0 ] euler=7
   D=10 n=[ 1 ] cyc=[ [ 1,,,,, 1 ] ] S10 chi=[ -17, -44 ] fail=euler s=[ 0, 1, 0 ] euler=8
   D=10 n=[ 1 ] cyc=[ [ ,,,,,,, 1 ] ] A10 chi=[ -17, -44 ] fail=euler s=[ 0, 1, 0 ] euler=8
   (64 reps with a meridian acting freely)
  [4 s]
== c36_25b_c1o2_r1o3 comps [('t**3 - 3*t', 't**6/6 - 7*t**5/15 + 7*t**4/24 + 11*t**3/18 - 13*t**2/12 + t/2')] alpha 3 degs [[3, 6]]
  c=(-5.801, 0.0) W=[1, 2, 1, 1, 1, -1, -2, -1] [([1, 2], 'br', 2, 'cusps', 0)]
  c=(-2.0, 0.0) W=[1, 2, -1, 1, 1, 1, 1, -2, -1] [([1, 2], 'br', 1, 'cusps', 1)]
  c=(1.204, 0.0) W=[-2, 1, 2, 2, -1, 2] [([0, 1], 'br', 2, 'cusps', 0)]
  c=(2.0, 0.0) W=[-2, 1, 1, 1, 2] [([0, 2], 'br', 1, 'cusps', 1)]
abelianization: [ 0 ]
k=[ 6 ] nu=2 transitive reps: 7
   (7 reps with a meridian acting freely)
  [4 s]
c37_2525_c1 ERROR ComputationFailed('sqf_part', 1, PolificationFailed({'gens': ()}, 0, 0))
c37_2525_c5 ERROR ComputationFailed('sqf_part', 1, PolificationFailed({'gens': ()}, 0, 0))
c37_2525_cm2 ERROR ComputationFailed('sqf_part', 1, PolificationFailed({'gens': ()}, 0, 0))
c37_2525_c1o2 ERROR ComputationFailed('sqf_part', 1, PolificationFailed({'gens': ()}, 0, 0))
