curves ['c47_553_0', 'c47_553_1', 'c47_733_0', 'c47_733_1', 'c47_533_0', 'c47_533_1']
== c47_553_0 comps [('t**4 - 2*t**2', '2*t**7 - 56*t**5/5 + t**4 + 14*t**3 - 2*t**2')] alpha 4 degs [[4, 7]]
  c=(-1.0, 0.0) W=[2, 1, 3, 2, 1, 3, 1, 3, 1, 3, 1, 3, 1, 3, -2, -1, -3, -2] [([0, 2], 'br', 1, 'cusps', 1), ([1, 3], 'br', 1, 'cusps', 1)]
  c=(-0.219, 0.0) W=[-1, -3, 2, 1, 3, 2, 2, -1, -3, -2, 1, 3] [([2, 3], 'br', 2, 'cusps', 0)]
  c=(-0.16, 0.0) W=[-1, -3, 2, 1, 3, 1, 3, -2, 1, 3] [([0, 3], 'br', 2, 'cusps', 0), ([1, 2], 'br', 2, 'cusps', 0)]
  c=(0.0, 0.0) W=[-1, -3, 2, 2, 2, 1, 3] [([0, 1], 'br', 1, 'cusps', 1)]
  c=(6.379, 0.0) W=[-1, -3, -2, -1, -3, 2, 1, 3, 2, 1, 3, 2] [([2, 3], 'br', 2, 'cusps', 0)]
abelianization: [ 0 ]
k=[ 11 ] nu=4 transitive reps: 6
   D=8 n=[ 5 ] cyc=[ [ , 1 ] ] A8 chi=[ -4, -13 ] fail=euler s=[ 3, 3, 2, 2, 2, 4, 2 ] euler=0 chiR=1
   (5 reps with a meridian acting freely)
  [1670 s]
== c47_553_1 comps [('t**4 - 2*t**2', '-t**7 + 28*t**5/5 + 2*t**4 - 7*t**3 - 4*t**2')] alpha 4 degs [[4, 7]]
  c=(-1.0, 0.0) W=[2, 1, 3, 2, 1, 3, 1, 3, 1, 3, 1, 3, 1, 3, -2, -1, -3, -2] [([0, 1], 'br', 1, 'cusps', 1), ([2, 3], 'br', 1, 'cusps', 1)]
  c=(-0.219, 0.0) W=[-1, -3, 2, 1, 3, 2, 2, -1, -3, -2, 1, 3] [([1, 3], 'br', 2, 'cusps', 0)]
  c=(-0.16, 0.0) W=[-1, -3, 2, 1, 3, 1, 3, -2, 1, 3] [([0, 3], 'br', 2, 'cusps', 0), ([1, 2], 'br', 2, 'cusps', 0)]
  c=(0.0, 0.0) W=[-1, -3, 2, 2, 2, 1, 3] [([0, 2], 'br', 1, 'cusps', 1)]
  c=(6.379, 0.0) W=[-1, -3, -2, -1, -3, 2, 1, 3, 2, 1, 3, 2] [([1, 3], 'br', 2, 'cusps', 0)]
abelianization: [ 0 ]
k=[ 11 ] nu=4 transitive reps: 6
   D=8 n=[ 5 ] cyc=[ [ , 1 ] ] A8 chi=[ -4, -13 ] fail=euler s=[ 3, 3, 2, 2, 2, 4, 2 ] euler=0 chiR=1
   (5 reps with a meridian acting freely)
STDERR Syntax warning: Unbound global variable in /home/user/jacobian_planar/docs/plans/audit/vitushkin/gapcheck.g:51
      dic := DicriticalTest(hom, D, compofgen, m, kk, longitudes, fibres);
      ^^^
Syntax warning: Unbound global variable in /home/user/jacobian_planar/docs/plans/audit/vitushkin/gapcheck.g:51
      dic := DicriticalTest(hom, D, compofgen, m, kk, longitudes, fibres);
                                                      ^^^^^^^^^^
Syntax warning: Unbound global variable in /home/user/jacobian_planar/docs/plans/audit/vitushkin/gapcheck.g:52
      res.dicrit := List(dic.comps, c -> [c.d, c.chi, c.Nsing, c.unibranch, c.places_inf]);
                         ^^^
Syntax warning: Unbound global variable in /home/user/jacobian_planar/docs/plans/audit/vitushkin/gapcheck.g:53
      if dic.fails <> [] then ok := false; res.fail := "dicritical"; fi;
         ^^^
  [1379 s]
