== c36_s2_q1 comps [('t**3 - 3*t', 't**6/6 - 2*t**5/5 - t**2/2 + 2*t')] alpha 3 degs [[3, 6]]
  c=(-2.0, 0.0) W=[1, 2, 1, 1, 1, 1, 1, -2, -1] [([1, 2], 'br', 1, 'cusps', 1)]
  c=(1.375, 0.0) W=[1, 2, 2, -1] [([0, 2], 'br', 2, 'cusps', 0)]
  c=(2.0, 0.0) W=[1, 1, 1] [([0, 1], 'br', 1, 'cusps', 1)]
abelianization: [ 0 ]
k=[ 4 ] nu=1 transitive reps: 20
   D=6 n=[ 3 ] cyc=[ [ , 1 ] ] A6 chi=[ -3, -12 ] fail=euler s=[ 1, 0, 2 ] euler=0
   D=10 n=[ 2 ] cyc=[ [ 4 ] ] A5 chi=[ -14, -38 ] fail=euler s=[ 0, 0, 1 ] euler=5
   D=6 n=[ 2 ] cyc=[ [ 2 ] ] A5 chi=[ -6, -18 ] fail=pi1(H1) s=[ 1, 0, 0 ] euler=1 pi1ab=[ 0, 0 ]
   D=6 n=[ 1 ] cyc=[ [ ,,, 1 ] ] A5 chi=[ -9, -24 ] fail=euler s=[ 0, 1, 0 ] euler=4
   D=5 n=[ 1 ] cyc=[ [ 2 ] ] A5 chi=[ -7, -19 ] fail=euler s=[ 0, 1, 0 ] euler=3
   D=10 n=[ 2 ] cyc=[ [ ,, 2 ] ] (C2 x C2 x C2 x C2) : A5 chi=[ -14, -38 ] fail=euler s=[ 0, 2, 0 ] euler=6
   D=10 n=[ 1 ] cyc=[ [ , 3 ] ] A6 chi=[ -17, -44 ] fail=euler s=[ 0, 1, 0 ] euler=8
   (13 reps with a meridian acting freely)
  [34 s]
== c36_s2_q2 comps [('t**3 - 3*t', 't**6/6 - 2*t**5/5 + t**4/4 - 2*t**3/3 - t**2 + 4*t')] alpha 3 degs [[3, 6]]
  c=(-12.806, 0.0) W=[1, 2, 1, 1, 1, -1, -2, -1] [([1, 2], 'br', 2, 'cusps', 0)]
  c=(-2.0, 0.0) W=[1, 2, -1, 1, 1, 1, 1, -2, -1] [([1, 2], 'br', 1, 'cusps', 1)]
  c=(1.038, 0.0) W=[-2, 1, 2, 2, -1, 2] [([0, 2], 'br', 2, 'cusps', 0)]
  c=(2.0, 0.0) W=[-2, 1, 1, 1, 2] [([0, 1], 'br', 1, 'cusps', 1)]
abelianization: [ 0 ]
k=[ 6 ] nu=2 transitive reps: 7
   (7 reps with a meridian acting freely)
  [3 s]
== c36_s2_q1o3 comps [('t**3 - 3*t', 't**6/6 - 2*t**5/5 - t**4/6 + 4*t**3/9 - t**2/6 + 2*t/3')] alpha 3 degs [[3, 6]]
  c=(-2.0, 0.0) W=[1, 2, 1, 1, 1, -2, -1] [([1, 2], 'br', 1, 'cusps', 1)]
  c=(1.63, 0.0) W=[-2, 1, 2, 1, 1, -2, -1, 2] [([1, 2], 'br', 2, 'cusps', 0)]
  c=(1.828, 0.0) W=[-2, 1, 2, 2, -1, 2] [([0, 2], 'br', 2, 'cusps', 0)]
  c=(2.0, 0.0) W=[-2, 1, 1, 1, 2] [([0, 1], 'br', 1, 'cusps', 1)]
abelianization: [ 0 ]
k=[ 6 ] nu=2 transitive reps: 7
   (7 reps with a meridian acting freely)
  [2 s]
== c36_s2_qm1o2 comps [('t**3 - 3*t', 't**6/6 - 2*t**5/5 - 3*t**4/8 + t**3 + t**2/4 - t')] alpha 3 degs [[3, 6]]
  c=(2.78, -0.973) W=[1, 2, 1, 1, -2, -1] [([0, 2], 'br', 2, 'cusps', 0)]
  c=(2.0, 0.0) W=[1, 2, 2, 2, -1] [([0, 1], 'br', 1, 'cusps', 1)]
  c=(2.78, 0.973) W=[1, -2, 1, 1, 2, -1] [([0, 2], 'br', 2, 'cusps', 0)]
  c=(-2.0, 0.0) W=[1, 1, 1] [([1, 2], 'br', 1, 'cusps', 1)]
abelianization: [ 0 ]
k=[ 6 ] nu=2 transitive reps: 7
   (7 reps with a meridian acting freely)
  [2 s]
== c36_s3_q1 comps [('t**3 - 3*t', 't**6/6 - 3*t**5/5 - t**2/2 + 3*t')] alpha 3 degs [[3, 6]]
  c=(2.685, -0.676) W=[1, 2, 1, 1, -2, -1] [([0, 1], 'br', 2, 'cusps', 0)]
  c=(2.0, 0.0) W=[1, 2, 2, 2, -1] [([0, 2], 'br', 1, 'cusps', 1)]
  c=(2.685, 0.676) W=[1, -2, 1, 1, 2, -1] [([0, 1], 'br', 2, 'cusps', 0)]
  c=(-2.0, 0.0) W=[1, 1, 1] [([1, 2], 'br', 1, 'cusps', 1)]
abelianization: [ 0 ]
k=[ 6 ] nu=2 transitive reps: 7
   (7 reps with a meridian acting freely)
  [2 s]
== c36_s3_q2 comps [('t**3 - 3*t', 't**6/6 - 3*t**5/5 + t**4/4 - t**3 - t**2 + 6*t')] alpha 3 degs [[3, 6]]
  c=(-2.0, 0.0) W=[1, 2, 1, 1, 1, -2, -1] [([1, 2], 'br', 1, 'cusps', 1)]
  c=(1.63, 0.0) W=[-2, 1, 2, 1, 1, -2, -1, 2] [([1, 2], 'br', 2, 'cusps', 0)]
  c=(1.828, 0.0) W=[-2, 1, 2, 2, -1, 2] []
  c=(2.0, 0.0) W=[-2, 1, 1, 1, 2] [([0, 2], 'br', 1, 'cusps', 1)]
abelianization: [ 0 ]
k=[ 4 ] nu=1 transitive reps: 7
   (7 reps with a meridian acting freely)
  [3 s]
== c36_s3_q1o3 comps [('t**3 - 3*t', 't**6/6 - 3*t**5/5 - t**4/6 + 2*t**3/3 - t**2/6 + t')] alpha 3 degs [[3, 6]]
  c=(2.827, -1.49) W=[1, 2, 1, 1, -2, -1] [([0, 1], 'br', 2, 'cusps', 0)]
  c=(2.0, 0.0) W=[1, 2, 2, 2, -1] [([0, 2], 'br', 1, 'cusps', 1)]
  c=(2.827, 1.49) W=[1, -2, 1, 1, 2, -1] [([0, 1], 'br', 2, 'cusps', 0)]
  c=(-2.0, 0.0) W=[1, 1, 1] [([1, 2], 'br', 1, 'cusps', 1)]
abelianization: [ 0 ]
k=[ 6 ] nu=2 transitive reps: 7
   (7 reps with a meridian acting freely)
  [2 s]
== c36_s3_qm1o2 comps [('t**3 - 3*t', 't**6/6 - 3*t**5/5 - 3*t**4/8 + 3*t**3/2 + t**2/4 - 3*t/2')] alpha 3 degs [[3, 6]]
  c=(2.56, -2.488) W=[1, 2, 1, 1, -2, -1] [([0, 2], 'br', 2, 'cusps', 0)]
  c=(2.0, 0.0) W=[1, 2, 2, 2, -1] [([0, 1], 'br', 1, 'cusps', 1)]
  c=(2.56, 2.488) W=[1, -2, 1, 1, 2, -1] [([0, 2], 'br', 2, 'cusps', 0)]
  c=(-2.0, 0.0) W=[1, 1, 1] [([1, 2], 'br', 1, 'cusps', 1)]
abelianization: [ 0 ]
k=[ 6 ] nu=2 transitive reps: 7
   (7 reps with a meridian acting freely)
  [2 s]
== c36_s1o2_q1 comps [('t**3 - 3*t', 't**6/6 - t**5/10 - t**2/2 + t/2')] alpha 3 degs [[3, 6]]
  c=(-940.302, 0.0) W=[1, 2, 1, 1, 1, -1, -2, -1] []
  c=(-2.0, 0.0) W=[1, 2, -1, 1, 1, 1, 1, -2, -1] [([1, 2], 'br', 1, 'cusps', 1)]
  c=(0.302, 0.0) W=[-2, 1, 2, 2, -1, 2] [([0, 1], 'br', 2, 'cusps', 0)]
  c=(2.0, 0.0) W=[-2, 1, 1, 1, 2] [([0, 2], 'br', 1, 'cusps', 1)]
abelianization: [ 0 ]
k=[ 4 ] nu=1 transitive reps: 7
   (7 reps with a meridian acting freely)
  [4 s]
== c36_s1o2_q2 comps [('t**3 - 3*t', 't**6/6 - t**5/10 + t**4/4 - t**3/6 - t**2 + t')] alpha 3 degs [[3, 6]]
  c=(2.0, 0.0) W=[2, 1, 1, 1, -2] [([0, 2], 'br', 1, 'cusps', 1)]
  c=(0.241, 0.0) W=[2, -1, 2, 2, 1, -2] [([0, 1], 'br', 2, 'cusps', 0)]
  c=(-2.0, 0.0) W=[-1, -2, 1, 1, 1, 2, 1] [([1, 2], 'br', 1, 'cusps', 1)]
  c=(-1878.366, 0.0) W=[-1, -2, -1, 1, 1, 1, 2, 1] []
abelianization: [ 0 ]
k=[ 4 ] nu=1 transitive reps: 7
   (7 reps with a meridian acting freely)
  [4 s]
== c36_s1o2_q1o3 comps [('t**3 - 3*t', 't**6/6 - t**5/10 - t**4/6 + t**3/9 - t**2/6 + t/6')] alpha 3 degs [[3, 6]]
  c=(-529.067, 0.0) W=[1, 2, 1, 1, 1, -1, -2, -1] []
  c=(-2.0, 0.0) W=[1, 2, -1, 1, 1, 1, 1, -2, -1] [([1, 2], 'br', 1, 'cusps', 1)]
  c=(0.364, 0.0) W=[-2, 1, 2, 2, -1, 2] [([0, 1], 'br', 2, 'cusps', 0)]
  c=(2.0, 0.0) W=[-2, 1, 1, 1, 2] [([0, 2], 'br', 1, 'cusps', 1)]
abelianization: [ 0 ]
k=[ 4 ] nu=1 transitive reps: 7
   (7 reps with a meridian acting freely)
  [4 s]
== c36_s1o2_qm1o2 comps [('t**3 - 3*t', 't**6/6 - t**5/10 - 3*t**4/8 + t**3/4 + t**2/4 - t/4')] alpha 3 degs [[3, 6]]
  c=(-207.129, 0.0) W=[1, 2, 1, 1, 1, -1, -2, -1] [([1, 2], 'br', 2, 'cusps', 0)]
  c=(-2.0, 0.0) W=[1, 2, -1, 1, 1, 1, 1, -2, -1] [([1, 2], 'br', 1, 'cusps', 1)]
  c=(0.489, 0.0) W=[-2, 1, 2, 2, -1, 2] [([0, 1], 'br', 2, 'cusps', 0)]
  c=(2.0, 0.0) W=[-2, 1, 1, 1, 2] [([0, 2], 'br', 1, 'cusps', 1)]
abelianization: [ 0 ]
k=[ 6 ] nu=2 transitive reps: 7
   (7 reps with a meridian acting freely)
  [4 s]
== c36_sm2_q1 comps [('t**3 - 3*t', 't**6/6 + 2*t**5/5 - t**2/2 - 2*t')] alpha 3 degs [[3, 6]]
  c=(2.0, 0.0) W=[1, 2, 1, 1, 1, 1, 1, -2, -1] [([1, 2], 'br', 1, 'cusps', 1)]
  c=(-1.375, 0.0) W=[1, 2, 2, -1] [([0, 2], 'br', 2, 'cusps', 0)]
  c=(-2.0, 0.0) W=[1, 1, 1] [([0, 1], 'br', 1, 'cusps', 1)]
abelianization: [ 0 ]
k=[ 4 ] nu=1 transitive reps: 20
   D=6 n=[ 3 ] cyc=[ [ , 1 ] ] A6 chi=[ -3, -12 ] fail=euler s=[ 1, 0, 2 ] euler=0
   D=10 n=[ 2 ] cyc=[ [ 4 ] ] A5 chi=[ -14, -38 ] fail=euler s=[ 0, 0, 1 ] euler=5
   D=6 n=[ 2 ] cyc=[ [ 2 ] ] A5 chi=[ -6, -18 ] fail=pi1(H1) s=[ 1, 0, 0 ] euler=1 pi1ab=[ 0, 0 ]
   D=6 n=[ 1 ] cyc=[ [ ,,, 1 ] ] A5 chi=[ -9, -24 ] fail=euler s=[ 0, 1, 0 ] euler=4
   D=5 n=[ 1 ] cyc=[ [ 2 ] ] A5 chi=[ -7, -19 ] fail=euler s=[ 0, 1, 0 ] euler=3
   D=10 n=[ 2 ] cyc=[ [ ,, 2 ] ] (C2 x C2 x C2 x C2) : A5 chi=[ -14, -38 ] fail=euler s=[ 0, 2, 0 ] euler=6
   D=10 n=[ 1 ] cyc=[ [ , 3 ] ] A6 chi=[ -17, -44 ] fail=euler s=[ 0, 1, 0 ] euler=8
   (13 reps with a meridian acting freely)
  [42 s]
== c36_sm2_q2 comps [('t**3 - 3*t', 't**6/6 + 2*t**5/5 + t**4/4 + 2*t**3/3 - t**2 - 4*t')] alpha 3 degs [[3, 6]]
  c=(12.806, 0.0) W=[1, 2, 1, 1, 1, -1, -2, -1] [([1, 2], 'br', 2, 'cusps', 0)]
  c=(2.0, 0.0) W=[1, 2, 1, 1, 1, -2, -1] [([1, 2], 'br', 1, 'cusps', 1)]
  c=(-1.038, 0.0) W=[-2, 1, 2, 2, 2, -2, -1, 2] [([0, 1], 'br', 2, 'cusps', 0)]
  c=(-2.0, 0.0) W=[-2, 1, 1, 1, 2] [([0, 2], 'br', 1, 'cusps', 1)]
abelianization: [ 0 ]
k=[ 6 ] nu=2 transitive reps: 7
   (7 reps with a meridian acting freely)
  [4 s]
== c36_sm2_q1o3 comps [('t**3 - 3*t', 't**6/6 + 2*t**5/5 - t**4/6 - 4*t**3/9 - t**2/6 - 2*t/3')] alpha 3 degs [[3, 6]]
  c=(2.0, 0.0) W=[1, 2, 1, 1, 1, -2, -1] [([1, 2], 'br', 1, 'cusps', 1)]
  c=(-1.63, 0.0) W=[1, 2, 1, 1, -2, -1] [([1, 2], 'br', 2, 'cusps', 0)]
  c=(-1.828, 0.0) W=[-2, 1, 2, 2, 2, -2, -1, 2] [([0, 1], 'br', 2, 'cusps', 0)]
  c=(-2.0, 0.0) W=[-2, 1, 1, 1, 2] [([0, 2], 'br', 1, 'cusps', 1)]
abelianization: [ 0 ]
k=[ 6 ] nu=2 transitive reps: 7
   (7 reps with a meridian acting freely)
  [3 s]
== c36_sm2_qm1o2 comps [('t**3 - 3*t', 't**6/6 + 2*t**5/5 - 3*t**4/8 - t**3 + t**2/4 + t')] alpha 3 degs [[3, 6]]
  c=(-2.78, 0.973) W=[1, 2, 1, 1, -2, -1] [([0, 2], 'br', 2, 'cusps', 0)]
  c=(-2.0, 0.0) W=[1, 2, 2, 2, -1] [([0, 1], 'br', 1, 'cusps', 1)]
  c=(-2.78, -0.973) W=[1, -2, 1, 1, 2, -1] [([0, 2], 'br', 2, 'cusps', 0)]
  c=(2.0, 0.0) W=[1, 1, 1] [([1, 2], 'br', 1, 'cusps', 1)]
abelianization: [ 0 ]
k=[ 6 ] nu=2 transitive reps: 7
   (7 reps with a meridian acting freely)
  [3 s]
== c36_s5_q1 comps [('t**3 - 3*t', 't**6/6 - t**5 - t**2/2 + 5*t')] alpha 3 degs [[3, 6]]
  c=(2.5, -2.598) W=[1, 2, 1, 1, -2, -1] [([0, 1], 'br', 2, 'cusps', 0)]
  c=(2.0, 0.0) W=[1, 2, 2, 2, -1] [([0, 2], 'br', 1, 'cusps', 1)]
  c=(2.5, 2.598) W=[1, -2, 1, 1, 2, -1] [([0, 1], 'br', 2, 'cusps', 0)]
  c=(-2.0, 0.0) W=[1, 1, 1] [([1, 2], 'br', 1, 'cusps', 1)]
abelianization: [ 0 ]
k=[ 6 ] nu=2 transitive reps: 7
   (7 reps with a meridian acting freely)
  [2 s]
== c36_s5_q2 comps [('t**3 - 3*t', 't**6/6 - t**5 + t**4/4 - 5*t**3/3 - t**2 + 10*t')] alpha 3 degs [[3, 6]]
  c=(2.773, -1.903) W=[1, 2, 1, 1, -2, -1] [([0, 1], 'br', 2, 'cusps', 0)]
  c=(2.0, 0.0) W=[1, 2, 2, 2, -1] [([0, 2], 'br', 1, 'cusps', 1)]
  c=(2.773, 1.903) W=[1, -2, 1, 1, 2, -1] [([0, 1], 'br', 2, 'cusps', 0)]
  c=(-2.0, 0.0) W=[1, 1, 1] [([1, 2], 'br', 1, 'cusps', 1)]
abelianization: [ 0 ]
k=[ 6 ] nu=2 transitive reps: 7
   (7 reps with a meridian acting freely)
  [3 s]
== c36_s5_q1o3 comps [('t**3 - 3*t', 't**6/6 - t**5 - t**4/6 + 10*t**3/9 - t**2/6 + 5*t/3')] alpha 3 degs [[3, 6]]
  c=(2.211, -3.005) W=[1, 2, 1, 1, -2, -1] [([0, 1], 'br', 2, 'cusps', 0)]
  c=(2.0, 0.0) W=[1, 2, 2, 2, -1] [([0, 2], 'br', 1, 'cusps', 1)]
  c=(2.211, 3.005) W=[1, -2, 1, 1, 2, -1] [([0, 1], 'br', 2, 'cusps', 0)]
  c=(-2.0, 0.0) W=[1, 1, 1] [([1, 2], 'br', 1, 'cusps', 1)]
abelianization: [ 0 ]
k=[ 6 ] nu=2 transitive reps: 7
   (7 reps with a meridian acting freely)
  [2 s]
== c36_s5_qm1o2 comps [('t**3 - 3*t', 't**6/6 - t**5 - 3*t**4/8 + 5*t**3/2 + t**2/4 - 5*t/2')] alpha 3 degs [[3, 6]]
  c=(1.753, -3.429) W=[1, 2, 1, 1, -2, -1] [([0, 1], 'br', 2, 'cusps', 0)]
  c=(2.0, 0.0) W=[1, 2, 2, 2, -1] [([0, 2], 'br', 1, 'cusps', 1)]
  c=(1.753, 3.429) W=[1, -2, 1, 1, 2, -1] [([0, 1], 'br', 2, 'cusps', 0)]
  c=(-2.0, 0.0) W=[1, 1, 1] [([1, 2], 'br', 1, 'cusps', 1)]
abelianization: [ 0 ]
k=[ 6 ] nu=2 transitive reps: 7
   (7 reps with a meridian acting freely)
  [2 s]
== c36_3lin_a comps [('t**3 - 3*t', 't**6/6 - t**5/5 - 15*t**4/4 + 25*t**3/3 + 7*t**2 - 24*t')] alpha 3 degs [[3, 6]]
  c=(2517.328, 0.0) W=[2, 1, 2, 2, 2, -2, -1, -2] []
  c=(2.0, 0.0) W=[2, 1, 2, 2, 2, -1, -2] [([0, 1], 'br', 1, 'cusps', 1)]
  c=(-0.219, 0.0) W=[-1, 2, 1, 1, 1, -1, -2, 1] [([1, 2], 'br', 2, 'cusps', 0)]
  c=(-2.0, 0.0) W=[-1, 2, 2, 2, 1] [([0, 2], 'br', 1, 'cusps', 1)]
abelianization: [ 0 ]
k=[ 4 ] nu=1 transitive reps: 7
   (7 reps with a meridian acting freely)
  [4 s]
== c36_3lin_b comps [('t**3 - 3*t', 't**6/6 - t**5/5 - 15*t**4/16 + 5*t**3/6 + 11*t**2/8 - 3*t/2')] alpha 3 degs [[3, 6]]
  c=(0.922, -3.854) W=[2, 1, 1, -2] [([1, 2], 'br', 2, 'cusps', 0)]
  c=(2.0, 0.0) W=[2, -1, 2, 2, 2, 1, -2] [([0, 1], 'br', 1, 'cusps', 1)]
  c=(0.922, 3.854) W=[-1, -2, 1, -2, 1, 1, 2, -1, 2, 1] [([1, 2], 'br', 2, 'cusps', 0)]
  c=(-2.0, 0.0) W=[-1, -2, 1, 1, 1, 2, 1] [([0, 2], 'br', 1, 'cusps', 1)]
abelianization: [ 0 ]
k=[ 6 ] nu=2 transitive reps: 7
   (7 reps with a meridian acting freely)
  [2 s]
== c37_a comps [('t**3 - 3*t', 't**7/7 + t**6/6 - 6*t**5/5 - t**3/3 - t**2/2 + 6*t')] alpha 3 degs [[3, 7]]
  c=(-11.503, 4.44) W=[1, 2, 1, 2, 2, -1, -2, -1] [([0, 1], 'br', 2, 'cusps', 0)]
  c=(-11.503, -4.44) W=[1, 2, 1, 1, 2, 2, -1, -1, -2, -1] [([0, 2], 'br', 2, 'cusps', 0)]
  c=(-2.0, 0.0) W=[1, 2, 1, 1, 1, -2, -1] [([1, 2], 'br', 1, 'cusps', 1)]
  c=(0.607, 0.0) W=[1, 2, -1, 1, 1, 1, -2, -1] [([1, 2], 'br', 2, 'cusps', 0)]
  c=(1.398, 0.0) W=[-2, 1, 2, 2, -1, 2] [([0, 1], 'br', 2, 'cusps', 0)]
  c=(2.0, 0.0) W=[-2, 1, 1, 1, 2] [([0, 2], 'br', 1, 'cusps', 1)]
abelianization: [ 0 ]
k=[ 10 ] nu=4 transitive reps: 7
   (7 reps with a meridian acting freely)
  [2 s]
== c37_b comps [('t**3 - 3*t', 't**7/7 + 2*t**5/5 - t**3/3 - 2*t')] alpha 3 degs [[3, 7]]
  c=(28.73, 0.0) W=[2, 1, 2, 1, 2, 1, 1, 1, -1, -2, -1, -2, -1, -2] [([0, 2], 'br', 2, 'cusps', 0)]
  c=(0.0, -3.033) W=[2, 1, 2, 1, 2, -1, -2, 1, -1, -2] [([0, 1], 'br', 2, 'cusps', 0)]
  c=(2.0, 0.0) W=[2, 2, 1, 1, 1, -2, -2] [([0, 2], 'br', 1, 'cusps', 1)]
  c=(-2.0, 0.0) W=[2, 2, 2, 2, -2] [([1, 2], 'br', 1, 'cusps', 1)]
  c=(0.0, 3.033) W=[2, -2, -2, -1, 2, 1, 2, 1, 2, -2] [([0, 2], 'br', 2, 'cusps', 0)]
  c=(-28.73, 0.0) W=[2, 2] [([1, 2], 'br', 2, 'cusps', 0)]
abelianization: [ 0 ]
k=[ 10 ] nu=4 transitive reps: 7
   (7 reps with a meridian acting freely)
  [2 s]
== c38_a comps [('t**3 - 3*t', 't**8/8 - 2*t**7/7 + t**6/2 - 6*t**5/5 - t**4/4 + 2*t**3/3 - 3*t**2/2 + 6*t')] alpha 3 degs [[3, 8]]
  c=(20.622, -1.677) W=[1, 2, 1, 2, 1, 1, 1, -1, -2, -1, -2, -1] []
  c=(20.492, 0.0) W=[1, 2, 1, 2, 2, 2, -2, -1, -2, -1] []
  c=(20.622, 1.677) W=[1, 2, 1, 2, -2, 1, 1, 2, -2, -1, -2, -1] [([0, 1], 'br', 2, 'cusps', 0)]
  c=(2.0, 0.0) W=[-2, 1, 1, 2, 1, 1, 1, -2, -1, -1, 2] [([0, 2], 'br', 1, 'cusps', 1)]
  c=(1.76, 0.0) W=[-2, 1, 1, 2, 2, -1, -1, 2] [([0, 1], 'br', 2, 'cusps', 0)]
  c=(1.362, 0.0) W=[-2, 1, 1, 1, -1, 2] [([1, 2], 'br', 2, 'cusps', 0)]
  c=(-2.0, 0.0) W=[-2, 1, 1, 1, 2] [([1, 2], 'br', 1, 'cusps', 1)]
abelianization: [ 0 ]
k=[ 8 ] nu=3 transitive reps: 7
   (7 reps with a meridian acting freely)
  [4 s]
