PASS d=3 row0 involves a_6 and no other unknown   [others=[]]
PASS d=3 row1 is degree 1 in a_5   [deg=1]
PASS d=3 row2 is degree 1 in a_4   [deg=1]
PASS d=3 row1 round-trip: r1 - c1*a_5 is free of a_5
PASS d=3 row2 round-trip: r2 - c2*a_4 is free of a_4
PASS d=3 NEGATIVE CONTROL: perturbed row0 changes the a_6 polynomial
PASS d=3 NEGATIVE CONTROL: perturbed row0 changes the discriminant   [delta=72]
  d=3: a_6 poly = -18*a6**2 - 3*a6 + 3/8   roots={'-1/4': 1, '1/12': 1}
PASS d=4 row0 involves a_8 and no other unknown   [others=[]]
PASS d=4 row1 is degree 1 in a_7   [deg=1]
PASS d=4 row2 is degree 1 in a_6   [deg=1]
PASS d=4 row1 round-trip: r1 - c1*a_7 is free of a_7
PASS d=4 row2 round-trip: r2 - c2*a_6 is free of a_6
PASS d=4 NEGATIVE CONTROL: perturbed row0 changes the a_8 polynomial
PASS d=4 NEGATIVE CONTROL: perturbed row0 changes the discriminant   [delta=104]
  d=4: a_8 poly = -26*a8**2 - 3*a8 + 3/8   roots={'-sqrt(3)/13 - 3/52': 1, '-3/52 + sqrt(3)/13': 1}
PASS d=5 row0 involves a_10 and no other unknown   [others=[]]
PASS d=5 row1 is degree 1 in a_9   [deg=1]
PASS d=5 row2 is degree 1 in a_8   [deg=1]
PASS d=5 row1 round-trip: r1 - c1*a_9 is free of a_9
PASS d=5 row2 round-trip: r2 - c2*a_8 is free of a_8
PASS d=5 NEGATIVE CONTROL: perturbed row0 changes the a_10 polynomial
PASS d=5 NEGATIVE CONTROL: perturbed row0 changes the discriminant   [delta=136]
  d=5: a_10 poly = -34*a10**2 - 3*a10 + 3/8   roots={'-sqrt(15)/34 - 3/68': 1, '-3/68 + sqrt(15)/34': 1}
PASS d=6 row0 involves a_12 and no other unknown   [others=[]]
PASS d=6 row1 is degree 1 in a_11   [deg=1]
PASS d=6 row2 is degree 1 in a_10   [deg=1]
PASS d=6 row1 round-trip: r1 - c1*a_11 is free of a_11
PASS d=6 row2 round-trip: r2 - c2*a_10 is free of a_10
PASS d=6 NEGATIVE CONTROL: perturbed row0 changes the a_12 polynomial
PASS d=6 NEGATIVE CONTROL: perturbed row0 changes the discriminant   [delta=168]
  d=6: a_12 poly = -42*a12**2 - 3*a12 + 3/8   roots={'-sqrt(2)/14 - 1/28': 1, '-1/28 + sqrt(2)/14': 1}
PASS d=7 row0 involves a_14 and no other unknown   [others=[]]
PASS d=7 row1 is degree 1 in a_13   [deg=1]
PASS d=7 row2 is degree 1 in a_12   [deg=1]
PASS d=7 row1 round-trip: r1 - c1*a_13 is free of a_13
PASS d=7 row2 round-trip: r2 - c2*a_12 is free of a_12
PASS d=7 NEGATIVE CONTROL: perturbed row0 changes the a_14 polynomial
PASS d=7 NEGATIVE CONTROL: perturbed row0 changes the discriminant   [delta=200]
  d=7: a_14 poly = -50*a14**2 - 3*a14 + 3/8   roots={'-sqrt(21)/50 - 3/100': 1, '-3/100 + sqrt(21)/50': 1}
PASS d=8 row0 involves a_16 and no other unknown   [others=[]]
PASS d=8 row1 is degree 1 in a_15   [deg=1]
PASS d=8 row2 is degree 1 in a_14   [deg=1]
PASS d=8 row1 round-trip: r1 - c1*a_15 is free of a_15
PASS d=8 row2 round-trip: r2 - c2*a_14 is free of a_14
PASS d=8 NEGATIVE CONTROL: perturbed row0 changes the a_16 polynomial
PASS d=8 NEGATIVE CONTROL: perturbed row0 changes the discriminant   [delta=232]
  d=8: a_16 poly = -58*a16**2 - 3*a16 + 3/8   roots={'-sqrt(6)/29 - 3/116': 1, '-3/116 + sqrt(6)/29': 1}
PASS d=9 row0 involves a_18 and no other unknown   [others=[]]
PASS d=9 row1 is degree 1 in a_17   [deg=1]
PASS d=9 row2 is degree 1 in a_16   [deg=1]
PASS d=9 row1 round-trip: r1 - c1*a_17 is free of a_17
PASS d=9 row2 round-trip: r2 - c2*a_16 is free of a_16
PASS d=9 NEGATIVE CONTROL: perturbed row0 changes the a_18 polynomial
PASS d=9 NEGATIVE CONTROL: perturbed row0 changes the discriminant   [delta=264]
  d=9: a_18 poly = -66*a18**2 - 3*a18 + 3/8   roots={'-sqrt(3)/22 - 1/44': 1, '-1/44 + sqrt(3)/22': 1}
PASS d=10 row0 involves a_20 and no other unknown   [others=[]]
PASS d=10 row1 is degree 1 in a_19   [deg=1]
PASS d=10 row2 is degree 1 in a_18   [deg=1]
PASS d=10 row1 round-trip: r1 - c1*a_19 is free of a_19
PASS d=10 row2 round-trip: r2 - c2*a_18 is free of a_18
PASS d=10 NEGATIVE CONTROL: perturbed row0 changes the a_20 polynomial
PASS d=10 NEGATIVE CONTROL: perturbed row0 changes the discriminant   [delta=296]
  d=10: a_20 poly = -74*a20**2 - 3*a20 + 3/8   roots={'-sqrt(30)/74 - 3/148': 1, '-3/148 + sqrt(30)/74': 1}
  D=5 CONTROL DATA: roots of the recorded a_10 polynomial = {'-sqrt(15)/34 - 3/68': 1, '-3/68 + sqrt(15)/34': 1}
PASS d=5 control: the recorded a_10 polynomial has at least one root recorded   [{'-sqrt(15)/34 - 3/68': 1, '-3/68 + sqrt(15)/34': 1}]
ALL PASS
