STAGE_R=1
NEW_CONSTRAINTS=0
BASIS_SIZE=0
STAGE_R=0
NEW_CONSTRAINTS=0
BASIS_SIZE=0
STAGE_R=-1
NEW_CONSTRAINTS=0
BASIS_SIZE=0
STAGE_R=-2
NEW_CONSTRAINTS=0
BASIS_SIZE=0
STAGE_R=-3
NEW_CONSTRAINTS=1
BASIS_SIZE=0
STAGE_R=-4
NEW_CONSTRAINTS=3
BASIS_SIZE=0
STAGE_R=-5
NEW_CONSTRAINTS=4
BASIS_SIZE=0
STAGE_R=-6
NEW_CONSTRAINTS=6
BASIS_SIZE=34
PENTAGON_RESIDUAL_DIM=5
BOUNDARY_PARAMETER_DIM=0
BOUNDARY_PARAMETER_VDIM=42
POWER_CERTIFICATE=1,9
// ** redefining check ( ideal check=ideal(matrix(D)*powercert-matrix(target));) astra/pentagon_descent_modular_right_raw_boundary.sing:187
POWER_CERTIFICATE=2,5
// ** redefining check ( ideal check=ideal(matrix(D)*powercert-matrix(target));) astra/pentagon_descent_modular_right_raw_boundary.sing:187
POWER_CERTIFICATE=3,3
// ** redefining check ( ideal check=ideal(matrix(D)*powercert-matrix(target));) astra/pentagon_descent_modular_right_raw_boundary.sing:187
POWER_CERTIFICATE=4,2
// ** redefining check ( ideal check=ideal(matrix(D)*powercert-matrix(target));) astra/pentagon_descent_modular_right_raw_boundary.sing:187
POWER_CERTIFICATE=5,3
