primes [65521, 65539]  targets 22  queue 22  budget 600s/prime
[1/22] max=75 params=18 EMPTY [46s]
    F3(m,n)=3,2 | a=5 b=4 c'=0 r=3 eps=((1, 0),(3, 1))
[2/22] max=108 params=25 TIMEOUT [600s]
    (8,28)/11/4,7 (m,n)=3,2 | a=4 b=8 c'=0 r=2 eps=((1, 0),(2, 1))
[3/22] max=120 params=25 TIMEOUT [600s]
    (8,32)/8,28/11/4,7 (m,n)=3,2 | a=4 b=8 c'=0 r=2 eps=((1, 0),(2, 1))
[4/22] max=75 params=32 EMPTY [0s]
    F3(m,n)=3,2 | a=5 b=4 c'=0 r=3 eps=((3, 1),(1, 0))
[5/22] max=99 params=37 TIMEOUT [600s]
    F17(m,n)=2,3 | a=3 b=9 c'=0 r=1 eps=((1, 1),(1, 0))
[6/22] max=135 params=37 TIMEOUT [600s]
    (12,33)/11/3,8 (m,n)=2,3 | a=3 b=9 c'=0 r=1 eps=((1, 1),(1, 0))
[7/22] max=108 params=37 TIMEOUT [600s]
    (9,27)/9,24/11/3,8 (m,n)=2,3 | a=3 b=9 c'=0 r=1 eps=((1, 1),(1, 0))
[8/22] max=135 params=37 TIMEOUT [600s]
    (9,36)/9,24/11/3,8 (m,n)=2,3 | a=3 b=9 c'=0 r=1 eps=((1, 1),(1, 0))
[9/22] max=144 params=37 TIMEOUT [600s]
    (12,36)/12,33/11/3,8 (m,n)=2,3 | a=3 b=9 c'=0 r=1 eps=((1, 1),(1, 0))
[10/22] max=144 params=37 TIMEOUT [600s]
    (12,36)/9,24/11/3,8 (m,n)=2,3 | a=3 b=9 c'=0 r=1 eps=((1, 1),(1, 0))
[11/22] max=108 params=38 EMPTY [1s]
    (8,28)/11/4,7 (m,n)=3,2 | a=4 b=8 c'=0 r=2 eps=((2, 1),(1, 0))
[12/22] max=120 params=38 EMPTY [1s]
    (8,32)/8,28/11/4,7 (m,n)=3,2 | a=4 b=8 c'=0 r=2 eps=((2, 1),(1, 0))
