77 loose charts written
  dim= 88 params=206 max=128  F24(m,n)=3,4 | a=8 b=4 c'=4 r=4 eps=((1, 0),(4, 1))
  dim= 85 params=354 max=128  F24(m,n)=3,4 | a=8 b=4 c'=4 r=4 eps=((4, 1),(1, 0))
  dim= 79 params=206 max=128  F24(m,n)=3,4 | a=8 b=4 c'=4 r=5 eps=((1, 0),(5, 1))
  dim= 73 params=104 max=132  (11,33)/19/4,8 (m,n)=2,3 | a=4 b=9 c'=9 r=2 eps=((1, 0),(2, 1))
  dim= 73 params=104 max=144  (12,36)/21/4,9/19/4,8 (m,n)=2,3 | a=4 b=9 c'=9 r=2 eps=((1, 0),(2, 1))
  dim= 72 params=354 max=128  F24(m,n)=3,4 | a=8 b=4 c'=4 r=5 eps=((5, 1),(1, 0))
  dim= 70 params=206 max=128  F24(m,n)=3,4 | a=8 b=4 c'=4 r=6 eps=((1, 0),(6, 1))
  dim= 69 params=172 max=135  (12,33)/11/3,8 (m,n)=2,3 | a=3 b=9 c'=9 r=1 eps=((1, 1),(1, 0))
  dim= 69 params=172 max=108  (9,27)/9,24/11/3,8 (m,n)=2,3 | a=3 b=9 c'=9 r=1 eps=((1, 1),(1, 0))
  dim= 69 params=172 max=135  (9,36)/9,24/11/3,8 (m,n)=2,3 | a=3 b=9 c'=9 r=1 eps=((1, 1),(1, 0))
  dim= 69 params=172 max=144  (12,36)/12,33/11/3,8 (m,n)=2,3 | a=3 b=9 c'=9 r=1 eps=((1, 1),(1, 0))
  dim= 69 params=172 max=144  (12,36)/9,24/11/3,8 (m,n)=2,3 | a=3 b=9 c'=9 r=1 eps=((1, 1),(1, 0))
  dim= 65 params= 97 max=120  (8,32)/8,28/11/4,7 (m,n)=3,2 | a=4 b=8 c'=8 r=2 eps=((1, 0),(2, 1))
  dim= 65 params= 97 max=144  (8,40)/8,28/11/4,7 (m,n)=3,2 | a=4 b=8 c'=8 r=2 eps=((1, 0),(2, 1))
  dim= 64 params=215 max=132  (11,33)/19/4,8 (m,n)=2,3 | a=4 b=9 c'=9 r=2 eps=((2, 1),(1, 0))
  dim= 64 params=215 max=144  (12,36)/21/4,9/19/4,8 (m,n)=2,3 | a=4 b=9 c'=9 r=2 eps=((2, 1),(1, 0))
  dim= 61 params=206 max=128  F24(m,n)=3,4 | a=8 b=4 c'=4 r=7 eps=((1, 0),(7, 1))
  dim= 60 params=354 max=128  F24(m,n)=3,4 | a=8 b=4 c'=4 r=6 eps=((6, 1),(1, 0))
  dim= 59 params=104 max=132  (11,33)/19/4,8 (m,n)=2,3 | a=4 b=9 c'=9 r=3 eps=((1, 0),(3, 1))
  dim= 59 params=104 max=144  (12,36)/21/4,9/19/4,8 (m,n)=2,3 | a=4 b=9 c'=9 r=3 eps=((1, 0),(3, 1))
  dim= 56 params=187 max=144  (8,28)/7/4,3 (m,n)=3,4 | a=4 b=4 c'=4 r=2 eps=((2, 1),(1, 0))
  dim= 54 params=194 max=120  (8,32)/8,28/11/4,7 (m,n)=3,2 | a=4 b=8 c'=8 r=2 eps=((2, 1),(1, 0))
  dim= 54 params=194 max=144  (8,40)/8,28/11/4,7 (m,n)=3,2 | a=4 b=8 c'=8 r=2 eps=((2, 1),(1, 0))
  dim= 52 params=206 max=128  F24(m,n)=3,4 | a=8 b=4 c'=4 r=8 eps=((1, 0),(8, 1))
  dim= 48 params=354 max=128  F24(m,n)=3,4 | a=8 b=4 c'=4 r=7 eps=((7, 1),(1, 0))
  dim= 46 params=119 max=126  (7,35)/19/7,5 (m,n)=2,3 | a=7 b=6 c'=6 r=4 eps=((1, 0),(4, 1))
  dim= 45 params=274 max=135  (9,36)/17/9,4 (m,n)=3,2 | a=9 b=5 c'=5 r=3 eps=((3, 1),(1, 0))
  dim= 45 params=274 max=135  (9,36)/17/9,4 (m,n)=2,3 | a=9 b=5 c'=5 r=3 eps=((3, 1),(1, 0))
  dim= 44 params=215 max=132  (11,33)/19/4,8 (m,n)=2,3 | a=4 b=9 c'=9 r=3 eps=((3, 1),(1, 0))
  dim= 44 params=215 max=144  (12,36)/21/4,9/19/4,8 (m,n)=2,3 | a=4 b=9 c'=9 r=3 eps=((3, 1),(1, 0))
  dim= 43 params=104 max=132  (11,33)/19/4,8 (m,n)=2,3 | a=4 b=9 c'=9 r=4 eps=((1, 0),(4, 1))
  dim= 43 params=104 max=144  (12,36)/21/4,9/19/4,8 (m,n)=2,3 | a=4 b=9 c'=9 r=4 eps=((1, 0),(4, 1))
  dim= 38 params=354 max=128  F24(m,n)=3,4 | a=8 b=4 c'=4 r=8 eps=((8, 1),(1, 0))
  dim= 37 params= 92 max=132  (11,33)/19/4,8 (m,n)=2,3 | a=4 b=9 c'=8 r=2 eps=((1, 0),(2, 1))
  dim= 37 params= 92 max=144  (12,36)/21/4,9/19/4,8 (m,n)=2,3 | a=4 b=9 c'=8 r=2 eps=((1, 0),(2, 1))
  dim= 37 params=152 max=144  (12,36)/21/4,9/12/4,5 (m,n)=2,3 | a=4 b=6 c'=6 r=2 eps=((2, 1),(1, 0))
  dim= 33 params=253 max=126  (7,35)/19/7,5 (m,n)=2,3 | a=7 b=6 c'=6 r=4 eps=((4, 1),(1, 0))
  dim= 32 params= 74 max=144  (12,36)/21/4,9/12/4,5 (m,n)=2,3 | a=4 b=6 c'=6 r=3 eps=((1, 0),(3, 1))
  dim= 29 params=104 max=132  (11,33)/19/4,8 (m,n)=2,3 | a=4 b=9 c'=9 r=5 eps=((1, 0),(5, 1))
  dim= 29 params=104 max=144  (12,36)/21/4,9/19/4,8 (m,n)=2,3 | a=4 b=9 c'=9 r=5 eps=((1, 0),(5, 1))
  dim= 28 params=191 max=132  (11,33)/19/4,8 (m,n)=2,3 | a=4 b=9 c'=8 r=2 eps=((2, 1),(1, 0))
  dim= 28 params=191 max=144  (12,36)/21/4,9/19/4,8 (m,n)=2,3 | a=4 b=9 c'=8 r=2 eps=((2, 1),(1, 0))
  dim= 26 params=129 max=112  F1(m,n)=5,7 | a=4 b=4 c'=0 r=2 eps=((2, 1),(1, 0))
  dim= 23 params= 92 max=132  (11,33)/19/4,8 (m,n)=2,3 | a=4 b=9 c'=8 r=3 eps=((1, 0),(3, 1))
  dim= 23 params= 92 max=144  (12,36)/21/4,9/19/4,8 (m,n)=2,3 | a=4 b=9 c'=8 r=3 eps=((1, 0),(3, 1))
  dim= 22 params= 74 max=144  (12,36)/21/4,9/12/4,5 (m,n)=2,3 | a=4 b=6 c'=6 r=4 eps=((1, 0),(4, 1))
  dim= 21 params=215 max=132  (11,33)/19/4,8 (m,n)=2,3 | a=4 b=9 c'=9 r=4 eps=((4, 1),(1, 0))
  dim= 21 params=215 max=144  (12,36)/21/4,9/19/4,8 (m,n)=2,3 | a=4 b=9 c'=9 r=4 eps=((4, 1),(1, 0))
  dim= 21 params=152 max=144  (12,36)/21/4,9/12/4,5 (m,n)=2,3 | a=4 b=6 c'=6 r=3 eps=((3, 1),(1, 0))
  dim= 15 params=254 max=150  (10,40)/16/5,6/23/10,3 (m,n)=3,2 | a=10 b=4 c'=4 r=4 eps=((4, 1),(1, 0))
  dim= 14 params=104 max=132  (11,33)/19/4,8 (m,n)=2,3 | a=4 b=9 c'=9 r=6 eps=((1, 0),(6, 1))
  dim= 14 params=104 max=144  (12,36)/21/4,9/19/4,8 (m,n)=2,3 | a=4 b=9 c'=9 r=6 eps=((1, 0),(6, 1))
  dim= 13 params= 51 max= 64  F1(m,n)=3,4 | a=4 b=4 c'=0 r=2 eps=((2, 1),(1, 0))
  dim= 13 params= 51 max=144  (8,28)/7/4,3 (m,n)=3,4 | a=4 b=4 c'=0 r=2 eps=((2, 1),(1, 0))
  dim= 13 params= 66 max=150  (10,40)/18/5,8/8/5,3 (m,n)=3,2 | a=5 b=4 c'=4 r=3 eps=((1, 0),(3, 1))
  dim= 13 params= 74 max=144  (12,36)/21/4,9/12/4,5 (m,n)=2,3 | a=4 b=6 c'=6 r=5 eps=((1, 0),(5, 1))
  dim= 11 params= 84 max=132  (11,33)/19/4,8 (m,n)=2,3 | a=4 b=9 c'=7 r=2 eps=((1, 0),(2, 1))
  dim= 11 params= 84 max=144  (12,36)/21/4,9/19/4,8 (m,n)=2,3 | a=4 b=9 c'=7 r=2 eps=((1, 0),(2, 1))
  dim= 10 params=120 max=150  (10,40)/16/5,6/23/10,3 (m,n)=3,2 | a=10 b=4 c'=4 r=5 eps=((1, 0),(5, 1))
  dim=  8 params=191 max=132  (11,33)/19/4,8 (m,n)=2,3 | a=4 b=9 c'=8 r=3 eps=((3, 1),(1, 0))
  dim=  8 params=134 max=150  (10,40)/18/5,8/8/5,3 (m,n)=3,2 | a=5 b=4 c'=4 r=3 eps=((3, 1),(1, 0))
  dim=  8 params=191 max=144  (12,36)/21/4,9/19/4,8 (m,n)=2,3 | a=4 b=9 c'=8 r=3 eps=((3, 1),(1, 0))
  dim=  7 params= 92 max=132  (11,33)/19/4,8 (m,n)=2,3 | a=4 b=9 c'=8 r=4 eps=((1, 0),(4, 1))
  dim=  7 params= 92 max=144  (12,36)/21/4,9/19/4,8 (m,n)=2,3 | a=4 b=9 c'=8 r=4 eps=((1, 0),(4, 1))
  dim=  7 params=152 max=144  (12,36)/21/4,9/12/4,5 (m,n)=2,3 | a=4 b=6 c'=6 r=4 eps=((4, 1),(1, 0))
  dim=  6 params=254 max=150  (10,40)/16/5,6/23/10,3 (m,n)=3,2 | a=10 b=4 c'=4 r=5 eps=((5, 1),(1, 0))
  dim=  6 params= 66 max=150  (10,40)/18/5,8/8/5,3 (m,n)=3,2 | a=5 b=4 c'=4 r=4 eps=((1, 0),(4, 1))
  dim=  4 params=120 max=150  (10,40)/16/5,6/23/10,3 (m,n)=3,2 | a=10 b=4 c'=4 r=6 eps=((1, 0),(6, 1))
  dim=  3 params=127 max= 99  F17(m,n)=2,3 | a=3 b=9 c'=6 r=1 eps=((1, 1),(1, 0))
  dim=  3 params=127 max=135  (12,33)/11/3,8 (m,n)=2,3 | a=3 b=9 c'=6 r=1 eps=((1, 1),(1, 0))
  dim=  3 params=127 max=108  (9,27)/9,24/11/3,8 (m,n)=2,3 | a=3 b=9 c'=6 r=1 eps=((1, 1),(1, 0))
  dim=  3 params=127 max=135  (9,36)/9,24/11/3,8 (m,n)=2,3 | a=3 b=9 c'=6 r=1 eps=((1, 1),(1, 0))
  dim=  3 params=127 max=144  (12,36)/12,33/11/3,8 (m,n)=2,3 | a=3 b=9 c'=6 r=1 eps=((1, 1),(1, 0))
  dim=  3 params=127 max=144  (12,36)/9,24/11/3,8 (m,n)=2,3 | a=3 b=9 c'=6 r=1 eps=((1, 1),(1, 0))
  dim=  2 params= 50 max=128  F24(m,n)=3,4 | a=8 b=4 c'=0 r=4 eps=((1, 0),(4, 1))
  dim=  2 params=173 max=132  (11,33)/19/4,8 (m,n)=2,3 | a=4 b=9 c'=7 r=2 eps=((2, 1),(1, 0))
  dim=  2 params=173 max=144  (12,36)/21/4,9/19/4,8 (m,n)=2,3 | a=4 b=9 c'=7 r=2 eps=((2, 1),(1, 0))
