[0, [65521, 
7, 
35, 
['q8', 'q3', 'q4', 'q5', 'q6', 'q7', 'q2'],
[0, 0, 0, 0, 0, 0, 1],
[1,
[[35,
[43552, 0, 0, 0, 0, 0, 0, 17190, 0, 0, 0, 0, 0, 0, 7352, 0, 0, 0, 0, 0, 0, 55865, 0, 0, 0, 0, 0, 0, 27225, 0, 0, 0, 0, 0, 0, 1]],
[0,
[1]],
[
[[0,
[65520]]],
[[30,
[0, 0, 48995, 0, 0, 0, 0, 0, 0, 34844, 0, 0, 0, 0, 0, 0, 51639, 0, 0, 0, 0, 0, 0, 28759, 0, 0, 0, 0, 0, 0, 34372]]],
[[31,
[0, 0, 0, 54237, 0, 0, 0, 0, 0, 0, 11222, 0, 0, 0, 0, 0, 0, 12363, 0, 0, 0, 0, 0, 0, 65193, 0, 0, 0, 0, 0, 0, 51574]]],
[[32,
[0, 0, 0, 0, 9264, 0, 0, 0, 0, 0, 0, 50646, 0, 0, 0, 0, 0, 0, 20773, 0, 0, 0, 0, 0, 0, 41251, 0, 0, 0, 0, 0, 0, 19999]]],
[[33,
[0, 0, 0, 0, 0, 7487, 0, 0, 0, 0, 0, 0, 49841, 0, 0, 0, 0, 0, 0, 27746, 0, 0, 0, 0, 0, 0, 39517, 0, 0, 0, 0, 0, 0, 15873]]],
[[34,
[0, 0, 0, 0, 0, 0, 37044, 0, 0, 0, 0, 0, 0, 58669, 0, 0, 0, 0, 0, 0, 5669, 0, 0, 0, 0, 0, 0, 4261, 0, 0, 0, 0, 0, 0, 14078]]]
]]]]]:
