[0, [65521, 
7, 
1144, 
['q3', 'q4', 'q5', 'q6', 'q7', 'q8', 'A'],
[73,31,75,-70,5,-73,-41],
[1,
[[9,
[0, 18594, 61523, 37577, 49939, 9795, 38154, 22462, 21627, 1]],
[0,
[1]],
[
[[8,
[0, 48831, 8565, 21629, 42958, 45804, 33352, 46962, 28914]]],
[[8,
[0, 9120, 16675, 60014, 60979, 45790, 2795, 5242, 13582]]],
[[8,
[0, 6763, 31464, 42188, 24077, 25058, 55491, 60468, 65251]]],
[[8,
[0, 54120, 47271, 47363, 49832, 16578, 27678, 23297, 11828]]],
[[8,
[0, 59152, 29010, 33415, 25716, 35105, 19372, 3327, 21697]]],
[[8,
[0, 52198, 36045, 50023, 45772, 24546, 9791, 23680, 15573]]]
]]]]]:
