[0, [65521, 
8, 
1144, 
['q2', 'q3', 'q4', 'q5', 'q6', 'q7', 'q8', 'A'],
[72,108,-111,-13,-30,-87,-87,-9],
[1,
[[9,
[7367, 39978, 15892, 52537, 7141, 50801, 33646, 19368, 54431, 1]],
[0,
[1]],
[
[[0,
[65520]]],
[[8,
[18424, 17921, 18936, 24557, 26516, 26118, 30236, 37520, 52638]]],
[[8,
[30671, 54787, 49706, 16942, 17754, 12643, 39732, 59954, 35601]]],
[[8,
[64250, 58482, 17364, 24999, 42565, 28463, 10461, 60885, 15054]]],
[[8,
[27406, 40384, 6170, 45055, 20442, 61123, 65310, 2921, 64206]]],
[[8,
[35011, 14187, 33222, 12741, 51740, 55498, 29759, 13315, 47470]]],
[[8,
[57706, 46537, 10259, 1709, 20427, 29603, 5298, 41556, 18102]]]
]]]]]:
