[0, [1000033, 
7, 
35, 
['q8', 'q3', 'q4', 'q5', 'q6', 'q7', 'q2'],
[0, 0, 0, 0, 0, 0, 1],
[1,
[[35,
[573251, 0, 0, 0, 0, 0, 0, 23294, 0, 0, 0, 0, 0, 0, 268496, 0, 0, 0, 0, 0, 0, 538509, 0, 0, 0, 0, 0, 0, 905932, 0, 0, 0, 0, 0, 0, 1]],
[0,
[1]],
[
[[0,
[1000032]]],
[[30,
[0, 0, 800645, 0, 0, 0, 0, 0, 0, 19218, 0, 0, 0, 0, 0, 0, 879533, 0, 0, 0, 0, 0, 0, 194967, 0, 0, 0, 0, 0, 0, 699187]]],
[[31,
[0, 0, 0, 621326, 0, 0, 0, 0, 0, 0, 691398, 0, 0, 0, 0, 0, 0, 303281, 0, 0, 0, 0, 0, 0, 550301, 0, 0, 0, 0, 0, 0, 800036]]],
[[32,
[0, 0, 0, 0, 559782, 0, 0, 0, 0, 0, 0, 925461, 0, 0, 0, 0, 0, 0, 557329, 0, 0, 0, 0, 0, 0, 539890, 0, 0, 0, 0, 0, 0, 479051]]],
[[33,
[0, 0, 0, 0, 0, 157685, 0, 0, 0, 0, 0, 0, 280226, 0, 0, 0, 0, 0, 0, 126521, 0, 0, 0, 0, 0, 0, 521382, 0, 0, 0, 0, 0, 0, 972732]]],
[[34,
[0, 0, 0, 0, 0, 0, 314849, 0, 0, 0, 0, 0, 0, 408630, 0, 0, 0, 0, 0, 0, 90432, 0, 0, 0, 0, 0, 0, 52667, 0, 0, 0, 0, 0, 0, 534241]]]
]]]]]:
