[0, [1000003, 
7, 
35, 
['q8', 'q3', 'q4', 'q5', 'q6', 'q7', 'q2'],
[0, 0, 0, 0, 0, 0, 1],
[1,
[[35,
[355692, 0, 0, 0, 0, 0, 0, 318693, 0, 0, 0, 0, 0, 0, 68435, 0, 0, 0, 0, 0, 0, 768973, 0, 0, 0, 0, 0, 0, 983866, 0, 0, 0, 0, 0, 0, 1]],
[0,
[1]],
[
[[0,
[1000002]]],
[[30,
[0, 0, 114298, 0, 0, 0, 0, 0, 0, 408783, 0, 0, 0, 0, 0, 0, 158199, 0, 0, 0, 0, 0, 0, 834354, 0, 0, 0, 0, 0, 0, 571666]]],
[[31,
[0, 0, 0, 837966, 0, 0, 0, 0, 0, 0, 677902, 0, 0, 0, 0, 0, 0, 430371, 0, 0, 0, 0, 0, 0, 181337, 0, 0, 0, 0, 0, 0, 486332]]],
[[32,
[0, 0, 0, 0, 965551, 0, 0, 0, 0, 0, 0, 890787, 0, 0, 0, 0, 0, 0, 553632, 0, 0, 0, 0, 0, 0, 121676, 0, 0, 0, 0, 0, 0, 853577]]],
[[33,
[0, 0, 0, 0, 0, 976373, 0, 0, 0, 0, 0, 0, 44604, 0, 0, 0, 0, 0, 0, 197346, 0, 0, 0, 0, 0, 0, 101947, 0, 0, 0, 0, 0, 0, 564778]]],
[[34,
[0, 0, 0, 0, 0, 0, 299774, 0, 0, 0, 0, 0, 0, 39128, 0, 0, 0, 0, 0, 0, 920005, 0, 0, 0, 0, 0, 0, 434416, 0, 0, 0, 0, 0, 0, 765020]]]
]]]]]:
