[0, [1500007, 
7, 
35, 
['q8', 'q3', 'q4', 'q5', 'q6', 'q7', 'q2'],
[0, 0, 0, 0, 0, 0, 1],
[1,
[[35,
[1069657, 0, 0, 0, 0, 0, 0, 1426015, 0, 0, 0, 0, 0, 0, 1156055, 0, 0, 0, 0, 0, 0, 183620, 0, 0, 0, 0, 0, 0, 1112149, 0, 0, 0, 0, 0, 0, 1]],
[0,
[1]],
[
[[0,
[1500006]]],
[[30,
[0, 0, 593552, 0, 0, 0, 0, 0, 0, 836240, 0, 0, 0, 0, 0, 0, 187492, 0, 0, 0, 0, 0, 0, 1368619, 0, 0, 0, 0, 0, 0, 538949]]],
[[31,
[0, 0, 0, 1173782, 0, 0, 0, 0, 0, 0, 1155954, 0, 0, 0, 0, 0, 0, 144538, 0, 0, 0, 0, 0, 0, 1160454, 0, 0, 0, 0, 0, 0, 408224]]],
[[32,
[0, 0, 0, 0, 935385, 0, 0, 0, 0, 0, 0, 408087, 0, 0, 0, 0, 0, 0, 1214366, 0, 0, 0, 0, 0, 0, 114304, 0, 0, 0, 0, 0, 0, 906510]]],
[[33,
[0, 0, 0, 0, 0, 225477, 0, 0, 0, 0, 0, 0, 641960, 0, 0, 0, 0, 0, 0, 405048, 0, 0, 0, 0, 0, 0, 663601, 0, 0, 0, 0, 0, 0, 335870]]],
[[34,
[0, 0, 0, 0, 0, 0, 399837, 0, 0, 0, 0, 0, 0, 1410553, 0, 0, 0, 0, 0, 0, 1405375, 0, 0, 0, 0, 0, 0, 1328048, 0, 0, 0, 0, 0, 0, 542923]]]
]]]]]:
