[0, [999983, 
7, 
35, 
['q8', 'q3', 'q4', 'q5', 'q6', 'q7', 'q2'],
[0, 0, 0, 0, 0, 0, 1],
[1,
[[35,
[99619, 0, 0, 0, 0, 0, 0, 365413, 0, 0, 0, 0, 0, 0, 94957, 0, 0, 0, 0, 0, 0, 725103, 0, 0, 0, 0, 0, 0, 338324, 0, 0, 0, 0, 0, 0, 1]],
[0,
[1]],
[
[[0,
[999982]]],
[[30,
[0, 0, 578244, 0, 0, 0, 0, 0, 0, 275100, 0, 0, 0, 0, 0, 0, 843073, 0, 0, 0, 0, 0, 0, 22476, 0, 0, 0, 0, 0, 0, 538725]]],
[[31,
[0, 0, 0, 76334, 0, 0, 0, 0, 0, 0, 964572, 0, 0, 0, 0, 0, 0, 681853, 0, 0, 0, 0, 0, 0, 808008, 0, 0, 0, 0, 0, 0, 77475]]],
[[32,
[0, 0, 0, 0, 285019, 0, 0, 0, 0, 0, 0, 573861, 0, 0, 0, 0, 0, 0, 622350, 0, 0, 0, 0, 0, 0, 366880, 0, 0, 0, 0, 0, 0, 283395]]],
[[33,
[0, 0, 0, 0, 0, 653220, 0, 0, 0, 0, 0, 0, 786972, 0, 0, 0, 0, 0, 0, 782660, 0, 0, 0, 0, 0, 0, 931665, 0, 0, 0, 0, 0, 0, 11597]]],
[[34,
[0, 0, 0, 0, 0, 0, 433093, 0, 0, 0, 0, 0, 0, 690060, 0, 0, 0, 0, 0, 0, 302926, 0, 0, 0, 0, 0, 0, 674976, 0, 0, 0, 0, 0, 0, 883601]]]
]]]]]:
