[0, [2000177, 
7, 
35, 
['q8', 'q3', 'q4', 'q5', 'q6', 'q7', 'q2'],
[0, 0, 0, 0, 0, 0, 1],
[1,
[[35,
[347955, 0, 0, 0, 0, 0, 0, 1268465, 0, 0, 0, 0, 0, 0, 1326129, 0, 0, 0, 0, 0, 0, 1401384, 0, 0, 0, 0, 0, 0, 1328271, 0, 0, 0, 0, 0, 0, 1]],
[0,
[1]],
[
[[0,
[2000176]]],
[[30,
[0, 0, 1705829, 0, 0, 0, 0, 0, 0, 880322, 0, 0, 0, 0, 0, 0, 824707, 0, 0, 0, 0, 0, 0, 1499555, 0, 0, 0, 0, 0, 0, 1181219]]],
[[31,
[0, 0, 0, 1738404, 0, 0, 0, 0, 0, 0, 1725475, 0, 0, 0, 0, 0, 0, 1340197, 0, 0, 0, 0, 0, 0, 1433103, 0, 0, 0, 0, 0, 0, 1483438]]],
[[32,
[0, 0, 0, 0, 456147, 0, 0, 0, 0, 0, 0, 117820, 0, 0, 0, 0, 0, 0, 1570658, 0, 0, 0, 0, 0, 0, 1114737, 0, 0, 0, 0, 0, 0, 981607]]],
[[33,
[0, 0, 0, 0, 0, 980748, 0, 0, 0, 0, 0, 0, 1244587, 0, 0, 0, 0, 0, 0, 1289837, 0, 0, 0, 0, 0, 0, 1827402, 0, 0, 0, 0, 0, 0, 1633440]]],
[[34,
[0, 0, 0, 0, 0, 0, 1732308, 0, 0, 0, 0, 0, 0, 1406323, 0, 0, 0, 0, 0, 0, 1212347, 0, 0, 0, 0, 0, 0, 1081582, 0, 0, 0, 0, 0, 0, 180154]]]
]]]]]:
