[0, [2000143, 
7, 
35, 
['q8', 'q3', 'q4', 'q5', 'q6', 'q7', 'q2'],
[0, 0, 0, 0, 0, 0, 1],
[1,
[[35,
[1270514, 0, 0, 0, 0, 0, 0, 1700941, 0, 0, 0, 0, 0, 0, 1693866, 0, 0, 0, 0, 0, 0, 533310, 0, 0, 0, 0, 0, 0, 164731, 0, 0, 0, 0, 0, 0, 1]],
[0,
[1]],
[
[[0,
[2000142]]],
[[30,
[0, 0, 1460102, 0, 0, 0, 0, 0, 0, 21225, 0, 0, 0, 0, 0, 0, 1390770, 0, 0, 0, 0, 0, 0, 1637384, 0, 0, 0, 0, 0, 0, 550297]]],
[[31,
[0, 0, 0, 1594163, 0, 0, 0, 0, 0, 0, 1768810, 0, 0, 0, 0, 0, 0, 1163337, 0, 0, 0, 0, 0, 0, 10018, 0, 0, 0, 0, 0, 0, 1278394]]],
[[32,
[0, 0, 0, 0, 374539, 0, 0, 0, 0, 0, 0, 558406, 0, 0, 0, 0, 0, 0, 922367, 0, 0, 0, 0, 0, 0, 1282876, 0, 0, 0, 0, 0, 0, 1782067]]],
[[33,
[0, 0, 0, 0, 0, 1409940, 0, 0, 0, 0, 0, 0, 1214297, 0, 0, 0, 0, 0, 0, 1563648, 0, 0, 0, 0, 0, 0, 163021, 0, 0, 0, 0, 0, 0, 592137]]],
[[34,
[0, 0, 0, 0, 0, 0, 355490, 0, 0, 0, 0, 0, 0, 1639978, 0, 0, 0, 0, 0, 0, 1670642, 0, 0, 0, 0, 0, 0, 393844, 0, 0, 0, 0, 0, 0, 762449]]]
]]]]]:
