[0, [2000147, 
7, 
35, 
['q8', 'q3', 'q4', 'q5', 'q6', 'q7', 'q2'],
[0, 0, 0, 0, 0, 0, 1],
[1,
[[35,
[1697620, 0, 0, 0, 0, 0, 0, 986183, 0, 0, 0, 0, 0, 0, 91920, 0, 0, 0, 0, 0, 0, 30095, 0, 0, 0, 0, 0, 0, 715376, 0, 0, 0, 0, 0, 0, 1]],
[0,
[1]],
[
[[0,
[2000146]]],
[[30,
[0, 0, 470698, 0, 0, 0, 0, 0, 0, 1211798, 0, 0, 0, 0, 0, 0, 803620, 0, 0, 0, 0, 0, 0, 1019189, 0, 0, 0, 0, 0, 0, 1736145]]],
[[31,
[0, 0, 0, 1428966, 0, 0, 0, 0, 0, 0, 1460688, 0, 0, 0, 0, 0, 0, 144458, 0, 0, 0, 0, 0, 0, 1185650, 0, 0, 0, 0, 0, 0, 765020]]],
[[32,
[0, 0, 0, 0, 1588875, 0, 0, 0, 0, 0, 0, 1528614, 0, 0, 0, 0, 0, 0, 1101471, 0, 0, 0, 0, 0, 0, 967259, 0, 0, 0, 0, 0, 0, 1962737]]],
[[33,
[0, 0, 0, 0, 0, 152391, 0, 0, 0, 0, 0, 0, 1067425, 0, 0, 0, 0, 0, 0, 1969872, 0, 0, 0, 0, 0, 0, 1911183, 0, 0, 0, 0, 0, 0, 1034854]]],
[[34,
[0, 0, 0, 0, 0, 0, 367964, 0, 0, 0, 0, 0, 0, 1644045, 0, 0, 0, 0, 0, 0, 1226248, 0, 0, 0, 0, 0, 0, 843525, 0, 0, 0, 0, 0, 0, 230797]]]
]]]]]:
