[0, [2000093, 
7, 
35, 
['q8', 'q3', 'q4', 'q5', 'q6', 'q7', 'q2'],
[0, 0, 0, 0, 0, 0, 1],
[1,
[[35,
[1620802, 0, 0, 0, 0, 0, 0, 383309, 0, 0, 0, 0, 0, 0, 961992, 0, 0, 0, 0, 0, 0, 189725, 0, 0, 0, 0, 0, 0, 1365170, 0, 0, 0, 0, 0, 0, 1]],
[0,
[1]],
[
[[0,
[2000092]]],
[[30,
[0, 0, 1447660, 0, 0, 0, 0, 0, 0, 1664235, 0, 0, 0, 0, 0, 0, 1556808, 0, 0, 0, 0, 0, 0, 1319796, 0, 0, 0, 0, 0, 0, 1401433]]],
[[31,
[0, 0, 0, 680364, 0, 0, 0, 0, 0, 0, 802691, 0, 0, 0, 0, 0, 0, 735012, 0, 0, 0, 0, 0, 0, 1503942, 0, 0, 0, 0, 0, 0, 1028902]]],
[[32,
[0, 0, 0, 0, 697225, 0, 0, 0, 0, 0, 0, 1384099, 0, 0, 0, 0, 0, 0, 1514986, 0, 0, 0, 0, 0, 0, 722597, 0, 0, 0, 0, 0, 0, 1825421]]],
[[33,
[0, 0, 0, 0, 0, 231668, 0, 0, 0, 0, 0, 0, 635827, 0, 0, 0, 0, 0, 0, 1086313, 0, 0, 0, 0, 0, 0, 1475881, 0, 0, 0, 0, 0, 0, 634087]]],
[[34,
[0, 0, 0, 0, 0, 0, 203620, 0, 0, 0, 0, 0, 0, 20788, 0, 0, 0, 0, 0, 0, 164401, 0, 0, 0, 0, 0, 0, 864314, 0, 0, 0, 0, 0, 0, 140074]]]
]]]]]:
