[0, [2000107, 
7, 
35, 
['q8', 'q3', 'q4', 'q5', 'q6', 'q7', 'q2'],
[0, 0, 0, 0, 0, 0, 1],
[1,
[[35,
[1347858, 0, 0, 0, 0, 0, 0, 218421, 0, 0, 0, 0, 0, 0, 955816, 0, 0, 0, 0, 0, 0, 1897519, 0, 0, 0, 0, 0, 0, 1610687, 0, 0, 0, 0, 0, 0, 1]],
[0,
[1]],
[
[[0,
[2000106]]],
[[30,
[0, 0, 1359452, 0, 0, 0, 0, 0, 0, 738545, 0, 0, 0, 0, 0, 0, 496474, 0, 0, 0, 0, 0, 0, 1745152, 0, 0, 0, 0, 0, 0, 1797926]]],
[[31,
[0, 0, 0, 1704942, 0, 0, 0, 0, 0, 0, 255834, 0, 0, 0, 0, 0, 0, 1759602, 0, 0, 0, 0, 0, 0, 600493, 0, 0, 0, 0, 0, 0, 1762387]]],
[[32,
[0, 0, 0, 0, 53830, 0, 0, 0, 0, 0, 0, 922285, 0, 0, 0, 0, 0, 0, 183414, 0, 0, 0, 0, 0, 0, 417064, 0, 0, 0, 0, 0, 0, 1367535]]],
[[33,
[0, 0, 0, 0, 0, 1189278, 0, 0, 0, 0, 0, 0, 544439, 0, 0, 0, 0, 0, 0, 1750659, 0, 0, 0, 0, 0, 0, 377342, 0, 0, 0, 0, 0, 0, 1266593]]],
[[34,
[0, 0, 0, 0, 0, 0, 1525071, 0, 0, 0, 0, 0, 0, 230056, 0, 0, 0, 0, 0, 0, 1939576, 0, 0, 0, 0, 0, 0, 901952, 0, 0, 0, 0, 0, 0, 746106]]]
]]]]]:
