[0, [2000039, 
7, 
35, 
['q8', 'q3', 'q4', 'q5', 'q6', 'q7', 'q2'],
[0, 0, 0, 0, 0, 0, 1],
[1,
[[35,
[858265, 0, 0, 0, 0, 0, 0, 1419456, 0, 0, 0, 0, 0, 0, 1143884, 0, 0, 0, 0, 0, 0, 994624, 0, 0, 0, 0, 0, 0, 601334, 0, 0, 0, 0, 0, 0, 1]],
[0,
[1]],
[
[[0,
[2000038]]],
[[30,
[0, 0, 1529703, 0, 0, 0, 0, 0, 0, 743603, 0, 0, 0, 0, 0, 0, 46583, 0, 0, 0, 0, 0, 0, 502236, 0, 0, 0, 0, 0, 0, 1613046]]],
[[31,
[0, 0, 0, 188495, 0, 0, 0, 0, 0, 0, 1159749, 0, 0, 0, 0, 0, 0, 1564393, 0, 0, 0, 0, 0, 0, 774467, 0, 0, 0, 0, 0, 0, 1141881]]],
[[32,
[0, 0, 0, 0, 162555, 0, 0, 0, 0, 0, 0, 406405, 0, 0, 0, 0, 0, 0, 88314, 0, 0, 0, 0, 0, 0, 481709, 0, 0, 0, 0, 0, 0, 867947]]],
[[33,
[0, 0, 0, 0, 0, 1927367, 0, 0, 0, 0, 0, 0, 1478765, 0, 0, 0, 0, 0, 0, 279049, 0, 0, 0, 0, 0, 0, 1798732, 0, 0, 0, 0, 0, 0, 946063]]],
[[34,
[0, 0, 0, 0, 0, 0, 683929, 0, 0, 0, 0, 0, 0, 1565760, 0, 0, 0, 0, 0, 0, 1270808, 0, 0, 0, 0, 0, 0, 355731, 0, 0, 0, 0, 0, 0, 1217844]]]
]]]]]:
