[0, [2000003, 
7, 
35, 
['q8', 'q3', 'q4', 'q5', 'q6', 'q7', 'q2'],
[0, 0, 0, 0, 0, 0, 1],
[1,
[[35,
[1761526, 0, 0, 0, 0, 0, 0, 574296, 0, 0, 0, 0, 0, 0, 535904, 0, 0, 0, 0, 0, 0, 322880, 0, 0, 0, 0, 0, 0, 1595432, 0, 0, 0, 0, 0, 0, 1]],
[0,
[1]],
[
[[0,
[2000002]]],
[[30,
[0, 0, 625840, 0, 0, 0, 0, 0, 0, 931892, 0, 0, 0, 0, 0, 0, 113709, 0, 0, 0, 0, 0, 0, 7915, 0, 0, 0, 0, 0, 0, 397602]]],
[[31,
[0, 0, 0, 771190, 0, 0, 0, 0, 0, 0, 522377, 0, 0, 0, 0, 0, 0, 1304258, 0, 0, 0, 0, 0, 0, 1013455, 0, 0, 0, 0, 0, 0, 1121558]]],
[[32,
[0, 0, 0, 0, 985507, 0, 0, 0, 0, 0, 0, 1066059, 0, 0, 0, 0, 0, 0, 825690, 0, 0, 0, 0, 0, 0, 992102, 0, 0, 0, 0, 0, 0, 73338]]],
[[33,
[0, 0, 0, 0, 0, 577018, 0, 0, 0, 0, 0, 0, 693033, 0, 0, 0, 0, 0, 0, 623065, 0, 0, 0, 0, 0, 0, 1490139, 0, 0, 0, 0, 0, 0, 803972]]],
[[34,
[0, 0, 0, 0, 0, 0, 1528691, 0, 0, 0, 0, 0, 0, 1376429, 0, 0, 0, 0, 0, 0, 661851, 0, 0, 0, 0, 0, 0, 891617, 0, 0, 0, 0, 0, 0, 1836488]]]
]]]]]:
