[0, [2000081, 
7, 
35, 
['q8', 'q3', 'q4', 'q5', 'q6', 'q7', 'q2'],
[0, 0, 0, 0, 0, 0, 1],
[1,
[[35,
[1829701, 0, 0, 0, 0, 0, 0, 94251, 0, 0, 0, 0, 0, 0, 799084, 0, 0, 0, 0, 0, 0, 1174184, 0, 0, 0, 0, 0, 0, 1638384, 0, 0, 0, 0, 0, 0, 1]],
[0,
[1]],
[
[[0,
[2000080]]],
[[30,
[0, 0, 261466, 0, 0, 0, 0, 0, 0, 298041, 0, 0, 0, 0, 0, 0, 632835, 0, 0, 0, 0, 0, 0, 1951050, 0, 0, 0, 0, 0, 0, 1528086]]],
[[31,
[0, 0, 0, 1536999, 0, 0, 0, 0, 0, 0, 1602567, 0, 0, 0, 0, 0, 0, 1783910, 0, 0, 0, 0, 0, 0, 1433177, 0, 0, 0, 0, 0, 0, 817011]]],
[[32,
[0, 0, 0, 0, 1285333, 0, 0, 0, 0, 0, 0, 777139, 0, 0, 0, 0, 0, 0, 1556786, 0, 0, 0, 0, 0, 0, 876405, 0, 0, 0, 0, 0, 0, 838328]]],
[[33,
[0, 0, 0, 0, 0, 1246641, 0, 0, 0, 0, 0, 0, 1664822, 0, 0, 0, 0, 0, 0, 1880040, 0, 0, 0, 0, 0, 0, 1176030, 0, 0, 0, 0, 0, 0, 1892938]]],
[[34,
[0, 0, 0, 0, 0, 0, 344610, 0, 0, 0, 0, 0, 0, 931411, 0, 0, 0, 0, 0, 0, 1976856, 0, 0, 0, 0, 0, 0, 605106, 0, 0, 0, 0, 0, 0, 448541]]]
]]]]]:
