[0, [2000113, 
7, 
35, 
['q8', 'q3', 'q4', 'q5', 'q6', 'q7', 'q2'],
[0, 0, 0, 0, 0, 0, 1],
[1,
[[35,
[1424619, 0, 0, 0, 0, 0, 0, 561242, 0, 0, 0, 0, 0, 0, 1002757, 0, 0, 0, 0, 0, 0, 528506, 0, 0, 0, 0, 0, 0, 1433533, 0, 0, 0, 0, 0, 0, 1]],
[0,
[1]],
[
[[0,
[2000112]]],
[[30,
[0, 0, 1621358, 0, 0, 0, 0, 0, 0, 781937, 0, 0, 0, 0, 0, 0, 1095196, 0, 0, 0, 0, 0, 0, 616547, 0, 0, 0, 0, 0, 0, 279311]]],
[[31,
[0, 0, 0, 1466315, 0, 0, 0, 0, 0, 0, 1556242, 0, 0, 0, 0, 0, 0, 1837165, 0, 0, 0, 0, 0, 0, 677474, 0, 0, 0, 0, 0, 0, 83175]]],
[[32,
[0, 0, 0, 0, 1880175, 0, 0, 0, 0, 0, 0, 1204418, 0, 0, 0, 0, 0, 0, 1244683, 0, 0, 0, 0, 0, 0, 649538, 0, 0, 0, 0, 0, 0, 571193]]],
[[33,
[0, 0, 0, 0, 0, 1122621, 0, 0, 0, 0, 0, 0, 874203, 0, 0, 0, 0, 0, 0, 94978, 0, 0, 0, 0, 0, 0, 1808128, 0, 0, 0, 0, 0, 0, 131138]]],
[[34,
[0, 0, 0, 0, 0, 0, 59315, 0, 0, 0, 0, 0, 0, 897479, 0, 0, 0, 0, 0, 0, 511847, 0, 0, 0, 0, 0, 0, 945652, 0, 0, 0, 0, 0, 0, 1049173]]]
]]]]]:
