[0, [2000029, 
7, 
35, 
['q8', 'q3', 'q4', 'q5', 'q6', 'q7', 'q2'],
[0, 0, 0, 0, 0, 0, 1],
[1,
[[35,
[303852, 0, 0, 0, 0, 0, 0, 1984778, 0, 0, 0, 0, 0, 0, 1196671, 0, 0, 0, 0, 0, 0, 1593148, 0, 0, 0, 0, 0, 0, 59998, 0, 0, 0, 0, 0, 0, 1]],
[0,
[1]],
[
[[0,
[2000028]]],
[[30,
[0, 0, 1344239, 0, 0, 0, 0, 0, 0, 1822159, 0, 0, 0, 0, 0, 0, 1884607, 0, 0, 0, 0, 0, 0, 402400, 0, 0, 0, 0, 0, 0, 266810]]],
[[31,
[0, 0, 0, 703542, 0, 0, 0, 0, 0, 0, 739608, 0, 0, 0, 0, 0, 0, 1320106, 0, 0, 0, 0, 0, 0, 663598, 0, 0, 0, 0, 0, 0, 1705199]]],
[[32,
[0, 0, 0, 0, 83569, 0, 0, 0, 0, 0, 0, 319101, 0, 0, 0, 0, 0, 0, 1725591, 0, 0, 0, 0, 0, 0, 544096, 0, 0, 0, 0, 0, 0, 931989]]],
[[33,
[0, 0, 0, 0, 0, 952486, 0, 0, 0, 0, 0, 0, 178295, 0, 0, 0, 0, 0, 0, 638995, 0, 0, 0, 0, 0, 0, 738168, 0, 0, 0, 0, 0, 0, 204677]]],
[[34,
[0, 0, 0, 0, 0, 0, 356660, 0, 0, 0, 0, 0, 0, 1077464, 0, 0, 0, 0, 0, 0, 1314898, 0, 0, 0, 0, 0, 0, 727434, 0, 0, 0, 0, 0, 0, 468908]]]
]]]]]:
