W1 recurrence+bracket vs sympy (below y^19): PASS
W2a gate rejects a random non-solution: PASS
F24(m,n)=3,4 | a=8 b=4 c'=4 r=4 eps=((1, 0),(4, 1))
  WALK-FAIL restarts=40 deepest-level=10 profile={'new': 1, 'unks': 25, 'rankA': 0} hist={10: 40} nconds=118  (not an emptiness proof)
F24(m,n)=3,4 | a=8 b=4 c'=4 r=4 eps=((4, 1),(1, 0))
  WALK-FAIL restarts=40 deepest-level=8 profile={'new': 1, 'unks': 22, 'rankA': 0} hist={8: 40} nconds=268  (not an emptiness proof)
F24(m,n)=3,4 | a=8 b=4 c'=4 r=5 eps=((1, 0),(5, 1))
  WALK-FAIL restarts=40 deepest-level=3 profile={'new': 1, 'unks': 9, 'rankA': 0} hist={3: 40} nconds=104  (not an emptiness proof)
(11,33)/19/4,8 (m,n)=2,3 | a=4 b=9 c'=9 r=2 eps=((1, 0),(2, 1))
  WALK-FAIL restarts=40 deepest-level=17 profile={'new': 1, 'unks': 9, 'rankA': 0} hist={17: 40} nconds=31  (not an emptiness proof)
F24(m,n)=3,4 | a=8 b=4 c'=4 r=5 eps=((5, 1),(1, 0))
  WALK-FAIL restarts=40 deepest-level=3 profile={'new': 1, 'unks': 9, 'rankA': 0} hist={3: 40} nconds=244  (not an emptiness proof)
F24(m,n)=3,4 | a=8 b=4 c'=4 r=6 eps=((1, 0),(6, 1))
  WALK-FAIL restarts=40 deepest-level=3 profile={'new': 1, 'unks': 9, 'rankA': 0} hist={3: 40} nconds=106  (not an emptiness proof)
(12,33)/11/3,8 (m,n)=2,3 | a=3 b=9 c'=9 r=1 eps=((1, 1),(1, 0))
  WALK-FAIL restarts=40 deepest-level=27 profile={'new': 13, 'unks': 10, 'rankA': 10} hist={27: 40} nconds=58  (not an emptiness proof)
(8,32)/8,28/11/4,7 (m,n)=3,2 | a=4 b=8 c'=8 r=2 eps=((1, 0),(2, 1))
  WALK-FAIL restarts=40 deepest-level=16 profile={'new': 32, 'unks': 9, 'rankA': 9} hist={16: 40} nconds=32  (not an emptiness proof)
(11,33)/19/4,8 (m,n)=2,3 | a=4 b=9 c'=9 r=2 eps=((2, 1),(1, 0))
  WALK-FAIL restarts=40 deepest-level=8 profile={'new': 1, 'unks': 5, 'rankA': 0} hist={8: 40} nconds=141  (not an emptiness proof)
F24(m,n)=3,4 | a=8 b=4 c'=4 r=7 eps=((1, 0),(7, 1))
  WALK-FAIL restarts=40 deepest-level=3 profile={'new': 2, 'unks': 9, 'rankA': 1} hist={3: 40} nconds=112  (not an emptiness proof)
F24(m,n)=3,4 | a=8 b=4 c'=4 r=6 eps=((6, 1),(1, 0))
  WALK-FAIL restarts=40 deepest-level=3 profile={'new': 2, 'unks': 9, 'rankA': 1} hist={3: 40} nconds=248  (not an emptiness proof)
(11,33)/19/4,8 (m,n)=2,3 | a=4 b=9 c'=9 r=3 eps=((1, 0),(3, 1))
  WALK-FAIL restarts=40 deepest-level=6 profile={'new': 1, 'unks': 4, 'rankA': 0} hist={6: 40} nconds=35  (not an emptiness proof)
(8,28)/7/4,3 (m,n)=3,4 | a=4 b=4 c'=4 r=2 eps=((2, 1),(1, 0))
  WALK-FAIL restarts=40 deepest-level=13 profile={'new': 3, 'unks': 17, 'rankA': 2} hist={13: 40} nconds=111  (not an emptiness proof)
(8,32)/8,28/11/4,7 (m,n)=3,2 | a=4 b=8 c'=8 r=2 eps=((2, 1),(1, 0))
  WALK-FAIL restarts=40 deepest-level=3 profile={'new': 1, 'unks': 3, 'rankA': 0} hist={3: 40} nconds=111  (not an emptiness proof)
F24(m,n)=3,4 | a=8 b=4 c'=4 r=8 eps=((1, 0),(8, 1))
  WALK-FAIL restarts=40 deepest-level=3 profile={'new': 2, 'unks': 9, 'rankA': 1} hist={3: 40} nconds=122  (not an emptiness proof)
F24(m,n)=3,4 | a=8 b=4 c'=4 r=7 eps=((7, 1),(1, 0))
  WALK-FAIL restarts=40 deepest-level=3 profile={'new': 2, 'unks': 9, 'rankA': 1} hist={3: 40} nconds=257  (not an emptiness proof)
(7,35)/19/7,5 (m,n)=2,3 | a=7 b=6 c'=6 r=4 eps=((1, 0),(4, 1))
  WALK-FAIL restarts=40 deepest-level=5 profile={'new': 1, 'unks': 8, 'rankA': 0} hist={5: 40} nconds=68  (not an emptiness proof)
(9,36)/17/9,4 (m,n)=3,2 | a=9 b=5 c'=5 r=3 eps=((3, 1),(1, 0))
  WALK-FAIL restarts=40 deepest-level=7 profile={'new': 1, 'unks': 17, 'rankA': 0} hist={7: 40} nconds=229  (not an emptiness proof)
(11,33)/19/4,8 (m,n)=2,3 | a=4 b=9 c'=9 r=3 eps=((3, 1),(1, 0))
  WALK-FAIL restarts=40 deepest-level=6 profile={'new': 1, 'unks': 4, 'rankA': 0} hist={6: 40} nconds=150  (not an emptiness proof)
