W1 recurrence+bracket vs sympy (below y^19): PASS
W2a gate rejects a random non-solution: PASS
F24(m,n)=3,4 | a=8 b=4 c'=4 r=4 eps=((1, 0),(4, 1))
  WALK-FAIL restarts=30 deepest-level=117 profile={'new': 114, 'unks': 75, 'rankA': 75, 'kdims_before': [(0, 1), (1, 4), (2, 7), (3, 9), (4, 12), (5, 14), (6, 17), (7, 19), (8, 22), (9, 24)]} hist={117: 30} nconds=114  (not an emptiness proof)
F24(m,n)=3,4 | a=8 b=4 c'=4 r=4 eps=((4, 1),(1, 0))
  WALK-FAIL restarts=30 deepest-level=117 profile={'new': 265, 'unks': 222, 'rankA': 222, 'kdims_before': [(0, 1), (1, 4), (2, 7), (3, 9), (4, 12), (5, 14), (6, 17), (7, 19), (8, 22), (9, 22)]} hist={117: 30} nconds=258  (not an emptiness proof)
F24(m,n)=3,4 | a=8 b=4 c'=4 r=5 eps=((1, 0),(5, 1))
  WALK-FAIL restarts=30 deepest-level=117 profile={'new': 114, 'unks': 75, 'rankA': 75, 'kdims_before': [(0, 1), (1, 4), (2, 6), (3, 9), (4, 11), (5, 14), (6, 16), (7, 19), (8, 21), (9, 24)]} hist={117: 30} nconds=114  (not an emptiness proof)
(11,33)/19/4,8 (m,n)=2,3 | a=4 b=9 c'=9 r=2 eps=((1, 0),(2, 1))
  WALK-FAIL restarts=30 deepest-level=128 profile={'new': 31, 'unks': 35, 'rankA': 29, 'kdims_before': [(0, 1), (1, 2), (2, 2), (3, 3), (4, 3), (5, 4), (6, 4), (7, 5), (8, 5), (9, 5), (10, 6), (11, 6), (12, 7), (13, 7), (14, 8)]} hist={128: 30} nconds=30  (not an emptiness proof)
F24(m,n)=3,4 | a=8 b=4 c'=4 r=5 eps=((5, 1),(1, 0))
  WALK-FAIL restarts=30 deepest-level=117 profile={'new': 270, 'unks': 222, 'rankA': 222, 'kdims_before': [(0, 1), (1, 4), (2, 6), (3, 9), (4, 11), (5, 13), (6, 16), (7, 18), (8, 21), (9, 21)]} hist={117: 30} nconds=251  (not an emptiness proof)
F24(m,n)=3,4 | a=8 b=4 c'=4 r=6 eps=((1, 0),(6, 1))
  WALK-FAIL restarts=30 deepest-level=117 profile={'new': 111, 'unks': 75, 'rankA': 75, 'kdims_before': [(0, 1), (1, 4), (2, 6), (3, 9), (4, 11), (5, 13), (6, 16), (7, 18), (8, 20), (9, 23)]} hist={117: 30} nconds=111  (not an emptiness proof)
(12,33)/11/3,8 (m,n)=2,3 | a=3 b=9 c'=9 r=1 eps=((1, 1),(1, 0))
  WITNESS mod 65521 attempt=0 kdims=[(0, 1), (1, 2), (2, 2), (3, 3), (4, 3), (5, 3), (6, 4), (7, 4), (8, 4), (9, 5), (10, 5), (11, 5), (12, 6), (13, 6), (14, 6), ('MERGE', 9)]
  gate: FAIL bracket mismatch at [(0, 30), (0, 31), (0, 32), (0, 33), (0, 34)]
(8,32)/8,28/11/4,7 (m,n)=3,2 | a=4 b=8 c'=8 r=2 eps=((1, 0),(2, 1))
  WALK-FAIL restarts=30 deepest-level=125 profile={'new': 32, 'unks': 27, 'rankA': 27, 'kdims_before': [(0, 1), (1, 2), (2, 3), (3, 3), (4, 4), (5, 4), (6, 5), (7, 5), (8, 6), (9, 6), (10, 7), (11, 7), (12, 8), (13, 8)]} hist={125: 30} nconds=32  (not an emptiness proof)
(11,33)/19/4,8 (m,n)=2,3 | a=4 b=9 c'=9 r=2 eps=((2, 1),(1, 0))
  WITNESS mod 65521 attempt=0 kdims=[(0, 1), (1, 2), (2, 2), (3, 3), (4, 3), (5, 4), (6, 4), (7, 4), (8, 5), (9, 5), (10, 6), (11, 6), (12, 6), (13, 7), (14, 7)]
  gate: FAIL bracket mismatch at [(0, 30), (0, 31), (0, 32), (0, 33), (0, 34)]
F24(m,n)=3,4 | a=8 b=4 c'=4 r=7 eps=((1, 0),(7, 1))
  WALK-FAIL restarts=30 deepest-level=117 profile={'new': 113, 'unks': 75, 'rankA': 75, 'kdims_before': [(0, 1), (1, 4), (2, 6), (3, 8), (4, 11), (5, 13), (6, 15), (7, 17), (8, 20), (9, 22)]} hist={117: 30} nconds=110  (not an emptiness proof)
F24(m,n)=3,4 | a=8 b=4 c'=4 r=6 eps=((6, 1),(1, 0))
  WALK-FAIL restarts=30 deepest-level=117 profile={'new': 277, 'unks': 222, 'rankA': 222, 'kdims_before': [(0, 1), (1, 4), (2, 6), (3, 8), (4, 11), (5, 13), (6, 15), (7, 17), (8, 20), (9, 20)]} hist={117: 30} nconds=246  (not an emptiness proof)
(11,33)/19/4,8 (m,n)=2,3 | a=4 b=9 c'=9 r=3 eps=((1, 0),(3, 1))
  WITNESS mod 65521 attempt=0 kdims=[(0, 1), (1, 2), (2, 2), (3, 3), (4, 3), (5, 3), (6, 4), (7, 4), (8, 5), (9, 5), (10, 5), (11, 6), (12, 6), (13, 7), (14, 7), ('MERGE', 3)]
  gate: FAIL bracket mismatch at [(0, 30), (0, 31), (0, 32), (0, 33), (0, 34)]
(8,28)/7/4,3 (m,n)=3,4 | a=4 b=4 c'=4 r=2 eps=((2, 1),(1, 0))
  WALK-FAIL restarts=30 deepest-level=117 profile={'new': 130, 'unks': 114, 'rankA': 114, 'kdims_before': [(0, 1), (1, 3), (2, 4), (3, 5), (4, 7), (5, 8), (6, 9), (7, 10), (8, 12), (9, 12)]} hist={117: 30} nconds=130  (not an emptiness proof)
(8,32)/8,28/11/4,7 (m,n)=3,2 | a=4 b=8 c'=8 r=2 eps=((2, 1),(1, 0))
  WALK-FAIL restarts=30 deepest-level=125 profile={'new': 133, 'unks': 124, 'rankA': 124, 'kdims_before': [(0, 1), (1, 2), (2, 2), (3, 3), (4, 3), (5, 4), (6, 4), (7, 5), (8, 5), (9, 6), (10, 6), (11, 7), (12, 7), (13, 8)]} hist={125: 30} nconds=120  (not an emptiness proof)
F24(m,n)=3,4 | a=8 b=4 c'=4 r=8 eps=((1, 0),(8, 1))
  WALK-FAIL restarts=30 deepest-level=117 profile={'new': 119, 'unks': 75, 'rankA': 75, 'kdims_before': [(0, 1), (1, 4), (2, 6), (3, 8), (4, 10), (5, 12), (6, 15), (7, 17), (8, 19), (9, 21)]} hist={117: 30} nconds=108  (not an emptiness proof)
F24(m,n)=3,4 | a=8 b=4 c'=4 r=7 eps=((7, 1),(1, 0))
  WALK-FAIL restarts=30 deepest-level=117 profile={'new': 283, 'unks': 222, 'rankA': 222, 'kdims_before': [(0, 1), (1, 4), (2, 6), (3, 8), (4, 10), (5, 12), (6, 14), (7, 16), (8, 19), (9, 19)]} hist={117: 30} nconds=240  (not an emptiness proof)
(7,35)/19/7,5 (m,n)=2,3 | a=7 b=6 c'=6 r=4 eps=((1, 0),(4, 1))
  WALK-FAIL restarts=30 deepest-level=119 profile={'new': 59, 'unks': 30, 'rankA': 30, 'kdims_before': [(0, 1), (1, 3), (2, 4), (3, 5), (4, 6), (5, 8), (6, 9), (7, 10), (8, 11), (9, 12), (10, 14)]} hist={119: 30} nconds=59  (not an emptiness proof)
(9,36)/17/9,4 (m,n)=3,2 | a=9 b=5 c'=5 r=3 eps=((3, 1),(1, 0))
  WALK-FAIL restarts=30 deepest-level=116 profile={'new': 226, 'unks': 181, 'rankA': 181, 'kdims_before': [(0, 1), (1, 4), (2, 6), (3, 8), (4, 10), (5, 12), (6, 14), (7, 17), (8, 17)]} hist={116: 30} nconds=224  (not an emptiness proof)
(11,33)/19/4,8 (m,n)=2,3 | a=4 b=9 c'=9 r=3 eps=((3, 1),(1, 0))
  WALK-FAIL restarts=30 deepest-level=128 profile={'new': 160, 'unks': 144, 'rankA': 144, 'kdims_before': [(0, 1), (1, 2), (2, 2), (3, 3), (4, 3), (5, 3), (6, 4), (7, 4), (8, 4), (9, 5), (10, 5), (11, 5), (12, 6), (13, 6), (14, 6)]} hist={128: 30} nconds=125  (not an emptiness proof)
(11,33)/19/4,8 (m,n)=2,3 | a=4 b=9 c'=9 r=4 eps=((1, 0),(4, 1))
  WITNESS mod 65521 attempt=0 kdims=[(0, 1), (1, 2), (2, 2), (3, 3), (4, 3), (5, 3), (6, 4), (7, 4), (8, 4), (9, 5), (10, 5), (11, 5), (12, 6), (13, 6), (14, 6), ('MERGE', 1)]
  gate: FAIL bracket mismatch at [(0, 30), (0, 31), (0, 32), (0, 33), (0, 34)]
