Command terminated by signal 9
	Command being timed: "msolve -f /home/user/jacobian_planar/wave1/pent_L23.ms -o /opt/wt-compute/heavy/pent_L23.out"
	User time (seconds): 1471.89
	System time (seconds): 61.89
	Percent of CPU this job got: 99%
	Elapsed (wall clock) time (h:mm:ss or m:ss): 25:36.73
	Average shared text size (kbytes): 0
	Average unshared data size (kbytes): 0
	Average stack size (kbytes): 0
	Average total size (kbytes): 0
	Maximum resident set size (kbytes): 13910988
	Average resident set size (kbytes): 0
	Major (requiring I/O) page faults: 202
	Minor (reclaiming a frame) page faults: 3650293
	Voluntary context switches: 200
	Involuntary context switches: 24553
	Swaps: 0
	File system inputs: 6448
	File system outputs: 0
	Socket messages sent: 0
	Socket messages received: 0
	Signals delivered: 0
	Page size (bytes): 4096
	Exit status: 0
