DIM: 0
VDIM: 124
GB:
G[1]=d_9_15
G[2]=d_8_13
G[3]=d_7_11^5
G[4]=d_6_9*d_7_11^4
G[5]=d_6_9^2*d_7_11^3
G[6]=d_6_9^4*d_7_11^2
G[7]=d_6_9^5*d_7_11
G[8]=d_6_9^6
G[9]=d_5_7*d_7_11^4
G[10]=d_5_7*d_6_9^3*d_7_11^2
G[11]=d_5_7*d_6_9^4*d_7_11
G[12]=d_5_7*d_6_9^5
G[13]=d_5_7^2*d_6_9*d_7_11^3
G[14]=d_5_7^2*d_6_9^2*d_7_11^2
G[15]=d_5_7^2*d_6_9^3*d_7_11
G[16]=d_5_7^3*d_7_11^3
G[17]=d_5_7^3*d_6_9*d_7_11^2
G[18]=d_5_7^3*d_6_9^4
G[19]=d_5_7^4*d_7_11^2-15274*d_5_7^3*d_6_9^2*d_7_11+25232*d_5_7^2*d_6_9^4-22821*d_5_7*d_6_9*d_7_11^3-9610*d_6_9^3*d_7_11^2
G[20]=d_5_7^4*d_6_9*d_7_11-24953*d_5_7^3*d_6_9^3+26942*d_5_7^2*d_7_11^3-21155*d_5_7*d_6_9^2*d_7_11^2+24577*d_6_9^4*d_7_11
G[21]=d_5_7^4*d_6_9^3
G[22]=d_5_7^5*d_6_9^2
G[23]=d_5_7^6*d_7_11
G[24]=d_5_7^6*d_6_9-22330*d_5_7^3*d_6_9^2*d_7_11-15795*d_5_7^2*d_6_9^4-17647*d_5_7*d_6_9*d_7_11^3-9140*d_6_9^3*d_7_11^2
G[25]=d_5_7^7-1592*d_5_7^3*d_6_9^3-8450*d_5_7^2*d_7_11^3-8940*d_5_7*d_6_9^2*d_7_11^2-29967*d_6_9^4*d_7_11
G[26]=d_4_5*d_7_11^4-17237*d_5_7^3*d_6_9^2*d_7_11+17222*d_5_7^2*d_6_9^4+32783*d_5_7*d_6_9*d_7_11^3-2721*d_6_9^3*d_7_11^2
G[27]=d_4_5*d_6_9*d_7_11^3-23105*d_5_7^3*d_6_9^3-6348*d_5_7^2*d_7_11^3-29199*d_5_7*d_6_9^2*d_7_11^2+19020*d_6_9^4*d_7_11
G[28]=d_4_5*d_6_9^3*d_7_11^2
G[29]=d_4_5*d_6_9^4*d_7_11
G[30]=d_4_5*d_6_9^5-31380*d_5_7^3*d_6_9^2*d_7_11-27604*d_5_7^2*d_6_9^4-2713*d_5_7*d_6_9*d_7_11^3+12354*d_6_9^3*d_7_11^2
G[31]=d_4_5*d_5_7*d_6_9^2*d_7_11^2
G[32]=d_4_5*d_5_7*d_6_9^3*d_7_11+8265*d_5_7^3*d_6_9^2*d_7_11+13817*d_5_7^2*d_6_9^4+25030*d_5_7*d_6_9*d_7_11^3+21993*d_6_9^3*d_7_11^2
G[33]=d_4_5*d_5_7*d_6_9^4-3997*d_5_7^3*d_6_9^3-31039*d_5_7^2*d_7_11^3+6178*d_5_7*d_6_9^2*d_7_11^2-18164*d_6_9^4*d_7_11
G[34]=d_4_5*d_5_7^2*d_7_11^3
G[35]=d_4_5*d_5_7^2*d_6_9*d_7_11^2-30769*d_5_7^3*d_6_9^2*d_7_11+1078*d_5_7^2*d_6_9^4+19203*d_5_7*d_6_9*d_7_11^3-9585*d_6_9^3*d_7_11^2
G[36]=d_4_5*d_5_7^2*d_6_9^2*d_7_11+11784*d_5_7^3*d_6_9^3-2091*d_5_7^2*d_7_11^3-2043*d_5_7*d_6_9^2*d_7_11^2-14951*d_6_9^4*d_7_11
G[37]=d_4_5*d_5_7^2*d_6_9^3-13505*d_4_5*d_5_7*d_7_11^3+14527*d_4_5*d_6_9^2*d_7_11^2-12942*d_5_7^5*d_7_11+10231*d_5_7^4*d_6_9^2+10176*d_5_7^2*d_6_9*d_7_11^2-3916*d_5_7*d_6_9^3*d_7_11+31905*d_6_9^5-26060*d_7_11^4
G[38]=d_4_5*d_5_7^3*d_7_11^2+30461*d_5_7^3*d_6_9^3-5305*d_5_7^2*d_7_11^3+9629*d_5_7*d_6_9^2*d_7_11^2-32294*d_6_9^4*d_7_11
G[39]=d_4_5*d_5_7^3*d_6_9*d_7_11-24153*d_4_5*d_5_7*d_7_11^3+23765*d_4_5*d_6_9^2*d_7_11^2+8478*d_5_7^5*d_7_11-10458*d_5_7^4*d_6_9^2-8768*d_5_7^2*d_6_9*d_7_11^2+15075*d_5_7*d_6_9^3*d_7_11-31730*d_6_9^5+4077*d_7_11^4
G[40]=d_4_5*d_5_7^3*d_6_9^2+13373*d_4_5*d_5_7*d_6_9*d_7_11^2-19334*d_4_5*d_6_9^3*d_7_11+8118*d_5_7^5*d_6_9+15889*d_5_7^3*d_7_11^2-28226*d_5_7^2*d_6_9^2*d_7_11+28685*d_5_7*d_6_9^4+27155*d_6_9*d_7_11^3
G[41]=d_4_5*d_5_7^4*d_7_11+17073*d_4_5*d_5_7*d_6_9*d_7_11^2+24670*d_4_5*d_6_9^3*d_7_11-22490*d_5_7^5*d_6_9-8572*d_5_7^3*d_7_11^2+9757*d_5_7^2*d_6_9^2*d_7_11+16967*d_5_7*d_6_9^4+5423*d_6_9*d_7_11^3
G[42]=d_4_5*d_5_7^5*d_6_9-4394*d_5_7^3*d_6_9^3+7108*d_5_7^2*d_7_11^3-12011*d_5_7*d_6_9^2*d_7_11^2+21608*d_6_9^4*d_7_11
G[43]=d_4_5*d_5_7^6+29887*d_4_5*d_5_7*d_7_11^3+5807*d_4_5*d_6_9^2*d_7_11^2+22276*d_5_7^5*d_7_11-28792*d_5_7^4*d_6_9^2-16587*d_5_7^2*d_6_9*d_7_11^2+3227*d_5_7*d_6_9^3*d_7_11+8563*d_6_9^5+5335*d_7_11^4
G[44]=d_4_5^2*d_7_11^3+13491*d_4_5*d_5_7*d_6_9*d_7_11^2+21113*d_4_5*d_6_9^3*d_7_11-28745*d_5_7^5*d_6_9-14395*d_5_7^3*d_7_11^2-16732*d_5_7^2*d_6_9^2*d_7_11+32394*d_5_7*d_6_9^4+25177*d_6_9*d_7_11^3
G[45]=d_4_5^2*d_6_9^2*d_7_11^2+17508*d_5_7^3*d_6_9^2*d_7_11+17978*d_5_7^2*d_6_9^4+5968*d_5_7*d_6_9*d_7_11^3+32688*d_6_9^3*d_7_11^2
G[46]=d_4_5^2*d_6_9^3*d_7_11+14114*d_5_7^3*d_6_9^3-11414*d_5_7^2*d_7_11^3-13403*d_5_7*d_6_9^2*d_7_11^2-20303*d_6_9^4*d_7_11
G[47]=d_4_5^2*d_6_9^4-11561*d_4_5*d_5_7*d_7_11^3-7762*d_4_5*d_6_9^2*d_7_11^2-28365*d_5_7^5*d_7_11-22585*d_5_7^4*d_6_9^2-234*d_5_7^2*d_6_9*d_7_11^2+30684*d_5_7*d_6_9^3*d_7_11+32414*d_6_9^5+2116*d_7_11^4
G[48]=d_4_5^2*d_5_7*d_7_11^2-14802*d_4_5^2*d_6_9^2*d_7_11+32347*d_4_5*d_5_7^5+16206*d_4_5*d_5_7^2*d_6_9*d_7_11-11965*d_4_5*d_5_7*d_6_9^3-22141*d_4_5*d_7_11^3-5143*d_5_7^4*d_7_11+9154*d_5_7^3*d_6_9^2-28231*d_5_7*d_6_9*d_7_11^2+1762*d_6_9^3*d_7_11
G[49]=d_4_5^2*d_5_7*d_6_9^2*d_7_11+1667*d_4_5*d_5_7*d_7_11^3-15339*d_4_5*d_6_9^2*d_7_11^2+18318*d_5_7^5*d_7_11-18406*d_5_7^4*d_6_9^2+30476*d_5_7^2*d_6_9*d_7_11^2-30061*d_5_7*d_6_9^3*d_7_11+14665*d_6_9^5+16187*d_7_11^4
G[50]=d_4_5^2*d_5_7*d_6_9^3-20905*d_4_5*d_5_7*d_6_9*d_7_11^2+11405*d_4_5*d_6_9^3*d_7_11-28741*d_5_7^5*d_6_9+6786*d_5_7^3*d_7_11^2+17536*d_5_7^2*d_6_9^2*d_7_11+968*d_5_7*d_6_9^4+32674*d_6_9*d_7_11^3
G[51]=d_4_5^2*d_5_7^2*d_6_9*d_7_11-1845*d_4_5*d_5_7*d_6_9*d_7_11^2-15796*d_4_5*d_6_9^3*d_7_11-14380*d_5_7^5*d_6_9-32649*d_5_7^3*d_7_11^2-21081*d_5_7^2*d_6_9^2*d_7_11+30035*d_5_7*d_6_9^4-2136*d_6_9*d_7_11^3
G[52]=d_4_5^2*d_5_7^2*d_6_9^2-316*d_4_5^2*d_6_9*d_7_11^2+10669*d_4_5*d_5_7^4*d_6_9-9834*d_4_5*d_5_7^2*d_7_11^2-285*d_4_5*d_5_7*d_6_9^2*d_7_11+24430*d_4_5*d_6_9^4+5760*d_5_7^6+31795*d_5_7^3*d_6_9*d_7_11+31193*d_5_7^2*d_6_9^3+981*d_5_7*d_7_11^3+20279*d_6_9^2*d_7_11^2
G[53]=d_4_5^2*d_5_7^3*d_7_11-32324*d_4_5^2*d_6_9*d_7_11^2-8789*d_4_5*d_5_7^4*d_6_9+9655*d_4_5*d_5_7^2*d_7_11^2+18467*d_4_5*d_5_7*d_6_9^2*d_7_11-20374*d_4_5*d_6_9^4-675*d_5_7^6+15441*d_5_7^3*d_6_9*d_7_11+10312*d_5_7^2*d_6_9^3+22710*d_5_7*d_7_11^3+25490*d_6_9^2*d_7_11^2
G[54]=d_4_5^2*d_5_7^3*d_6_9+22830*d_4_5^2*d_6_9^2*d_7_11-16684*d_4_5*d_5_7^5+31014*d_4_5*d_5_7^2*d_6_9*d_7_11+10420*d_4_5*d_5_7*d_6_9^3-1897*d_4_5*d_7_11^3+4458*d_5_7^4*d_7_11+29910*d_5_7^3*d_6_9^2-17612*d_5_7*d_6_9*d_7_11^2-14892*d_6_9^3*d_7_11
G[55]=d_4_5^2*d_5_7^5-12928*d_4_5*d_5_7*d_6_9*d_7_11^2+30716*d_4_5*d_6_9^3*d_7_11-19910*d_5_7^5*d_6_9+32697*d_5_7^3*d_7_11^2-10806*d_5_7^2*d_6_9^2*d_7_11-18488*d_5_7*d_6_9^4+25090*d_6_9*d_7_11^3
G[56]=d_4_5^3*d_7_11^2-953*d_4_5^2*d_5_7^4-26246*d_4_5^2*d_5_7*d_6_9*d_7_11-14194*d_4_5^2*d_6_9^3-31076*d_4_5*d_5_7^3*d_7_11-26766*d_4_5*d_5_7^2*d_6_9^2-15860*d_4_5*d_6_9*d_7_11^2-10819*d_5_7^4*d_6_9+6558*d_5_7^2*d_7_11^2-4244*d_5_7*d_6_9^2*d_7_11-15444*d_6_9^4
G[57]=d_4_5^3*d_6_9*d_7_11+17986*d_4_5^2*d_5_7^2*d_7_11+29606*d_4_5^2*d_5_7*d_6_9^2-23307*d_4_5*d_5_7^3*d_6_9+3014*d_4_5*d_5_7*d_7_11^2-12206*d_4_5*d_6_9^2*d_7_11-27686*d_5_7^5-18391*d_5_7^2*d_6_9*d_7_11-18610*d_5_7*d_6_9^3-29272*d_7_11^3
G[58]=d_4_5^3*d_6_9^3+25116*d_4_5^2*d_6_9*d_7_11^2+27361*d_4_5*d_5_7^4*d_6_9-29507*d_4_5*d_5_7^2*d_7_11^2-4424*d_4_5*d_5_7*d_6_9^2*d_7_11-16806*d_4_5*d_6_9^4+24365*d_5_7^6-19753*d_5_7^3*d_6_9*d_7_11+568*d_5_7^2*d_6_9^3-31185*d_5_7*d_7_11^3-18816*d_6_9^2*d_7_11^2
G[59]=d_4_5^3*d_5_7*d_6_9^2+2180*d_4_5^2*d_6_9^2*d_7_11-26212*d_4_5*d_5_7^5-16632*d_4_5*d_5_7^2*d_6_9*d_7_11-16009*d_4_5*d_5_7*d_6_9^3+14218*d_4_5*d_7_11^3+26181*d_5_7^4*d_7_11-29613*d_5_7^3*d_6_9^2-1334*d_5_7*d_6_9*d_7_11^2+12157*d_6_9^3*d_7_11
G[60]=d_4_5^3*d_5_7^2*d_7_11-19284*d_4_5^2*d_6_9^2*d_7_11+7542*d_4_5*d_5_7^5+9574*d_4_5*d_5_7^2*d_6_9*d_7_11+27274*d_4_5*d_5_7*d_6_9^3-2122*d_4_5*d_7_11^3+24612*d_5_7^4*d_7_11-26699*d_5_7^3*d_6_9^2-9034*d_5_7*d_6_9*d_7_11^2-28107*d_6_9^3*d_7_11
G[61]=d_4_5^3*d_5_7^2*d_6_9+25123*d_4_5^2*d_5_7^4+31551*d_4_5^2*d_5_7*d_6_9*d_7_11-9881*d_4_5^2*d_6_9^3-6136*d_4_5*d_5_7^3*d_7_11-26958*d_4_5*d_5_7^2*d_6_9^2-3829*d_4_5*d_6_9*d_7_11^2+30509*d_5_7^4*d_6_9+10215*d_5_7^2*d_7_11^2-30503*d_5_7*d_6_9^2*d_7_11-13367*d_6_9^4
G[62]=d_4_5^3*d_5_7^3+1905*d_4_5^2*d_5_7^2*d_7_11-19188*d_4_5^2*d_5_7*d_6_9^2-1552*d_4_5*d_5_7^3*d_6_9+4713*d_4_5*d_5_7*d_7_11^2-23294*d_4_5*d_6_9^2*d_7_11+22716*d_5_7^5+3963*d_5_7^2*d_6_9*d_7_11-9041*d_5_7*d_6_9^3-7929*d_7_11^3
G[63]=d_4_5^4*d_7_11+29254*d_4_5^3*d_5_7*d_6_9+21902*d_4_5^2*d_5_7^3+20445*d_4_5^2*d_6_9*d_7_11+22444*d_4_5*d_5_7^2*d_7_11-31377*d_4_5*d_5_7*d_6_9^2-12504*d_5_7^3*d_6_9-32338*d_5_7*d_7_11^2+4239*d_6_9^2*d_7_11
G[64]=d_4_5^4*d_6_9^2+32693*d_4_5^2*d_5_7^4-16995*d_4_5^2*d_5_7*d_6_9*d_7_11+29372*d_4_5^2*d_6_9^3-27039*d_4_5*d_5_7^3*d_7_11+23878*d_4_5*d_5_7^2*d_6_9^2+28656*d_4_5*d_6_9*d_7_11^2-9698*d_5_7^4*d_6_9-2366*d_5_7^2*d_7_11^2+10680*d_5_7*d_6_9^2*d_7_11-23794*d_6_9^4
G[65]=d_4_5^4*d_5_7-5322*d_4_5^3*d_7_11+26362*d_4_5^2*d_5_7*d_6_9-8082*d_4_5*d_5_7^3+17080*d_4_5*d_6_9*d_7_11+4088*d_5_7^2*d_7_11+16316*d_5_7*d_6_9^2
G[66]=d_4_5^5*d_6_9+28546*d_4_5^3*d_5_7*d_7_11+13604*d_4_5^3*d_6_9^2-20868*d_4_5^2*d_5_7^2*d_6_9+31776*d_4_5^2*d_7_11^2+6280*d_4_5*d_5_7^4+31075*d_4_5*d_5_7*d_6_9*d_7_11-28763*d_4_5*d_6_9^3-5952*d_5_7^3*d_7_11-18802*d_5_7^2*d_6_9^2-16362*d_6_9*d_7_11^2
G[67]=d_4_5^6-7812*d_4_5^4*d_6_9-20257*d_4_5^3*d_5_7^2+11683*d_4_5^2*d_5_7*d_7_11+2180*d_4_5^2*d_6_9^2-7438*d_4_5*d_5_7^2*d_6_9-9081*d_4_5*d_7_11^2+31331*d_5_7^4-5342*d_5_7*d_6_9*d_7_11+16279*d_6_9^3
G[68]=d_3_3
