DIM: 0
VDIM: 338
GB:
G[1]=d_9_15
G[2]=d_8_13^6
G[3]=d_7_11*d_8_13^5
G[4]=d_7_11^2*d_8_13^4
G[5]=d_7_11^3*d_8_13^3
G[6]=d_7_11^4*d_8_13^2
G[7]=d_7_11^5*d_8_13
G[8]=d_7_11^7
G[9]=d_6_9*d_8_13^5
G[10]=d_6_9*d_7_11*d_8_13^4
G[11]=d_6_9*d_7_11^2*d_8_13^3
G[12]=d_6_9*d_7_11^3*d_8_13^2
G[13]=d_6_9*d_7_11^6
G[14]=d_6_9^2*d_8_13^4
G[15]=d_6_9^2*d_7_11*d_8_13^3
G[16]=d_6_9^2*d_7_11^3*d_8_13-10734*d_6_9*d_7_11^5+27061*d_7_11*d_8_13^4
G[17]=d_6_9^2*d_7_11^5
G[18]=d_6_9^3*d_7_11*d_8_13^2+8090*d_6_9*d_7_11^5+23056*d_7_11*d_8_13^4
G[19]=d_6_9^3*d_7_11^4
G[20]=d_6_9^4*d_8_13^3
G[21]=d_6_9^4*d_7_11^2*d_8_13
G[22]=d_6_9^4*d_7_11^3
G[23]=d_6_9^5*d_8_13^2
G[24]=d_6_9^5*d_7_11*d_8_13
G[25]=d_6_9^6*d_8_13-11645*d_6_9^5*d_7_11^2+23562*d_6_9^3*d_8_13^3-7681*d_6_9^2*d_7_11^2*d_8_13^2+32672*d_6_9*d_7_11^4*d_8_13+11143*d_7_11^6+5531*d_8_13^5
G[26]=d_6_9^6*d_7_11+22909*d_6_9*d_7_11^5+6444*d_7_11*d_8_13^4
G[27]=d_6_9^8
G[28]=d_5_7*d_8_13^5
G[29]=d_5_7*d_7_11*d_8_13^4
G[30]=d_5_7*d_7_11^2*d_8_13^3
G[31]=d_5_7*d_7_11^3*d_8_13^2-6730*d_6_9^5*d_7_11^2+3830*d_6_9^3*d_8_13^3+3101*d_6_9^2*d_7_11^2*d_8_13^2-24746*d_6_9*d_7_11^4*d_8_13-20152*d_7_11^6-16417*d_8_13^5
G[32]=d_5_7*d_7_11^4*d_8_13+11475*d_6_9*d_7_11^5-7350*d_7_11*d_8_13^4
G[33]=d_5_7*d_7_11^6
G[34]=d_5_7*d_6_9*d_8_13^4
G[35]=d_5_7*d_6_9*d_7_11*d_8_13^3+27226*d_6_9^5*d_7_11^2+4198*d_6_9^3*d_8_13^3-8210*d_6_9^2*d_7_11^2*d_8_13^2+18338*d_6_9*d_7_11^4*d_8_13+7880*d_7_11^6-18611*d_8_13^5
G[36]=d_5_7*d_6_9*d_7_11^2*d_8_13^2+17859*d_6_9*d_7_11^5+20026*d_7_11*d_8_13^4
G[37]=d_5_7*d_6_9*d_7_11^5
G[38]=d_5_7*d_6_9^2*d_8_13^3-27755*d_6_9*d_7_11^5+16492*d_7_11*d_8_13^4
G[39]=d_5_7*d_6_9^2*d_7_11^4
G[40]=d_5_7*d_6_9^3*d_7_11^2*d_8_13
G[41]=d_5_7*d_6_9^3*d_7_11^3-4679*d_6_9^5*d_7_11^2-11418*d_6_9^3*d_8_13^3+17910*d_6_9^2*d_7_11^2*d_8_13^2+6124*d_6_9*d_7_11^4*d_8_13+9427*d_7_11^6-11073*d_8_13^5
G[42]=d_5_7*d_6_9^4*d_8_13^2
G[43]=d_5_7*d_6_9^4*d_7_11*d_8_13+14727*d_6_9^5*d_7_11^2-23147*d_6_9^3*d_8_13^3-15960*d_6_9^2*d_7_11^2*d_8_13^2-9425*d_6_9*d_7_11^4*d_8_13+18148*d_7_11^6+30690*d_8_13^5
G[44]=d_5_7*d_6_9^4*d_7_11^2-17770*d_6_9*d_7_11^5-569*d_7_11*d_8_13^4
G[45]=d_5_7*d_6_9^5*d_8_13+12535*d_6_9*d_7_11^5+18691*d_7_11*d_8_13^4
G[46]=d_5_7*d_6_9^7
G[47]=d_5_7^2*d_8_13^4-2316*d_6_9^5*d_7_11^2-641*d_6_9^3*d_8_13^3-5168*d_6_9^2*d_7_11^2*d_8_13^2+26021*d_6_9*d_7_11^4*d_8_13-13998*d_7_11^6+1326*d_8_13^5
G[48]=d_5_7^2*d_7_11*d_8_13^3+2258*d_6_9*d_7_11^5+27740*d_7_11*d_8_13^4
G[49]=d_5_7^2*d_7_11^3*d_8_13-30849*d_5_7*d_6_9^6-6506*d_5_7*d_6_9^3*d_8_13^2+31373*d_5_7*d_6_9^2*d_7_11^2*d_8_13+24061*d_5_7*d_6_9*d_7_11^4-25618*d_5_7*d_8_13^4-7508*d_6_9^4*d_7_11*d_8_13+25506*d_6_9^3*d_7_11^3+12795*d_6_9*d_7_11*d_8_13^3-17222*d_7_11^3*d_8_13^2
G[50]=d_5_7^2*d_7_11^5
G[51]=d_5_7^2*d_6_9*d_8_13^3-12847*d_5_7^2*d_7_11^2*d_8_13^2-26813*d_5_7*d_6_9^5*d_7_11-2690*d_5_7*d_6_9^2*d_7_11*d_8_13^2-31306*d_5_7*d_6_9*d_7_11^3*d_8_13-8105*d_5_7*d_7_11^5-11498*d_6_9^7-20975*d_6_9^4*d_8_13^2+32546*d_6_9^3*d_7_11^2*d_8_13+31382*d_6_9^2*d_7_11^4-22315*d_6_9*d_8_13^4-4340*d_7_11^2*d_8_13^3
G[52]=d_5_7^2*d_6_9*d_7_11*d_8_13^2-19433*d_5_7*d_6_9^6+18890*d_5_7*d_6_9^3*d_8_13^2-24401*d_5_7*d_6_9^2*d_7_11^2*d_8_13-32272*d_5_7*d_6_9*d_7_11^4+8957*d_5_7*d_8_13^4-32526*d_6_9^4*d_7_11*d_8_13+22625*d_6_9^3*d_7_11^3-27634*d_6_9*d_7_11*d_8_13^3+9158*d_7_11^3*d_8_13^2
G[53]=d_5_7^2*d_6_9*d_7_11^4+7129*d_6_9^5*d_7_11^2-17663*d_6_9^3*d_8_13^3-2472*d_6_9^2*d_7_11^2*d_8_13^2+10099*d_6_9*d_7_11^4*d_8_13-24110*d_7_11^6+27942*d_8_13^5
G[54]=d_5_7^2*d_6_9^2*d_7_11^2*d_8_13+25401*d_6_9^5*d_7_11^2+29423*d_6_9^3*d_8_13^3-5121*d_6_9^2*d_7_11^2*d_8_13^2-17984*d_6_9*d_7_11^4*d_8_13-16733*d_7_11^6+24587*d_8_13^5
G[55]=d_5_7^2*d_6_9^2*d_7_11^3+11973*d_6_9*d_7_11^5+3811*d_7_11*d_8_13^4
G[56]=d_5_7^2*d_6_9^3*d_8_13^2+29146*d_6_9^5*d_7_11^2-16304*d_6_9^3*d_8_13^3-17657*d_6_9^2*d_7_11^2*d_8_13^2+30061*d_6_9*d_7_11^4*d_8_13+11380*d_7_11^6-28290*d_8_13^5
G[57]=d_5_7^2*d_6_9^3*d_7_11*d_8_13-23206*d_6_9*d_7_11^5-10216*d_7_11*d_8_13^4
G[58]=d_5_7^2*d_6_9^3*d_7_11^2-27465*d_5_7^2*d_7_11^2*d_8_13^2-28678*d_5_7*d_6_9^5*d_7_11-32181*d_5_7*d_6_9^2*d_7_11*d_8_13^2-15788*d_5_7*d_6_9*d_7_11^3*d_8_13-11694*d_5_7*d_7_11^5+5401*d_6_9^7-14141*d_6_9^4*d_8_13^2+19107*d_6_9^3*d_7_11^2*d_8_13-29447*d_6_9^2*d_7_11^4-19959*d_6_9*d_8_13^4+18619*d_7_11^2*d_8_13^3
G[59]=d_5_7^2*d_6_9^4*d_8_13-20662*d_5_7^2*d_7_11^2*d_8_13^2+22171*d_5_7*d_6_9^5*d_7_11+28081*d_5_7*d_6_9^2*d_7_11*d_8_13^2+9575*d_5_7*d_6_9*d_7_11^3*d_8_13+5070*d_5_7*d_7_11^5-29164*d_6_9^7-10863*d_6_9^4*d_8_13^2-19182*d_6_9^3*d_7_11^2*d_8_13-8524*d_6_9^2*d_7_11^4+16638*d_6_9*d_8_13^4+20750*d_7_11^2*d_8_13^3
G[60]=d_5_7^2*d_6_9^4*d_7_11-3189*d_5_7*d_6_9^6-8362*d_5_7*d_6_9^3*d_8_13^2+14802*d_5_7*d_6_9^2*d_7_11^2*d_8_13-24310*d_5_7*d_6_9*d_7_11^4+1225*d_5_7*d_8_13^4-21791*d_6_9^4*d_7_11*d_8_13+10894*d_6_9^3*d_7_11^3-8421*d_6_9*d_7_11*d_8_13^3-9792*d_7_11^3*d_8_13^2
G[61]=d_5_7^2*d_6_9^6-11896*d_6_9^5*d_7_11^2-20568*d_6_9^3*d_8_13^3-10222*d_6_9^2*d_7_11^2*d_8_13^2+21296*d_6_9*d_7_11^4*d_8_13-28033*d_7_11^6-19981*d_8_13^5
G[62]=d_5_7^3*d_8_13^3+7445*d_5_7*d_6_9^6+16063*d_5_7*d_6_9^3*d_8_13^2-3925*d_5_7*d_6_9^2*d_7_11^2*d_8_13+670*d_5_7*d_6_9*d_7_11^4+29939*d_5_7*d_8_13^4-6295*d_6_9^4*d_7_11*d_8_13+28591*d_6_9^3*d_7_11^3+3297*d_6_9*d_7_11*d_8_13^3-22551*d_7_11^3*d_8_13^2
G[63]=d_5_7^3*d_7_11^2*d_8_13^2
G[64]=d_5_7^3*d_7_11^4+16928*d_6_9*d_7_11^5+10418*d_7_11*d_8_13^4
G[65]=d_5_7^3*d_6_9*d_7_11^2*d_8_13-7773*d_6_9*d_7_11^5-11311*d_7_11*d_8_13^4
G[66]=d_5_7^3*d_6_9*d_7_11^3-891*d_5_7^2*d_7_11^2*d_8_13^2+21823*d_5_7*d_6_9^5*d_7_11+15770*d_5_7*d_6_9^2*d_7_11*d_8_13^2+4541*d_5_7*d_6_9*d_7_11^3*d_8_13-3252*d_5_7*d_7_11^5+18362*d_6_9^7+28615*d_6_9^4*d_8_13^2-22290*d_6_9^3*d_7_11^2*d_8_13-6204*d_6_9^2*d_7_11^4+10529*d_6_9*d_8_13^4-19008*d_7_11^2*d_8_13^3
G[67]=d_5_7^3*d_6_9^2*d_8_13^2+9948*d_6_9*d_7_11^5+2170*d_7_11*d_8_13^4
G[68]=d_5_7^3*d_6_9^2*d_7_11*d_8_13-31719*d_5_7^2*d_7_11^2*d_8_13^2+28612*d_5_7*d_6_9^5*d_7_11-27776*d_5_7*d_6_9^2*d_7_11*d_8_13^2-13005*d_5_7*d_6_9*d_7_11^3*d_8_13+29361*d_5_7*d_7_11^5-6036*d_6_9^7-25655*d_6_9^4*d_8_13^2-10188*d_6_9^3*d_7_11^2*d_8_13+6304*d_6_9^2*d_7_11^4-17508*d_6_9*d_8_13^4+19562*d_7_11^2*d_8_13^3
G[69]=d_5_7^3*d_6_9^2*d_7_11^2-14510*d_5_7*d_6_9^6-20012*d_5_7*d_6_9^3*d_8_13^2+21834*d_5_7*d_6_9^2*d_7_11^2*d_8_13-27422*d_5_7*d_6_9*d_7_11^4-17226*d_5_7*d_8_13^4+3947*d_6_9^4*d_7_11*d_8_13+3422*d_6_9^3*d_7_11^3-31356*d_6_9*d_7_11*d_8_13^3+1971*d_7_11^3*d_8_13^2
G[70]=d_5_7^3*d_6_9^3*d_8_13-23584*d_5_7*d_6_9^6+15972*d_5_7*d_6_9^3*d_8_13^2+15028*d_5_7*d_6_9^2*d_7_11^2*d_8_13-14727*d_5_7*d_6_9*d_7_11^4-11953*d_5_7*d_8_13^4-16142*d_6_9^4*d_7_11*d_8_13+22987*d_6_9^3*d_7_11^3-27559*d_6_9*d_7_11*d_8_13^3-26231*d_7_11^3*d_8_13^2
G[71]=d_5_7^3*d_6_9^5+8339*d_6_9*d_7_11^5+32716*d_7_11*d_8_13^4
G[72]=d_5_7^4*d_7_11*d_8_13^2+29530*d_6_9*d_7_11^5-21944*d_7_11*d_8_13^4
G[73]=d_5_7^4*d_7_11^2*d_8_13-30925*d_5_7^2*d_7_11^2*d_8_13^2+876*d_5_7*d_6_9^5*d_7_11-4216*d_5_7*d_6_9^2*d_7_11*d_8_13^2-23832*d_5_7*d_6_9*d_7_11^3*d_8_13-32702*d_5_7*d_7_11^5+29937*d_6_9^7-15052*d_6_9^4*d_8_13^2+30954*d_6_9^3*d_7_11^2*d_8_13-530*d_6_9^2*d_7_11^4-25809*d_6_9*d_8_13^4-10176*d_7_11^2*d_8_13^3
G[74]=d_5_7^4*d_7_11^3-31367*d_5_7*d_6_9^6+11203*d_5_7*d_6_9^3*d_8_13^2+15043*d_5_7*d_6_9^2*d_7_11^2*d_8_13-23742*d_5_7*d_6_9*d_7_11^4+10509*d_5_7*d_8_13^4-22251*d_6_9^4*d_7_11*d_8_13+29347*d_6_9^3*d_7_11^3+11353*d_6_9*d_7_11*d_8_13^3-26809*d_7_11^3*d_8_13^2
G[75]=d_5_7^4*d_6_9*d_8_13^2-6049*d_5_7^2*d_7_11^2*d_8_13^2+18646*d_5_7*d_6_9^5*d_7_11-22743*d_5_7*d_6_9^2*d_7_11*d_8_13^2-21183*d_5_7*d_6_9*d_7_11^3*d_8_13-7777*d_5_7*d_7_11^5+2486*d_6_9^7+4835*d_6_9^4*d_8_13^2+15258*d_6_9^3*d_7_11^2*d_8_13+9853*d_6_9^2*d_7_11^4+4829*d_6_9*d_8_13^4+7070*d_7_11^2*d_8_13^3
G[76]=d_5_7^4*d_6_9*d_7_11*d_8_13+14334*d_5_7*d_6_9^6-15489*d_5_7*d_6_9^3*d_8_13^2-17464*d_5_7*d_6_9^2*d_7_11^2*d_8_13+23593*d_5_7*d_6_9*d_7_11^4-9915*d_5_7*d_8_13^4-6988*d_6_9^4*d_7_11*d_8_13+1892*d_6_9^3*d_7_11^3+29289*d_6_9*d_7_11*d_8_13^3+23477*d_7_11^3*d_8_13^2
G[77]=d_5_7^4*d_6_9^2*d_7_11+12874*d_5_7^3*d_6_9^4+1554*d_5_7^3*d_6_9*d_8_13^2-19314*d_5_7^3*d_7_11^2*d_8_13+7080*d_5_7^2*d_6_9^2*d_7_11*d_8_13+30781*d_5_7^2*d_6_9*d_7_11^3+3233*d_5_7*d_6_9^4*d_8_13+17949*d_5_7*d_6_9^3*d_7_11^2-25353*d_5_7*d_6_9*d_8_13^3-21951*d_5_7*d_7_11^2*d_8_13^2-2643*d_6_9^5*d_7_11-12467*d_6_9^2*d_7_11*d_8_13^2-19075*d_6_9*d_7_11^3*d_8_13-13395*d_7_11^5
G[78]=d_5_7^4*d_6_9^4-9625*d_5_7^2*d_7_11^2*d_8_13^2-14424*d_5_7*d_6_9^5*d_7_11+5403*d_5_7*d_6_9^2*d_7_11*d_8_13^2-13906*d_5_7*d_6_9*d_7_11^3*d_8_13+6308*d_5_7*d_7_11^5+10204*d_6_9^7-26600*d_6_9^4*d_8_13^2-4343*d_6_9^3*d_7_11^2*d_8_13+17346*d_6_9^2*d_7_11^4+28714*d_6_9*d_8_13^4+30491*d_7_11^2*d_8_13^3
G[79]=d_5_7^5*d_8_13^2+14186*d_5_7*d_6_9^6+8603*d_5_7*d_6_9^3*d_8_13^2+8101*d_5_7*d_6_9^2*d_7_11^2*d_8_13-16408*d_5_7*d_6_9*d_7_11^4-16376*d_5_7*d_8_13^4+32785*d_6_9^4*d_7_11*d_8_13-6802*d_6_9^3*d_7_11^3-25661*d_6_9*d_7_11*d_8_13^3+10433*d_7_11^3*d_8_13^2
G[80]=d_5_7^5*d_7_11^2-5248*d_5_7^3*d_6_9^4-14901*d_5_7^3*d_6_9*d_8_13^2-9978*d_5_7^3*d_7_11^2*d_8_13-2760*d_5_7^2*d_6_9^2*d_7_11*d_8_13-14643*d_5_7^2*d_6_9*d_7_11^3-18274*d_5_7*d_6_9^4*d_8_13+19763*d_5_7*d_6_9^3*d_7_11^2+26983*d_5_7*d_6_9*d_8_13^3+10870*d_5_7*d_7_11^2*d_8_13^2-3742*d_6_9^5*d_7_11-14857*d_6_9^2*d_7_11*d_8_13^2-23043*d_6_9*d_7_11^3*d_8_13+2025*d_7_11^5
G[81]=d_5_7^5*d_6_9*d_8_13+23965*d_5_7^3*d_6_9^4-26963*d_5_7^3*d_6_9*d_8_13^2+29144*d_5_7^3*d_7_11^2*d_8_13-7816*d_5_7^2*d_6_9^2*d_7_11*d_8_13+17456*d_5_7^2*d_6_9*d_7_11^3+15376*d_5_7*d_6_9^4*d_8_13-32689*d_5_7*d_6_9^3*d_7_11^2+9110*d_5_7*d_6_9*d_8_13^3+32295*d_5_7*d_7_11^2*d_8_13^2+8682*d_6_9^5*d_7_11-28691*d_6_9^2*d_7_11*d_8_13^2+4569*d_6_9*d_7_11^3*d_8_13+11362*d_7_11^5
G[82]=d_5_7^5*d_6_9^3+19190*d_5_7*d_6_9^6-18956*d_5_7*d_6_9^3*d_8_13^2-20598*d_5_7*d_6_9^2*d_7_11^2*d_8_13+28911*d_5_7*d_6_9*d_7_11^4-29616*d_5_7*d_8_13^4-20682*d_6_9^4*d_7_11*d_8_13-26896*d_6_9^3*d_7_11^3+18985*d_6_9*d_7_11*d_8_13^3+17*d_7_11^3*d_8_13^2
G[83]=d_5_7^6*d_7_11*d_8_13-8176*d_6_9*d_7_11^5+8436*d_7_11*d_8_13^4
G[84]=d_5_7^6*d_6_9*d_7_11+18822*d_5_7*d_6_9^6+22415*d_5_7*d_6_9^3*d_8_13^2+3449*d_5_7*d_6_9^2*d_7_11^2*d_8_13-1369*d_5_7*d_6_9*d_7_11^4+12710*d_5_7*d_8_13^4-18287*d_6_9^4*d_7_11*d_8_13-912*d_6_9^3*d_7_11^3+21413*d_6_9*d_7_11*d_8_13^3-15433*d_7_11^3*d_8_13^2
G[85]=d_5_7^6*d_6_9^2-32130*d_5_7^5*d_7_11*d_8_13-14647*d_5_7^4*d_6_9^2*d_8_13+24049*d_5_7^4*d_6_9*d_7_11^2-5531*d_5_7^3*d_6_9^3*d_7_11-10708*d_5_7^3*d_7_11*d_8_13^2-7049*d_5_7^2*d_6_9^5-24585*d_5_7^2*d_6_9^2*d_8_13^2-25165*d_5_7^2*d_6_9*d_7_11^2*d_8_13-19188*d_5_7^2*d_7_11^4-12856*d_5_7*d_6_9^3*d_7_11*d_8_13-31320*d_5_7*d_6_9^2*d_7_11^3-2830*d_5_7*d_7_11*d_8_13^3-25145*d_6_9^4*d_7_11^2+20384*d_6_9*d_7_11^2*d_8_13^2-25164*d_7_11^4*d_8_13
G[86]=d_5_7^7*d_8_13+3101*d_5_7*d_6_9^6-25218*d_5_7*d_6_9^3*d_8_13^2-13592*d_5_7*d_6_9^2*d_7_11^2*d_8_13-10742*d_5_7*d_6_9*d_7_11^4-14086*d_5_7*d_8_13^4+20831*d_6_9^4*d_7_11*d_8_13+7435*d_6_9^3*d_7_11^3+17672*d_6_9*d_7_11*d_8_13^3+6518*d_7_11^3*d_8_13^2
G[87]=d_5_7^7*d_7_11+17854*d_5_7^5*d_7_11*d_8_13-16857*d_5_7^4*d_6_9^2*d_8_13+27344*d_5_7^4*d_6_9*d_7_11^2-6366*d_5_7^3*d_6_9^3*d_7_11+19052*d_5_7^3*d_7_11*d_8_13^2+27073*d_5_7^2*d_6_9^5-8336*d_5_7^2*d_6_9^2*d_8_13^2+14886*d_5_7^2*d_6_9*d_7_11^2*d_8_13+5776*d_5_7^2*d_7_11^4-14024*d_5_7*d_6_9^3*d_7_11*d_8_13-16690*d_5_7*d_6_9^2*d_7_11^3-12952*d_5_7*d_7_11*d_8_13^3-16053*d_6_9^4*d_7_11^2-15966*d_6_9*d_7_11^2*d_8_13^2-31446*d_7_11^4*d_8_13
G[88]=d_5_7^7*d_6_9-29169*d_5_7^3*d_6_9^4+18622*d_5_7^3*d_6_9*d_8_13^2-25985*d_5_7^3*d_7_11^2*d_8_13+13532*d_5_7^2*d_6_9^2*d_7_11*d_8_13-8528*d_5_7^2*d_6_9*d_7_11^3-9791*d_5_7*d_6_9^4*d_8_13+31716*d_5_7*d_6_9^3*d_7_11^2-24821*d_5_7*d_6_9*d_8_13^3+21535*d_5_7*d_7_11^2*d_8_13^2+32600*d_6_9^5*d_7_11-18069*d_6_9^2*d_7_11*d_8_13^2-9427*d_6_9*d_7_11^3*d_8_13-27156*d_7_11^5
G[89]=d_5_7^9-23345*d_5_7*d_6_9^6+24324*d_5_7*d_6_9^3*d_8_13^2-27388*d_5_7*d_6_9^2*d_7_11^2*d_8_13+29874*d_5_7*d_6_9*d_7_11^4+18057*d_5_7*d_8_13^4+2214*d_6_9^4*d_7_11*d_8_13-13331*d_6_9^3*d_7_11^3+20383*d_6_9*d_7_11*d_8_13^3-12642*d_7_11^3*d_8_13^2
G[90]=d_4_5*d_8_13^4+27726*d_5_7^5*d_7_11*d_8_13-21530*d_5_7^4*d_6_9^2*d_8_13+31974*d_5_7^4*d_6_9*d_7_11^2-23889*d_5_7^3*d_6_9^3*d_7_11-5644*d_5_7^3*d_7_11*d_8_13^2-24324*d_5_7^2*d_6_9^5+25093*d_5_7^2*d_6_9^2*d_8_13^2-27697*d_5_7^2*d_6_9*d_7_11^2*d_8_13+8800*d_5_7^2*d_7_11^4+16097*d_5_7*d_6_9^3*d_7_11*d_8_13-29254*d_5_7*d_6_9^2*d_7_11^3-16883*d_5_7*d_7_11*d_8_13^3-3317*d_6_9^5*d_8_13-5583*d_6_9^4*d_7_11^2-19387*d_6_9^2*d_8_13^3-26581*d_6_9*d_7_11^2*d_8_13^2+17513*d_7_11^4*d_8_13
G[91]=d_4_5*d_7_11*d_8_13^3+25967*d_5_7^3*d_6_9^4-22513*d_5_7^3*d_6_9*d_8_13^2-28836*d_5_7^3*d_7_11^2*d_8_13+26396*d_5_7^2*d_6_9^2*d_7_11*d_8_13+13435*d_5_7^2*d_6_9*d_7_11^3-24877*d_5_7*d_6_9^4*d_8_13+18925*d_5_7*d_6_9^3*d_7_11^2-13201*d_5_7*d_6_9*d_8_13^3+25085*d_5_7*d_7_11^2*d_8_13^2+23330*d_6_9^5*d_7_11-25672*d_6_9^2*d_7_11*d_8_13^2-10960*d_6_9*d_7_11^3*d_8_13-2886*d_7_11^5
G[92]=d_4_5*d_7_11^3*d_8_13^2+16517*d_6_9*d_7_11^5+26984*d_7_11*d_8_13^4
G[93]=d_4_5*d_7_11^4*d_8_13-20355*d_5_7^2*d_7_11^2*d_8_13^2+2399*d_5_7*d_6_9^5*d_7_11-5275*d_5_7*d_6_9^2*d_7_11*d_8_13^2-18401*d_5_7*d_6_9*d_7_11^3*d_8_13+6664*d_5_7*d_7_11^5+17331*d_6_9^7+32604*d_6_9^4*d_8_13^2+9424*d_6_9^3*d_7_11^2*d_8_13+17554*d_6_9^2*d_7_11^4-30008*d_6_9*d_8_13^4-518*d_7_11^2*d_8_13^3
G[94]=d_4_5*d_7_11^5-13606*d_5_7*d_6_9^6+24544*d_5_7*d_6_9^3*d_8_13^2-21260*d_5_7*d_6_9^2*d_7_11^2*d_8_13-6856*d_5_7*d_6_9*d_7_11^4+24420*d_5_7*d_8_13^4+26454*d_6_9^4*d_7_11*d_8_13-29777*d_6_9^3*d_7_11^3+16724*d_6_9*d_7_11*d_8_13^3-9671*d_7_11^3*d_8_13^2
G[95]=d_4_5*d_6_9*d_7_11^2*d_8_13^2-3398*d_5_7^2*d_7_11^2*d_8_13^2-11537*d_5_7*d_6_9^5*d_7_11+21311*d_5_7*d_6_9^2*d_7_11*d_8_13^2+6769*d_5_7*d_6_9*d_7_11^3*d_8_13-28323*d_5_7*d_7_11^5+29595*d_6_9^7-23313*d_6_9^4*d_8_13^2-3705*d_6_9^3*d_7_11^2*d_8_13-16916*d_6_9^2*d_7_11^4+19452*d_6_9*d_8_13^4-29351*d_7_11^2*d_8_13^3
G[96]=d_4_5*d_6_9*d_7_11^3*d_8_13-29711*d_5_7*d_6_9^6-9175*d_5_7*d_6_9^3*d_8_13^2-24920*d_5_7*d_6_9^2*d_7_11^2*d_8_13-11555*d_5_7*d_6_9*d_7_11^4+1702*d_5_7*d_8_13^4-4322*d_6_9^4*d_7_11*d_8_13-8037*d_6_9^3*d_7_11^3+13600*d_6_9*d_7_11*d_8_13^3+4030*d_7_11^3*d_8_13^2
G[97]=d_4_5*d_6_9*d_7_11^4-16033*d_5_7^5*d_7_11*d_8_13+3205*d_5_7^4*d_6_9^2*d_8_13+14659*d_5_7^4*d_6_9*d_7_11^2-14298*d_5_7^3*d_6_9^3*d_7_11+32163*d_5_7^3*d_7_11*d_8_13^2+6391*d_5_7^2*d_6_9^5-21530*d_5_7^2*d_6_9^2*d_8_13^2-8933*d_5_7^2*d_6_9*d_7_11^2*d_8_13-3588*d_5_7^2*d_7_11^4+6175*d_5_7*d_6_9^3*d_7_11*d_8_13-11225*d_5_7*d_6_9^2*d_7_11^3-20485*d_5_7*d_7_11*d_8_13^3-4265*d_6_9^4*d_7_11^2-17585*d_6_9*d_7_11^2*d_8_13^2-4227*d_7_11^4*d_8_13
G[98]=d_4_5*d_6_9^2*d_8_13^3-3050*d_5_7^2*d_7_11^2*d_8_13^2-13172*d_5_7*d_6_9^5*d_7_11+9916*d_5_7*d_6_9^2*d_7_11*d_8_13^2+1634*d_5_7*d_6_9*d_7_11^3*d_8_13-30066*d_5_7*d_7_11^5-26149*d_6_9^7+29180*d_6_9^4*d_8_13^2+17324*d_6_9^3*d_7_11^2*d_8_13+2130*d_6_9^2*d_7_11^4+30713*d_6_9*d_8_13^4+7858*d_7_11^2*d_8_13^3
G[99]=d_4_5*d_6_9^2*d_7_11*d_8_13^2+22860*d_5_7*d_6_9^6-3247*d_5_7*d_6_9^3*d_8_13^2+7855*d_5_7*d_6_9^2*d_7_11^2*d_8_13-5957*d_5_7*d_6_9*d_7_11^4+1335*d_5_7*d_8_13^4+19107*d_6_9^4*d_7_11*d_8_13-123*d_6_9^3*d_7_11^3+11472*d_6_9*d_7_11*d_8_13^3-27543*d_7_11^3*d_8_13^2
G[100]=d_4_5*d_6_9^2*d_7_11^2*d_8_13+32415*d_5_7^5*d_7_11*d_8_13+26762*d_5_7^4*d_6_9^2*d_8_13+12981*d_5_7^4*d_6_9*d_7_11^2-27780*d_5_7^3*d_6_9^3*d_7_11+19235*d_5_7^3*d_7_11*d_8_13^2+19116*d_5_7^2*d_6_9^5-1465*d_5_7^2*d_6_9^2*d_8_13^2+10868*d_5_7^2*d_6_9*d_7_11^2*d_8_13+31827*d_5_7^2*d_7_11^4+16014*d_5_7*d_6_9^3*d_7_11*d_8_13-21986*d_5_7*d_6_9^2*d_7_11^3-24998*d_5_7*d_7_11*d_8_13^3+9512*d_6_9^4*d_7_11^2-8584*d_6_9*d_7_11^2*d_8_13^2+3811*d_7_11^4*d_8_13
G[101]=d_4_5*d_6_9^2*d_7_11^3-4861*d_5_7^3*d_6_9^4+15211*d_5_7^3*d_6_9*d_8_13^2+18272*d_5_7^3*d_7_11^2*d_8_13-30508*d_5_7^2*d_6_9^2*d_7_11*d_8_13-11024*d_5_7^2*d_6_9*d_7_11^3-15482*d_5_7*d_6_9^4*d_8_13-3362*d_5_7*d_6_9^3*d_7_11^2-8543*d_5_7*d_6_9*d_8_13^3+18578*d_5_7*d_7_11^2*d_8_13^2-17461*d_6_9^5*d_7_11+4531*d_6_9^2*d_7_11*d_8_13^2+2820*d_6_9*d_7_11^3*d_8_13-9852*d_7_11^5
G[102]=d_4_5*d_6_9^3*d_8_13^2+30143*d_5_7^5*d_7_11*d_8_13-2116*d_5_7^4*d_6_9^2*d_8_13+4192*d_5_7^4*d_6_9*d_7_11^2-15874*d_5_7^3*d_6_9^3*d_7_11-30435*d_5_7^3*d_7_11*d_8_13^2+26091*d_5_7^2*d_6_9^5+9327*d_5_7^2*d_6_9^2*d_8_13^2+6480*d_5_7^2*d_6_9*d_7_11^2*d_8_13-26393*d_5_7^2*d_7_11^4+31388*d_5_7*d_6_9^3*d_7_11*d_8_13+32347*d_5_7*d_6_9^2*d_7_11^3+7972*d_5_7*d_7_11*d_8_13^3+22472*d_6_9^5*d_8_13+23496*d_6_9^4*d_7_11^2-26759*d_6_9^2*d_8_13^3+10047*d_6_9*d_7_11^2*d_8_13^2-14807*d_7_11^4*d_8_13
G[103]=d_4_5*d_6_9^3*d_7_11*d_8_13-12145*d_5_7^3*d_6_9^4+26718*d_5_7^3*d_6_9*d_8_13^2-25053*d_5_7^3*d_7_11^2*d_8_13-15492*d_5_7^2*d_6_9^2*d_7_11*d_8_13+22081*d_5_7^2*d_6_9*d_7_11^3-19289*d_5_7*d_6_9^4*d_8_13-29284*d_5_7*d_6_9^3*d_7_11^2+13252*d_5_7*d_6_9*d_8_13^3+23009*d_5_7*d_7_11^2*d_8_13^2-22739*d_6_9^5*d_7_11-15223*d_6_9^2*d_7_11*d_8_13^2+3590*d_6_9*d_7_11^3*d_8_13+22917*d_7_11^5
G[104]=d_4_5*d_6_9^4*d_7_11^2+19344*d_5_7^2*d_7_11^2*d_8_13^2-19075*d_5_7*d_6_9^5*d_7_11-29460*d_5_7*d_6_9^2*d_7_11*d_8_13^2+5424*d_5_7*d_6_9*d_7_11^3*d_8_13+24712*d_5_7*d_7_11^5+7608*d_6_9^7+29592*d_6_9^4*d_8_13^2-20936*d_6_9^3*d_7_11^2*d_8_13+29611*d_6_9^2*d_7_11^4+20339*d_6_9*d_8_13^4-23102*d_7_11^2*d_8_13^3
G[105]=d_4_5*d_6_9^5*d_8_13+24575*d_5_7^2*d_7_11^2*d_8_13^2-13586*d_5_7*d_6_9^5*d_7_11+32229*d_5_7*d_6_9^2*d_7_11*d_8_13^2+5694*d_5_7*d_6_9*d_7_11^3*d_8_13-18235*d_5_7*d_7_11^5-13278*d_6_9^7-2168*d_6_9^4*d_8_13^2-24327*d_6_9^3*d_7_11^2*d_8_13-6208*d_6_9^2*d_7_11^4-13466*d_6_9*d_8_13^4+32478*d_7_11^2*d_8_13^3
G[106]=d_4_5*d_6_9^5*d_7_11+13580*d_5_7*d_6_9^6+7797*d_5_7*d_6_9^3*d_8_13^2-20573*d_5_7*d_6_9^2*d_7_11^2*d_8_13-27314*d_5_7*d_6_9*d_7_11^4-29205*d_5_7*d_8_13^4-29584*d_6_9^4*d_7_11*d_8_13-361*d_6_9^3*d_7_11^3-22909*d_6_9*d_7_11*d_8_13^3-32742*d_7_11^3*d_8_13^2
G[107]=d_4_5*d_6_9^6-17929*d_5_7^5*d_7_11*d_8_13-22309*d_5_7^4*d_6_9^2*d_8_13+11513*d_5_7^4*d_6_9*d_7_11^2-25139*d_5_7^3*d_6_9^3*d_7_11-29548*d_5_7^3*d_7_11*d_8_13^2-9715*d_5_7^2*d_6_9^5-16242*d_5_7^2*d_6_9^2*d_8_13^2-27826*d_5_7^2*d_6_9*d_7_11^2*d_8_13+28990*d_5_7^2*d_7_11^4+25215*d_5_7*d_6_9^3*d_7_11*d_8_13+19952*d_5_7*d_6_9^2*d_7_11^3-5456*d_5_7*d_7_11*d_8_13^3-6894*d_6_9^5*d_8_13+6014*d_6_9^4*d_7_11^2+12940*d_6_9^2*d_8_13^3-14310*d_6_9*d_7_11^2*d_8_13^2-23076*d_7_11^4*d_8_13
G[108]=d_4_5*d_5_7*d_8_13^3+27714*d_4_5*d_6_9^4*d_7_11+21220*d_4_5*d_6_9*d_7_11*d_8_13^2-32218*d_4_5*d_7_11^3*d_8_13-26554*d_5_7^6*d_7_11+23423*d_5_7^5*d_6_9^2-30275*d_5_7^4*d_7_11*d_8_13+19407*d_5_7^3*d_6_9^2*d_8_13+4667*d_5_7^3*d_6_9*d_7_11^2-15087*d_5_7^2*d_6_9^3*d_7_11-22455*d_5_7^2*d_7_11*d_8_13^2-21409*d_5_7*d_6_9^5+28527*d_5_7*d_6_9^2*d_8_13^2-8392*d_5_7*d_6_9*d_7_11^2*d_8_13+16071*d_5_7*d_7_11^4-13129*d_6_9^3*d_7_11*d_8_13-31748*d_6_9^2*d_7_11^3-27780*d_7_11*d_8_13^3
G[109]=d_4_5*d_5_7*d_7_11^2*d_8_13^2-29407*d_5_7*d_6_9^6-2776*d_5_7*d_6_9^3*d_8_13^2+13361*d_5_7*d_6_9^2*d_7_11^2*d_8_13-31235*d_5_7*d_6_9*d_7_11^4+22404*d_5_7*d_8_13^4+2147*d_6_9^4*d_7_11*d_8_13-19807*d_6_9^3*d_7_11^3+7666*d_6_9*d_7_11*d_8_13^3+16927*d_7_11^3*d_8_13^2
G[110]=d_4_5*d_5_7*d_7_11^3*d_8_13+25138*d_5_7^5*d_7_11*d_8_13+28286*d_5_7^4*d_6_9^2*d_8_13-6800*d_5_7^4*d_6_9*d_7_11^2+24635*d_5_7^3*d_6_9^3*d_7_11-16006*d_5_7^3*d_7_11*d_8_13^2+2277*d_5_7^2*d_6_9^5+13405*d_5_7^2*d_6_9^2*d_8_13^2-24833*d_5_7^2*d_6_9*d_7_11^2*d_8_13-1443*d_5_7^2*d_7_11^4-5926*d_5_7*d_6_9^3*d_7_11*d_8_13-20904*d_5_7*d_6_9^2*d_7_11^3+25191*d_5_7*d_7_11*d_8_13^3-28983*d_6_9^4*d_7_11^2+18390*d_6_9*d_7_11^2*d_8_13^2-29020*d_7_11^4*d_8_13
G[111]=d_4_5*d_5_7*d_7_11^4+6194*d_5_7^3*d_6_9^4+7472*d_5_7^3*d_6_9*d_8_13^2-4204*d_5_7^3*d_7_11^2*d_8_13-27655*d_5_7^2*d_6_9^2*d_7_11*d_8_13+15525*d_5_7^2*d_6_9*d_7_11^3+18320*d_5_7*d_6_9^4*d_8_13+25951*d_5_7*d_6_9^3*d_7_11^2+4488*d_5_7*d_6_9*d_8_13^3+4497*d_5_7*d_7_11^2*d_8_13^2-26815*d_6_9^5*d_7_11-4199*d_6_9^2*d_7_11*d_8_13^2+19563*d_6_9*d_7_11^3*d_8_13-9614*d_7_11^5
G[112]=d_4_5*d_5_7*d_6_9*d_7_11*d_8_13^2+14305*d_5_7^5*d_7_11*d_8_13+28410*d_5_7^4*d_6_9^2*d_8_13-25276*d_5_7^4*d_6_9*d_7_11^2-25594*d_5_7^3*d_6_9^3*d_7_11+2303*d_5_7^3*d_7_11*d_8_13^2-25801*d_5_7^2*d_6_9^5-25213*d_5_7^2*d_6_9^2*d_8_13^2+15820*d_5_7^2*d_6_9*d_7_11^2*d_8_13-11266*d_5_7^2*d_7_11^4+29355*d_5_7*d_6_9^3*d_7_11*d_8_13-6388*d_5_7*d_6_9^2*d_7_11^3+9560*d_5_7*d_7_11*d_8_13^3+2573*d_6_9^4*d_7_11^2-12489*d_6_9*d_7_11^2*d_8_13^2-16845*d_7_11^4*d_8_13
G[113]=d_4_5*d_5_7*d_6_9*d_7_11^2*d_8_13-30786*d_5_7^3*d_6_9^4-16910*d_5_7^3*d_6_9*d_8_13^2-21164*d_5_7^3*d_7_11^2*d_8_13-17207*d_5_7^2*d_6_9^2*d_7_11*d_8_13+23303*d_5_7^2*d_6_9*d_7_11^3-28829*d_5_7*d_6_9^4*d_8_13-16007*d_5_7*d_6_9^3*d_7_11^2+23945*d_5_7*d_6_9*d_8_13^3+20787*d_5_7*d_7_11^2*d_8_13^2-29380*d_6_9^5*d_7_11-12105*d_6_9^2*d_7_11*d_8_13^2-1501*d_6_9*d_7_11^3*d_8_13+6664*d_7_11^5
G[114]=d_4_5*d_5_7*d_6_9*d_7_11^3+14268*d_4_5*d_6_9^4*d_8_13-19692*d_4_5*d_6_9^3*d_7_11^2-20805*d_4_5*d_6_9*d_8_13^3+11570*d_4_5*d_7_11^2*d_8_13^2+23882*d_5_7^8+15786*d_5_7^6*d_8_13+18524*d_5_7^5*d_6_9*d_7_11-9602*d_5_7^4*d_6_9^3+18046*d_5_7^4*d_8_13^2+20710*d_5_7^3*d_6_9*d_7_11*d_8_13+12177*d_5_7^3*d_7_11^3-22575*d_5_7^2*d_6_9^3*d_8_13+9810*d_5_7^2*d_6_9^2*d_7_11^2-16838*d_5_7^2*d_8_13^3+5029*d_5_7*d_6_9^4*d_7_11-30532*d_5_7*d_6_9*d_7_11*d_8_13^2+30031*d_5_7*d_7_11^3*d_8_13+22625*d_6_9^6-20596*d_6_9^3*d_8_13^2-3073*d_6_9^2*d_7_11^2*d_8_13-14876*d_6_9*d_7_11^4-28595*d_8_13^4
G[115]=d_4_5*d_5_7*d_6_9^2*d_8_13^2-10850*d_5_7^3*d_6_9^4+31248*d_5_7^3*d_6_9*d_8_13^2+5997*d_5_7^3*d_7_11^2*d_8_13+21900*d_5_7^2*d_6_9^2*d_7_11*d_8_13-3099*d_5_7^2*d_6_9*d_7_11^3+2571*d_5_7*d_6_9^4*d_8_13-24593*d_5_7*d_6_9^3*d_7_11^2-31402*d_5_7*d_6_9*d_8_13^3+2941*d_5_7*d_7_11^2*d_8_13^2+29683*d_6_9^5*d_7_11-21569*d_6_9^2*d_7_11*d_8_13^2-10938*d_6_9*d_7_11^3*d_8_13+10337*d_7_11^5
G[116]=d_4_5*d_5_7*d_6_9^2*d_7_11*d_8_13-29447*d_4_5*d_6_9^4*d_8_13-10851*d_4_5*d_6_9^3*d_7_11^2-11263*d_4_5*d_6_9*d_8_13^3+5554*d_4_5*d_7_11^2*d_8_13^2+24160*d_5_7^8+11334*d_5_7^6*d_8_13+14973*d_5_7^5*d_6_9*d_7_11-4421*d_5_7^4*d_6_9^3+24561*d_5_7^4*d_8_13^2-6029*d_5_7^3*d_6_9*d_7_11*d_8_13-375*d_5_7^3*d_7_11^3-32586*d_5_7^2*d_6_9^3*d_8_13-26237*d_5_7^2*d_6_9^2*d_7_11^2-32778*d_5_7^2*d_8_13^3-16542*d_5_7*d_6_9^4*d_7_11-25084*d_5_7*d_6_9*d_7_11*d_8_13^2-5477*d_5_7*d_7_11^3*d_8_13-13301*d_6_9^6-24280*d_6_9^3*d_8_13^2-2494*d_6_9^2*d_7_11^2*d_8_13+29143*d_6_9*d_7_11^4-19301*d_8_13^4
G[117]=d_4_5*d_5_7*d_6_9^2*d_7_11^2+3713*d_4_5*d_6_9^4*d_7_11-31250*d_4_5*d_6_9*d_7_11*d_8_13^2-25377*d_4_5*d_7_11^3*d_8_13-18509*d_5_7^6*d_7_11-9690*d_5_7^5*d_6_9^2+20436*d_5_7^4*d_7_11*d_8_13-12862*d_5_7^3*d_6_9^2*d_8_13+10400*d_5_7^3*d_6_9*d_7_11^2-7841*d_5_7^2*d_6_9^3*d_7_11-1592*d_5_7^2*d_7_11*d_8_13^2+2300*d_5_7*d_6_9^5-11764*d_5_7*d_6_9^2*d_8_13^2+7009*d_5_7*d_6_9*d_7_11^2*d_8_13+19874*d_5_7*d_7_11^4-13721*d_6_9^3*d_7_11*d_8_13+8552*d_6_9^2*d_7_11^3-11876*d_7_11*d_8_13^3
G[118]=d_4_5*d_5_7*d_6_9^3*d_8_13-7229*d_4_5*d_6_9^4*d_7_11-3209*d_4_5*d_6_9*d_7_11*d_8_13^2+814*d_4_5*d_7_11^3*d_8_13+21731*d_5_7^6*d_7_11+26285*d_5_7^5*d_6_9^2+21955*d_5_7^4*d_7_11*d_8_13-18948*d_5_7^3*d_6_9^2*d_8_13+27063*d_5_7^3*d_6_9*d_7_11^2-19894*d_5_7^2*d_6_9^3*d_7_11+23531*d_5_7^2*d_7_11*d_8_13^2+30246*d_5_7*d_6_9^5-25807*d_5_7*d_6_9^2*d_8_13^2+11944*d_5_7*d_6_9*d_7_11^2*d_8_13+28354*d_5_7*d_7_11^4+21289*d_6_9^3*d_7_11*d_8_13+23903*d_6_9^2*d_7_11^3+18876*d_7_11*d_8_13^3
G[119]=d_4_5*d_5_7*d_6_9^4*d_7_11+2605*d_5_7^5*d_7_11*d_8_13-16228*d_5_7^4*d_6_9^2*d_8_13-6816*d_5_7^4*d_6_9*d_7_11^2-25503*d_5_7^3*d_6_9^3*d_7_11+26360*d_5_7^3*d_7_11*d_8_13^2-16738*d_5_7^2*d_6_9^5+18899*d_5_7^2*d_6_9^2*d_8_13^2+28327*d_5_7^2*d_6_9*d_7_11^2*d_8_13-9962*d_5_7^2*d_7_11^4+31726*d_5_7*d_6_9^3*d_7_11*d_8_13+5194*d_5_7*d_6_9^2*d_7_11^3-11662*d_5_7*d_7_11*d_8_13^3-21078*d_6_9^4*d_7_11^2-21997*d_6_9*d_7_11^2*d_8_13^2+15245*d_7_11^4*d_8_13
G[120]=d_4_5*d_5_7*d_6_9^5-22268*d_5_7^3*d_6_9^4-10251*d_5_7^3*d_6_9*d_8_13^2-13629*d_5_7^3*d_7_11^2*d_8_13-28582*d_5_7^2*d_6_9^2*d_7_11*d_8_13+22359*d_5_7^2*d_6_9*d_7_11^3+12200*d_5_7*d_6_9^4*d_8_13-23418*d_5_7*d_6_9^3*d_7_11^2-22996*d_5_7*d_6_9*d_8_13^3-7910*d_5_7*d_7_11^2*d_8_13^2-31662*d_6_9^5*d_7_11-6727*d_6_9^2*d_7_11*d_8_13^2+29735*d_6_9*d_7_11^3*d_8_13-9073*d_7_11^5
G[121]=d_4_5*d_5_7^2*d_7_11*d_8_13^2-6425*d_5_7^3*d_6_9^4-26180*d_5_7^3*d_6_9*d_8_13^2+24863*d_5_7^3*d_7_11^2*d_8_13-19663*d_5_7^2*d_6_9^2*d_7_11*d_8_13-29534*d_5_7^2*d_6_9*d_7_11^3-20358*d_5_7*d_6_9^4*d_8_13+23882*d_5_7*d_6_9^3*d_7_11^2-19009*d_5_7*d_6_9*d_8_13^3+9238*d_5_7*d_7_11^2*d_8_13^2+30633*d_6_9^5*d_7_11+28321*d_6_9^2*d_7_11*d_8_13^2-14583*d_6_9*d_7_11^3*d_8_13+21011*d_7_11^5
G[122]=d_4_5*d_5_7^2*d_7_11^2*d_8_13+29408*d_4_5*d_6_9^4*d_8_13-19205*d_4_5*d_6_9^3*d_7_11^2+19407*d_4_5*d_6_9*d_8_13^3+19950*d_4_5*d_7_11^2*d_8_13^2+9687*d_5_7^8-12542*d_5_7^6*d_8_13-8851*d_5_7^5*d_6_9*d_7_11+1788*d_5_7^4*d_6_9^3-19528*d_5_7^4*d_8_13^2-30682*d_5_7^3*d_6_9*d_7_11*d_8_13+32722*d_5_7^3*d_7_11^3+27430*d_5_7^2*d_6_9^3*d_8_13+19353*d_5_7^2*d_6_9^2*d_7_11^2-17003*d_5_7^2*d_8_13^3+27084*d_5_7*d_6_9^4*d_7_11-31417*d_5_7*d_6_9*d_7_11*d_8_13^2+20902*d_5_7*d_7_11^3*d_8_13+10384*d_6_9^6+14540*d_6_9^3*d_8_13^2-31145*d_6_9^2*d_7_11^2*d_8_13-8072*d_6_9*d_7_11^4+30113*d_8_13^4
G[123]=d_4_5*d_5_7^2*d_7_11^3-24396*d_4_5*d_6_9^4*d_7_11-2654*d_4_5*d_6_9*d_7_11*d_8_13^2-16328*d_4_5*d_7_11^3*d_8_13-13714*d_5_7^6*d_7_11+6555*d_5_7^5*d_6_9^2+11410*d_5_7^4*d_7_11*d_8_13-7278*d_5_7^3*d_6_9^2*d_8_13+23701*d_5_7^3*d_6_9*d_7_11^2-27540*d_5_7^2*d_6_9^3*d_7_11-20550*d_5_7^2*d_7_11*d_8_13^2-5631*d_5_7*d_6_9^5-18444*d_5_7*d_6_9^2*d_8_13^2-24122*d_5_7*d_6_9*d_7_11^2*d_8_13+1695*d_5_7*d_7_11^4+13218*d_6_9^3*d_7_11*d_8_13-13774*d_6_9^2*d_7_11^3-28973*d_7_11*d_8_13^3
G[124]=d_4_5*d_5_7^2*d_6_9*d_8_13^2-21191*d_4_5*d_6_9^4*d_8_13-30277*d_4_5*d_6_9^3*d_7_11^2-7556*d_4_5*d_6_9*d_8_13^3+25522*d_4_5*d_7_11^2*d_8_13^2-29586*d_5_7^8-9005*d_5_7^6*d_8_13-27388*d_5_7^5*d_6_9*d_7_11-2234*d_5_7^4*d_6_9^3-6915*d_5_7^4*d_8_13^2-25412*d_5_7^3*d_6_9*d_7_11*d_8_13-30461*d_5_7^3*d_7_11^3-27181*d_5_7^2*d_6_9^3*d_8_13-12166*d_5_7^2*d_6_9^2*d_7_11^2+4950*d_5_7^2*d_8_13^3+6937*d_5_7*d_6_9^4*d_7_11+5573*d_5_7*d_6_9*d_7_11*d_8_13^2-31522*d_5_7*d_7_11^3*d_8_13-838*d_6_9^6+1189*d_6_9^3*d_8_13^2+1878*d_6_9^2*d_7_11^2*d_8_13-27304*d_6_9*d_7_11^4+28524*d_8_13^4
G[125]=d_4_5*d_5_7^2*d_6_9*d_7_11*d_8_13-16558*d_4_5*d_6_9^4*d_7_11+26531*d_4_5*d_6_9*d_7_11*d_8_13^2-1684*d_4_5*d_7_11^3*d_8_13+24838*d_5_7^6*d_7_11+32786*d_5_7^5*d_6_9^2+10267*d_5_7^4*d_7_11*d_8_13-17822*d_5_7^3*d_6_9^2*d_8_13+16056*d_5_7^3*d_6_9*d_7_11^2-19128*d_5_7^2*d_6_9^3*d_7_11-29222*d_5_7^2*d_7_11*d_8_13^2-13761*d_5_7*d_6_9^5-32299*d_5_7*d_6_9^2*d_8_13^2-11034*d_5_7*d_6_9*d_7_11^2*d_8_13+18441*d_5_7*d_7_11^4+17998*d_6_9^3*d_7_11*d_8_13+1923*d_6_9^2*d_7_11^3+32417*d_7_11*d_8_13^3
G[126]=d_4_5*d_5_7^2*d_6_9^3*d_7_11+12964*d_5_7^3*d_6_9^4+1638*d_5_7^3*d_6_9*d_8_13^2+6424*d_5_7^3*d_7_11^2*d_8_13+30817*d_5_7^2*d_6_9^2*d_7_11*d_8_13-28722*d_5_7^2*d_6_9*d_7_11^3-12927*d_5_7*d_6_9^4*d_8_13-21287*d_5_7*d_6_9^3*d_7_11^2+10632*d_5_7*d_6_9*d_8_13^3+4124*d_5_7*d_7_11^2*d_8_13^2+3007*d_6_9^5*d_7_11-12400*d_6_9^2*d_7_11*d_8_13^2+10805*d_6_9*d_7_11^3*d_8_13-12245*d_7_11^5
G[127]=d_4_5*d_5_7^2*d_6_9^4+21299*d_4_5*d_6_9^4*d_8_13+11593*d_4_5*d_6_9^3*d_7_11^2+8721*d_4_5*d_6_9*d_8_13^3+28648*d_4_5*d_7_11^2*d_8_13^2+31402*d_5_7^8-5958*d_5_7^6*d_8_13+21481*d_5_7^5*d_6_9*d_7_11-29501*d_5_7^4*d_6_9^3-7136*d_5_7^4*d_8_13^2+12446*d_5_7^3*d_6_9*d_7_11*d_8_13-27313*d_5_7^3*d_7_11^3+19244*d_5_7^2*d_6_9^3*d_8_13+22702*d_5_7^2*d_6_9^2*d_7_11^2-8921*d_5_7^2*d_8_13^3-1357*d_5_7*d_6_9^4*d_7_11-17756*d_5_7*d_6_9*d_7_11*d_8_13^2-4486*d_5_7*d_7_11^3*d_8_13-5707*d_6_9^6-8946*d_6_9^3*d_8_13^2+7426*d_6_9^2*d_7_11^2*d_8_13+587*d_6_9*d_7_11^4-21924*d_8_13^4
G[128]=d_4_5*d_5_7^3*d_8_13^2-29348*d_4_5*d_6_9^4*d_7_11-26410*d_4_5*d_6_9*d_7_11*d_8_13^2-18917*d_4_5*d_7_11^3*d_8_13+4016*d_5_7^6*d_7_11-15331*d_5_7^5*d_6_9^2+31917*d_5_7^4*d_7_11*d_8_13-26679*d_5_7^3*d_6_9^2*d_8_13-5473*d_5_7^3*d_6_9*d_7_11^2-5150*d_5_7^2*d_6_9^3*d_7_11-607*d_5_7^2*d_7_11*d_8_13^2+22874*d_5_7*d_6_9^5-1551*d_5_7*d_6_9^2*d_8_13^2-14470*d_5_7*d_6_9*d_7_11^2*d_8_13+10604*d_5_7*d_7_11^4-23439*d_6_9^3*d_7_11*d_8_13-20394*d_6_9^2*d_7_11^3-29369*d_7_11*d_8_13^3
G[129]=d_4_5*d_5_7^3*d_7_11^2-25808*d_4_5*d_5_7^2*d_6_9^2*d_7_11-26030*d_4_5*d_5_7*d_6_9^4+27348*d_4_5*d_5_7*d_6_9*d_8_13^2-18201*d_4_5*d_5_7*d_7_11^2*d_8_13-10607*d_4_5*d_6_9^2*d_7_11*d_8_13+30353*d_4_5*d_6_9*d_7_11^3-6660*d_5_7^7-24244*d_5_7^5*d_8_13+188*d_5_7^4*d_6_9*d_7_11-17260*d_5_7^3*d_6_9^3+1598*d_5_7^3*d_8_13^2+28653*d_5_7^2*d_6_9*d_7_11*d_8_13-10418*d_5_7^2*d_7_11^3-19336*d_5_7*d_6_9^3*d_8_13-4665*d_5_7*d_6_9^2*d_7_11^2+3953*d_5_7*d_8_13^3-25007*d_6_9^4*d_7_11+20646*d_6_9*d_7_11*d_8_13^2-19756*d_7_11^3*d_8_13
G[130]=d_4_5*d_5_7^3*d_6_9*d_8_13-1479*d_4_5*d_5_7^2*d_6_9^2*d_7_11+12349*d_4_5*d_5_7*d_6_9^4+24712*d_4_5*d_5_7*d_6_9*d_8_13^2+13900*d_4_5*d_5_7*d_7_11^2*d_8_13+29590*d_4_5*d_6_9^2*d_7_11*d_8_13-21098*d_4_5*d_6_9*d_7_11^3-5702*d_5_7^7+10225*d_5_7^5*d_8_13+26759*d_5_7^4*d_6_9*d_7_11-30369*d_5_7^3*d_6_9^3-4806*d_5_7^3*d_8_13^2+29787*d_5_7^2*d_6_9*d_7_11*d_8_13+20930*d_5_7^2*d_7_11^3-6984*d_5_7*d_6_9^3*d_8_13-22596*d_5_7*d_6_9^2*d_7_11^2+25641*d_5_7*d_8_13^3-21059*d_6_9^4*d_7_11+4322*d_6_9*d_7_11*d_8_13^2+24978*d_7_11^3*d_8_13
G[131]=d_4_5*d_5_7^3*d_6_9^2*d_7_11+5226*d_4_5*d_6_9^4*d_8_13-7501*d_4_5*d_6_9^3*d_7_11^2-6802*d_4_5*d_6_9*d_8_13^3+20986*d_4_5*d_7_11^2*d_8_13^2-9670*d_5_7^8-8423*d_5_7^6*d_8_13-27279*d_5_7^5*d_6_9*d_7_11+10466*d_5_7^4*d_6_9^3+4063*d_5_7^4*d_8_13^2+29683*d_5_7^3*d_6_9*d_7_11*d_8_13+12208*d_5_7^3*d_7_11^3+1722*d_5_7^2*d_6_9^3*d_8_13-20804*d_5_7^2*d_6_9^2*d_7_11^2-26607*d_5_7^2*d_8_13^3-2952*d_5_7*d_6_9^4*d_7_11-11717*d_5_7*d_6_9*d_7_11*d_8_13^2+26564*d_5_7*d_7_11^3*d_8_13+8093*d_6_9^6-15840*d_6_9^3*d_8_13^2-13483*d_6_9^2*d_7_11^2*d_8_13-25703*d_6_9*d_7_11^4-13846*d_8_13^4
G[132]=d_4_5*d_5_7^3*d_6_9^3+2577*d_4_5*d_6_9^4*d_7_11+8880*d_4_5*d_6_9*d_7_11*d_8_13^2-25309*d_4_5*d_7_11^3*d_8_13+11238*d_5_7^6*d_7_11+20006*d_5_7^5*d_6_9^2-14671*d_5_7^4*d_7_11*d_8_13+24693*d_5_7^3*d_6_9^2*d_8_13+13322*d_5_7^3*d_6_9*d_7_11^2-5427*d_5_7^2*d_6_9^3*d_7_11+18797*d_5_7^2*d_7_11*d_8_13^2-7511*d_5_7*d_6_9^5+16747*d_5_7*d_6_9^2*d_8_13^2-22919*d_5_7*d_6_9*d_7_11^2*d_8_13+2782*d_5_7*d_7_11^4-9724*d_6_9^3*d_7_11*d_8_13+17671*d_6_9^2*d_7_11^3+32499*d_7_11*d_8_13^3
G[133]=d_4_5*d_5_7^4*d_7_11*d_8_13-12372*d_5_7^3*d_6_9^4-14156*d_5_7^3*d_6_9*d_8_13^2+27783*d_5_7^3*d_7_11^2*d_8_13-11813*d_5_7^2*d_6_9^2*d_7_11*d_8_13-19099*d_5_7^2*d_6_9*d_7_11^3-20206*d_5_7*d_6_9^4*d_8_13-28906*d_5_7*d_6_9^3*d_7_11^2-25672*d_5_7*d_6_9*d_8_13^3-2091*d_5_7*d_7_11^2*d_8_13^2-23734*d_6_9^5*d_7_11+19037*d_6_9^2*d_7_11*d_8_13^2-25275*d_6_9*d_7_11^3*d_8_13-5945*d_7_11^5
G[134]=d_4_5*d_5_7^4*d_6_9*d_7_11+24078*d_4_5*d_6_9^4*d_7_11+20909*d_4_5*d_6_9*d_7_11*d_8_13^2-23766*d_4_5*d_7_11^3*d_8_13-17780*d_5_7^6*d_7_11+15197*d_5_7^5*d_6_9^2+5209*d_5_7^4*d_7_11*d_8_13-6735*d_5_7^3*d_6_9^2*d_8_13+2557*d_5_7^3*d_6_9*d_7_11^2-14667*d_5_7^2*d_6_9^3*d_7_11-9867*d_5_7^2*d_7_11*d_8_13^2-29697*d_5_7*d_6_9^5-3747*d_5_7*d_6_9^2*d_8_13^2-6623*d_5_7*d_6_9*d_7_11^2*d_8_13-27278*d_5_7*d_7_11^4-29495*d_6_9^3*d_7_11*d_8_13+11535*d_6_9^2*d_7_11^3-15785*d_7_11*d_8_13^3
G[135]=d_4_5*d_5_7^5*d_8_13-17478*d_4_5*d_6_9^4*d_7_11+14608*d_4_5*d_6_9*d_7_11*d_8_13^2-15846*d_4_5*d_7_11^3*d_8_13-110*d_5_7^6*d_7_11+22424*d_5_7^5*d_6_9^2+10296*d_5_7^4*d_7_11*d_8_13-28748*d_5_7^3*d_6_9^2*d_8_13+27763*d_5_7^3*d_6_9*d_7_11^2-4557*d_5_7^2*d_6_9^3*d_7_11+29190*d_5_7^2*d_7_11*d_8_13^2-13318*d_5_7*d_6_9^5+16539*d_5_7*d_6_9^2*d_8_13^2-24629*d_5_7*d_6_9*d_7_11^2*d_8_13-19682*d_5_7*d_7_11^4-7374*d_6_9^3*d_7_11*d_8_13+24555*d_6_9^2*d_7_11^3-13006*d_7_11*d_8_13^3
G[136]=d_4_5*d_5_7^5*d_7_11-31397*d_4_5*d_5_7^4*d_6_9^2+22431*d_4_5*d_5_7^3*d_7_11*d_8_13+16431*d_4_5*d_5_7^2*d_6_9^2*d_8_13+18532*d_4_5*d_5_7^2*d_6_9*d_7_11^2-25738*d_4_5*d_5_7*d_6_9^3*d_7_11+31003*d_4_5*d_5_7*d_7_11*d_8_13^2-9461*d_4_5*d_6_9*d_7_11^2*d_8_13-9485*d_4_5*d_7_11^4-27838*d_5_7^6*d_6_9+18653*d_5_7^4*d_6_9*d_8_13+11068*d_5_7^4*d_7_11^2+388*d_5_7^3*d_6_9^2*d_7_11-7211*d_5_7^2*d_6_9^4-1429*d_5_7^2*d_6_9*d_8_13^2+23978*d_5_7^2*d_7_11^2*d_8_13-1513*d_5_7*d_6_9^2*d_7_11*d_8_13-32719*d_5_7*d_6_9*d_7_11^3+23594*d_6_9^3*d_7_11^2-20483*d_7_11^2*d_8_13^2
G[137]=d_4_5*d_5_7^5*d_6_9+19156*d_4_5*d_5_7^2*d_6_9^2*d_7_11+18510*d_4_5*d_5_7*d_6_9^4+29769*d_4_5*d_5_7*d_6_9*d_8_13^2-24411*d_4_5*d_5_7*d_7_11^2*d_8_13+32192*d_4_5*d_6_9^2*d_7_11*d_8_13+7449*d_4_5*d_6_9*d_7_11^3-3263*d_5_7^7-15349*d_5_7^5*d_8_13-12484*d_5_7^4*d_6_9*d_7_11-32039*d_5_7^3*d_6_9^3+15023*d_5_7^3*d_8_13^2+102*d_5_7^2*d_6_9*d_7_11*d_8_13+30595*d_5_7^2*d_7_11^3+14028*d_5_7*d_6_9^3*d_8_13+30651*d_5_7*d_6_9^2*d_7_11^2-5456*d_5_7*d_8_13^3+17927*d_6_9^4*d_7_11-24821*d_6_9*d_7_11*d_8_13^2+14578*d_7_11^3*d_8_13
G[138]=d_4_5*d_5_7^7-17715*d_4_5*d_6_9^4*d_7_11+14487*d_4_5*d_6_9*d_7_11*d_8_13^2-21470*d_4_5*d_7_11^3*d_8_13-26182*d_5_7^6*d_7_11+258*d_5_7^5*d_6_9^2-25791*d_5_7^4*d_7_11*d_8_13+14960*d_5_7^3*d_6_9^2*d_8_13-4057*d_5_7^3*d_6_9*d_7_11^2-30817*d_5_7^2*d_6_9^3*d_7_11-8309*d_5_7^2*d_7_11*d_8_13^2+393*d_5_7*d_6_9^5+16023*d_5_7*d_6_9^2*d_8_13^2+9210*d_5_7*d_6_9*d_7_11^2*d_8_13+10935*d_5_7*d_7_11^4+18865*d_6_9^3*d_7_11*d_8_13+28033*d_6_9^2*d_7_11^3-10612*d_7_11*d_8_13^3
G[139]=d_4_5^2*d_8_13^3+20566*d_4_5*d_5_7^4*d_6_9^2-11412*d_4_5*d_5_7^3*d_7_11*d_8_13-2925*d_4_5*d_5_7^2*d_6_9^2*d_8_13-13991*d_4_5*d_5_7^2*d_6_9*d_7_11^2+10359*d_4_5*d_5_7*d_6_9^3*d_7_11+12126*d_4_5*d_5_7*d_7_11*d_8_13^2-4481*d_4_5*d_6_9^5+26953*d_4_5*d_6_9^2*d_8_13^2-24109*d_4_5*d_6_9*d_7_11^2*d_8_13-15379*d_4_5*d_7_11^4-742*d_5_7^6*d_6_9+19279*d_5_7^4*d_6_9*d_8_13+26512*d_5_7^4*d_7_11^2+5404*d_5_7^3*d_6_9^2*d_7_11-21669*d_5_7^2*d_6_9^4-18578*d_5_7^2*d_6_9*d_8_13^2-27959*d_5_7^2*d_7_11^2*d_8_13+5354*d_5_7*d_6_9^2*d_7_11*d_8_13+16133*d_5_7*d_6_9*d_7_11^3+20296*d_6_9^4*d_8_13-3187*d_6_9^3*d_7_11^2+10719*d_6_9*d_8_13^3-25732*d_7_11^2*d_8_13^2
G[140]=d_4_5^2*d_7_11*d_8_13^2-8128*d_4_5*d_5_7^2*d_6_9^2*d_7_11+19571*d_4_5*d_5_7*d_6_9^4+12212*d_4_5*d_5_7*d_6_9*d_8_13^2+3807*d_4_5*d_5_7*d_7_11^2*d_8_13-22957*d_4_5*d_6_9^2*d_7_11*d_8_13+6340*d_4_5*d_6_9*d_7_11^3-9556*d_5_7^7-949*d_5_7^5*d_8_13+22011*d_5_7^4*d_6_9*d_7_11-26096*d_5_7^3*d_6_9^3-7775*d_5_7^3*d_8_13^2-14901*d_5_7^2*d_6_9*d_7_11*d_8_13+20677*d_5_7^2*d_7_11^3-22303*d_5_7*d_6_9^3*d_8_13+18095*d_5_7*d_6_9^2*d_7_11^2+22612*d_5_7*d_8_13^3-29633*d_6_9^4*d_7_11+30945*d_6_9*d_7_11*d_8_13^2+8019*d_7_11^3*d_8_13
G[141]=d_4_5^2*d_7_11^3*d_8_13+31975*d_5_7^3*d_6_9^4+19370*d_5_7^3*d_6_9*d_8_13^2-1917*d_5_7^3*d_7_11^2*d_8_13-20734*d_5_7^2*d_6_9^2*d_7_11*d_8_13+14780*d_5_7^2*d_6_9*d_7_11^3+13065*d_5_7*d_6_9^4*d_8_13-8989*d_5_7*d_6_9^3*d_7_11^2-953*d_5_7*d_6_9*d_8_13^3+3255*d_5_7*d_7_11^2*d_8_13^2-24196*d_6_9^5*d_7_11+20934*d_6_9^2*d_7_11*d_8_13^2+8986*d_6_9*d_7_11^3*d_8_13-28225*d_7_11^5
G[142]=d_4_5^2*d_7_11^4-18722*d_4_5*d_6_9^4*d_8_13-13118*d_4_5*d_6_9^3*d_7_11^2-17424*d_4_5*d_6_9*d_8_13^3-20920*d_4_5*d_7_11^2*d_8_13^2-6020*d_5_7^8+31750*d_5_7^6*d_8_13-30582*d_5_7^5*d_6_9*d_7_11-19185*d_5_7^4*d_6_9^3+9936*d_5_7^4*d_8_13^2+17715*d_5_7^3*d_6_9*d_7_11*d_8_13+29526*d_5_7^3*d_7_11^3+26272*d_5_7^2*d_6_9^3*d_8_13-22216*d_5_7^2*d_6_9^2*d_7_11^2+14201*d_5_7^2*d_8_13^3-12527*d_5_7*d_6_9^4*d_7_11+2991*d_5_7*d_6_9*d_7_11*d_8_13^2+20348*d_5_7*d_7_11^3*d_8_13-31530*d_6_9^6+22457*d_6_9^3*d_8_13^2-30957*d_6_9^2*d_7_11^2*d_8_13+19306*d_6_9*d_7_11^4-25412*d_8_13^4
G[143]=d_4_5^2*d_6_9*d_7_11^2*d_8_13-150*d_4_5*d_6_9^4*d_8_13+20261*d_4_5*d_6_9^3*d_7_11^2+15215*d_4_5*d_6_9*d_8_13^3+25000*d_4_5*d_7_11^2*d_8_13^2-6291*d_5_7^8+1856*d_5_7^6*d_8_13+31975*d_5_7^5*d_6_9*d_7_11-24801*d_5_7^4*d_6_9^3+27981*d_5_7^4*d_8_13^2-6776*d_5_7^3*d_6_9*d_7_11*d_8_13-6042*d_5_7^3*d_7_11^3+16862*d_5_7^2*d_6_9^3*d_8_13-27175*d_5_7^2*d_6_9^2*d_7_11^2-9272*d_5_7^2*d_8_13^3+7997*d_5_7*d_6_9^4*d_7_11-24631*d_5_7*d_6_9*d_7_11*d_8_13^2-28904*d_5_7*d_7_11^3*d_8_13+8108*d_6_9^6-24066*d_6_9^3*d_8_13^2+24689*d_6_9^2*d_7_11^2*d_8_13-13246*d_6_9*d_7_11^4+65*d_8_13^4
G[144]=d_4_5^2*d_6_9*d_7_11^3+26037*d_4_5*d_6_9^4*d_7_11-2465*d_4_5*d_6_9*d_7_11*d_8_13^2-18316*d_4_5*d_7_11^3*d_8_13+12469*d_5_7^6*d_7_11+26423*d_5_7^5*d_6_9^2-17756*d_5_7^4*d_7_11*d_8_13+2305*d_5_7^3*d_6_9^2*d_8_13-25244*d_5_7^3*d_6_9*d_7_11^2+14002*d_5_7^2*d_6_9^3*d_7_11-31933*d_5_7^2*d_7_11*d_8_13^2+10424*d_5_7*d_6_9^5+9933*d_5_7*d_6_9^2*d_8_13^2+5738*d_5_7*d_6_9*d_7_11^2*d_8_13+22295*d_5_7*d_7_11^4-14001*d_6_9^3*d_7_11*d_8_13+29156*d_6_9^2*d_7_11^3-22197*d_7_11*d_8_13^3
G[145]=d_4_5^2*d_6_9^2*d_8_13^2+23204*d_4_5*d_6_9^4*d_8_13-4889*d_4_5*d_6_9^3*d_7_11^2+9744*d_4_5*d_6_9*d_8_13^3+18358*d_4_5*d_7_11^2*d_8_13^2-10436*d_5_7^8-4789*d_5_7^6*d_8_13+20119*d_5_7^5*d_6_9*d_7_11-14594*d_5_7^4*d_6_9^3+21199*d_5_7^4*d_8_13^2+22762*d_5_7^3*d_6_9*d_7_11*d_8_13+26976*d_5_7^3*d_7_11^3-14759*d_5_7^2*d_6_9^3*d_8_13-6139*d_5_7^2*d_6_9^2*d_7_11^2-18016*d_5_7^2*d_8_13^3-14708*d_5_7*d_6_9^4*d_7_11-3976*d_5_7*d_6_9*d_7_11*d_8_13^2+30179*d_5_7*d_7_11^3*d_8_13-13552*d_6_9^6-18130*d_6_9^3*d_8_13^2-13402*d_6_9^2*d_7_11^2*d_8_13+6200*d_6_9*d_7_11^4+23373*d_8_13^4
G[146]=d_4_5^2*d_6_9^2*d_7_11*d_8_13-4558*d_4_5*d_6_9^4*d_7_11+24527*d_4_5*d_6_9*d_7_11*d_8_13^2+5641*d_4_5*d_7_11^3*d_8_13-32174*d_5_7^6*d_7_11-26982*d_5_7^5*d_6_9^2-3804*d_5_7^4*d_7_11*d_8_13+25103*d_5_7^3*d_6_9^2*d_8_13+27206*d_5_7^3*d_6_9*d_7_11^2-17935*d_5_7^2*d_6_9^3*d_7_11-2753*d_5_7^2*d_7_11*d_8_13^2-1344*d_5_7*d_6_9^5+17694*d_5_7*d_6_9^2*d_8_13^2-29850*d_5_7*d_6_9*d_7_11^2*d_8_13-27712*d_5_7*d_7_11^4-22007*d_6_9^3*d_7_11*d_8_13+8169*d_6_9^2*d_7_11^3+17155*d_7_11*d_8_13^3
G[147]=d_4_5^2*d_6_9^2*d_7_11^2+26348*d_4_5*d_5_7^4*d_6_9^2+17390*d_4_5*d_5_7^3*d_7_11*d_8_13-15525*d_4_5*d_5_7^2*d_6_9^2*d_8_13+19011*d_4_5*d_5_7^2*d_6_9*d_7_11^2-30956*d_4_5*d_5_7*d_6_9^3*d_7_11-7363*d_4_5*d_5_7*d_7_11*d_8_13^2+9885*d_4_5*d_6_9*d_7_11^2*d_8_13+11655*d_4_5*d_7_11^4+12717*d_5_7^6*d_6_9-21707*d_5_7^4*d_6_9*d_8_13-30470*d_5_7^4*d_7_11^2+4085*d_5_7^3*d_6_9^2*d_7_11-26535*d_5_7^2*d_6_9^4+14419*d_5_7^2*d_6_9*d_8_13^2-22469*d_5_7^2*d_7_11^2*d_8_13-32284*d_5_7*d_6_9^2*d_7_11*d_8_13+32174*d_5_7*d_6_9*d_7_11^3-678*d_6_9^3*d_7_11^2+28487*d_7_11^2*d_8_13^2
G[148]=d_4_5^2*d_6_9^3*d_8_13+59*d_4_5*d_5_7^4*d_6_9^2-15386*d_4_5*d_5_7^3*d_7_11*d_8_13-23791*d_4_5*d_5_7^2*d_6_9^2*d_8_13-5530*d_4_5*d_5_7^2*d_6_9*d_7_11^2+16072*d_4_5*d_5_7*d_6_9^3*d_7_11-23079*d_4_5*d_5_7*d_7_11*d_8_13^2-7261*d_4_5*d_6_9^5-30446*d_4_5*d_6_9^2*d_8_13^2-30200*d_4_5*d_6_9*d_7_11^2*d_8_13-26454*d_4_5*d_7_11^4+31303*d_5_7^6*d_6_9+20162*d_5_7^4*d_6_9*d_8_13-24956*d_5_7^4*d_7_11^2+28444*d_5_7^3*d_6_9^2*d_7_11+2629*d_5_7^2*d_6_9^4-6587*d_5_7^2*d_6_9*d_8_13^2-9992*d_5_7^2*d_7_11^2*d_8_13+9415*d_5_7*d_6_9^2*d_7_11*d_8_13-26062*d_5_7*d_6_9*d_7_11^3+30942*d_6_9^4*d_8_13-11019*d_6_9^3*d_7_11^2-26375*d_6_9*d_8_13^3+23082*d_7_11^2*d_8_13^2
G[149]=d_4_5^2*d_6_9^3*d_7_11+21362*d_4_5*d_5_7^2*d_6_9^2*d_7_11-10662*d_4_5*d_5_7*d_6_9^4-1605*d_4_5*d_5_7*d_6_9*d_8_13^2+10021*d_4_5*d_5_7*d_7_11^2*d_8_13-2832*d_4_5*d_6_9^2*d_7_11*d_8_13+6880*d_4_5*d_6_9*d_7_11^3+24341*d_5_7^7+6094*d_5_7^5*d_8_13+26809*d_5_7^4*d_6_9*d_7_11-32637*d_5_7^3*d_6_9^3+5950*d_5_7^3*d_8_13^2-28462*d_5_7^2*d_6_9*d_7_11*d_8_13+13623*d_5_7^2*d_7_11^3-20833*d_5_7*d_6_9^3*d_8_13+7445*d_5_7*d_6_9^2*d_7_11^2-9382*d_5_7*d_8_13^3-21148*d_6_9^4*d_7_11+5324*d_6_9*d_7_11*d_8_13^2-10248*d_7_11^3*d_8_13
G[150]=d_4_5^2*d_6_9^5-2365*d_4_5*d_6_9^4*d_8_13+18156*d_4_5*d_6_9^3*d_7_11^2-4529*d_4_5*d_6_9*d_8_13^3+19302*d_4_5*d_7_11^2*d_8_13^2+2093*d_5_7^8+21114*d_5_7^6*d_8_13-5747*d_5_7^5*d_6_9*d_7_11+25363*d_5_7^4*d_6_9^3-10693*d_5_7^4*d_8_13^2-31790*d_5_7^3*d_6_9*d_7_11*d_8_13+22402*d_5_7^3*d_7_11^3+19677*d_5_7^2*d_6_9^3*d_8_13-12530*d_5_7^2*d_6_9^2*d_7_11^2+8859*d_5_7^2*d_8_13^3-14602*d_5_7*d_6_9^4*d_7_11-16588*d_5_7*d_6_9*d_7_11*d_8_13^2+2311*d_5_7*d_7_11^3*d_8_13+6871*d_6_9^6-4881*d_6_9^3*d_8_13^2+2903*d_6_9^2*d_7_11^2*d_8_13-28877*d_6_9*d_7_11^4+465*d_8_13^4
G[151]=d_4_5^2*d_5_7*d_8_13^2+18583*d_4_5^2*d_6_9*d_7_11*d_8_13+24631*d_4_5^2*d_7_11^3-15583*d_4_5*d_5_7^4*d_7_11+17882*d_4_5*d_5_7^3*d_6_9^2+26378*d_4_5*d_5_7^2*d_7_11*d_8_13+30260*d_4_5*d_5_7*d_6_9^2*d_8_13+20903*d_4_5*d_5_7*d_6_9*d_7_11^2-15298*d_4_5*d_6_9^3*d_7_11-5296*d_4_5*d_7_11*d_8_13^2+19213*d_5_7^5*d_6_9+27200*d_5_7^3*d_6_9*d_8_13-30508*d_5_7^3*d_7_11^2+29150*d_5_7^2*d_6_9^2*d_7_11+9775*d_5_7*d_6_9^4+28602*d_5_7*d_6_9*d_8_13^2-3078*d_5_7*d_7_11^2*d_8_13+15571*d_6_9^2*d_7_11*d_8_13-31444*d_6_9*d_7_11^3
G[152]=d_4_5^2*d_5_7*d_7_11^2*d_8_13-29483*d_4_5*d_6_9^4*d_7_11-29147*d_4_5*d_6_9*d_7_11*d_8_13^2+16372*d_4_5*d_7_11^3*d_8_13-24818*d_5_7^6*d_7_11+19648*d_5_7^5*d_6_9^2-21654*d_5_7^4*d_7_11*d_8_13-6698*d_5_7^3*d_6_9^2*d_8_13-29519*d_5_7^3*d_6_9*d_7_11^2-27283*d_5_7^2*d_6_9^3*d_7_11+18604*d_5_7^2*d_7_11*d_8_13^2+19608*d_5_7*d_6_9^5+30375*d_5_7*d_6_9^2*d_8_13^2-739*d_5_7*d_6_9*d_7_11^2*d_8_13-24652*d_5_7*d_7_11^4-32324*d_6_9^3*d_7_11*d_8_13+24318*d_6_9^2*d_7_11^3+31774*d_7_11*d_8_13^3
G[153]=d_4_5^2*d_5_7*d_7_11^3+443*d_4_5*d_5_7^4*d_6_9^2+3474*d_4_5*d_5_7^3*d_7_11*d_8_13-20955*d_4_5*d_5_7^2*d_6_9^2*d_8_13+1716*d_4_5*d_5_7^2*d_6_9*d_7_11^2-24471*d_4_5*d_5_7*d_6_9^3*d_7_11+8960*d_4_5*d_5_7*d_7_11*d_8_13^2+27227*d_4_5*d_6_9*d_7_11^2*d_8_13-10861*d_4_5*d_7_11^4+7668*d_5_7^6*d_6_9+4584*d_5_7^4*d_6_9*d_8_13-7320*d_5_7^4*d_7_11^2-720*d_5_7^3*d_6_9^2*d_7_11-18457*d_5_7^2*d_6_9^4-9367*d_5_7^2*d_6_9*d_8_13^2+5112*d_5_7^2*d_7_11^2*d_8_13-6953*d_5_7*d_6_9^2*d_7_11*d_8_13-30115*d_5_7*d_6_9*d_7_11^3+13344*d_6_9^3*d_7_11^2+14061*d_7_11^2*d_8_13^2
G[154]=d_4_5^2*d_5_7*d_6_9*d_7_11*d_8_13-32576*d_4_5*d_5_7^4*d_6_9^2-10760*d_4_5*d_5_7^3*d_7_11*d_8_13-18880*d_4_5*d_5_7^2*d_6_9^2*d_8_13+24451*d_4_5*d_5_7^2*d_6_9*d_7_11^2+20869*d_4_5*d_5_7*d_6_9^3*d_7_11+19139*d_4_5*d_5_7*d_7_11*d_8_13^2+8201*d_4_5*d_6_9*d_7_11^2*d_8_13-20399*d_4_5*d_7_11^4+12115*d_5_7^6*d_6_9+12146*d_5_7^4*d_6_9*d_8_13-4788*d_5_7^4*d_7_11^2+13833*d_5_7^3*d_6_9^2*d_7_11+14117*d_5_7^2*d_6_9^4+5894*d_5_7^2*d_6_9*d_8_13^2+15368*d_5_7^2*d_7_11^2*d_8_13+6783*d_5_7*d_6_9^2*d_7_11*d_8_13-4515*d_5_7*d_6_9*d_7_11^3-2186*d_6_9^3*d_7_11^2-13790*d_7_11^2*d_8_13^2
G[155]=d_4_5^2*d_5_7*d_6_9*d_7_11^2+15881*d_4_5*d_5_7^2*d_6_9^2*d_7_11-23455*d_4_5*d_5_7*d_6_9^4-20519*d_4_5*d_5_7*d_6_9*d_8_13^2-1181*d_4_5*d_5_7*d_7_11^2*d_8_13-13917*d_4_5*d_6_9^2*d_7_11*d_8_13-8022*d_4_5*d_6_9*d_7_11^3-20412*d_5_7^7-14381*d_5_7^5*d_8_13-21419*d_5_7^4*d_6_9*d_7_11-7026*d_5_7^3*d_6_9^3+263*d_5_7^3*d_8_13^2-2198*d_5_7^2*d_6_9*d_7_11*d_8_13-6878*d_5_7^2*d_7_11^3-10267*d_5_7*d_6_9^3*d_8_13+886*d_5_7*d_6_9^2*d_7_11^2-17467*d_5_7*d_8_13^3-7913*d_6_9^4*d_7_11-1943*d_6_9*d_7_11*d_8_13^2+6226*d_7_11^3*d_8_13
G[156]=d_4_5^2*d_5_7*d_6_9^2*d_8_13-11798*d_4_5*d_5_7^2*d_6_9^2*d_7_11-3670*d_4_5*d_5_7*d_6_9^4+6410*d_4_5*d_5_7*d_6_9*d_8_13^2+30751*d_4_5*d_5_7*d_7_11^2*d_8_13-23023*d_4_5*d_6_9^2*d_7_11*d_8_13-11326*d_4_5*d_6_9*d_7_11^3-1918*d_5_7^7+25584*d_5_7^5*d_8_13-20243*d_5_7^4*d_6_9*d_7_11+11463*d_5_7^3*d_6_9^3+2493*d_5_7^3*d_8_13^2+15307*d_5_7^2*d_6_9*d_7_11*d_8_13-19668*d_5_7^2*d_7_11^3+10687*d_5_7*d_6_9^3*d_8_13-19434*d_5_7*d_6_9^2*d_7_11^2-22632*d_5_7*d_8_13^3+18666*d_6_9^4*d_7_11-5344*d_6_9*d_7_11*d_8_13^2-15772*d_7_11^3*d_8_13
G[157]=d_4_5^2*d_5_7*d_6_9^2*d_7_11-15209*d_4_5^2*d_6_9^4+28072*d_4_5^2*d_6_9*d_8_13^2+15840*d_4_5^2*d_7_11^2*d_8_13+20083*d_4_5*d_5_7^6-1711*d_4_5*d_5_7^4*d_8_13+22575*d_4_5*d_5_7^3*d_6_9*d_7_11-8481*d_4_5*d_5_7^2*d_6_9^3-22610*d_4_5*d_5_7^2*d_8_13^2+8608*d_4_5*d_5_7*d_6_9*d_7_11*d_8_13+22331*d_4_5*d_5_7*d_7_11^3+17597*d_4_5*d_6_9^3*d_8_13+28965*d_4_5*d_6_9^2*d_7_11^2-27753*d_4_5*d_8_13^3+13250*d_5_7^5*d_7_11-19838*d_5_7^4*d_6_9^2+4219*d_5_7^3*d_7_11*d_8_13+15034*d_5_7^2*d_6_9^2*d_8_13-23351*d_5_7^2*d_6_9*d_7_11^2-26687*d_5_7*d_6_9^3*d_7_11+9544*d_5_7*d_7_11*d_8_13^2+22675*d_6_9^5+12570*d_6_9^2*d_8_13^2-22664*d_6_9*d_7_11^2*d_8_13+11798*d_7_11^4
G[158]=d_4_5^2*d_5_7*d_6_9^3+23421*d_4_5^2*d_6_9*d_7_11*d_8_13-6447*d_4_5^2*d_7_11^3-28824*d_4_5*d_5_7^4*d_7_11-28199*d_4_5*d_5_7^3*d_6_9^2-650*d_4_5*d_5_7^2*d_7_11*d_8_13-32496*d_4_5*d_5_7*d_6_9^2*d_8_13+21862*d_4_5*d_5_7*d_6_9*d_7_11^2+25076*d_4_5*d_6_9^3*d_7_11+27155*d_4_5*d_7_11*d_8_13^2-3431*d_5_7^5*d_6_9-9742*d_5_7^3*d_6_9*d_8_13+9519*d_5_7^3*d_7_11^2-2163*d_5_7^2*d_6_9^2*d_7_11+20757*d_5_7*d_6_9^4-24327*d_5_7*d_6_9*d_8_13^2-740*d_5_7*d_7_11^2*d_8_13-26416*d_6_9^2*d_7_11*d_8_13+11628*d_6_9*d_7_11^3
G[159]=d_4_5^2*d_5_7^2*d_7_11*d_8_13-32337*d_4_5*d_5_7^2*d_6_9^2*d_7_11+32316*d_4_5*d_5_7*d_6_9^4+28851*d_4_5*d_5_7*d_6_9*d_8_13^2-4666*d_4_5*d_5_7*d_7_11^2*d_8_13-5232*d_4_5*d_6_9^2*d_7_11*d_8_13-5517*d_4_5*d_6_9*d_7_11^3+8661*d_5_7^7+16481*d_5_7^5*d_8_13+6790*d_5_7^4*d_6_9*d_7_11+13015*d_5_7^3*d_6_9^3-12557*d_5_7^3*d_8_13^2-30785*d_5_7^2*d_6_9*d_7_11*d_8_13-2264*d_5_7^2*d_7_11^3+32774*d_5_7*d_6_9^3*d_8_13+13368*d_5_7*d_6_9^2*d_7_11^2-30153*d_5_7*d_8_13^3-17624*d_6_9^4*d_7_11+10886*d_6_9*d_7_11*d_8_13^2-28220*d_7_11^3*d_8_13
G[160]=d_4_5^2*d_5_7^2*d_7_11^2+29612*d_4_5^2*d_6_9^4-9092*d_4_5^2*d_6_9*d_8_13^2+2758*d_4_5^2*d_7_11^2*d_8_13-27395*d_4_5*d_5_7^6+16195*d_4_5*d_5_7^4*d_8_13-5785*d_4_5*d_5_7^3*d_6_9*d_7_11+9803*d_4_5*d_5_7^2*d_6_9^3+13044*d_4_5*d_5_7^2*d_8_13^2+3808*d_4_5*d_5_7*d_6_9*d_7_11*d_8_13+244*d_4_5*d_5_7*d_7_11^3-16888*d_4_5*d_6_9^3*d_8_13+14205*d_4_5*d_6_9^2*d_7_11^2+17934*d_4_5*d_8_13^3+15472*d_5_7^5*d_7_11+2846*d_5_7^4*d_6_9^2-29366*d_5_7^3*d_7_11*d_8_13+8537*d_5_7^2*d_6_9^2*d_8_13-15484*d_5_7^2*d_6_9*d_7_11^2+377*d_5_7*d_6_9^3*d_7_11+995*d_5_7*d_7_11*d_8_13^2-17411*d_6_9^5+22475*d_6_9^2*d_8_13^2-4900*d_6_9*d_7_11^2*d_8_13-22256*d_7_11^4
G[161]=d_4_5^2*d_5_7^2*d_6_9*d_8_13+3922*d_4_5^2*d_6_9^4+10652*d_4_5^2*d_6_9*d_8_13^2+621*d_4_5^2*d_7_11^2*d_8_13+20075*d_4_5*d_5_7^6-2431*d_4_5*d_5_7^4*d_8_13+10095*d_4_5*d_5_7^3*d_6_9*d_7_11+463*d_4_5*d_5_7^2*d_6_9^3-24319*d_4_5*d_5_7^2*d_8_13^2-13229*d_4_5*d_5_7*d_6_9*d_7_11*d_8_13-14224*d_4_5*d_5_7*d_7_11^3-19897*d_4_5*d_6_9^3*d_8_13-17090*d_4_5*d_6_9^2*d_7_11^2+16305*d_4_5*d_8_13^3+32368*d_5_7^5*d_7_11+28374*d_5_7^4*d_6_9^2+1348*d_5_7^3*d_7_11*d_8_13+11843*d_5_7^2*d_6_9^2*d_8_13+31187*d_5_7^2*d_6_9*d_7_11^2+20404*d_5_7*d_6_9^3*d_7_11+10632*d_5_7*d_7_11*d_8_13^2-18101*d_6_9^5+23539*d_6_9^2*d_8_13^2+29457*d_6_9*d_7_11^2*d_8_13-23985*d_7_11^4
G[162]=d_4_5^2*d_5_7^2*d_6_9*d_7_11-25942*d_4_5^2*d_6_9*d_7_11*d_8_13+2231*d_4_5^2*d_7_11^3+4776*d_4_5*d_5_7^4*d_7_11-24733*d_4_5*d_5_7^3*d_6_9^2+19643*d_4_5*d_5_7^2*d_7_11*d_8_13-9901*d_4_5*d_5_7*d_6_9^2*d_8_13-16525*d_4_5*d_5_7*d_6_9*d_7_11^2+32052*d_4_5*d_6_9^3*d_7_11+18365*d_4_5*d_7_11*d_8_13^2+715*d_5_7^5*d_6_9+481*d_5_7^3*d_6_9*d_8_13+10492*d_5_7^3*d_7_11^2+8900*d_5_7^2*d_6_9^2*d_7_11+17658*d_5_7*d_6_9^4+4322*d_5_7*d_6_9*d_8_13^2-21891*d_5_7*d_7_11^2*d_8_13+31926*d_6_9^2*d_7_11*d_8_13-18403*d_6_9*d_7_11^3
G[163]=d_4_5^2*d_5_7^3*d_8_13-18368*d_4_5^2*d_6_9*d_7_11*d_8_13+4050*d_4_5^2*d_7_11^3-32091*d_4_5*d_5_7^4*d_7_11-4450*d_4_5*d_5_7^3*d_6_9^2-16285*d_4_5*d_5_7^2*d_7_11*d_8_13-27103*d_4_5*d_5_7*d_6_9^2*d_8_13-23769*d_4_5*d_5_7*d_6_9*d_7_11^2+31926*d_4_5*d_6_9^3*d_7_11-8874*d_4_5*d_7_11*d_8_13^2-18283*d_5_7^5*d_6_9-21116*d_5_7^3*d_6_9*d_8_13-10721*d_5_7^3*d_7_11^2-25078*d_5_7^2*d_6_9^2*d_7_11-11193*d_5_7*d_6_9^4-32229*d_5_7*d_6_9*d_8_13^2+18963*d_5_7*d_7_11^2*d_8_13+8856*d_6_9^2*d_7_11*d_8_13+24266*d_6_9*d_7_11^3
G[164]=d_4_5^2*d_5_7^3*d_6_9-7507*d_4_5^2*d_5_7*d_6_9*d_8_13-10631*d_4_5^2*d_5_7*d_7_11^2+10891*d_4_5^2*d_6_9^2*d_7_11-27683*d_4_5*d_5_7^5+26399*d_4_5*d_5_7^3*d_8_13+8002*d_4_5*d_5_7^2*d_6_9*d_7_11+13874*d_4_5*d_5_7*d_6_9^3+2159*d_4_5*d_5_7*d_8_13^2-11216*d_4_5*d_6_9*d_7_11*d_8_13+9862*d_4_5*d_7_11^3-29875*d_5_7^4*d_7_11-2947*d_5_7^3*d_6_9^2+14985*d_5_7^2*d_7_11*d_8_13-20301*d_5_7*d_6_9^2*d_8_13-9276*d_5_7*d_6_9*d_7_11^2+14600*d_6_9^3*d_7_11+27414*d_7_11*d_8_13^2
G[165]=d_4_5^2*d_5_7^4*d_7_11+28736*d_4_5*d_5_7^2*d_6_9^2*d_7_11+25555*d_4_5*d_5_7*d_6_9^4+30988*d_4_5*d_5_7*d_6_9*d_8_13^2-12142*d_4_5*d_5_7*d_7_11^2*d_8_13-29168*d_4_5*d_6_9^2*d_7_11*d_8_13-26245*d_4_5*d_6_9*d_7_11^3-7876*d_5_7^7+7437*d_5_7^5*d_8_13-5051*d_5_7^4*d_6_9*d_7_11-3034*d_5_7^3*d_6_9^3-482*d_5_7^3*d_8_13^2+5886*d_5_7^2*d_6_9*d_7_11*d_8_13+7696*d_5_7^2*d_7_11^3-647*d_5_7*d_6_9^3*d_8_13-17817*d_5_7*d_6_9^2*d_7_11^2+5216*d_5_7*d_8_13^3+20919*d_6_9^4*d_7_11-12104*d_6_9*d_7_11*d_8_13^2-30159*d_7_11^3*d_8_13
G[166]=d_4_5^2*d_5_7^5+21262*d_4_5^2*d_6_9*d_7_11*d_8_13+7507*d_4_5^2*d_7_11^3+27478*d_4_5*d_5_7^4*d_7_11+14082*d_4_5*d_5_7^3*d_6_9^2-20654*d_4_5*d_5_7^2*d_7_11*d_8_13+12052*d_4_5*d_5_7*d_6_9^2*d_8_13-3545*d_4_5*d_5_7*d_6_9*d_7_11^2-4521*d_4_5*d_6_9^3*d_7_11-27639*d_4_5*d_7_11*d_8_13^2+18663*d_5_7^5*d_6_9-1423*d_5_7^3*d_6_9*d_8_13+26287*d_5_7^3*d_7_11^2-10303*d_5_7^2*d_6_9^2*d_7_11-21562*d_5_7*d_6_9^4-11492*d_5_7*d_6_9*d_8_13^2+6804*d_5_7*d_7_11^2*d_8_13-32273*d_6_9^2*d_7_11*d_8_13+30515*d_6_9*d_7_11^3
G[167]=d_4_5^3*d_7_11*d_8_13+7109*d_4_5^2*d_5_7*d_6_9*d_8_13-2043*d_4_5^2*d_5_7*d_7_11^2-653*d_4_5^2*d_6_9^2*d_7_11-26728*d_4_5*d_5_7^5-19720*d_4_5*d_5_7^3*d_8_13+18637*d_4_5*d_5_7^2*d_6_9*d_7_11-23932*d_4_5*d_5_7*d_6_9^3-16322*d_4_5*d_5_7*d_8_13^2+26909*d_4_5*d_6_9*d_7_11*d_8_13-29247*d_4_5*d_7_11^3+11309*d_5_7^4*d_7_11-5907*d_5_7^3*d_6_9^2-25220*d_5_7^2*d_7_11*d_8_13-4358*d_5_7*d_6_9^2*d_8_13+14412*d_5_7*d_6_9*d_7_11^2+8179*d_6_9^3*d_7_11-10961*d_7_11*d_8_13^2
G[168]=d_4_5^3*d_7_11^3-1571*d_4_5*d_5_7^2*d_6_9^2*d_7_11-12706*d_4_5*d_5_7*d_6_9^4+21026*d_4_5*d_5_7*d_6_9*d_8_13^2-23748*d_4_5*d_5_7*d_7_11^2*d_8_13+31766*d_4_5*d_6_9^2*d_7_11*d_8_13-20098*d_4_5*d_6_9*d_7_11^3+31283*d_5_7^7-7145*d_5_7^5*d_8_13-21522*d_5_7^4*d_6_9*d_7_11-14772*d_5_7^3*d_6_9^3+23136*d_5_7^3*d_8_13^2-27449*d_5_7^2*d_6_9*d_7_11*d_8_13-26032*d_5_7^2*d_7_11^3-32498*d_5_7*d_6_9^3*d_8_13-12346*d_5_7*d_6_9^2*d_7_11^2-4551*d_5_7*d_8_13^3+22020*d_6_9^4*d_7_11+2657*d_6_9*d_7_11*d_8_13^2-20715*d_7_11^3*d_8_13
G[169]=d_4_5^3*d_6_9*d_8_13^2-21620*d_4_5*d_5_7^4*d_6_9^2-15612*d_4_5*d_5_7^3*d_7_11*d_8_13-9554*d_4_5*d_5_7^2*d_6_9^2*d_8_13-22859*d_4_5*d_5_7^2*d_6_9*d_7_11^2-5404*d_4_5*d_5_7*d_6_9^3*d_7_11-14478*d_4_5*d_5_7*d_7_11*d_8_13^2+471*d_4_5*d_6_9^5-28185*d_4_5*d_6_9^2*d_8_13^2+19529*d_4_5*d_6_9*d_7_11^2*d_8_13-3466*d_4_5*d_7_11^4-1351*d_5_7^6*d_6_9-4625*d_5_7^4*d_6_9*d_8_13-27599*d_5_7^4*d_7_11^2-32549*d_5_7^3*d_6_9^2*d_7_11-10071*d_5_7^2*d_6_9^4-19221*d_5_7^2*d_6_9*d_8_13^2-31600*d_5_7^2*d_7_11^2*d_8_13+24861*d_5_7*d_6_9^2*d_7_11*d_8_13+28006*d_5_7*d_6_9*d_7_11^3-21393*d_6_9^4*d_8_13-9170*d_6_9^3*d_7_11^2-26297*d_6_9*d_8_13^3-6485*d_7_11^2*d_8_13^2
G[170]=d_4_5^3*d_6_9*d_7_11^2+17630*d_4_5^2*d_6_9^4-8417*d_4_5^2*d_6_9*d_8_13^2+12390*d_4_5^2*d_7_11^2*d_8_13+5982*d_4_5*d_5_7^6+18722*d_4_5*d_5_7^4*d_8_13+12338*d_4_5*d_5_7^3*d_6_9*d_7_11-1865*d_4_5*d_5_7^2*d_6_9^3-2231*d_4_5*d_5_7^2*d_8_13^2+26123*d_4_5*d_5_7*d_6_9*d_7_11*d_8_13+15996*d_4_5*d_5_7*d_7_11^3-10728*d_4_5*d_6_9^3*d_8_13-31858*d_4_5*d_6_9^2*d_7_11^2+19503*d_4_5*d_8_13^3+13523*d_5_7^5*d_7_11+31930*d_5_7^4*d_6_9^2-842*d_5_7^3*d_7_11*d_8_13-20687*d_5_7^2*d_6_9^2*d_8_13-6228*d_5_7^2*d_6_9*d_7_11^2-28754*d_5_7*d_6_9^3*d_7_11-9069*d_5_7*d_7_11*d_8_13^2+17684*d_6_9^5+15893*d_6_9^2*d_8_13^2-17536*d_6_9*d_7_11^2*d_8_13+21714*d_7_11^4
G[171]=d_4_5^3*d_6_9^2*d_8_13-17576*d_4_5^2*d_6_9^4-27374*d_4_5^2*d_6_9*d_8_13^2-32157*d_4_5^2*d_7_11^2*d_8_13-11207*d_4_5*d_5_7^6+28688*d_4_5*d_5_7^4*d_8_13-7553*d_4_5*d_5_7^3*d_6_9*d_7_11-7784*d_4_5*d_5_7^2*d_6_9^3+15674*d_4_5*d_5_7^2*d_8_13^2+11472*d_4_5*d_5_7*d_6_9*d_7_11*d_8_13+5431*d_4_5*d_5_7*d_7_11^3-28663*d_4_5*d_6_9^3*d_8_13-29522*d_4_5*d_6_9^2*d_7_11^2+31614*d_4_5*d_8_13^3-15744*d_5_7^5*d_7_11+12034*d_5_7^4*d_6_9^2-28972*d_5_7^3*d_7_11*d_8_13-15866*d_5_7^2*d_6_9^2*d_8_13+31911*d_5_7^2*d_6_9*d_7_11^2+30052*d_5_7*d_6_9^3*d_7_11+16910*d_5_7*d_7_11*d_8_13^2-8115*d_6_9^5-22579*d_6_9^2*d_8_13^2-4038*d_6_9*d_7_11^2*d_8_13+32042*d_7_11^4
G[172]=d_4_5^3*d_6_9^2*d_7_11+21080*d_4_5^2*d_6_9*d_7_11*d_8_13-3683*d_4_5^2*d_7_11^3-3994*d_4_5*d_5_7^4*d_7_11+2383*d_4_5*d_5_7^3*d_6_9^2-29577*d_4_5*d_5_7^2*d_7_11*d_8_13+28905*d_4_5*d_5_7*d_6_9^2*d_8_13-4150*d_4_5*d_5_7*d_6_9*d_7_11^2+31125*d_4_5*d_6_9^3*d_7_11+11713*d_4_5*d_7_11*d_8_13^2-1169*d_5_7^5*d_6_9+13485*d_5_7^3*d_6_9*d_8_13-21397*d_5_7^3*d_7_11^2-9826*d_5_7^2*d_6_9^2*d_7_11-18668*d_5_7*d_6_9^4-25811*d_5_7*d_6_9*d_8_13^2+20700*d_5_7*d_7_11^2*d_8_13+31647*d_6_9^2*d_7_11*d_8_13-25293*d_6_9*d_7_11^3
G[173]=d_4_5^3*d_6_9^3-18785*d_4_5^3*d_8_13^2+26181*d_4_5^2*d_5_7^3*d_7_11-5363*d_4_5^2*d_5_7^2*d_6_9^2-22653*d_4_5^2*d_5_7*d_7_11*d_8_13-20766*d_4_5^2*d_6_9^2*d_8_13+32305*d_4_5^2*d_6_9*d_7_11^2+28325*d_4_5*d_5_7^4*d_6_9-1531*d_4_5*d_5_7^2*d_6_9*d_8_13-6753*d_4_5*d_5_7^2*d_7_11^2-30448*d_4_5*d_5_7*d_6_9^2*d_7_11+5681*d_4_5*d_6_9^4+19509*d_4_5*d_6_9*d_8_13^2-10672*d_4_5*d_7_11^2*d_8_13+4570*d_5_7^6-24433*d_5_7^4*d_8_13-4754*d_5_7^3*d_6_9*d_7_11+28546*d_5_7^2*d_6_9^3-16161*d_5_7^2*d_8_13^2-23046*d_5_7*d_6_9*d_7_11*d_8_13+2405*d_5_7*d_7_11^3+1141*d_6_9^3*d_8_13+3112*d_6_9^2*d_7_11^2-8452*d_8_13^3
G[174]=d_4_5^3*d_5_7*d_8_13-4370*d_4_5^3*d_6_9*d_7_11-11218*d_4_5^2*d_5_7^2*d_7_11-16992*d_4_5^2*d_5_7*d_6_9^2+15777*d_4_5^2*d_7_11*d_8_13-23657*d_4_5*d_5_7^3*d_6_9+11665*d_4_5*d_5_7*d_6_9*d_8_13+14219*d_4_5*d_5_7*d_7_11^2+8233*d_4_5*d_6_9^2*d_7_11+23264*d_5_7^5+3563*d_5_7^3*d_8_13+9895*d_5_7^2*d_6_9*d_7_11-17060*d_5_7*d_6_9^3+30075*d_5_7*d_8_13^2+17809*d_6_9*d_7_11*d_8_13+590*d_7_11^3
G[175]=d_4_5^3*d_5_7*d_7_11^2-19873*d_4_5^2*d_6_9*d_7_11*d_8_13+14542*d_4_5^2*d_7_11^3-27897*d_4_5*d_5_7^4*d_7_11-24347*d_4_5*d_5_7^3*d_6_9^2-32426*d_4_5*d_5_7^2*d_7_11*d_8_13-21371*d_4_5*d_5_7*d_6_9^2*d_8_13-23546*d_4_5*d_5_7*d_6_9*d_7_11^2-2111*d_4_5*d_6_9^3*d_7_11-19568*d_4_5*d_7_11*d_8_13^2-25365*d_5_7^5*d_6_9-23603*d_5_7^3*d_6_9*d_8_13+4502*d_5_7^3*d_7_11^2-20913*d_5_7^2*d_6_9^2*d_7_11-20831*d_5_7*d_6_9^4-16551*d_5_7*d_6_9*d_8_13^2-9211*d_5_7*d_7_11^2*d_8_13+5570*d_6_9^2*d_7_11*d_8_13+9091*d_6_9*d_7_11^3
G[176]=d_4_5^3*d_5_7*d_6_9*d_7_11+27177*d_4_5^2*d_5_7^3*d_7_11+25467*d_4_5^2*d_5_7^2*d_6_9^2-15669*d_4_5^2*d_5_7*d_7_11*d_8_13+3931*d_4_5^2*d_6_9*d_7_11^2+4098*d_4_5*d_5_7^4*d_6_9-20875*d_4_5*d_5_7^2*d_6_9*d_8_13+18218*d_4_5*d_5_7^2*d_7_11^2+12211*d_4_5*d_5_7*d_6_9^2*d_7_11+24873*d_4_5*d_7_11^2*d_8_13-27909*d_5_7^6-27582*d_5_7^4*d_8_13+1292*d_5_7^3*d_6_9*d_7_11+25031*d_5_7^2*d_6_9^3-13033*d_5_7^2*d_8_13^2+210*d_5_7*d_6_9*d_7_11*d_8_13-30901*d_5_7*d_7_11^3-9099*d_6_9^2*d_7_11^2
G[177]=d_4_5^3*d_5_7*d_6_9^2+12947*d_4_5^2*d_5_7*d_6_9*d_8_13+16972*d_4_5^2*d_5_7*d_7_11^2+26806*d_4_5^2*d_6_9^2*d_7_11-30959*d_4_5*d_5_7^5+8911*d_4_5*d_5_7^3*d_8_13-25007*d_4_5*d_5_7^2*d_6_9*d_7_11+8515*d_4_5*d_5_7*d_6_9^3-18351*d_4_5*d_5_7*d_8_13^2-32388*d_4_5*d_6_9*d_7_11*d_8_13-11762*d_4_5*d_7_11^3-14145*d_5_7^4*d_7_11-6357*d_5_7^3*d_6_9^2-24201*d_5_7^2*d_7_11*d_8_13-11166*d_5_7*d_6_9^2*d_8_13-2770*d_5_7*d_6_9*d_7_11^2+3677*d_6_9^3*d_7_11-31960*d_7_11*d_8_13^2
G[178]=d_4_5^3*d_5_7^2*d_7_11-5323*d_4_5^2*d_5_7*d_6_9*d_8_13+23146*d_4_5^2*d_5_7*d_7_11^2-2799*d_4_5^2*d_6_9^2*d_7_11+29817*d_4_5*d_5_7^5+23455*d_4_5*d_5_7^3*d_8_13+18568*d_4_5*d_5_7^2*d_6_9*d_7_11-21237*d_4_5*d_5_7*d_6_9^3-27688*d_4_5*d_5_7*d_8_13^2-29966*d_4_5*d_6_9*d_7_11*d_8_13-18320*d_4_5*d_7_11^3-18680*d_5_7^4*d_7_11+32614*d_5_7^3*d_6_9^2-28406*d_5_7^2*d_7_11*d_8_13-1519*d_5_7*d_6_9^2*d_8_13-12121*d_5_7*d_6_9*d_7_11^2+18166*d_6_9^3*d_7_11+10518*d_7_11*d_8_13^2
G[179]=d_4_5^3*d_5_7^2*d_6_9-4516*d_4_5^3*d_7_11^2-663*d_4_5^2*d_5_7^4+10431*d_4_5^2*d_5_7^2*d_8_13+21094*d_4_5^2*d_5_7*d_6_9*d_7_11+16819*d_4_5*d_5_7^3*d_7_11+14940*d_4_5*d_5_7^2*d_6_9^2-30065*d_4_5*d_5_7*d_7_11*d_8_13-14177*d_4_5*d_6_9*d_7_11^2+17858*d_5_7^4*d_6_9-25687*d_5_7^2*d_6_9*d_8_13-20564*d_5_7^2*d_7_11^2-19507*d_5_7*d_6_9^2*d_7_11+24206*d_7_11^2*d_8_13
G[180]=d_4_5^3*d_5_7^3+32280*d_4_5^3*d_6_9*d_7_11-26764*d_4_5^2*d_5_7^2*d_7_11+16260*d_4_5^2*d_5_7*d_6_9^2+614*d_4_5^2*d_7_11*d_8_13+3419*d_4_5*d_5_7^3*d_6_9+26083*d_4_5*d_5_7*d_6_9*d_8_13+13316*d_4_5*d_5_7*d_7_11^2+20219*d_4_5*d_6_9^2*d_7_11-26187*d_5_7^5+4682*d_5_7^3*d_8_13+13433*d_5_7^2*d_6_9*d_7_11+15801*d_5_7*d_6_9^3+4796*d_5_7*d_8_13^2+31859*d_6_9*d_7_11*d_8_13-20093*d_7_11^3
G[181]=d_4_5^4*d_8_13^2+8469*d_4_5^2*d_6_9^4-14641*d_4_5^2*d_6_9*d_8_13^2+16875*d_4_5^2*d_7_11^2*d_8_13+22307*d_4_5*d_5_7^6+18084*d_4_5*d_5_7^4*d_8_13-19726*d_4_5*d_5_7^3*d_6_9*d_7_11+379*d_4_5*d_5_7^2*d_6_9^3+26964*d_4_5*d_5_7^2*d_8_13^2+8819*d_4_5*d_5_7*d_6_9*d_7_11*d_8_13+30738*d_4_5*d_5_7*d_7_11^3+1137*d_4_5*d_6_9^3*d_8_13+15624*d_4_5*d_6_9^2*d_7_11^2+30654*d_4_5*d_8_13^3-11610*d_5_7^5*d_7_11+23845*d_5_7^4*d_6_9^2-11012*d_5_7^3*d_7_11*d_8_13+6113*d_5_7^2*d_6_9^2*d_8_13-16658*d_5_7^2*d_6_9*d_7_11^2-2426*d_5_7*d_6_9^3*d_7_11+8369*d_5_7*d_7_11*d_8_13^2+20604*d_6_9^5-30600*d_6_9^2*d_8_13^2+19079*d_6_9*d_7_11^2*d_8_13-12282*d_7_11^4
G[182]=d_4_5^4*d_7_11+29254*d_4_5^3*d_5_7*d_6_9+21902*d_4_5^2*d_5_7^3-18074*d_4_5^2*d_5_7*d_8_13+20445*d_4_5^2*d_6_9*d_7_11+22444*d_4_5*d_5_7^2*d_7_11-31377*d_4_5*d_5_7*d_6_9^2+7720*d_4_5*d_7_11*d_8_13-12504*d_5_7^3*d_6_9-10953*d_5_7*d_6_9*d_8_13-32338*d_5_7*d_7_11^2+4239*d_6_9^2*d_7_11
G[183]=d_4_5^4*d_6_9*d_8_13-16163*d_4_5^3*d_8_13^2+28030*d_4_5^2*d_5_7^3*d_7_11-937*d_4_5^2*d_5_7^2*d_6_9^2+28757*d_4_5^2*d_5_7*d_7_11*d_8_13+20540*d_4_5^2*d_6_9^2*d_8_13-20235*d_4_5^2*d_6_9*d_7_11^2+8369*d_4_5*d_5_7^4*d_6_9+10437*d_4_5*d_5_7^2*d_6_9*d_8_13-1226*d_4_5*d_5_7^2*d_7_11^2-7050*d_4_5*d_5_7*d_6_9^2*d_7_11+24815*d_4_5*d_6_9^4-4763*d_4_5*d_6_9*d_8_13^2-10755*d_4_5*d_7_11^2*d_8_13+19859*d_5_7^6+32535*d_5_7^4*d_8_13-20941*d_5_7^3*d_6_9*d_7_11-20120*d_5_7^2*d_6_9^3+22049*d_5_7^2*d_8_13^2+19563*d_5_7*d_6_9*d_7_11*d_8_13-12207*d_5_7*d_7_11^3+20066*d_6_9^3*d_8_13+2679*d_6_9^2*d_7_11^2-24232*d_8_13^3
G[184]=d_4_5^4*d_6_9^2-1176*d_4_5^3*d_6_9*d_8_13+24931*d_4_5^3*d_7_11^2+20288*d_4_5^2*d_5_7^4-16162*d_4_5^2*d_5_7^2*d_8_13-5996*d_4_5^2*d_5_7*d_6_9*d_7_11-236*d_4_5^2*d_6_9^3+10330*d_4_5^2*d_8_13^2+6994*d_4_5*d_5_7^3*d_7_11-6240*d_4_5*d_5_7^2*d_6_9^2+30745*d_4_5*d_5_7*d_7_11*d_8_13-24124*d_4_5*d_6_9^2*d_8_13-11831*d_4_5*d_6_9*d_7_11^2+4901*d_5_7^4*d_6_9+4580*d_5_7^2*d_6_9*d_8_13+22424*d_5_7^2*d_7_11^2+14703*d_5_7*d_6_9^2*d_7_11+7972*d_6_9^4-3868*d_6_9*d_8_13^2-4518*d_7_11^2*d_8_13
G[185]=d_4_5^4*d_5_7-5322*d_4_5^3*d_7_11+26362*d_4_5^2*d_5_7*d_6_9-8082*d_4_5*d_5_7^3-22162*d_4_5*d_5_7*d_8_13+17080*d_4_5*d_6_9*d_7_11+4088*d_5_7^2*d_7_11+16316*d_5_7*d_6_9^2+18881*d_7_11*d_8_13
G[186]=d_4_5^5*d_8_13+17709*d_4_5^3*d_6_9*d_8_13+23154*d_4_5^3*d_7_11^2-24498*d_4_5^2*d_5_7^4-12270*d_4_5^2*d_5_7^2*d_8_13+9252*d_4_5^2*d_5_7*d_6_9*d_7_11+3114*d_4_5^2*d_6_9^3+4629*d_4_5^2*d_8_13^2+21727*d_4_5*d_5_7^3*d_7_11-26211*d_4_5*d_5_7^2*d_6_9^2-30764*d_4_5*d_5_7*d_7_11*d_8_13+17201*d_4_5*d_6_9^2*d_8_13+762*d_4_5*d_6_9*d_7_11^2+19455*d_5_7^4*d_6_9+18185*d_5_7^2*d_6_9*d_8_13-17753*d_5_7^2*d_7_11^2+1726*d_5_7*d_6_9^2*d_7_11-10227*d_6_9^4-6208*d_6_9*d_8_13^2-18851*d_7_11^2*d_8_13
G[187]=d_4_5^5*d_6_9+4457*d_4_5^4*d_8_13+28546*d_4_5^3*d_5_7*d_7_11+13604*d_4_5^3*d_6_9^2-20868*d_4_5^2*d_5_7^2*d_6_9+14438*d_4_5^2*d_6_9*d_8_13+31776*d_4_5^2*d_7_11^2+6280*d_4_5*d_5_7^4-13130*d_4_5*d_5_7^2*d_8_13+31075*d_4_5*d_5_7*d_6_9*d_7_11-28763*d_4_5*d_6_9^3-4780*d_4_5*d_8_13^2-5952*d_5_7^3*d_7_11-18802*d_5_7^2*d_6_9^2+6818*d_5_7*d_7_11*d_8_13-13218*d_6_9^2*d_8_13-16362*d_6_9*d_7_11^2
G[188]=d_4_5^6-7812*d_4_5^4*d_6_9-20257*d_4_5^3*d_5_7^2-3778*d_4_5^3*d_8_13+11683*d_4_5^2*d_5_7*d_7_11+2180*d_4_5^2*d_6_9^2-7438*d_4_5*d_5_7^2*d_6_9-10984*d_4_5*d_6_9*d_8_13-9081*d_4_5*d_7_11^2+31331*d_5_7^4-1552*d_5_7^2*d_8_13-5342*d_5_7*d_6_9*d_7_11+16279*d_6_9^3-28171*d_8_13^2
G[189]=d_3_3
