DIM: 0
VDIM: 48
GB:
G[1]=d_9_15
G[2]=d_8_13
G[3]=d_7_11
G[4]=d_6_9^5
G[5]=d_5_7*d_6_9^4
G[6]=d_5_7^3*d_6_9^2
G[7]=d_5_7^5*d_6_9
G[8]=d_5_7^7
G[9]=d_4_5*d_6_9^4+7294*d_5_7^6-5315*d_5_7^2*d_6_9^3
G[10]=d_4_5*d_5_7*d_6_9^3
G[11]=d_4_5*d_5_7^3*d_6_9+23702*d_5_7^5-10818*d_5_7*d_6_9^3
G[12]=d_4_5*d_5_7^5
G[13]=d_4_5^2*d_5_7*d_6_9^2-12269*d_5_7^5+19224*d_5_7*d_6_9^3
G[14]=d_4_5^2*d_5_7^4-17882*d_4_5^2*d_6_9^3-19865*d_4_5*d_5_7^2*d_6_9^2-1503*d_5_7^4*d_6_9+10066*d_6_9^4
G[15]=d_4_5^3*d_6_9^3+4090*d_5_7^6+31126*d_5_7^2*d_6_9^3
G[16]=d_4_5^3*d_5_7*d_6_9-663*d_4_5^2*d_5_7^3+14940*d_4_5*d_5_7*d_6_9^2+17858*d_5_7^3*d_6_9
G[17]=d_4_5^3*d_5_7^3+24420*d_5_7^5+1702*d_5_7*d_6_9^3
G[18]=d_4_5^4*d_6_9^2+27310*d_4_5^2*d_6_9^3-25376*d_4_5*d_5_7^2*d_6_9^2-5770*d_5_7^4*d_6_9-1349*d_6_9^4
G[19]=d_4_5^4*d_5_7+26362*d_4_5^2*d_5_7*d_6_9-8082*d_4_5*d_5_7^3+16316*d_5_7*d_6_9^2
G[20]=d_4_5^5*d_6_9+13604*d_4_5^3*d_6_9^2-20868*d_4_5^2*d_5_7^2*d_6_9+6280*d_4_5*d_5_7^4-28763*d_4_5*d_6_9^3-18802*d_5_7^2*d_6_9^2
G[21]=d_4_5^6-7812*d_4_5^4*d_6_9-20257*d_4_5^3*d_5_7^2+2180*d_4_5^2*d_6_9^2-7438*d_4_5*d_5_7^2*d_6_9+31331*d_5_7^4+16279*d_6_9^3
G[22]=d_3_3
