DIM: 0
VDIM: 124
GB:
G[1]=d_9_15
G[2]=d_8_13
G[3]=d_7_11^5
G[4]=d_6_9*d_7_11^4
G[5]=d_6_9^2*d_7_11^3
G[6]=d_6_9^4*d_7_11^2
G[7]=d_6_9^5*d_7_11
G[8]=d_6_9^6
G[9]=d_5_7*d_7_11^4
G[10]=d_5_7*d_6_9^3*d_7_11^2
G[11]=d_5_7*d_6_9^4*d_7_11
G[12]=d_5_7*d_6_9^5
G[13]=d_5_7^2*d_6_9*d_7_11^3
G[14]=d_5_7^2*d_6_9^2*d_7_11^2
G[15]=d_5_7^2*d_6_9^3*d_7_11
G[16]=d_5_7^3*d_7_11^3
G[17]=d_5_7^3*d_6_9*d_7_11^2
G[18]=d_5_7^3*d_6_9^4
G[19]=d_5_7^4*d_7_11^2-3064*d_5_7^3*d_6_9^2*d_7_11+30974*d_5_7^2*d_6_9^4-17678*d_5_7*d_6_9*d_7_11^3+3161*d_6_9^3*d_7_11^2
G[20]=d_5_7^4*d_6_9*d_7_11-28100*d_5_7^3*d_6_9^3+4528*d_5_7^2*d_7_11^3-27465*d_5_7*d_6_9^2*d_7_11^2+25218*d_6_9^4*d_7_11
G[21]=d_5_7^4*d_6_9^3
G[22]=d_5_7^5*d_6_9^2
G[23]=d_5_7^6*d_7_11
G[24]=d_5_7^6*d_6_9+2681*d_5_7^3*d_6_9^2*d_7_11+27908*d_5_7^2*d_6_9^4-18138*d_5_7*d_6_9*d_7_11^3+31544*d_6_9^3*d_7_11^2
G[25]=d_5_7^7-15747*d_5_7^3*d_6_9^3+11308*d_5_7^2*d_7_11^3+29041*d_5_7*d_6_9^2*d_7_11^2-26102*d_6_9^4*d_7_11
G[26]=d_4_5*d_7_11^4-17676*d_5_7^3*d_6_9^2*d_7_11+11064*d_5_7^2*d_6_9^4-12581*d_5_7*d_6_9*d_7_11^3+5306*d_6_9^3*d_7_11^2
G[27]=d_4_5*d_6_9*d_7_11^3+1563*d_5_7^3*d_6_9^3-13459*d_5_7^2*d_7_11^3+14238*d_5_7*d_6_9^2*d_7_11^2+4763*d_6_9^4*d_7_11
G[28]=d_4_5*d_6_9^3*d_7_11^2
G[29]=d_4_5*d_6_9^4*d_7_11
G[30]=d_4_5*d_6_9^5-23872*d_5_7^3*d_6_9^2*d_7_11+9065*d_5_7^2*d_6_9^4-24273*d_5_7*d_6_9*d_7_11^3+9653*d_6_9^3*d_7_11^2
G[31]=d_4_5*d_5_7*d_6_9^2*d_7_11^2
G[32]=d_4_5*d_5_7*d_6_9^3*d_7_11-19010*d_5_7^3*d_6_9^2*d_7_11+9263*d_5_7^2*d_6_9^4+17908*d_5_7*d_6_9*d_7_11^3+7631*d_6_9^3*d_7_11^2
G[33]=d_4_5*d_5_7*d_6_9^4-26571*d_5_7^3*d_6_9^3-32478*d_5_7^2*d_7_11^3-10575*d_5_7*d_6_9^2*d_7_11^2+18172*d_6_9^4*d_7_11
G[34]=d_4_5*d_5_7^2*d_7_11^3
G[35]=d_4_5*d_5_7^2*d_6_9*d_7_11^2+22389*d_5_7^3*d_6_9^2*d_7_11+4623*d_5_7^2*d_6_9^4+19666*d_5_7*d_6_9*d_7_11^3-28408*d_6_9^3*d_7_11^2
G[36]=d_4_5*d_5_7^2*d_6_9^2*d_7_11+15732*d_5_7^3*d_6_9^3+13252*d_5_7^2*d_7_11^3-6825*d_5_7*d_6_9^2*d_7_11^2+8807*d_6_9^4*d_7_11
G[37]=d_4_5*d_5_7^2*d_6_9^3-32466*d_4_5*d_5_7*d_7_11^3+15024*d_4_5*d_6_9^2*d_7_11^2+21917*d_5_7^5*d_7_11+1790*d_5_7^4*d_6_9^2+28410*d_5_7^2*d_6_9*d_7_11^2-2997*d_5_7*d_6_9^3*d_7_11+32159*d_6_9^5+9472*d_7_11^4
G[38]=d_4_5*d_5_7^3*d_7_11^2-31922*d_5_7^3*d_6_9^3-14669*d_5_7^2*d_7_11^3-27909*d_5_7*d_6_9^2*d_7_11^2+29608*d_6_9^4*d_7_11
G[39]=d_4_5*d_5_7^3*d_6_9*d_7_11+30224*d_4_5*d_5_7*d_7_11^3-636*d_4_5*d_6_9^2*d_7_11^2-32041*d_5_7^5*d_7_11+16997*d_5_7^4*d_6_9^2-23798*d_5_7^2*d_6_9*d_7_11^2+22251*d_5_7*d_6_9^3*d_7_11-1253*d_6_9^5+31252*d_7_11^4
G[40]=d_4_5*d_5_7^3*d_6_9^2-27975*d_4_5*d_5_7*d_6_9*d_7_11^2-13509*d_4_5*d_6_9^3*d_7_11+16008*d_5_7^5*d_6_9-24229*d_5_7^3*d_7_11^2+13162*d_5_7^2*d_6_9^2*d_7_11-12315*d_5_7*d_6_9^4-783*d_6_9*d_7_11^3
G[41]=d_4_5*d_5_7^4*d_7_11-21814*d_4_5*d_5_7*d_6_9*d_7_11^2-9612*d_4_5*d_6_9^3*d_7_11-30789*d_5_7^5*d_6_9+5699*d_5_7^3*d_7_11^2-26930*d_5_7^2*d_6_9^2*d_7_11+17227*d_5_7*d_6_9^4+9615*d_6_9*d_7_11^3
G[42]=d_4_5*d_5_7^5*d_6_9-1675*d_5_7^3*d_6_9^3+11839*d_5_7^2*d_7_11^3+18500*d_5_7*d_6_9^2*d_7_11^2+14152*d_6_9^4*d_7_11
G[43]=d_4_5*d_5_7^6+3075*d_4_5*d_5_7*d_7_11^3-3933*d_4_5*d_6_9^2*d_7_11^2-16293*d_5_7^5*d_7_11+926*d_5_7^4*d_6_9^2+12150*d_5_7^2*d_6_9*d_7_11^2-25684*d_5_7*d_6_9^3*d_7_11+28046*d_6_9^5-11243*d_7_11^4
G[44]=d_4_5^2*d_7_11^3-17363*d_4_5*d_5_7*d_6_9*d_7_11^2-24165*d_4_5*d_6_9^3*d_7_11+11949*d_5_7^5*d_6_9-5296*d_5_7^3*d_7_11^2-20975*d_5_7^2*d_6_9^2*d_7_11-23210*d_5_7*d_6_9^4-26016*d_6_9*d_7_11^3
G[45]=d_4_5^2*d_6_9^2*d_7_11^2-18993*d_5_7^3*d_6_9^2*d_7_11-14062*d_5_7^2*d_6_9^4-15487*d_5_7*d_6_9*d_7_11^3+31650*d_6_9^3*d_7_11^2
G[46]=d_4_5^2*d_6_9^3*d_7_11-12923*d_5_7^3*d_6_9^3+28155*d_5_7^2*d_7_11^3+6083*d_5_7*d_6_9^2*d_7_11^2+5235*d_6_9^4*d_7_11
G[47]=d_4_5^2*d_6_9^4+2325*d_4_5*d_5_7*d_7_11^3+19424*d_4_5*d_6_9^2*d_7_11^2-24768*d_5_7^5*d_7_11+13667*d_5_7^4*d_6_9^2+29154*d_5_7^2*d_6_9*d_7_11^2-31641*d_5_7*d_6_9^3*d_7_11+28338*d_6_9^5-3444*d_7_11^4
G[48]=d_4_5^2*d_5_7*d_7_11^2-20444*d_4_5^2*d_6_9^2*d_7_11-8587*d_4_5*d_5_7^5+11211*d_4_5*d_5_7^2*d_6_9*d_7_11-19636*d_4_5*d_5_7*d_6_9^3+24126*d_4_5*d_7_11^3+10714*d_5_7^4*d_7_11+2925*d_5_7^3*d_6_9^2-19733*d_5_7*d_6_9*d_7_11^2-14933*d_6_9^3*d_7_11
G[49]=d_4_5^2*d_5_7*d_6_9^2*d_7_11+28770*d_4_5*d_5_7*d_7_11^3-32610*d_4_5*d_6_9^2*d_7_11^2+19824*d_5_7^5*d_7_11+12171*d_5_7^4*d_6_9^2+141*d_5_7^2*d_6_9*d_7_11^2-21859*d_5_7*d_6_9^3*d_7_11-6566*d_6_9^5-5144*d_7_11^4
G[50]=d_4_5^2*d_5_7*d_6_9^3-22835*d_4_5*d_5_7*d_6_9*d_7_11^2-25500*d_4_5*d_6_9^3*d_7_11-2849*d_5_7^5*d_6_9+18247*d_5_7^3*d_7_11^2+31043*d_5_7^2*d_6_9^2*d_7_11-30019*d_5_7*d_6_9^4-23505*d_6_9*d_7_11^3
G[51]=d_4_5^2*d_5_7^2*d_6_9*d_7_11-29392*d_4_5*d_5_7*d_6_9*d_7_11^2+12014*d_4_5*d_6_9^3*d_7_11-16372*d_5_7^5*d_6_9+13961*d_5_7^3*d_7_11^2+919*d_5_7^2*d_6_9^2*d_7_11-11352*d_5_7*d_6_9^4-6625*d_6_9*d_7_11^3
G[52]=d_4_5^2*d_5_7^2*d_6_9^2-4926*d_4_5^2*d_6_9*d_7_11^2-3248*d_4_5*d_5_7^4*d_6_9-22868*d_4_5*d_5_7^2*d_7_11^2+19803*d_4_5*d_5_7*d_6_9^2*d_7_11-1786*d_4_5*d_6_9^4-17241*d_5_7^6-30826*d_5_7^3*d_6_9*d_7_11+32704*d_5_7^2*d_6_9^3+3821*d_5_7*d_7_11^3+18840*d_6_9^2*d_7_11^2
G[53]=d_4_5^2*d_5_7^3*d_7_11+1396*d_4_5^2*d_6_9*d_7_11^2+329*d_4_5*d_5_7^4*d_6_9+16448*d_4_5*d_5_7^2*d_7_11^2+8085*d_4_5*d_5_7*d_6_9^2*d_7_11+903*d_4_5*d_6_9^4+24204*d_5_7^6+794*d_5_7^3*d_6_9*d_7_11-11621*d_5_7^2*d_6_9^3-768*d_5_7*d_7_11^3-13768*d_6_9^2*d_7_11^2
G[54]=d_4_5^2*d_5_7^3*d_6_9+3058*d_4_5^2*d_6_9^2*d_7_11-3025*d_4_5*d_5_7^5-2063*d_4_5*d_5_7^2*d_6_9*d_7_11+2601*d_4_5*d_5_7*d_6_9^3-26525*d_4_5*d_7_11^3+20333*d_5_7^4*d_7_11+24041*d_5_7^3*d_6_9^2-27350*d_5_7*d_6_9*d_7_11^2+646*d_6_9^3*d_7_11
G[55]=d_4_5^2*d_5_7^5-8037*d_4_5*d_5_7*d_6_9*d_7_11^2+2456*d_4_5*d_6_9^3*d_7_11+1636*d_5_7^5*d_6_9-8116*d_5_7^3*d_7_11^2-16975*d_5_7^2*d_6_9^2*d_7_11+3886*d_5_7*d_6_9^4+3544*d_6_9*d_7_11^3
G[56]=d_4_5^3*d_7_11^2-19582*d_4_5^2*d_5_7^4+13860*d_4_5^2*d_5_7*d_6_9*d_7_11-25444*d_4_5^2*d_6_9^3+19686*d_4_5*d_5_7^3*d_7_11+16243*d_4_5*d_5_7^2*d_6_9^2+26320*d_4_5*d_6_9*d_7_11^2+4711*d_5_7^4*d_6_9-24144*d_5_7^2*d_7_11^2-19297*d_5_7*d_6_9^2*d_7_11+25921*d_6_9^4
G[57]=d_4_5^3*d_6_9*d_7_11-3941*d_4_5^2*d_5_7^2*d_7_11-19021*d_4_5^2*d_5_7*d_6_9^2+16826*d_4_5*d_5_7^3*d_6_9+4244*d_4_5*d_5_7*d_7_11^2-913*d_4_5*d_6_9^2*d_7_11+14748*d_5_7^5+11548*d_5_7^2*d_6_9*d_7_11+12836*d_5_7*d_6_9^3+25167*d_7_11^3
G[58]=d_4_5^3*d_6_9^3-18984*d_4_5^2*d_6_9*d_7_11^2+20866*d_4_5*d_5_7^4*d_6_9+4674*d_4_5*d_5_7^2*d_7_11^2-7640*d_4_5*d_5_7*d_6_9^2*d_7_11+26000*d_4_5*d_6_9^4+8732*d_5_7^6+23977*d_5_7^3*d_6_9*d_7_11+26464*d_5_7^2*d_6_9^3+13359*d_5_7*d_7_11^3+3407*d_6_9^2*d_7_11^2
G[59]=d_4_5^3*d_5_7*d_6_9^2+20746*d_4_5^2*d_6_9^2*d_7_11+15265*d_4_5*d_5_7^5+24907*d_4_5*d_5_7^2*d_6_9*d_7_11-31138*d_4_5*d_5_7*d_6_9^3-15203*d_4_5*d_7_11^3-32240*d_5_7^4*d_7_11+2795*d_5_7^3*d_6_9^2+26555*d_5_7*d_6_9*d_7_11^2+8556*d_6_9^3*d_7_11
G[60]=d_4_5^3*d_5_7^2*d_7_11-30987*d_4_5^2*d_6_9^2*d_7_11+681*d_4_5*d_5_7^5-21745*d_4_5*d_5_7^2*d_6_9*d_7_11-4836*d_4_5*d_5_7*d_6_9^3-4357*d_4_5*d_7_11^3+7008*d_5_7^4*d_7_11+21663*d_5_7^3*d_6_9^2-24992*d_5_7*d_6_9*d_7_11^2+31077*d_6_9^3*d_7_11
G[61]=d_4_5^3*d_5_7^2*d_6_9-18954*d_4_5^2*d_5_7^4-3086*d_4_5^2*d_5_7*d_6_9*d_7_11+8588*d_4_5^2*d_6_9^3+13608*d_4_5*d_5_7^3*d_7_11+11986*d_4_5*d_5_7^2*d_6_9^2-30075*d_4_5*d_6_9*d_7_11^2-22827*d_5_7^4*d_6_9-8674*d_5_7^2*d_7_11^2-14658*d_5_7*d_6_9^2*d_7_11+10657*d_6_9^4
G[62]=d_4_5^3*d_5_7^3-10310*d_4_5^2*d_5_7^2*d_7_11-31577*d_4_5^2*d_5_7*d_6_9^2+17799*d_4_5*d_5_7^3*d_6_9-8755*d_4_5*d_5_7*d_7_11^2+27052*d_4_5*d_6_9^2*d_7_11+15427*d_5_7^5+2788*d_5_7^2*d_6_9*d_7_11+27026*d_5_7*d_6_9^3+2744*d_7_11^3
G[63]=d_4_5^4*d_7_11+3453*d_4_5^3*d_5_7*d_6_9-9353*d_4_5^2*d_5_7^3-31077*d_4_5^2*d_6_9*d_7_11-28800*d_4_5*d_5_7^2*d_7_11+32372*d_4_5*d_5_7*d_6_9^2-24633*d_5_7^3*d_6_9+9569*d_5_7*d_7_11^2+8746*d_6_9^2*d_7_11
G[64]=d_4_5^4*d_6_9^2-18887*d_4_5^2*d_5_7^4-12334*d_4_5^2*d_5_7*d_6_9*d_7_11+4825*d_4_5^2*d_6_9^3+20255*d_4_5*d_5_7^3*d_7_11+31830*d_4_5*d_5_7^2*d_6_9^2+2360*d_4_5*d_6_9*d_7_11^2+19723*d_5_7^4*d_6_9-29321*d_5_7^2*d_7_11^2-2347*d_5_7*d_6_9^2*d_7_11+16006*d_6_9^4
G[65]=d_4_5^4*d_5_7-9035*d_4_5^3*d_7_11-3990*d_4_5^2*d_5_7*d_6_9-12162*d_4_5*d_5_7^3-27301*d_4_5*d_6_9*d_7_11-26096*d_5_7^2*d_7_11-27899*d_5_7*d_6_9^2
G[66]=d_4_5^5*d_6_9-3040*d_4_5^3*d_5_7*d_7_11-16145*d_4_5^3*d_6_9^2-11407*d_4_5^2*d_5_7^2*d_6_9-21982*d_4_5^2*d_7_11^2+29400*d_4_5*d_5_7^4+12262*d_4_5*d_5_7*d_6_9*d_7_11+31242*d_4_5*d_6_9^3+6549*d_5_7^3*d_7_11+27778*d_5_7^2*d_6_9^2+13566*d_6_9*d_7_11^2
G[67]=d_4_5^6+6530*d_4_5^4*d_6_9+16566*d_4_5^3*d_5_7^2+25264*d_4_5^2*d_5_7*d_7_11-9084*d_4_5^2*d_6_9^2+24145*d_4_5*d_5_7^2*d_6_9+14748*d_4_5*d_7_11^2+32725*d_5_7^4-9933*d_5_7*d_6_9*d_7_11+23426*d_6_9^3
G[68]=d_3_3
