primes [65521, 65539]  targets 180  queue 180  budget 90s/prime
[1/180] max=132 params=20 EMPTY [0s]
    (11,33)/19/4,8 (m,n)=2,3 | a=4 b=9 c'=0 r=2 eps=((1, 0),(2, 1))
[2/180] max=132 params=20 EMPTY [0s]
    (11,33)/19/4,8 (m,n)=2,3 | a=4 b=9 c'=0 r=3 eps=((1, 0),(3, 1))
[3/180] max=132 params=20 EMPTY [0s]
    (11,33)/19/4,8 (m,n)=2,3 | a=4 b=9 c'=0 r=4 eps=((1, 0),(4, 1))
[4/180] max=132 params=20 EMPTY [0s]
    (11,33)/19/4,8 (m,n)=2,3 | a=4 b=9 c'=0 r=5 eps=((1, 0),(5, 1))
[5/180] max=132 params=20 EMPTY [0s]
    (11,33)/19/4,8 (m,n)=2,3 | a=4 b=9 c'=0 r=6 eps=((1, 0),(6, 1))
[6/180] max=132 params=20 EMPTY [0s]
    (11,33)/19/4,8 (m,n)=2,3 | a=4 b=9 c'=0 r=7 eps=((1, 0),(7, 1))
[7/180] max=132 params=20 EMPTY [0s]
    (11,33)/19/4,8 (m,n)=2,3 | a=4 b=9 c'=0 r=8 eps=((1, 0),(8, 1))
[8/180] max=140 params=21 EMPTY [1s]
    F11(m,n)=2,5 | a=7 b=4 c'=0 r=5 eps=((1, 0),(5, 1))
[9/180] max=126 params=23 EMPTY [0s]
    (7,35)/19/7,5 (m,n)=2,3 | a=7 b=6 c'=0 r=4 eps=((1, 0),(4, 1))
[10/180] max=147 params=30 EMPTY [2s]
    (7,42)/13/7,6 (m,n)=3,2 | a=7 b=7 c'=0 r=5 eps=((1, 0),(5, 1))
[11/180] max=147 params=30 EMPTY [2s]
    (7,42)/13/7,6 (m,n)=2,3 | a=7 b=7 c'=0 r=5 eps=((1, 0),(5, 1))
[12/180] max=132 params=32 EMPTY [118s]
    (11,33)/19/4,8 (m,n)=2,3 | a=4 b=9 c'=1 r=2 eps=((1, 0),(2, 1))
[13/180] max=132 params=35 EMPTY [0s]
    (11,33)/19/4,8 (m,n)=2,3 | a=4 b=9 c'=0 r=2 eps=((2, 1),(1, 0))
[14/180] max=132 params=35 EMPTY [0s]
    (11,33)/19/4,8 (m,n)=2,3 | a=4 b=9 c'=0 r=3 eps=((3, 1),(1, 0))
[15/180] max=132 params=35 EMPTY [0s]
    (11,33)/19/4,8 (m,n)=2,3 | a=4 b=9 c'=0 r=4 eps=((4, 1),(1, 0))
[16/180] max=132 params=35 EMPTY [0s]
    (11,33)/19/4,8 (m,n)=2,3 | a=4 b=9 c'=0 r=5 eps=((5, 1),(1, 0))
[17/180] max=132 params=35 EMPTY [0s]
    (11,33)/19/4,8 (m,n)=2,3 | a=4 b=9 c'=0 r=6 eps=((6, 1),(1, 0))
[18/180] max=132 params=35 EMPTY [0s]
    (11,33)/19/4,8 (m,n)=2,3 | a=4 b=9 c'=0 r=7 eps=((7, 1),(1, 0))
[19/180] max=132 params=35 EMPTY [0s]
    (11,33)/19/4,8 (m,n)=2,3 | a=4 b=9 c'=0 r=8 eps=((8, 1),(1, 0))
[20/180] max=144 params=38 EMPTY [1s]
    (8,40)/8,28/11/4,7 (m,n)=3,2 | a=4 b=8 c'=0 r=2 eps=((2, 1),(1, 0))
[21/180] max=132 params=38 TIMEOUT [90s]
    (11,33)/19/4,8 (m,n)=2,3 | a=4 b=9 c'=2 r=2 eps=((1, 0),(2, 1))
[22/180] max=132 params=38 TIMEOUT [90s]
    (11,33)/19/4,8 (m,n)=2,3 | a=4 b=9 c'=2 r=3 eps=((1, 0),(3, 1))
[23/180] max=132 params=38 TIMEOUT [90s]
    (11,33)/19/4,8 (m,n)=2,3 | a=4 b=9 c'=2 r=4 eps=((1, 0),(4, 1))
[24/180] max=132 params=38 TIMEOUT [90s]
    (11,33)/19/4,8 (m,n)=2,3 | a=4 b=9 c'=2 r=5 eps=((1, 0),(5, 1))
[25/180] max=132 params=48 TIMEOUT [90s]
    (11,33)/19/4,8 (m,n)=2,3 | a=4 b=9 c'=3 r=2 eps=((1, 0),(2, 1))
[26/180] max=132 params=48 TIMEOUT [90s]
    (11,33)/19/4,8 (m,n)=2,3 | a=4 b=9 c'=3 r=3 eps=((1, 0),(3, 1))
[27/180] max=132 params=48 TIMEOUT [90s]
    (11,33)/19/4,8 (m,n)=2,3 | a=4 b=9 c'=3 r=4 eps=((1, 0),(4, 1))
[28/180] max=132 params=48 TIMEOUT [90s]
    (11,33)/19/4,8 (m,n)=2,3 | a=4 b=9 c'=3 r=5 eps=((1, 0),(5, 1))
[29/180] max=132 params=48 TIMEOUT [90s]
    (11,33)/19/4,8 (m,n)=2,3 | a=4 b=9 c'=3 r=6 eps=((1, 0),(6, 1))
[30/180] max=132 params=48 TIMEOUT [90s]
    (11,33)/19/4,8 (m,n)=2,3 | a=4 b=9 c'=3 r=7 eps=((1, 0),(7, 1))
[31/180] max=132 params=48 TIMEOUT [90s]
    (11,33)/19/4,8 (m,n)=2,3 | a=4 b=9 c'=3 r=8 eps=((1, 0),(8, 1))
[32/180] max=128 params=50 EMPTY [4s]
    F24(m,n)=3,4 | a=8 b=4 c'=0 r=5 eps=((1, 0),(5, 1))
[33/180] max=128 params=50 EMPTY [4s]
    F24(m,n)=3,4 | a=8 b=4 c'=0 r=6 eps=((1, 0),(6, 1))
[34/180] max=128 params=50 EMPTY [4s]
    F24(m,n)=3,4 | a=8 b=4 c'=0 r=7 eps=((1, 0),(7, 1))
[35/180] max=128 params=50 EMPTY [4s]
    F24(m,n)=3,4 | a=8 b=4 c'=0 r=8 eps=((1, 0),(8, 1))
[36/180] max=140 params=51 TIMEOUT [90s]
    F11(m,n)=2,5 | a=7 b=4 c'=2 r=5 eps=((1, 0),(5, 1))
[37/180] max=140 params=51 TIMEOUT [90s]
    F11(m,n)=2,5 | a=7 b=4 c'=2 r=6 eps=((1, 0),(6, 1))
[38/180] max=140 params=51 TIMEOUT [90s]
    F11(m,n)=2,5 | a=7 b=4 c'=2 r=7 eps=((1, 0),(7, 1))
[39/180] max=140 params=51 TIMEOUT [90s]
    F11(m,n)=2,5 | a=7 b=4 c'=2 r=8 eps=((1, 0),(8, 1))
[40/180] max=126 params=53 TIMEOUT [90s]
    (7,35)/19/7,5 (m,n)=2,3 | a=7 b=6 c'=2 r=4 eps=((1, 0),(4, 1))
[41/180] max=147 params=55 EMPTY [4s]
    (7,42)/13/7,6 (m,n)=3,2 | a=7 b=7 c'=0 r=5 eps=((5, 1),(1, 0))
[42/180] max=147 params=55 EMPTY [4s]
    (7,42)/13/7,6 (m,n)=2,3 | a=7 b=7 c'=0 r=5 eps=((5, 1),(1, 0))
[43/180] max=132 params=56 TIMEOUT [90s]
    (11,33)/19/4,8 (m,n)=2,3 | a=4 b=9 c'=4 r=2 eps=((1, 0),(2, 1))
[44/180] max=132 params=56 TIMEOUT [90s]
    (11,33)/19/4,8 (m,n)=2,3 | a=4 b=9 c'=4 r=3 eps=((1, 0),(3, 1))
[45/180] max=132 params=56 TIMEOUT [90s]
    (11,33)/19/4,8 (m,n)=2,3 | a=4 b=9 c'=4 r=4 eps=((1, 0),(4, 1))
[46/180] max=132 params=56 TIMEOUT [90s]
    (11,33)/19/4,8 (m,n)=2,3 | a=4 b=9 c'=4 r=5 eps=((1, 0),(5, 1))
[47/180] max=132 params=56 TIMEOUT [90s]
    (11,33)/19/4,8 (m,n)=2,3 | a=4 b=9 c'=4 r=6 eps=((1, 0),(6, 1))
[48/180] max=132 params=56 TIMEOUT [90s]
    (11,33)/19/4,8 (m,n)=2,3 | a=4 b=9 c'=4 r=7 eps=((1, 0),(7, 1))
[49/180] max=132 params=56 TIMEOUT [90s]
    (11,33)/19/4,8 (m,n)=2,3 | a=4 b=9 c'=4 r=8 eps=((1, 0),(8, 1))
[50/180] max=144 params=61 TIMEOUT [90s]
    (8,40)/8,28/11/4,7 (m,n)=3,2 | a=4 b=8 c'=4 r=2 eps=((1, 0),(2, 1))
[51/180] max=165 params=65 TIMEOUT [90s]
    F16(j=0;m,n=3,5) | a=3 b=8 c'=0 r=1 eps=((1, 1),(1, 0))
[52/180] max=140 params=66 TIMEOUT [90s]
    F11(m,n)=2,5 | a=7 b=4 c'=3 r=5 eps=((1, 0),(5, 1))
[53/180] max=140 params=66 TIMEOUT [90s]
    F11(m,n)=2,5 | a=7 b=4 c'=3 r=6 eps=((1, 0),(6, 1))
[54/180] max=140 params=66 TIMEOUT [90s]
    F11(m,n)=2,5 | a=7 b=4 c'=3 r=7 eps=((1, 0),(7, 1))
[55/180] max=140 params=66 TIMEOUT [90s]
    F11(m,n)=2,5 | a=7 b=4 c'=3 r=8 eps=((1, 0),(8, 1))
[56/180] max=132 params=68 TIMEOUT [90s]
    (11,33)/19/4,8 (m,n)=2,3 | a=4 b=9 c'=5 r=2 eps=((1, 0),(2, 1))
[57/180] max=126 params=68 TIMEOUT [90s]
    (7,35)/19/7,5 (m,n)=2,3 | a=7 b=6 c'=3 r=4 eps=((1, 0),(4, 1))
[58/180] max=132 params=68 TIMEOUT [90s]
    (11,33)/19/4,8 (m,n)=2,3 | a=4 b=9 c'=5 r=3 eps=((1, 0),(3, 1))
[59/180] max=132 params=68 TIMEOUT [90s]
    (11,33)/19/4,8 (m,n)=2,3 | a=4 b=9 c'=5 r=4 eps=((1, 0),(4, 1))
[60/180] max=132 params=68 TIMEOUT [90s]
    (11,33)/19/4,8 (m,n)=2,3 | a=4 b=9 c'=5 r=5 eps=((1, 0),(5, 1))
[61/180] max=132 params=68 TIMEOUT [90s]
    (11,33)/19/4,8 (m,n)=2,3 | a=4 b=9 c'=5 r=6 eps=((1, 0),(6, 1))
[62/180] max=132 params=68 TIMEOUT [90s]
    (11,33)/19/4,8 (m,n)=2,3 | a=4 b=9 c'=5 r=7 eps=((1, 0),(7, 1))
[63/180] max=132 params=68 TIMEOUT [90s]
    (11,33)/19/4,8 (m,n)=2,3 | a=4 b=9 c'=5 r=8 eps=((1, 0),(8, 1))
[64/180] max=132 params=74 TIMEOUT [90s]
    (11,33)/19/4,8 (m,n)=2,3 | a=4 b=9 c'=2 r=2 eps=((2, 1),(1, 0))
[65/180] max=132 params=74 TIMEOUT [90s]
    (11,33)/19/4,8 (m,n)=2,3 | a=4 b=9 c'=2 r=3 eps=((3, 1),(1, 0))
[66/180] max=132 params=74 TIMEOUT [90s]
    (11,33)/19/4,8 (m,n)=2,3 | a=4 b=9 c'=6 r=2 eps=((1, 0),(2, 1))
[67/180] max=132 params=74 TIMEOUT [90s]
    (11,33)/19/4,8 (m,n)=2,3 | a=4 b=9 c'=6 r=3 eps=((1, 0),(3, 1))
[68/180] max=132 params=74 TIMEOUT [90s]
    (11,33)/19/4,8 (m,n)=2,3 | a=4 b=9 c'=6 r=4 eps=((1, 0),(4, 1))
[69/180] max=132 params=74 TIMEOUT [90s]
    (11,33)/19/4,8 (m,n)=2,3 | a=4 b=9 c'=6 r=5 eps=((1, 0),(5, 1))
[70/180] max=132 params=74 TIMEOUT [90s]
    (11,33)/19/4,8 (m,n)=2,3 | a=4 b=9 c'=6 r=6 eps=((1, 0),(6, 1))
[71/180] max=132 params=74 TIMEOUT [90s]
    (11,33)/19/4,8 (m,n)=2,3 | a=4 b=9 c'=6 r=7 eps=((1, 0),(7, 1))
[72/180] max=132 params=74 TIMEOUT [90s]
    (11,33)/19/4,8 (m,n)=2,3 | a=4 b=9 c'=6 r=8 eps=((1, 0),(8, 1))
[73/180] max=125 params=75 TIMEOUT [90s]
    F2(m,n)=3,5 | a=5 b=3 c'=0 r=3 eps=((3, 1),(1, 0))
[74/180] max=175 params=78 TIMEOUT [90s]
    F3(j=1;m,n=7,5) | a=5 b=4 c'=0 r=3 eps=((1, 0),(3, 1))
[75/180] max=128 params=82 EMPTY [5s]
    F24(m,n)=3,4 | a=8 b=4 c'=0 r=4 eps=((4, 1),(1, 0))
[76/180] max=128 params=82 EMPTY [6s]
    F24(m,n)=3,4 | a=8 b=4 c'=0 r=5 eps=((5, 1),(1, 0))
[77/180] max=128 params=82 EMPTY [6s]
    F24(m,n)=3,4 | a=8 b=4 c'=0 r=6 eps=((6, 1),(1, 0))
[78/180] max=128 params=82 EMPTY [5s]
    F24(m,n)=3,4 | a=8 b=4 c'=0 r=7 eps=((7, 1),(1, 0))
[79/180] max=128 params=82 EMPTY [6s]
    F24(m,n)=3,4 | a=8 b=4 c'=0 r=8 eps=((8, 1),(1, 0))
[80/180] max=126 params=83 TIMEOUT [90s]
    (7,35)/19/7,5 (m,n)=2,3 | a=7 b=6 c'=4 r=4 eps=((1, 0),(4, 1))
[81/180] max=132 params=84 TIMEOUT [90s]
    (11,33)/19/4,8 (m,n)=2,3 | a=4 b=9 c'=7 r=3 eps=((1, 0),(3, 1))
[82/180] max=132 params=84 TIMEOUT [90s]
    (11,33)/19/4,8 (m,n)=2,3 | a=4 b=9 c'=7 r=4 eps=((1, 0),(4, 1))
[83/180] max=132 params=84 TIMEOUT [90s]
    (11,33)/19/4,8 (m,n)=2,3 | a=4 b=9 c'=7 r=5 eps=((1, 0),(5, 1))
[84/180] max=132 params=84 TIMEOUT [90s]
    (11,33)/19/4,8 (m,n)=2,3 | a=4 b=9 c'=7 r=6 eps=((1, 0),(6, 1))
[85/180] max=132 params=84 TIMEOUT [90s]
    (11,33)/19/4,8 (m,n)=2,3 | a=4 b=9 c'=7 r=7 eps=((1, 0),(7, 1))
[86/180] max=132 params=84 TIMEOUT [90s]
    (11,33)/19/4,8 (m,n)=2,3 | a=4 b=9 c'=7 r=8 eps=((1, 0),(8, 1))
[87/180] max=132 params=92 TIMEOUT [90s]
    (11,33)/19/4,8 (m,n)=2,3 | a=4 b=9 c'=8 r=5 eps=((1, 0),(5, 1))
[88/180] max=132 params=92 TIMEOUT [90s]
    (11,33)/19/4,8 (m,n)=2,3 | a=4 b=9 c'=8 r=6 eps=((1, 0),(6, 1))
[89/180] max=132 params=92 TIMEOUT [90s]
    (11,33)/19/4,8 (m,n)=2,3 | a=4 b=9 c'=8 r=7 eps=((1, 0),(7, 1))
[90/180] max=132 params=92 TIMEOUT [90s]
    (11,33)/19/4,8 (m,n)=2,3 | a=4 b=9 c'=8 r=8 eps=((1, 0),(8, 1))
[91/180] max=132 params=95 TIMEOUT [90s]
    (11,33)/19/4,8 (m,n)=2,3 | a=4 b=9 c'=3 r=2 eps=((2, 1),(1, 0))
[92/180] max=132 params=95 TIMEOUT [90s]
    (11,33)/19/4,8 (m,n)=2,3 | a=4 b=9 c'=3 r=3 eps=((3, 1),(1, 0))
[93/180] max=132 params=95 TIMEOUT [90s]
    (11,33)/19/4,8 (m,n)=2,3 | a=4 b=9 c'=3 r=4 eps=((4, 1),(1, 0))
[94/180] max=132 params=95 TIMEOUT [90s]
    (11,33)/19/4,8 (m,n)=2,3 | a=4 b=9 c'=3 r=5 eps=((5, 1),(1, 0))
[95/180] max=147 params=98 TIMEOUT [90s]
    F7(m,n)=2,7 | a=3 b=5 c'=0 r=1 eps=((1, 1),(1, 0))
[96/180] max=126 params=98 TIMEOUT [90s]
    (7,35)/19/7,5 (m,n)=2,3 | a=7 b=6 c'=5 r=4 eps=((1, 0),(4, 1))
[97/180] max=132 params=104 TIMEOUT [90s]
    (11,33)/19/4,8 (m,n)=2,3 | a=4 b=9 c'=9 r=7 eps=((1, 0),(7, 1))
[98/180] max=132 params=104 TIMEOUT [90s]
    (11,33)/19/4,8 (m,n)=2,3 | a=4 b=9 c'=9 r=8 eps=((1, 0),(8, 1))
[99/180] max=147 params=109 TIMEOUT [90s]
    F8(m,n)=3,7 | a=3 b=6 c'=0 r=1 eps=((1, 1),(1, 0))
[100/180] max=231 params=109 TIMEOUT [90s]
    F15(j=0;m,n=3,7) | a=3 b=6 c'=0 r=1 eps=((1, 1),(1, 0))
[101/180] max=132 params=113 TIMEOUT [90s]
    (11,33)/19/4,8 (m,n)=2,3 | a=4 b=9 c'=4 r=2 eps=((2, 1),(1, 0))
[102/180] max=132 params=113 TIMEOUT [90s]
    (11,33)/19/4,8 (m,n)=2,3 | a=4 b=9 c'=4 r=3 eps=((3, 1),(1, 0))
[103/180] max=132 params=113 TIMEOUT [90s]
    (11,33)/19/4,8 (m,n)=2,3 | a=4 b=9 c'=4 r=4 eps=((4, 1),(1, 0))
[104/180] max=132 params=113 TIMEOUT [90s]
    (11,33)/19/4,8 (m,n)=2,3 | a=4 b=9 c'=4 r=5 eps=((5, 1),(1, 0))
[105/180] max=132 params=113 TIMEOUT [90s]
    (11,33)/19/4,8 (m,n)=2,3 | a=4 b=9 c'=4 r=6 eps=((6, 1),(1, 0))
[106/180] max=132 params=113 TIMEOUT [90s]
    (11,33)/19/4,8 (m,n)=2,3 | a=4 b=9 c'=4 r=7 eps=((7, 1),(1, 0))
[107/180] max=144 params=116 TIMEOUT [90s]
    (8,40)/8,28/11/4,7 (m,n)=3,2 | a=4 b=8 c'=4 r=2 eps=((2, 1),(1, 0))
[108/180] max=128 params=122 TIMEOUT [90s]
    F24(m,n)=3,4 | a=8 b=4 c'=2 r=4 eps=((1, 0),(4, 1))
[109/180] max=128 params=122 TIMEOUT [90s]
    F24(m,n)=3,4 | a=8 b=4 c'=2 r=5 eps=((1, 0),(5, 1))
[110/180] max=128 params=122 TIMEOUT [90s]
    F24(m,n)=3,4 | a=8 b=4 c'=2 r=6 eps=((1, 0),(6, 1))
[111/180] max=128 params=122 TIMEOUT [90s]
    F24(m,n)=3,4 | a=8 b=4 c'=2 r=7 eps=((1, 0),(7, 1))
[112/180] max=132 params=137 TIMEOUT [90s]
    (11,33)/19/4,8 (m,n)=2,3 | a=4 b=9 c'=5 r=2 eps=((2, 1),(1, 0))
[113/180] max=132 params=137 TIMEOUT [90s]
    (11,33)/19/4,8 (m,n)=2,3 | a=4 b=9 c'=5 r=3 eps=((3, 1),(1, 0))
[114/180] max=132 params=137 TIMEOUT [90s]
    (11,33)/19/4,8 (m,n)=2,3 | a=4 b=9 c'=5 r=4 eps=((4, 1),(1, 0))
[115/180] max=132 params=137 TIMEOUT [90s]
    (11,33)/19/4,8 (m,n)=2,3 | a=4 b=9 c'=5 r=5 eps=((5, 1),(1, 0))
[116/180] max=132 params=137 TIMEOUT [90s]
    (11,33)/19/4,8 (m,n)=2,3 | a=4 b=9 c'=5 r=6 eps=((6, 1),(1, 0))
[117/180] max=132 params=137 TIMEOUT [90s]
    (11,33)/19/4,8 (m,n)=2,3 | a=4 b=9 c'=5 r=7 eps=((7, 1),(1, 0))
[118/180] max=132 params=137 TIMEOUT [90s]
    (11,33)/19/4,8 (m,n)=2,3 | a=4 b=9 c'=5 r=8 eps=((8, 1),(1, 0))
[119/180] max=175 params=139 TIMEOUT [90s]
    F2(j=2;m,n=4,7) | a=5 b=3 c'=0 r=3 eps=((3, 1),(1, 0))
[120/180] max=135 params=139 TIMEOUT [90s]
    (9,36)/17/9,4 (m,n)=3,2 | a=9 b=5 c'=2 r=3 eps=((3, 1),(1, 0))
[121/180] max=135 params=139 TIMEOUT [90s]
    (9,36)/17/9,4 (m,n)=2,3 | a=9 b=5 c'=2 r=3 eps=((3, 1),(1, 0))
[122/180] max=175 params=142 TIMEOUT [90s]
    F3(j=1;m,n=7,5) | a=5 b=4 c'=0 r=3 eps=((3, 1),(1, 0))
[123/180] max=126 params=145 TIMEOUT [90s]
    (7,35)/19/7,5 (m,n)=2,3 | a=7 b=6 c'=3 r=4 eps=((4, 1),(1, 0))
[124/180] max=132 params=152 TIMEOUT [90s]
    (11,33)/19/4,8 (m,n)=2,3 | a=4 b=9 c'=6 r=2 eps=((2, 1),(1, 0))
[125/180] max=132 params=152 TIMEOUT [90s]
    (11,33)/19/4,8 (m,n)=2,3 | a=4 b=9 c'=6 r=3 eps=((3, 1),(1, 0))
[126/180] max=132 params=152 TIMEOUT [90s]
    (11,33)/19/4,8 (m,n)=2,3 | a=4 b=9 c'=6 r=4 eps=((4, 1),(1, 0))
[127/180] max=132 params=152 TIMEOUT [90s]
    (11,33)/19/4,8 (m,n)=2,3 | a=4 b=9 c'=6 r=5 eps=((5, 1),(1, 0))
[128/180] max=132 params=152 TIMEOUT [90s]
    (11,33)/19/4,8 (m,n)=2,3 | a=4 b=9 c'=6 r=6 eps=((6, 1),(1, 0))
[129/180] max=132 params=152 TIMEOUT [90s]
    (11,33)/19/4,8 (m,n)=2,3 | a=4 b=9 c'=6 r=7 eps=((7, 1),(1, 0))
[130/180] max=132 params=152 TIMEOUT [90s]
    (11,33)/19/4,8 (m,n)=2,3 | a=4 b=9 c'=6 r=8 eps=((8, 1),(1, 0))
[131/180] max=128 params=158 TIMEOUT [90s]
    F24(m,n)=3,4 | a=8 b=4 c'=3 r=4 eps=((1, 0),(4, 1))
[132/180] max=128 params=158 TIMEOUT [90s]
    F24(m,n)=3,4 | a=8 b=4 c'=3 r=5 eps=((1, 0),(5, 1))
[133/180] max=128 params=158 TIMEOUT [90s]
    F24(m,n)=3,4 | a=8 b=4 c'=3 r=6 eps=((1, 0),(6, 1))
[134/180] max=128 params=158 TIMEOUT [90s]
    F24(m,n)=3,4 | a=8 b=4 c'=3 r=7 eps=((1, 0),(7, 1))
[135/180] max=128 params=158 TIMEOUT [90s]
    F24(m,n)=3,4 | a=8 b=4 c'=3 r=8 eps=((1, 0),(8, 1))
[136/180] max=132 params=173 TIMEOUT [90s]
    (11,33)/19/4,8 (m,n)=2,3 | a=4 b=9 c'=7 r=3 eps=((3, 1),(1, 0))
[137/180] max=132 params=173 TIMEOUT [90s]
    (11,33)/19/4,8 (m,n)=2,3 | a=4 b=9 c'=7 r=4 eps=((4, 1),(1, 0))
[138/180] max=132 params=173 TIMEOUT [90s]
    (11,33)/19/4,8 (m,n)=2,3 | a=4 b=9 c'=7 r=5 eps=((5, 1),(1, 0))
[139/180] max=132 params=173 TIMEOUT [90s]
    (11,33)/19/4,8 (m,n)=2,3 | a=4 b=9 c'=7 r=6 eps=((6, 1),(1, 0))
[140/180] max=132 params=173 TIMEOUT [90s]
    (11,33)/19/4,8 (m,n)=2,3 | a=4 b=9 c'=7 r=7 eps=((7, 1),(1, 0))
[141/180] max=132 params=173 TIMEOUT [90s]
    (11,33)/19/4,8 (m,n)=2,3 | a=4 b=9 c'=7 r=8 eps=((8, 1),(1, 0))
[142/180] max=135 params=178 TIMEOUT [90s]
    (9,36)/17/9,4 (m,n)=3,2 | a=9 b=5 c'=3 r=3 eps=((3, 1),(1, 0))
[143/180] max=135 params=178 TIMEOUT [90s]
    (9,36)/17/9,4 (m,n)=2,3 | a=9 b=5 c'=3 r=3 eps=((3, 1),(1, 0))
[144/180] max=126 params=178 TIMEOUT [90s]
    (7,35)/19/7,5 (m,n)=2,3 | a=7 b=6 c'=4 r=4 eps=((4, 1),(1, 0))
[145/180] max=165 params=185 TIMEOUT [90s]
    F16(j=0;m,n=3,5) | a=3 b=8 c'=3 r=1 eps=((1, 1),(1, 0))
[146/180] max=132 params=191 TIMEOUT [90s]
    (11,33)/19/4,8 (m,n)=2,3 | a=4 b=9 c'=8 r=4 eps=((4, 1),(1, 0))
[147/180] max=132 params=191 TIMEOUT [90s]
    (11,33)/19/4,8 (m,n)=2,3 | a=4 b=9 c'=8 r=5 eps=((5, 1),(1, 0))
[148/180] max=132 params=191 TIMEOUT [90s]
    (11,33)/19/4,8 (m,n)=2,3 | a=4 b=9 c'=8 r=6 eps=((6, 1),(1, 0))
[149/180] max=132 params=191 TIMEOUT [90s]
    (11,33)/19/4,8 (m,n)=2,3 | a=4 b=9 c'=8 r=7 eps=((7, 1),(1, 0))
[150/180] max=132 params=191 TIMEOUT [90s]
    (11,33)/19/4,8 (m,n)=2,3 | a=4 b=9 c'=8 r=8 eps=((8, 1),(1, 0))
[151/180] max=128 params=210 TIMEOUT [90s]
    F24(m,n)=3,4 | a=8 b=4 c'=2 r=4 eps=((4, 1),(1, 0))
[152/180] max=128 params=210 TIMEOUT [90s]
    F24(m,n)=3,4 | a=8 b=4 c'=2 r=5 eps=((5, 1),(1, 0))
[153/180] max=126 params=211 TIMEOUT [90s]
    (7,35)/19/7,5 (m,n)=2,3 | a=7 b=6 c'=5 r=4 eps=((4, 1),(1, 0))
[154/180] max=132 params=215 TIMEOUT [90s]
    (11,33)/19/4,8 (m,n)=2,3 | a=4 b=9 c'=9 r=5 eps=((5, 1),(1, 0))
[155/180] max=132 params=215 TIMEOUT [90s]
    (11,33)/19/4,8 (m,n)=2,3 | a=4 b=9 c'=9 r=6 eps=((6, 1),(1, 0))
[156/180] max=132 params=215 TIMEOUT [90s]
    (11,33)/19/4,8 (m,n)=2,3 | a=4 b=9 c'=9 r=7 eps=((7, 1),(1, 0))
[157/180] max=132 params=215 TIMEOUT [90s]
    (11,33)/19/4,8 (m,n)=2,3 | a=4 b=9 c'=9 r=8 eps=((8, 1),(1, 0))
[158/180] max=231 params=218 TIMEOUT [90s]
    F7(j=1;m,n=3,11) | a=3 b=5 c'=0 r=1 eps=((1, 1),(1, 0))
[159/180] max=135 params=220 TIMEOUT [90s]
    (9,36)/17/9,4 (m,n)=3,2 | a=9 b=5 c'=4 r=3 eps=((3, 1),(1, 0))
[160/180] max=135 params=220 TIMEOUT [90s]
    (9,36)/17/9,4 (m,n)=2,3 | a=9 b=5 c'=4 r=3 eps=((3, 1),(1, 0))
[161/180] max=225 params=223 TIMEOUT [90s]
    F2(j=3;m,n=5,9) | a=5 b=3 c'=0 r=3 eps=((3, 1),(1, 0))
[162/180] max=225 params=251 TIMEOUT [90s]
    F5(j=0;m,n=9,5) | a=5 b=5 c'=0 r=3 eps=((3, 1),(1, 0))
[163/180] max=231 params=259 TIMEOUT [90s]
    F14(j=0;m,n=2,7) | a=3 b=5 c'=2 r=1 eps=((1, 1),(1, 0))
[164/180] max=128 params=274 TIMEOUT [90s]
    F24(m,n)=3,4 | a=8 b=4 c'=3 r=4 eps=((4, 1),(1, 0))
[165/180] max=128 params=274 TIMEOUT [90s]
    F24(m,n)=3,4 | a=8 b=4 c'=3 r=5 eps=((5, 1),(1, 0))
[166/180] max=128 params=274 TIMEOUT [90s]
    F24(m,n)=3,4 | a=8 b=4 c'=3 r=6 eps=((6, 1),(1, 0))
[167/180] max=128 params=274 TIMEOUT [90s]
    F24(m,n)=3,4 | a=8 b=4 c'=3 r=7 eps=((7, 1),(1, 0))
[168/180] max=128 params=274 TIMEOUT [90s]
    F24(m,n)=3,4 | a=8 b=4 c'=3 r=8 eps=((8, 1),(1, 0))
[169/180] max=140 params=282 TIMEOUT [90s]
    F11(m,n)=2,5 | a=7 b=4 c'=2 r=3 eps=((3, 1),(1, 0))
[170/180] max=250 params=302 TIMEOUT [90s]
    F6(j=0;m,n=4,10) | a=5 b=5 c'=0 r=3 eps=((3, 1),(1, 0))
[171/180] max=147 params=329 TIMEOUT [90s]
    F7(m,n)=2,7 | a=3 b=5 c'=3 r=1 eps=((1, 1),(1, 0))
[172/180] max=147 params=340 TIMEOUT [90s]
    F8(m,n)=3,7 | a=3 b=6 c'=3 r=1 eps=((1, 1),(1, 0))
[173/180] max=231 params=340 TIMEOUT [90s]
    F15(j=0;m,n=3,7) | a=3 b=6 c'=3 r=1 eps=((1, 1),(1, 0))
[174/180] max=140 params=372 TIMEOUT [90s]
    F11(m,n)=2,5 | a=7 b=4 c'=3 r=3 eps=((3, 1),(1, 0))
[175/180] max=140 params=372 TIMEOUT [90s]
    F11(m,n)=2,5 | a=7 b=4 c'=3 r=4 eps=((4, 1),(1, 0))
[176/180] max=140 params=372 TIMEOUT [90s]
    F11(m,n)=2,5 | a=7 b=4 c'=3 r=5 eps=((5, 1),(1, 0))
[177/180] max=140 params=477 TIMEOUT [90s]
    F11(m,n)=2,5 | a=7 b=4 c'=4 r=3 eps=((3, 1),(1, 0))
[178/180] max=140 params=477 TIMEOUT [90s]
    F11(m,n)=2,5 | a=7 b=4 c'=4 r=4 eps=((4, 1),(1, 0))
[179/180] max=140 params=477 TIMEOUT [90s]
    F11(m,n)=2,5 | a=7 b=4 c'=4 r=5 eps=((5, 1),(1, 0))
[180/180] max=231 params=779 TIMEOUT [90s]
    F7(j=1;m,n=3,11) | a=3 b=5 c'=3 r=1 eps=((1, 1),(1, 0))
TALLY: {'EMPTY': 31, 'TIMEOUT': 149}
=== pass 1 (90s) complete; starting retry pass at 300s ===
primes [65521, 65539]  targets 180  queue 60  budget 300s/prime
[1/60] max=132 params=38 TIMEOUT [300s]
    (11,33)/19/4,8 (m,n)=2,3 | a=4 b=9 c'=2 r=2 eps=((1, 0),(2, 1))
[2/60] max=132 params=38 TIMEOUT [300s]
    (11,33)/19/4,8 (m,n)=2,3 | a=4 b=9 c'=2 r=3 eps=((1, 0),(3, 1))
[3/60] max=132 params=38 TIMEOUT [300s]
    (11,33)/19/4,8 (m,n)=2,3 | a=4 b=9 c'=2 r=4 eps=((1, 0),(4, 1))
[4/60] max=132 params=38 TIMEOUT [300s]
    (11,33)/19/4,8 (m,n)=2,3 | a=4 b=9 c'=2 r=5 eps=((1, 0),(5, 1))
[5/60] max=132 params=48 TIMEOUT [300s]
    (11,33)/19/4,8 (m,n)=2,3 | a=4 b=9 c'=3 r=2 eps=((1, 0),(2, 1))
[6/60] max=132 params=48 TIMEOUT [300s]
    (11,33)/19/4,8 (m,n)=2,3 | a=4 b=9 c'=3 r=3 eps=((1, 0),(3, 1))
[7/60] max=132 params=48 TIMEOUT [300s]
    (11,33)/19/4,8 (m,n)=2,3 | a=4 b=9 c'=3 r=4 eps=((1, 0),(4, 1))
[8/60] max=132 params=48 TIMEOUT [300s]
    (11,33)/19/4,8 (m,n)=2,3 | a=4 b=9 c'=3 r=5 eps=((1, 0),(5, 1))
[9/60] max=132 params=48 TIMEOUT [300s]
    (11,33)/19/4,8 (m,n)=2,3 | a=4 b=9 c'=3 r=6 eps=((1, 0),(6, 1))
[10/60] max=132 params=48 TIMEOUT [300s]
    (11,33)/19/4,8 (m,n)=2,3 | a=4 b=9 c'=3 r=7 eps=((1, 0),(7, 1))
[11/60] max=132 params=48 TIMEOUT [300s]
    (11,33)/19/4,8 (m,n)=2,3 | a=4 b=9 c'=3 r=8 eps=((1, 0),(8, 1))
[12/60] max=140 params=51 UNKNOWN [352s]
    F11(m,n)=2,5 | a=7 b=4 c'=2 r=5 eps=((1, 0),(5, 1))
[13/60] max=140 params=51 UNKNOWN [366s]
    F11(m,n)=2,5 | a=7 b=4 c'=2 r=6 eps=((1, 0),(6, 1))
[14/60] max=140 params=51 UNKNOWN [372s]
    F11(m,n)=2,5 | a=7 b=4 c'=2 r=7 eps=((1, 0),(7, 1))
[15/60] max=140 params=51 UNKNOWN [368s]
    F11(m,n)=2,5 | a=7 b=4 c'=2 r=8 eps=((1, 0),(8, 1))
[16/60] max=126 params=53 TIMEOUT [300s]
    (7,35)/19/7,5 (m,n)=2,3 | a=7 b=6 c'=2 r=4 eps=((1, 0),(4, 1))
[17/60] max=132 params=56 TIMEOUT [300s]
    (11,33)/19/4,8 (m,n)=2,3 | a=4 b=9 c'=4 r=2 eps=((1, 0),(2, 1))
[18/60] max=132 params=56 TIMEOUT [300s]
    (11,33)/19/4,8 (m,n)=2,3 | a=4 b=9 c'=4 r=3 eps=((1, 0),(3, 1))
[19/60] max=132 params=56 TIMEOUT [300s]
    (11,33)/19/4,8 (m,n)=2,3 | a=4 b=9 c'=4 r=4 eps=((1, 0),(4, 1))
[20/60] max=132 params=56 TIMEOUT [300s]
    (11,33)/19/4,8 (m,n)=2,3 | a=4 b=9 c'=4 r=5 eps=((1, 0),(5, 1))
[21/60] max=132 params=56 TIMEOUT [300s]
    (11,33)/19/4,8 (m,n)=2,3 | a=4 b=9 c'=4 r=6 eps=((1, 0),(6, 1))
[22/60] max=132 params=56 TIMEOUT [300s]
    (11,33)/19/4,8 (m,n)=2,3 | a=4 b=9 c'=4 r=7 eps=((1, 0),(7, 1))
[23/60] max=132 params=56 TIMEOUT [300s]
    (11,33)/19/4,8 (m,n)=2,3 | a=4 b=9 c'=4 r=8 eps=((1, 0),(8, 1))
[24/60] max=144 params=61 TIMEOUT [300s]
    (8,40)/8,28/11/4,7 (m,n)=3,2 | a=4 b=8 c'=4 r=2 eps=((1, 0),(2, 1))
[25/60] max=165 params=65 TIMEOUT [300s]
    F16(j=0;m,n=3,5) | a=3 b=8 c'=0 r=1 eps=((1, 1),(1, 0))
[26/60] max=140 params=66 UNKNOWN [363s]
    F11(m,n)=2,5 | a=7 b=4 c'=3 r=5 eps=((1, 0),(5, 1))
[27/60] max=140 params=66 UNKNOWN [389s]
    F11(m,n)=2,5 | a=7 b=4 c'=3 r=6 eps=((1, 0),(6, 1))
[28/60] max=140 params=66 UNKNOWN [501s]
    F11(m,n)=2,5 | a=7 b=4 c'=3 r=7 eps=((1, 0),(7, 1))
[29/60] max=140 params=66 UNKNOWN [505s]
    F11(m,n)=2,5 | a=7 b=4 c'=3 r=8 eps=((1, 0),(8, 1))
[30/60] max=132 params=68 TIMEOUT [300s]
    (11,33)/19/4,8 (m,n)=2,3 | a=4 b=9 c'=5 r=2 eps=((1, 0),(2, 1))
[31/60] max=126 params=68 TIMEOUT [300s]
    (7,35)/19/7,5 (m,n)=2,3 | a=7 b=6 c'=3 r=4 eps=((1, 0),(4, 1))
[32/60] max=132 params=68 TIMEOUT [300s]
    (11,33)/19/4,8 (m,n)=2,3 | a=4 b=9 c'=5 r=3 eps=((1, 0),(3, 1))
[33/60] max=132 params=68 TIMEOUT [300s]
    (11,33)/19/4,8 (m,n)=2,3 | a=4 b=9 c'=5 r=4 eps=((1, 0),(4, 1))
[34/60] max=132 params=68 TIMEOUT [300s]
    (11,33)/19/4,8 (m,n)=2,3 | a=4 b=9 c'=5 r=5 eps=((1, 0),(5, 1))
[35/60] max=132 params=68 TIMEOUT [300s]
    (11,33)/19/4,8 (m,n)=2,3 | a=4 b=9 c'=5 r=6 eps=((1, 0),(6, 1))
[36/60] max=132 params=68 TIMEOUT [300s]
    (11,33)/19/4,8 (m,n)=2,3 | a=4 b=9 c'=5 r=7 eps=((1, 0),(7, 1))
[37/60] max=132 params=68 TIMEOUT [300s]
    (11,33)/19/4,8 (m,n)=2,3 | a=4 b=9 c'=5 r=8 eps=((1, 0),(8, 1))
[38/60] max=132 params=74 TIMEOUT [300s]
    (11,33)/19/4,8 (m,n)=2,3 | a=4 b=9 c'=2 r=2 eps=((2, 1),(1, 0))
[39/60] max=132 params=74 TIMEOUT [300s]
    (11,33)/19/4,8 (m,n)=2,3 | a=4 b=9 c'=2 r=3 eps=((3, 1),(1, 0))
[40/60] max=132 params=74 TIMEOUT [300s]
    (11,33)/19/4,8 (m,n)=2,3 | a=4 b=9 c'=6 r=2 eps=((1, 0),(2, 1))
[41/60] max=132 params=74 TIMEOUT [300s]
    (11,33)/19/4,8 (m,n)=2,3 | a=4 b=9 c'=6 r=3 eps=((1, 0),(3, 1))
[42/60] max=132 params=74 TIMEOUT [300s]
    (11,33)/19/4,8 (m,n)=2,3 | a=4 b=9 c'=6 r=4 eps=((1, 0),(4, 1))
[43/60] max=132 params=74 TIMEOUT [300s]
    (11,33)/19/4,8 (m,n)=2,3 | a=4 b=9 c'=6 r=5 eps=((1, 0),(5, 1))
[44/60] max=132 params=74 TIMEOUT [300s]
    (11,33)/19/4,8 (m,n)=2,3 | a=4 b=9 c'=6 r=6 eps=((1, 0),(6, 1))
[45/60] max=132 params=74 TIMEOUT [300s]
    (11,33)/19/4,8 (m,n)=2,3 | a=4 b=9 c'=6 r=7 eps=((1, 0),(7, 1))
