==============================================================================
H4 rung 2 -- msolve (F4/FGLM) on the cells Singular could not hold
==============================================================================

0a. PARSER CONTROL -- both directions, on systems whose answer is known

  PASS  parser calls a UNIT ideal EMPTY   <CERTIFIED>   [got EMPTY]
  PASS  parser calls a solvable system NONEMPTY   <CERTIFIED>   [got NONEMPTY]

0b. CROSS-ENGINE CONTROL (a cell with a known Singular verdict)

  PASS  generators extracted from the Singular build   <CERTIFIED>   [18 generators]
  PASS  msolve agrees with Singular's EMPTY on (3,4) h=x deg<=1   <CERTIFIED>   [msolve says EMPTY [0.0s]  c13, c14, c15, c16, z #monomial order:       graded reverse lexicographical #le]

1. THE CELLS SESSION 35 RECORDED AS OUT OF MEMORY

  cell                          gens    verdict     secs
  --------------------------------------------------------
  k=4 h=t deg<=6 p=65521        67        OOM    585.7
  k=4 h=t deg<=6 p=65539        67        OOM    531.9
    -> combined k=4 deg<=6: OOM   {65521: 'OOM', 65539: 'OOM'}
  k=5 h=t deg<=4 p=65521        64        OOM    373.9
  k=5 h=t deg<=4 p=65539        64    UNKNOWN    672.8
    -> combined k=5 deg<=4: OOM   {65521: 'OOM', 65539: 'UNKNOWN'}
  k=5 h=t deg<=5 p=65521        76        OOM    360.8
  k=5 h=t deg<=5 p=65539        76        OOM   1192.1
    -> combined k=5 deg<=5: OOM   {65521: 'OOM', 65539: 'OOM'}
  k=6 h=t deg<=4 p=65521        85        OOM    452.9
  k=6 h=t deg<=4 p=65539        85        OOM    299.4
    -> combined k=6 deg<=4: OOM   {65521: 'OOM', 65539: 'OOM'}
  k=4 h=t deg<=7 p=65521        78        OOM    551.8
  k=4 h=t deg<=7 p=65539        78        OOM    599.1
    -> combined k=4 deg<=7: OOM   {65521: 'OOM', 65539: 'OOM'}
  k=5 h=t deg<=6 p=65521        91    TIMEOUT   1800.9
