==============================================================================
PRIME p = 999983        7 divides p-1 ?  False
==============================================================================
STEP 1  face system in the gauge q_1 = q_8 = 1
   rows n = 3..20 of  sum_{i+j=n} (2j-3i) q_i t_j = [n==3];  rows vanishing identically: n = [20]
   => 17 equations in 17 unknowns (q_2..q_7 and t_2..t_12)
   t_2..t_12 eliminated (linear in t at fixed q, triangular); 6 residual equations in q_2..q_7, total degrees [9, 9, 9, 9, 9, 9]
   residual ideal: dim = 0, vdim = 35   (2s)
   lex Groebner basis (shape position, A_k = q_{k+1}):
      A6^35-29120*A6^28-488180*A6^21+310646*A6^14-221837*A6^7+60657
      A5-460450*A6^30+476168*A6^23+66010*A6^16+204123*A6^9-147465*A6^2
      A4+496633*A6^31+468195*A6^24-17695*A6^17+237645*A6^10-460160*A6^3
      A3-307947*A6^32+260259*A6^25-499325*A6^18+143221*A6^11+484208*A6^4
      A2-101858*A6^33+153068*A6^26-134735*A6^19+463978*A6^12+364585*A6^5
      A1+366918*A6^34+25024*A6^27+461711*A6^20+128695*A6^13-13756*A6^6
   eliminant in q_7: degree 35, irreducible factor degrees (degree, multiplicity) = [(1, 1), (1, 1), (3, 1), (6, 1), (6, 1), (6, 1), (6, 1), (6, 1)]
   sum of factor degrees = 35 ; F_p-rational roots = 2

STEP 2/3  face solutions and their E3 kernels
--------------------------------------------------------------------------
face family #0 : residue field F_p[T]/(h),  deg h = 1  (covers 1 of the 35 face solutions)
   h(T) = x+39876
   this family is F_p-rational
   q_1..q_8  = ['1', '837658', '498604', '437449', '256910', '618550', '960107', '1']
   t_2..t_12 = ['1', '225111', '498604', '357087', '674165', '741731', '721534', '301137', '732566', '103107', '883773']
   deg q = 8 (q_8 != 0): True ;  deg t = 12 (t_12 != 0): True ;  t_2 != 0: True
   support-restricted E3  (p_ on u^1..u^8, s_ on u^2..u^12)
      matrix 18 x 19 over the residue field, rows u^2..u^19, identically zero rows: none
      rank = 17      KERNEL DIMENSION = 2
      kernel basis vector (VERIFIED: E3(p_,s_) = 0):
         p_ = (529017)*u^1 + (325071)*u^2 + (739013)*u^3 + (979572)*u^4 + (214257)*u^5 + (812422)*u^6 + (326742)*u^7
         s_ = (764500)*u^2 + (325071)*u^3 + (695518)*u^4 + (512327)*u^5 + (356819)*u^6 + (892649)*u^7 + (596346)*u^8 + (609687)*u^9 + (231592)*u^10 + (1)*u^11
         val p_ = 1, deg p_ = 7, val s_ = 2, deg s_ = 11
      kernel basis vector (VERIFIED: E3(p_,s_) = 0):
         p_ = (298630)*u^1 + (373496)*u^2 + (855542)*u^3 + (408072)*u^4 + (654148)*u^5 + (29381)*u^6 + (692734)*u^7 + (326742)*u^8
         s_ = (149315)*u^2 + (373496)*u^3 + (331477)*u^4 + (30821)*u^5 + (344223)*u^6 + (180859)*u^7 + (162337)*u^8 + (316939)*u^9 + (377288)*u^10 + (1)*u^12
         val p_ = 1, deg p_ = 8, val s_ = 2, deg s_ = 12
   reference, s_ allowed from u^1 (20 columns): 19 x 20, identically zero rows [1], rank = 17, kernel dim = 3
      (p_, s_) = (0, q) lies in that relaxed kernel: True
--------------------------------------------------------------------------
face family #1 : residue field F_p[T]/(h),  deg h = 1  (covers 1 of the 35 face solutions)
   h(T) = x+240311
   this family is F_p-rational
   q_1..q_8  = ['1', '205335', '857249', '261184', '943005', '154272', '759672', '1']
   t_2..t_12 = ['1', '136890', '857249', '298496', '372801', '500138', '323440', '296555', '817497', '316382', '679231']
   deg q = 8 (q_8 != 0): True ;  deg t = 12 (t_12 != 0): True ;  t_2 != 0: True
   support-restricted E3  (p_ on u^1..u^8, s_ on u^2..u^12)
      matrix 18 x 19 over the residue field, rows u^2..u^19, identically zero rows: none
      rank = 17      KERNEL DIMENSION = 2
      kernel basis vector (VERIFIED: E3(p_,s_) = 0):
         p_ = (982983)*u^1 + (195156)*u^2 + (724435)*u^3 + (351442)*u^4 + (761312)*u^5 + (602893)*u^6 + (728723)*u^7
         s_ = (991483)*u^2 + (195156)*u^3 + (11855)*u^4 + (601353)*u^5 + (813645)*u^6 + (313758)*u^7 + (937007)*u^8 + (278295)*u^9 + (745274)*u^10 + (1)*u^11
         val p_ = 1, deg p_ = 7, val s_ = 2, deg s_ = 11
      kernel basis vector (VERIFIED: E3(p_,s_) = 0):
         p_ = (656402)*u^1 + (551526)*u^2 + (83016)*u^3 + (951333)*u^4 + (236522)*u^5 + (972362)*u^6 + (64972)*u^7 + (728723)*u^8
         s_ = (328201)*u^2 + (551526)*u^3 + (96852)*u^4 + (172964)*u^5 + (311164)*u^6 + (548231)*u^7 + (196334)*u^8 + (783005)*u^9 + (780104)*u^10 + (1)*u^12
         val p_ = 1, deg p_ = 8, val s_ = 2, deg s_ = 12
   reference, s_ allowed from u^1 (20 columns): 19 x 20, identically zero rows [1], rank = 17, kernel dim = 3
      (p_, s_) = (0, q) lies in that relaxed kernel: True
--------------------------------------------------------------------------
face family #2 : residue field F_p[T]/(h),  deg h = 3  (covers 3 of the 35 face solutions)
   h(T) = x^3+167481*x^2+964177*x+8748
   deg q = 8 (q_8 != 0): True ;  deg t = 12 (t_12 != 0): True ;  t_2 != 0: True
   support-restricted E3  (p_ on u^1..u^8, s_ on u^2..u^12)
      matrix 18 x 19 over the residue field, rows u^2..u^19, identically zero rows: none
      rank = 17      KERNEL DIMENSION = 2
      kernel basis vector (VERIFIED: E3(p_,s_) = 0):
         p_ = (33127*x^2+107145*x+344301)*u^1 + (434537*x^2+431580*x+630983)*u^2 + (851805*x^2+38649*x+437790)*u^3 + (521054*x^2+314588*x+892444)*u^4 + (8060*x^2+746674*x+914292)*u^5 + (663330*x^2+267988*x+862845)*u^6 + (605213*x^2+175526*x+354240)*u^7
         s_ = (516555*x^2+553564*x+672142)*u^2 + (434537*x^2+431580*x+630983)*u^3 + (493781*x^2+545082*x+510755)*u^4 + (612943*x^2+326302*x+588313)*u^5 + (702729*x^2+472125*x+685576)*u^6 + (467251*x^2+301280*x+475716)*u^7 + (879591*x^2+803441*x+991776)*u^8 + (388483*x^2+439554*x+539025)*u^9 + (928557*x)*u^10 + (1)*u^11
         val p_ = 1, deg p_ = 7, val s_ = 2, deg s_ = 11
      kernel basis vector (VERIFIED: E3(p_,s_) = 0):
         p_ = (282636*x^2+338639*x+164951)*u^1 + (840620*x^2+886282*x+677711)*u^2 + (539210*x^2+348022*x+13059)*u^3 + (744743*x^2+633889*x+47736)*u^4 + (724038*x^2+563931*x+373763)*u^5 + (843704*x^2+849790*x+464326)*u^6 + (113049*x^2+510329*x+246661)*u^7 + (605213*x^2+175526*x+354240)*u^8
         s_ = (141318*x^2+669311*x+582467)*u^2 + (840620*x^2+886282*x+677711)*u^3 + (962406*x^2+72698*x+515227)*u^4 + (629908*x^2+622554*x+343081)*u^5 + (266946*x^2+8493*x+636665)*u^6 + (514894*x^2+315066*x+507205)*u^7 + (260965*x^2+951389*x+960329)*u^8 + (562705*x^2+524598*x+345297)*u^9 + (287560*x^2+580917*x+669538)*u^10 + (1)*u^12
         val p_ = 1, deg p_ = 8, val s_ = 2, deg s_ = 12
   reference, s_ allowed from u^1 (20 columns): 19 x 20, identically zero rows [1], rank = 17, kernel dim = 3
      (p_, s_) = (0, q) lies in that relaxed kernel: True
--------------------------------------------------------------------------
face family #3 : residue field F_p[T]/(h),  deg h = 6  (covers 6 of the 35 face solutions)
   h(T) = x^6+447375*x^5+220188*x^4+794342*x^3+658730*x^2+237229*x+528796
   deg q = 8 (q_8 != 0): True ;  deg t = 12 (t_12 != 0): True ;  t_2 != 0: True
   support-restricted E3  (p_ on u^1..u^8, s_ on u^2..u^12)
      matrix 18 x 19 over the residue field, rows u^2..u^19, identically zero rows: none
      rank = 17      KERNEL DIMENSION = 2
      kernel basis vector (VERIFIED: E3(p_,s_) = 0):
         p_ = (814740*x^5+838468*x^4+668193*x^3+149405*x^2+808812*x+912190)*u^1 + (515210*x^5+324229*x^4+233878*x^3+112395*x^2+799275*x+828850)*u^2 + (92168*x^5+158424*x^4+43127*x^3+210521*x^2+806077*x+700604)*u^3 + (842010*x^5+605244*x^4+303831*x^3+811370*x^2+146925*x+538696)*u^4 + (683786*x^5+199122*x^4+179659*x^3+296832*x^2+410873*x+480755)*u^5 + (62445*x^5+81677*x^4+369728*x^3+360189*x^2+237581*x+559384)*u^6 + (904728*x^5+142764*x^4+564111*x^3+431145*x^2+527346*x+477953)*u^7
         s_ = (407370*x^5+419234*x^4+834088*x^3+574694*x^2+404406*x+456095)*u^2 + (515210*x^5+324229*x^4+233878*x^3+112395*x^2+799275*x+828850)*u^3 + (440857*x^5+184828*x^4+883634*x^3+78944*x^2+107104*x+150716)*u^4 + (714973*x^5+940875*x^4+873026*x^3+924828*x^2+739921*x+442714)*u^5 + (276054*x^5+675994*x^4+680020*x^3+270025*x^2+381439*x+162252)*u^6 + (996494*x^5+116471*x^4+97798*x^3+696911*x^2+871793*x+302874)*u^7 + (396036*x^5+769266*x^4+437889*x^3+15845*x^2+294863*x+455104)*u^8 + (774126*x^5+830774*x^4+224436*x^3+259948*x^2+533461*x+724759)*u^9 + (928557*x)*u^10 + (1)*u^11
         val p_ = 1, deg p_ = 7, val s_ = 2, deg s_ = 11
      kernel basis vector (VERIFIED: E3(p_,s_) = 0):
         p_ = (864752*x^5+194571*x^4+336927*x^3+191303*x^2+633171*x+124976)*u^1 + (260946*x^5+697467*x^4+342083*x^3+960337*x^2+130584*x+747165)*u^2 + (302845*x^5+516922*x^4+2944*x^3+238646*x^2+98455*x+801766)*u^3 + (600048*x^5+607810*x^4+230886*x^3+43023*x^2+69244*x+813145)*u^4 + (974609*x^5+178383*x^4+61490*x^3+70038*x^2+238715*x+73151)*u^5 + (854254*x^5+186402*x^4+955807*x^3+756139*x^2+429278*x+503090)*u^6 + (713561*x^5+35687*x^4+117653*x^3+539877*x^2+944726*x+340348)*u^7 + (904728*x^5+142764*x^4+564111*x^3+431145*x^2+527346*x+477953)*u^8
         s_ = (432376*x^5+597277*x^4+668455*x^3+595643*x^2+816577*x+62488)*u^2 + (260946*x^5+697467*x^4+342083*x^3+960337*x^2+130584*x+747165)*u^3 + (519983*x^5+269748*x^4+670090*x^3+611748*x^2+281528*x+602066)*u^4 + (667885*x^5+399402*x^4+591719*x^3+74188*x^2+36463*x+14008)*u^5 + (32089*x^5+204636*x^4+873975*x^3+401082*x^2+848713*x+59352)*u^6 + (42597*x^5+88108*x^4+673436*x^3+198184*x^2+137604*x+474515)*u^7 + (964531*x^5+824427*x^4+698602*x^3+750739*x^2+597458*x+576138)*u^8 + (348903*x^5+859905*x^4+248626*x^3+793167*x^2+625894*x+620363)*u^9 + (728441*x^5+467327*x^4+215849*x^3+695279*x^2+252317*x+716166)*u^10 + (1)*u^12
         val p_ = 1, deg p_ = 8, val s_ = 2, deg s_ = 12
   reference, s_ allowed from u^1 (20 columns): 19 x 20, identically zero rows [1], rank = 17, kernel dim = 3
      (p_, s_) = (0, q) lies in that relaxed kernel: True
--------------------------------------------------------------------------
face family #4 : residue field F_p[T]/(h),  deg h = 6  (covers 6 of the 35 face solutions)
   h(T) = x^6+668940*x^5+987927*x^4+78625*x^3+483669*x^2+146962*x+528796
   deg q = 8 (q_8 != 0): True ;  deg t = 12 (t_12 != 0): True ;  t_2 != 0: True
   support-restricted E3  (p_ on u^1..u^8, s_ on u^2..u^12)
      matrix 18 x 19 over the residue field, rows u^2..u^19, identically zero rows: none
      rank = 17      KERNEL DIMENSION = 2
      kernel basis vector (VERIFIED: E3(p_,s_) = 0):
         p_ = (898629*x^5+197776*x^4+877064*x^3+651738*x^2+577145*x+373482)*u^1 + (688812*x^5+190887*x^4+188248*x^3+695642*x^2+731205*x+694186)*u^2 + (33910*x^5+351464*x^4+400205*x^3+571490*x^2+811182*x+938821)*u^3 + (779264*x^5+1990*x^4+890725*x^3+107536*x^2+658537*x+609738)*u^4 + (141611*x^5+214738*x^4+254067*x^3+95612*x^2+877355*x+121512)*u^5 + (924201*x^5+801731*x^4+254890*x^3+765521*x^2+865059*x+708804)*u^6 + (814049*x^5+773806*x^4+427107*x^3+654754*x^2+685754*x+812194)*u^7
         s_ = (949306*x^5+98888*x^4+438532*x^3+325869*x^2+788564*x+186741)*u^2 + (688812*x^5+190887*x^4+188248*x^3+695642*x^2+731205*x+694186)*u^3 + (706217*x^5+743369*x^4+300242*x^3+83*x^2+946379*x+261972)*u^4 + (316309*x^5+614146*x^4+465386*x^3+69276*x^2+239474*x+344908)*u^5 + (790280*x^5+548777*x^4+113604*x^3+703487*x^2+156903*x+285567)*u^6 + (715084*x^5+216767*x^4+228392*x^3+244503*x^2+26969*x+350940)*u^7 + (154571*x^5+918081*x^4+416808*x^3+961064*x^2+237724*x+432640)*u^8 + (431024*x^5+639824*x^4+510871*x^3+680346*x^2+546197*x+467588)*u^9 + (928557*x)*u^10 + (1)*u^11
         val p_ = 1, deg p_ = 7, val s_ = 2, deg s_ = 11
      kernel basis vector (VERIFIED: E3(p_,s_) = 0):
         p_ = (232360*x^5+608278*x^4+771302*x^3+528748*x^2+121706*x+109353)*u^1 + (982283*x^5+235667*x^4+564536*x^3+621399*x^2+909049*x+692998)*u^2 + (580756*x^5+965154*x^4+216090*x^3+481854*x^2+281195*x+260771)*u^3 + (627986*x^5+725537*x^4+377577*x^3+869286*x^2+22594*x+440046)*u^4 + (235500*x^5+537024*x^4+14316*x^3+556038*x^2+346795*x+886817)*u^5 + (598320*x^5+261785*x^4+372008*x^3+591421*x^2+733624*x+991201)*u^6 + (210870*x^5+115647*x^4+17978*x^3+636761*x^2+745361*x+586514)*u^7 + (814049*x^5+773806*x^4+427107*x^3+654754*x^2+685754*x+812194)*u^8
         s_ = (116180*x^5+304139*x^4+385651*x^3+264374*x^2+60853*x+554668)*u^2 + (982283*x^5+235667*x^4+564536*x^3+621399*x^2+909049*x+692998)*u^3 + (344221*x^5+126030*x^4+252105*x^3+562163*x^2+161397*x+137569)*u^4 + (989133*x^5+102806*x^4+638784*x^3+888411*x^2+96014*x+734004)*u^5 + (972166*x^5+755452*x^4+121708*x^3+974766*x^2+720359*x+612045)*u^6 + (224439*x^5+672856*x^4+195936*x^3+613414*x^2+762535*x+922653)*u^7 + (376876*x^5+420957*x^4+134167*x^3+973403*x^2+461698*x+585292)*u^8 + (482097*x^5+448806*x^4+92094*x^3+402726*x^2+221833*x+593462)*u^9 + (486570*x^5+139564*x^4+107966*x^3+750608*x^2+681105*x+336955)*u^10 + (1)*u^12
         val p_ = 1, deg p_ = 8, val s_ = 2, deg s_ = 12
   reference, s_ allowed from u^1 (20 columns): 19 x 20, identically zero rows [1], rank = 17, kernel dim = 3
      (p_, s_) = (0, q) lies in that relaxed kernel: True
--------------------------------------------------------------------------
face family #5 : residue field F_p[T]/(h),  deg h = 6  (covers 6 of the 35 face solutions)
   h(T) = x^6+716170*x^5+164966*x^4+106139*x^3+942296*x^2+852001*x+528796
   deg q = 8 (q_8 != 0): True ;  deg t = 12 (t_12 != 0): True ;  t_2 != 0: True
   support-restricted E3  (p_ on u^1..u^8, s_ on u^2..u^12)
      matrix 18 x 19 over the residue field, rows u^2..u^19, identically zero rows: none
      rank = 17      KERNEL DIMENSION = 2
      kernel basis vector (VERIFIED: E3(p_,s_) = 0):
         p_ = (900699*x^5+731507*x^4+60182*x^3+106147*x^2+623556*x+318413)*u^1 + (920166*x^5+594600*x^4+306531*x^3+381249*x^2+641390*x+969308)*u^2 + (703878*x^5+463645*x^4+221555*x^3+586217*x^2+84134*x+782685)*u^3 + (531330*x^5+184412*x^4+879948*x^3+397605*x^2+715090*x+199756)*u^4 + (543813*x^5+543964*x^4+300713*x^3+538208*x^2+108454*x+270823)*u^5 + (791450*x^5+418447*x^4+54489*x^3+840435*x^2+396306*x+814997)*u^6 + (753679*x^5+722240*x^4+178444*x^3+658875*x^2+260917*x+640518)*u^7
         s_ = (950341*x^5+865745*x^4+30091*x^3+553065*x^2+311778*x+659198)*u^2 + (920166*x^5+594600*x^4+306531*x^3+381249*x^2+641390*x+969308)*u^3 + (821191*x^5+707583*x^4+91817*x^3+517256*x^2+431484*x+413141)*u^4 + (949565*x^5+834598*x^4+639695*x^3+165715*x^2+752307*x+300086)*u^5 + (221021*x^5+115734*x^4+869471*x^3+524535*x^2+607018*x+780367)*u^6 + (595102*x^5+675774*x^4+432559*x^3+85927*x^2+336752*x+133644)*u^7 + (415945*x^5+425112*x^4+50138*x^3+246468*x^2+212763*x+898771)*u^8 + (605939*x^5+582799*x^4+429030*x^3+727361*x^2+86773*x+898439)*u^9 + (928557*x)*u^10 + (1)*u^11
         val p_ = 1, deg p_ = 7, val s_ = 2, deg s_ = 11
      kernel basis vector (VERIFIED: E3(p_,s_) = 0):
         p_ = (684677*x^5+528902*x^4+153885*x^3+274189*x^2+640244*x+42618)*u^1 + (32892*x^5+864800*x^4+502998*x^3+111209*x^2+907939*x+364713)*u^2 + (338166*x^5+563744*x^4+850691*x^3+251725*x^2+19273*x+434775)*u^3 + (215299*x^5+460529*x^4+757522*x^3+842267*x^2+84311*x+488218)*u^4 + (237698*x^5+511888*x^4+690203*x^3+302338*x^2+362304*x+802642)*u^5 + (778650*x^5+646581*x^4+840358*x^3+83109*x^2+520507*x+709329)*u^6 + (371640*x^5+672557*x^4+718202*x^3+759725*x^2+268813*x+607900)*u^7 + (753679*x^5+722240*x^4+178444*x^3+658875*x^2+260917*x+640518)*u^8
         s_ = (842330*x^5+264451*x^4+576934*x^3+637086*x^2+320122*x+21309)*u^2 + (32892*x^5+864800*x^4+502998*x^3+111209*x^2+907939*x+364713)*u^3 + (394527*x^5+991029*x^4+825809*x^3+460343*x^2+189149*x+7246)*u^4 + (264779*x^5+717014*x^4+735293*x^3+633560*x^2+559508*x+69622)*u^5 + (13108*x^5+584662*x^4+228309*x^3+93554*x^2+980574*x+45575)*u^6 + (918569*x^5+902524*x^4+47257*x^3+863652*x^2+985320*x+767012)*u^7 + (25871*x^5+404778*x^4+699354*x^3+1680*x^2+888436*x+947241)*u^8 + (227888*x^5+551189*x^4+937569*x^3+355889*x^2+475132*x+593641)*u^9 + (423029*x^5+753243*x^4+534385*x^3+774148*x^2+881569*x+945525)*u^10 + (1)*u^12
         val p_ = 1, deg p_ = 8, val s_ = 2, deg s_ = 12
   reference, s_ allowed from u^1 (20 columns): 19 x 20, identically zero rows [1], rank = 17, kernel dim = 3
      (p_, s_) = (0, q) lies in that relaxed kernel: True
--------------------------------------------------------------------------
face family #6 : residue field F_p[T]/(h),  deg h = 6  (covers 6 of the 35 face solutions)
   h(T) = x^6+759672*x^5+358471*x^4+11037*x^3+642392*x^2+511679*x+817426
   deg q = 8 (q_8 != 0): True ;  deg t = 12 (t_12 != 0): True ;  t_2 != 0: True
   support-restricted E3  (p_ on u^1..u^8, s_ on u^2..u^12)
      matrix 18 x 19 over the residue field, rows u^2..u^19, identically zero rows: none
      rank = 17      KERNEL DIMENSION = 2
      kernel basis vector (VERIFIED: E3(p_,s_) = 0):
         p_ = (620299*x^2)*u^1 + (889806*x)*u^2 + (724435)*u^3 + (259773*x^5+629321*x^4+670157*x^3+163340*x^2+933942*x+648541)*u^4 + (402069*x^5)*u^5 + (745161*x^4)*u^6 + (369363*x^3)*u^7
         s_ = (810141*x^2)*u^2 + (889806*x)*u^3 + (11855)*u^4 + (985258*x^5+639621*x^4+424782*x^3+477404*x^2+616980*x+398630)*u^5 + (566691*x^5)*u^6 + (247929*x^4)*u^7 + (159274*x^3)*u^8 + (412108*x^2)*u^9 + (928557*x)*u^10 + (1)*u^11
         val p_ = 1, deg p_ = 7, val s_ = 2, deg s_ = 11
      kernel basis vector (VERIFIED: E3(p_,s_) = 0):
         p_ = (328857*x^3)*u^1 + (597705*x^2)*u^2 + (243480*x)*u^3 + (951333)*u^4 + (394326*x^5+513643*x^4+838598*x^3+250046*x^2+174164*x+763461)*u^5 + (286581*x^5)*u^6 + (315310*x^4)*u^7 + (369363*x^3)*u^8
         s_ = (664420*x^3)*u^2 + (597705*x^2)*u^3 + (284060*x)*u^4 + (172964)*u^5 + (287284*x^5+321013*x^4+733492*x^3+807398*x^2+80712*x+688819)*u^6 + (25116*x^5)*u^7 + (239224*x^4)*u^8 + (417478*x^3)*u^9 + (129765*x^2)*u^10 + (1)*u^12
         val p_ = 1, deg p_ = 8, val s_ = 2, deg s_ = 12
   reference, s_ allowed from u^1 (20 columns): 19 x 20, identically zero rows [1], rank = 17, kernel dim = 3
      (p_, s_) = (0, q) lies in that relaxed kernel: True
--------------------------------------------------------------------------
face family #7 : residue field F_p[T]/(h),  deg h = 6  (covers 6 of the 35 face solutions)
   h(T) = x^6+960107*x^5+122406*x^4+855350*x^3+483547*x^2+752017*x+60312
   deg q = 8 (q_8 != 0): True ;  deg t = 12 (t_12 != 0): True ;  t_2 != 0: True
   support-restricted E3  (p_ on u^1..u^8, s_ on u^2..u^12)
      matrix 18 x 19 over the residue field, rows u^2..u^19, identically zero rows: none
      rank = 17      KERNEL DIMENSION = 2
      kernel basis vector (VERIFIED: E3(p_,s_) = 0):
         p_ = (60417*x^2)*u^1 + (881635*x)*u^2 + (739013)*u^3 + (426410*x^5+185772*x^4+29792*x^3+993995*x^2+781534*x+20411)*u^4 + (891949*x^5)*u^5 + (816988*x^4)*u^6 + (619825*x^3)*u^7
         s_ = (530200*x^2)*u^2 + (881635*x)*u^3 + (695518)*u^4 + (35712*x^5+924063*x^4+437379*x^3+778482*x^2+724020*x+487656)*u^5 + (878471*x^5)*u^6 + (874661*x^4)*u^7 + (470897*x^3)*u^8 + (253052*x^2)*u^9 + (928557*x)*u^10 + (1)*u^11
         val p_ = 1, deg p_ = 7, val s_ = 2, deg s_ = 11
      kernel basis vector (VERIFIED: E3(p_,s_) = 0):
         p_ = (63295*x^3)*u^1 + (807221*x^2)*u^2 + (255717*x)*u^3 + (408072)*u^4 + (797792*x^5+705370*x^4+187704*x^3+988034*x^2+486416*x+345835)*u^5 + (857002*x^5)*u^6 + (190079*x^4)*u^7 + (619825*x^3)*u^8
         s_ = (531639*x^3)*u^2 + (807221*x^2)*u^3 + (798328*x)*u^4 + (30821)*u^5 + (778115*x^5+358767*x^4+563889*x^3+979957*x^2+570342*x+655760)*u^6 + (502975*x^5)*u^7 + (685314*x^4)*u^8 + (858660*x^3)*u^9 + (136481*x^2)*u^10 + (1)*u^12
         val p_ = 1, deg p_ = 8, val s_ = 2, deg s_ = 12
   reference, s_ allowed from u^1 (20 columns): 19 x 20, identically zero rows [1], rank = 17, kernel dim = 3
      (p_, s_) = (0, q) lies in that relaxed kernel: True
--------------------------------------------------------------------------
   face solutions covered: 35 of 35

==============================================================================
PRIME p = 1000003        7 divides p-1 ?  False
==============================================================================
STEP 1  face system in the gauge q_1 = q_8 = 1
   rows n = 3..20 of  sum_{i+j=n} (2j-3i) q_i t_j = [n==3];  rows vanishing identically: n = [20]
   => 17 equations in 17 unknowns (q_2..q_7 and t_2..t_12)
   t_2..t_12 eliminated (linear in t at fixed q, triangular); 6 residual equations in q_2..q_7, total degrees [9, 9, 9, 9, 9, 9]
   residual ideal: dim = 0, vdim = 35   (2s)
   lex Groebner basis (shape position, A_k = q_{k+1}):
      A6^35-241486*A6^28-53345*A6^21+473512*A6^14+456483*A6^7+74608
      A5-273258*A6^30-342005*A6^23-203864*A6^16+388333*A6^9+281247*A6^2
      A4+316992*A6^31-385289*A6^24-383555*A6^17+46548*A6^10-406590*A6^3
      A3+481613*A6^32-442653*A6^25+416962*A6^18-33793*A6^11-300413*A6^4
      A2+41559*A6^33+186584*A6^26-43751*A6^19+41222*A6^12-249191*A6^5
      A1+416212*A6^34+454733*A6^27-135787*A6^20-282409*A6^13+42988*A6^6
   eliminant in q_7: degree 35, irreducible factor degrees (degree, multiplicity) = [(1, 1), (2, 1), (2, 1), (3, 1), (3, 1), (6, 1), (6, 1), (6, 1), (6, 1)]
   sum of factor degrees = 35 ; F_p-rational roots = 1

STEP 2/3  face solutions and their E3 kernels
--------------------------------------------------------------------------
face family #0 : residue field F_p[T]/(h),  deg h = 1  (covers 1 of the 35 face solutions)
   h(T) = x+577955
   this family is F_p-rational
   q_1..q_8  = ['1', '266414', '799341', '819280', '305052', '868145', '422048', '1']
   t_2..t_12 = ['1', '844278', '799341', '936320', '829885', '301560', '414274', '898882', '986828', '80442', '709713']
   deg q = 8 (q_8 != 0): True ;  deg t = 12 (t_12 != 0): True ;  t_2 != 0: True
   support-restricted E3  (p_ on u^1..u^8, s_ on u^2..u^12)
      matrix 18 x 19 over the residue field, rows u^2..u^19, identically zero rows: none
      rank = 17      KERNEL DIMENSION = 2
      kernel basis vector (VERIFIED: E3(p_,s_) = 0):
         p_ = (781952)*u^1 + (298119)*u^2 + (29177)*u^3 + (832103)*u^4 + (56763)*u^5 + (43165)*u^6 + (981038)*u^7
         s_ = (390976)*u^2 + (298119)*u^3 + (200707)*u^4 + (271254)*u^5 + (540706)*u^6 + (88528)*u^7 + (737798)*u^8 + (48081)*u^9 + (715637)*u^10 + (1)*u^11
         val p_ = 1, deg p_ = 7, val s_ = 2, deg s_ = 11
      kernel basis vector (VERIFIED: E3(p_,s_) = 0):
         p_ = (229643)*u^1 + (526482)*u^2 + (817160)*u^3 + (909451)*u^4 + (58849)*u^5 + (560620)*u^6 + (58154)*u^7 + (981038)*u^8
         s_ = (614823)*u^2 + (526482)*u^3 + (620019)*u^4 + (881659)*u^5 + (543391)*u^6 + (243826)*u^7 + (808829)*u^8 + (359345)*u^9 + (604237)*u^10 + (1)*u^12
         val p_ = 1, deg p_ = 8, val s_ = 2, deg s_ = 12
   reference, s_ allowed from u^1 (20 columns): 19 x 20, identically zero rows [1], rank = 17, kernel dim = 3
      (p_, s_) = (0, q) lies in that relaxed kernel: True
--------------------------------------------------------------------------
face family #1 : residue field F_p[T]/(h),  deg h = 2  (covers 2 of the 35 face solutions)
   h(T) = x^2+641790*x+208493
   deg q = 8 (q_8 != 0): True ;  deg t = 12 (t_12 != 0): True ;  t_2 != 0: True
   support-restricted E3  (p_ on u^1..u^8, s_ on u^2..u^12)
      matrix 18 x 19 over the residue field, rows u^2..u^19, identically zero rows: none
      rank = 17      KERNEL DIMENSION = 2
      kernel basis vector (VERIFIED: E3(p_,s_) = 0):
         p_ = (273034*x+974752)*u^1 + (453337*x+678953)*u^2 + (113021*x+133905)*u^3 + (53711*x+623848)*u^4 + (393736*x+733163)*u^5 + (537749*x+360474)*u^6 + (736682*x+516439)*u^7
         s_ = (136517*x+487376)*u^2 + (453337*x+678953)*u^3 + (298525*x+656224)*u^4 + (318358*x+162845)*u^5 + (557085*x+451768)*u^6 + (91112*x+334773)*u^7 + (146597*x+397714)*u^8 + (159626*x+398896)*u^9 + (785718*x)*u^10 + (1)*u^11
         val p_ = 1, deg p_ = 7, val s_ = 2, deg s_ = 11
      kernel basis vector (VERIFIED: E3(p_,s_) = 0):
         p_ = (968902*x+911988)*u^1 + (264342*x+708160)*u^2 + (168570*x+724660)*u^3 + (304253*x+454306)*u^4 + (445490*x+256130)*u^5 + (393952*x+618556)*u^6 + (102981*x+289725)*u^7 + (736682*x+516439)*u^8
         s_ = (484451*x+455994)*u^2 + (264342*x+708160)*u^3 + (196665*x+178768)*u^4 + (108628*x+787147)*u^5 + (65040*x+938159)*u^6 + (764572*x+376241)*u^7 + (643621*x+135311)*u^8 + (587348*x+387851)*u^9 + (797562*x+662848)*u^10 + (1)*u^12
         val p_ = 1, deg p_ = 8, val s_ = 2, deg s_ = 12
   reference, s_ allowed from u^1 (20 columns): 19 x 20, identically zero rows [1], rank = 17, kernel dim = 3
      (p_, s_) = (0, q) lies in that relaxed kernel: True
--------------------------------------------------------------------------
face family #2 : residue field F_p[T]/(h),  deg h = 2  (covers 2 of the 35 face solutions)
   h(T) = x^2+867199*x+749239
   deg q = 8 (q_8 != 0): True ;  deg t = 12 (t_12 != 0): True ;  t_2 != 0: True
   support-restricted E3  (p_ on u^1..u^8, s_ on u^2..u^12)
      matrix 18 x 19 over the residue field, rows u^2..u^19, identically zero rows: none
      rank = 17      KERNEL DIMENSION = 2
      kernel basis vector (VERIFIED: E3(p_,s_) = 0):
         p_ = (731577*x+7889)*u^1 + (276122*x+466079)*u^2 + (429796*x+78863)*u^3 + (557220*x+663878)*u^4 + (575725*x+305261)*u^5 + (4950*x+687009)*u^6 + (522506*x+327124)*u^7
         s_ = (865790*x+503946)*u^2 + (276122*x+466079)*u^3 + (834763*x+258674)*u^4 + (181141*x+905436)*u^5 + (110878*x+207176)*u^6 + (607065*x+489864)*u^7 + (177393*x+835102)*u^8 + (456781*x+903781)*u^9 + (785718*x)*u^10 + (1)*u^11
         val p_ = 1, deg p_ = 7, val s_ = 2, deg s_ = 11
      kernel basis vector (VERIFIED: E3(p_,s_) = 0):
         p_ = (521674*x+826514)*u^1 + (733333*x+860714)*u^2 + (848162*x+859971)*u^3 + (794573*x+953170)*u^4 + (753632*x+145669)*u^5 + (970734*x+713844)*u^6 + (497114*x+349247)*u^7 + (522506*x+327124)*u^8
         s_ = (260837*x+413257)*u^2 + (733333*x+860714)*u^3 + (656188*x+503298)*u^4 + (822386*x+421377)*u^5 + (282561*x+106595)*u^6 + (392054*x+875893)*u^7 + (151796*x+518599)*u^8 + (319645*x+937945)*u^9 + (423086*x+85404)*u^10 + (1)*u^12
         val p_ = 1, deg p_ = 8, val s_ = 2, deg s_ = 12
   reference, s_ allowed from u^1 (20 columns): 19 x 20, identically zero rows [1], rank = 17, kernel dim = 3
      (p_, s_) = (0, q) lies in that relaxed kernel: True
--------------------------------------------------------------------------
face family #3 : residue field F_p[T]/(h),  deg h = 3  (covers 3 of the 35 face solutions)
   h(T) = x^3+627672*x^2+937606*x+633857
   deg q = 8 (q_8 != 0): True ;  deg t = 12 (t_12 != 0): True ;  t_2 != 0: True
   support-restricted E3  (p_ on u^1..u^8, s_ on u^2..u^12)
      matrix 18 x 19 over the residue field, rows u^2..u^19, identically zero rows: none
      rank = 17      KERNEL DIMENSION = 2
      kernel basis vector (VERIFIED: E3(p_,s_) = 0):
         p_ = (478336*x^2)*u^1 + (462023*x)*u^2 + (29177)*u^3 + (312746*x^2+318409*x+646383)*u^4 + (840033*x^2+805695*x+943240)*u^5 + (891424*x^2+587686*x+940376)*u^6 + (131674*x^2+208310*x+981038)*u^7
         s_ = (239168*x^2)*u^2 + (462023*x)*u^3 + (200707)*u^4 + (270368*x^2+914193*x+898517)*u^5 + (111103*x^2+16504*x+459297)*u^6 + (784938*x^2+519184*x+282020)*u^7 + (954945*x^2+929070*x+737798)*u^8 + (320459*x^2)*u^9 + (785718*x)*u^10 + (1)*u^11
         val p_ = 1, deg p_ = 7, val s_ = 2, deg s_ = 11
      kernel basis vector (VERIFIED: E3(p_,s_) = 0):
         p_ = (392096*x^2+889178*x+229643)*u^1 + (135613*x^2)*u^2 + (410819*x)*u^3 + (909451)*u^4 + (533136*x^2+535493*x+12806)*u^5 + (716259*x^2+185163*x+439383)*u^6 + (813340*x^2+490519*x+118116)*u^7 + (131674*x^2+208310*x+981038)*u^8
         s_ = (196048*x^2+444589*x+614823)*u^2 + (135613*x^2)*u^3 + (645956*x)*u^4 + (881659)*u^5 + (473016*x^2+8058*x+309193)*u^6 + (944179*x^2+471696*x+756177)*u^7 + (996306*x^2+693227*x+872193)*u^8 + (720474*x^2+849202*x+359345)*u^9 + (962849*x^2)*u^10 + (1)*u^12
         val p_ = 1, deg p_ = 8, val s_ = 2, deg s_ = 12
   reference, s_ allowed from u^1 (20 columns): 19 x 20, identically zero rows [1], rank = 17, kernel dim = 3
      (p_, s_) = (0, q) lies in that relaxed kernel: True
--------------------------------------------------------------------------
face family #4 : residue field F_p[T]/(h),  deg h = 3  (covers 3 of the 35 face solutions)
   h(T) = x^3+794379*x^2+82465*x+633857
   deg q = 8 (q_8 != 0): True ;  deg t = 12 (t_12 != 0): True ;  t_2 != 0: True
   support-restricted E3  (p_ on u^1..u^8, s_ on u^2..u^12)
      matrix 18 x 19 over the residue field, rows u^2..u^19, identically zero rows: none
      rank = 17      KERNEL DIMENSION = 2
      kernel basis vector (VERIFIED: E3(p_,s_) = 0):
         p_ = (478336*x^2)*u^1 + (462023*x)*u^2 + (29177)*u^3 + (312746*x^2+109420*x+521520)*u^4 + (701284*x^2+805695*x+943240)*u^5 + (891424*x^2+587686*x+16462)*u^6 + (229249*x^2+418367*x+981038)*u^7
         s_ = (239168*x^2)*u^2 + (462023*x)*u^3 + (200707)*u^4 + (270368*x^2+17150*x+830235)*u^5 + (473837*x^2+16504*x+459297)*u^6 + (784938*x^2+519184*x+629455)*u^7 + (320858*x^2+581736*x+737798)*u^8 + (320459*x^2)*u^9 + (785718*x)*u^10 + (1)*u^11
         val p_ = 1, deg p_ = 7, val s_ = 2, deg s_ = 11
      kernel basis vector (VERIFIED: E3(p_,s_) = 0):
         p_ = (8106*x^2+163841*x+229643)*u^1 + (135613*x^2)*u^2 + (410819*x)*u^3 + (909451)*u^4 + (533136*x^2+772014*x+928348)*u^5 + (263441*x^2+185163*x+439383)*u^6 + (813340*x^2+490519*x+823733)*u^7 + (229249*x^2+418367*x+981038)*u^8
         s_ = (4053*x^2+581922*x+614823)*u^2 + (135613*x^2)*u^3 + (645956*x)*u^4 + (881659)*u^5 + (473016*x^2+849808*x+147419)*u^6 + (612844*x^2+471696*x+756177)*u^7 + (996306*x^2+693227*x+318984)*u^8 + (102598*x^2+301470*x+359345)*u^9 + (962849*x^2)*u^10 + (1)*u^12
         val p_ = 1, deg p_ = 8, val s_ = 2, deg s_ = 12
   reference, s_ allowed from u^1 (20 columns): 19 x 20, identically zero rows [1], rank = 17, kernel dim = 3
      (p_, s_) = (0, q) lies in that relaxed kernel: True
--------------------------------------------------------------------------
face family #5 : residue field F_p[T]/(h),  deg h = 6  (covers 6 of the 35 face solutions)
   h(T) = x^6+428816*x^5+423295*x^4+915675*x^3+818929*x^2+810220*x+978995
   deg q = 8 (q_8 != 0): True ;  deg t = 12 (t_12 != 0): True ;  t_2 != 0: True
   support-restricted E3  (p_ on u^1..u^8, s_ on u^2..u^12)
      matrix 18 x 19 over the residue field, rows u^2..u^19, identically zero rows: none
      rank = 17      KERNEL DIMENSION = 2
      kernel basis vector (VERIFIED: E3(p_,s_) = 0):
         p_ = (291184*x^5+992730*x^4+939320*x^3+829592*x^2+942313*x+123215)*u^1 + (540586*x^5+956474*x^4+102858*x^3+411983*x^2+259925*x+785079)*u^2 + (434417*x^5+629459*x^4+444051*x^3+327964*x^2+862222*x+975658)*u^3 + (583128*x^5+3982*x^4+349506*x^3+384563*x^2+876016*x+204437)*u^4 + (752972*x^5+2024*x^4+965064*x^3+170580*x^2+287399*x+386390)*u^5 + (763721*x^5+49172*x^4+550625*x^3+612374*x^2+961176*x+41710)*u^6 + (802572*x^5+739962*x^4+419604*x^3+720484*x^2+894749*x+56435)*u^7
         s_ = (145592*x^5+496365*x^4+469660*x^3+414796*x^2+971158*x+561609)*u^2 + (540586*x^5+956474*x^4+102858*x^3+411983*x^2+259925*x+785079)*u^3 + (673487*x^5+901036*x^4+18058*x^3+715959*x^2+339257*x+471599)*u^4 + (973612*x^5+884325*x^4+642731*x^3+781167*x^2+732465*x+489539)*u^5 + (784860*x^5+810917*x^4+597065*x^3+111565*x^2+410592*x+726919)*u^6 + (825302*x^5+330179*x^4+830931*x^3+281165*x^2+334787*x+84428)*u^7 + (501335*x^5+791774*x^4+885384*x^3+744228*x^2+882414*x+48940)*u^8 + (389335*x^5+349764*x^4+100188*x^3+583386*x^2+561919*x+281997)*u^9 + (785718*x)*u^10 + (1)*u^11
         val p_ = 1, deg p_ = 7, val s_ = 2, deg s_ = 11
      kernel basis vector (VERIFIED: E3(p_,s_) = 0):
         p_ = (118221*x^5+319111*x^4+267351*x^3+588764*x^2+101652*x+875307)*u^1 + (602927*x^5+521225*x^4+528862*x^3+129507*x^2+166834*x+955517)*u^2 + (860423*x^5+395257*x^4+824643*x^3+496092*x^2+473628*x+165889)*u^3 + (101937*x^5+642578*x^4+324436*x^3+483232*x^2+381043*x+937018)*u^4 + (298197*x^5+951920*x^4+325430*x^3+90823*x^2+306372*x+381442)*u^5 + (943027*x^5+156127*x^4+415068*x^3+792524*x^2+238938*x+640185)*u^6 + (971167*x^5+637985*x^4+95470*x^3+809452*x^2+439317*x+809005)*u^7 + (802572*x^5+739962*x^4+419604*x^3+720484*x^2+894749*x+56435)*u^8
         s_ = (559112*x^5+659557*x^4+633677*x^3+294382*x^2+50826*x+937655)*u^2 + (602927*x^5+521225*x^4+528862*x^3+129507*x^2+166834*x+955517)*u^3 + (170491*x^5+294466*x^4+462082*x^3+578774*x^2+552566*x+26870)*u^4 + (784857*x^5+47415*x^4+652298*x^3+249487*x^2+692659*x+846239)*u^5 + (183302*x^5+795297*x^4+434680*x^3+439606*x^2+776495*x+466897)*u^6 + (762109*x^5+963082*x^4+723806*x^3+937767*x^2+538526*x+122598)*u^7 + (269019*x^5+922836*x^4+27564*x^3+964030*x^2+398695*x+821196)*u^8 + (569775*x^5+508946*x^4+139615*x^3+60920*x^2+691737*x+267496)*u^9 + (255591*x^5+44790*x^4+673037*x^3+818301*x^2+348128*x+457889)*u^10 + (1)*u^12
         val p_ = 1, deg p_ = 8, val s_ = 2, deg s_ = 12
   reference, s_ allowed from u^1 (20 columns): 19 x 20, identically zero rows [1], rank = 17, kernel dim = 3
      (p_, s_) = (0, q) lies in that relaxed kernel: True
--------------------------------------------------------------------------
face family #6 : residue field F_p[T]/(h),  deg h = 6  (covers 6 of the 35 face solutions)
   h(T) = x^6+578019*x^5+612345*x^4+268274*x^3+42072*x^2+816857*x+327010
   deg q = 8 (q_8 != 0): True ;  deg t = 12 (t_12 != 0): True ;  t_2 != 0: True
   support-restricted E3  (p_ on u^1..u^8, s_ on u^2..u^12)
      matrix 18 x 19 over the residue field, rows u^2..u^19, identically zero rows: none
      rank = 17      KERNEL DIMENSION = 2
      kernel basis vector (VERIFIED: E3(p_,s_) = 0):
         p_ = (198291*x^5+955284*x^4+484619*x^3+191165*x^2+171005*x+252670)*u^1 + (560064*x^5+895735*x^4+68330*x^3+725080*x^2+798143*x+491658)*u^2 + (918251*x^5+240412*x^4+403657*x^3+201321*x^2+111022*x+705013)*u^3 + (735933*x^5+690189*x^4+836610*x^3+667008*x^2+331556*x+56127)*u^4 + (463977*x^5+960886*x^4+325092*x^3+36761*x^2+216583*x+768140)*u^5 + (453578*x^5+212766*x^4+891557*x^3+236098*x^2+236377*x+415792)*u^6 + (378932*x^5+434461*x^4+667659*x^3+505211*x^2+988060*x+437234)*u^7
         s_ = (599147*x^5+477642*x^4+742311*x^3+595584*x^2+585504*x+126335)*u^2 + (560064*x^5+895735*x^4+68330*x^3+725080*x^2+798143*x+491658)*u^3 + (237957*x^5+613815*x^4+304266*x^3+734876*x^2+462860*x+655848)*u^4 + (399203*x^5+220884*x^4+108972*x^3+325257*x^2+194422*x+706638)*u^5 + (913111*x^5+630737*x^4+335151*x^3+442176*x^2+515698*x+972448)*u^6 + (639176*x^5+326228*x^4+569355*x^3+366901*x^2+674153*x+514483)*u^7 + (569506*x^5+101162*x^4+329984*x^3+432337*x^2+755759*x+125803)*u^8 + (738702*x^5+740243*x^4+680658*x^3+367609*x^2+118767*x+915729)*u^9 + (785718*x)*u^10 + (1)*u^11
         val p_ = 1, deg p_ = 7, val s_ = 2, deg s_ = 11
      kernel basis vector (VERIFIED: E3(p_,s_) = 0):
         p_ = (906394*x^5+730924*x^4+714580*x^3+22761*x^2+456603*x+8226)*u^1 + (676798*x^5+254820*x^4+37093*x^3+258022*x^2+234971*x+415749)*u^2 + (422444*x^5+36283*x^4+997306*x^3+701809*x^2+608701*x+495333)*u^3 + (150882*x^5+920326*x^4+813360*x^3+842433*x^2+421628*x+792676)*u^4 + (807483*x^5+502378*x^4+843851*x^3+43218*x^2+405894*x+157730)*u^5 + (326397*x^5+775423*x^4+454048*x^3+689466*x^2+752081*x+28667)*u^6 + (902083*x^5+375888*x^4+896596*x^3+695612*x^2+945450*x+90789)*u^7 + (378932*x^5+434461*x^4+667659*x^3+505211*x^2+988060*x+437234)*u^8
         s_ = (453197*x^5+365462*x^4+357290*x^3+511382*x^2+728303*x+4113)*u^2 + (676798*x^5+254820*x^4+37093*x^3+258022*x^2+234971*x+415749)*u^3 + (159517*x^5+875666*x^4+496855*x^3+652110*x^2+543484*x+77887)*u^4 + (748823*x^5+918225*x^4+899042*x^3+143797*x^2+681752*x+603695)*u^5 + (780742*x^5+708181*x^4+7693*x^3+756209*x^2+438788*x+962818)*u^6 + (651622*x^5+292116*x^4+249808*x^3+351985*x^2+906663*x+374255)*u^7 + (968265*x^5+232414*x^4+360296*x^3+358715*x^2+734751*x+872015)*u^8 + (322648*x^5+972287*x^4+952118*x^3+748202*x^2+50053*x+535729)*u^9 + (444788*x^5+360328*x^4+686438*x^3+945797*x^2+406211*x+704584)*u^10 + (1)*u^12
         val p_ = 1, deg p_ = 8, val s_ = 2, deg s_ = 12
   reference, s_ allowed from u^1 (20 columns): 19 x 20, identically zero rows [1], rank = 17, kernel dim = 3
      (p_, s_) = (0, q) lies in that relaxed kernel: True
--------------------------------------------------------------------------
face family #7 : residue field F_p[T]/(h),  deg h = 6  (covers 6 of the 35 face solutions)
   h(T) = x^6+703991*x^5+977967*x^4+915675*x^3+171061*x^2+252591*x+978995
   deg q = 8 (q_8 != 0): True ;  deg t = 12 (t_12 != 0): True ;  t_2 != 0: True
   support-restricted E3  (p_ on u^1..u^8, s_ on u^2..u^12)
      matrix 18 x 19 over the residue field, rows u^2..u^19, identically zero rows: none
      rank = 17      KERNEL DIMENSION = 2
      kernel basis vector (VERIFIED: E3(p_,s_) = 0):
         p_ = (291184*x^5+920816*x^4+399786*x^3+127728*x^2+10633*x+427125)*u^1 + (147321*x^5+72703*x^4+102858*x^3+266730*x^2+965439*x+319615)*u^2 + (720309*x^5+142192*x^4+582724*x^3+699715*x^2+862222*x+226523)*u^3 + (589546*x^5+4033*x^4+328043*x^3+646488*x^2+321135*x+220604)*u^4 + (703614*x^5+2024*x^4+27516*x^3+574404*x^2+106802*x+34810)*u^5 + (175044*x^5+704012*x^4+981754*x^3+612374*x^2+215110*x+761698)*u^6 + (767292*x^5+246095*x^4+492225*x^3+473047*x^2+724155*x+56435)*u^7
         s_ = (145592*x^5+460408*x^4+199893*x^3+63864*x^2+505318*x+713564)*u^2 + (147321*x^5+72703*x^4+102858*x^3+266730*x^2+965439*x+319615)*u^3 + (340359*x^5+499225*x^4+13176*x^3+649667*x^2+339257*x+430944)*u^4 + (660335*x^5+804570*x^4+47107*x^3+807058*x^2+831382*x+119013)*u^5 + (532329*x^5+810917*x^4+551941*x^3+346133*x^2+482856*x+473290)*u^6 + (334323*x^5+145970*x^4+549349*x^3+281165*x^2+820699*x+315044)*u^7 + (401457*x^5+630087*x^4+153727*x^3+915673*x^2+773725*x+48940)*u^8 + (389335*x^5+748755*x^4+202485*x^3+779045*x^2+302898*x+368281)*u^9 + (785718*x)*u^10 + (1)*u^11
         val p_ = 1, deg p_ = 7, val s_ = 2, deg s_ = 11
      kernel basis vector (VERIFIED: E3(p_,s_) = 0):
         p_ = (567310*x^5+908358*x^4+283502*x^3+14213*x^2+111563*x+875307)*u^1 + (602927*x^5+493762*x^4+637726*x^3+848740*x^2+138847*x+158455)*u^2 + (528282*x^5+10722*x^4+824643*x^3+565795*x^2+508214*x+711512)*u^3 + (70018*x^5+600737*x^4+754945*x^3+140588*x^2+381043*x+174478)*u^4 + (103241*x^5+228082*x^4+192859*x^3+902652*x^2+508609*x+602114)*u^5 + (522031*x^5+156127*x^4+136353*x^3+163886*x^2+209796*x+573502)*u^6 + (897894*x^5+255995*x^4+260646*x^3+809452*x^2+707855*x+389012)*u^7 + (767292*x^5+246095*x^4+492225*x^3+473047*x^2+724155*x+56435)*u^8
         s_ = (283655*x^5+454179*x^4+141751*x^3+507108*x^2+555783*x+937655)*u^2 + (602927*x^5+493762*x^4+637726*x^3+848740*x^2+138847*x+158455)*u^3 + (616329*x^5+12509*x^4+462082*x^3+493427*x^2+259582*x+496763)*u^4 + (675095*x^5+836335*x^4+839002*x^3+231655*x^2+692659*x+935225)*u^5 + (209199*x^5+85293*x^4+936203*x^3+365759*x^2+733618*x+592085)*u^6 + (867021*x^5+963082*x^4+334035*x^3+946887*x^2+177261*x+474697)*u^7 + (763776*x^5+922845*x^4+454138*x^3+964030*x^2+578207*x+870189)*u^8 + (548915*x^5+570113*x^4+218268*x^3+736049*x^2+487695*x+267496)*u^9 + (255591*x^5+2169*x^4+67598*x^3+404082*x^2+464837*x+556186)*u^10 + (1)*u^12
         val p_ = 1, deg p_ = 8, val s_ = 2, deg s_ = 12
   reference, s_ allowed from u^1 (20 columns): 19 x 20, identically zero rows [1], rank = 17, kernel dim = 3
      (p_, s_) = (0, q) lies in that relaxed kernel: True
--------------------------------------------------------------------------
face family #8 : residue field F_p[T]/(h),  deg h = 6  (covers 6 of the 35 face solutions)
   h(T) = x^6+780197*x^5+10744*x^4+268274*x^3+263078*x^2+540276*x+327010
   deg q = 8 (q_8 != 0): True ;  deg t = 12 (t_12 != 0): True ;  t_2 != 0: True
   support-restricted E3  (p_ on u^1..u^8, s_ on u^2..u^12)
      matrix 18 x 19 over the residue field, rows u^2..u^19, identically zero rows: none
      rank = 17      KERNEL DIMENSION = 2
      kernel basis vector (VERIFIED: E3(p_,s_) = 0):
         p_ = (198291*x^5+895626*x^4+230619*x^3+341114*x^2+477153*x+29602)*u^1 + (387831*x^5+908655*x^4+68330*x^3+175244*x^2+284037*x+526939)*u^2 + (126169*x^5+458679*x^4+395272*x^3+832338*x^2+111022*x+308978)*u^3 + (428899*x^5+673094*x^4+124966*x^3+70996*x^2+409948*x+977954)*u^4 + (785699*x^5+960886*x^4+330400*x^3+403581*x^2+464712*x+721433)*u^5 + (262983*x^5+631345*x^4+985259*x^3+236098*x^2+99340*x+151877)*u^6 + (381545*x^5+178140*x^4+877085*x^3+612389*x^2+403164*x+437234)*u^7
         s_ = (599147*x^5+447813*x^4+615311*x^3+170557*x^2+738578*x+14801)*u^2 + (387831*x^5+908655*x^4+68330*x^3+175244*x^2+284037*x+526939)*u^3 + (980533*x^5+35124*x^4+794485*x^3+971061*x^2+462860*x+27140)*u^4 + (510170*x^5+216159*x^4+904647*x^3+862826*x^2+450304*x+699964)*u^5 + (661548*x^5+630737*x^4+732858*x^3+180390*x^2+467722*x+74057)*u^6 + (311149*x^5+533573*x^4+490647*x^3+366901*x^2+739508*x+592733)*u^7 + (257708*x^5+706650*x^4+835377*x^3+587031*x^2+673040*x+125803)*u^8 + (738702*x^5+994661*x^4+653134*x^3+863812*x^2+659093*x+374012)*u^9 + (785718*x)*u^10 + (1)*u^11
         val p_ = 1, deg p_ = 7, val s_ = 2, deg s_ = 11
      kernel basis vector (VERIFIED: E3(p_,s_) = 0):
         p_ = (929328*x^5+834465*x^4+150461*x^3+753346*x^2+780766*x+8226)*u^1 + (676798*x^5+449190*x^4+701915*x^3+779035*x^2+522447*x+178221)*u^2 + (861162*x^5+103679*x^4+997306*x^3+938293*x^2+687913*x+542221)*u^3 + (149054*x^5+731725*x^4+810952*x^3+439031*x^2+421628*x+960995)*u^4 + (657959*x^5+203554*x^4+626066*x^3+385553*x^2+622086*x+385837)*u^5 + (374103*x^5+775423*x^4+123144*x^3+595675*x^2+953545*x+16513)*u^6 + (96594*x^5+715052*x^4+341935*x^3+695612*x^2+275386*x+328073)*u^7 + (381545*x^5+178140*x^4+877085*x^3+612389*x^2+403164*x+437234)*u^8
         s_ = (464664*x^5+917234*x^4+575232*x^3+376673*x^2+390383*x+4113)*u^2 + (676798*x^5+449190*x^4+701915*x^3+779035*x^2+522447*x+178221)*u^3 + (4686*x^5+287626*x^4+496855*x^3+928008*x^2+635898*x+465924)*u^4 + (947344*x^5+328588*x^4+493153*x^3+6777*x^2+681752*x+195731)*u^5 + (310577*x^5+741818*x^4+993962*x^3+874160*x^2+435986*x+104041)*u^6 + (528175*x^5+292116*x^4+496465*x^3+122604*x^2+485330*x+63106)*u^7 + (404226*x^5+806970*x^4+898719*x^3+358715*x^2+176718*x+509135)*u^8 + (177057*x^5+920591*x^4+565416*x^3+853405*x^2+305828*x+535729)*u^9 + (444788*x^5+116927*x^4+939956*x^3+930755*x^2+497842*x+846882)*u^10 + (1)*u^12
         val p_ = 1, deg p_ = 8, val s_ = 2, deg s_ = 12
   reference, s_ allowed from u^1 (20 columns): 19 x 20, identically zero rows [1], rank = 17, kernel dim = 3
      (p_, s_) = (0, q) lies in that relaxed kernel: True
--------------------------------------------------------------------------
   face solutions covered: 35 of 35

==============================================================================
STEP 4  cross-prime comparison
   p=999983 : dim=0, vdim=35, eliminant factor degrees [(1, 1), (1, 1), (3, 1), (6, 1), (6, 1), (6, 1), (6, 1), (6, 1)], F_p-rational families 2
            restricted kernel dims per family [2, 2, 2, 2, 2, 2, 2, 2] (covering [1, 1, 3, 6, 6, 6, 6, 6] face solutions each)
            relaxed  kernel dims per family [3, 3, 3, 3, 3, 3, 3, 3]
   p=1000003 : dim=0, vdim=35, eliminant factor degrees [(1, 1), (2, 1), (2, 1), (3, 1), (3, 1), (6, 1), (6, 1), (6, 1), (6, 1)], F_p-rational families 1
            restricted kernel dims per family [2, 2, 2, 2, 2, 2, 2, 2, 2] (covering [1, 2, 2, 3, 3, 6, 6, 6, 6] face solutions each)
            relaxed  kernel dims per family [3, 3, 3, 3, 3, 3, 3, 3, 3]
   restricted kernel dimension is constant over all 35 face solutions at p=999983: True (value [2])
   restricted kernel dimension is constant over all 35 face solutions at p=1000003: True (value [2])
   the two primes agree: True
   vdim agrees across the two primes: True
wrote night6/e3_kernel_results.json
p=999983 trial 0: off-face=True | restricted 18x19 rank 18 kerdim 1 | relaxed 19x20 rank 18 kerdim 2 | (0,q) in relaxed kernel True
p=999983 trial 1: off-face=True | restricted 18x19 rank 18 kerdim 1 | relaxed 19x20 rank 18 kerdim 2 | (0,q) in relaxed kernel True
p=999983 trial 2: off-face=True | restricted 18x19 rank 18 kerdim 1 | relaxed 19x20 rank 18 kerdim 2 | (0,q) in relaxed kernel True
p=999983 trial 3: off-face=True | restricted 18x19 rank 18 kerdim 1 | relaxed 19x20 rank 18 kerdim 2 | (0,q) in relaxed kernel True
p=999983 trial 4: off-face=True | restricted 18x19 rank 18 kerdim 1 | relaxed 19x20 rank 18 kerdim 2 | (0,q) in relaxed kernel True
p=1000003 trial 0: off-face=True | restricted 18x19 rank 18 kerdim 1 | relaxed 19x20 rank 18 kerdim 2 | (0,q) in relaxed kernel True
p=1000003 trial 1: off-face=True | restricted 18x19 rank 18 kerdim 1 | relaxed 19x20 rank 18 kerdim 2 | (0,q) in relaxed kernel True
p=1000003 trial 2: off-face=True | restricted 18x19 rank 18 kerdim 1 | relaxed 19x20 rank 18 kerdim 2 | (0,q) in relaxed kernel True
p=1000003 trial 3: off-face=True | restricted 18x19 rank 18 kerdim 1 | relaxed 19x20 rank 18 kerdim 2 | (0,q) in relaxed kernel True
p=1000003 trial 4: off-face=True | restricted 18x19 rank 18 kerdim 1 | relaxed 19x20 rank 18 kerdim 2 | (0,q) in relaxed kernel True
