[0, [65599, 
8, 
1144, 
['d_3_3', 'd_4_5', 'd_5_7', 'd_6_9', 'd_7_11', 'd_8_13', 'd_9_15', 'A'],
[9,-98,52,-103,56,13,124,6],
[1,
[[9,
[20162, 2625, 36633, 40940, 63377, 23910, 31299, 56811, 58951, 1]],
[0,
[1]],
[
[[0,
[65598]]],
[[8,
[16316, 61678, 47190, 13348, 18017, 58064, 64247, 36950, 42937]]],
[[8,
[25474, 64339, 11503, 11404, 9473, 50036, 14543, 7833, 10607]]],
[[8,
[54692, 42138, 13812, 48055, 1613, 51423, 63486, 28441, 43255]]],
[[8,
[21104, 13812, 33732, 25305, 29429, 49115, 6135, 3062, 20488]]],
[[8,
[37839, 1730, 26128, 42091, 13193, 246, 65442, 12044, 18418]]],
[[8,
[30970, 64102, 40784, 13972, 43487, 2563, 65561, 14626, 54761]]]
]]]]]:
