[0, [65521, 
8, 
1144, 
['d_3_3', 'd_4_5', 'd_5_7', 'd_6_9', 'd_7_11', 'd_8_13', 'd_9_15', 'A'],
[-30,-94,105,107,80,-107,-2,44],
[1,
[[9,
[9930, 47753, 7930, 41534, 44445, 12365, 13201, 25604, 62200, 1]],
[0,
[1]],
[
[[0,
[65520]]],
[[8,
[5892, 32276, 3769, 27448, 35637, 36500, 16446, 62359, 64293]]],
[[8,
[39007, 59795, 39636, 19448, 30633, 43014, 47938, 10969, 2620]]],
[[8,
[53261, 4723, 32034, 23135, 22097, 23148, 4026, 22782, 29439]]],
[[8,
[65229, 59751, 44697, 63652, 47437, 63842, 18208, 47652, 30892]]],
[[8,
[2815, 41439, 10383, 46446, 60734, 21779, 25940, 58749, 9813]]],
[[8,
[35472, 49587, 34162, 14330, 25778, 57409, 54805, 51122, 56660]]]
]]]]]:
