[0, [65539, 
8, 
1144, 
['d_3_3', 'd_4_5', 'd_5_7', 'd_6_9', 'd_7_11', 'd_8_13', 'd_9_15', 'A'],
[-123,20,4,103,83,-124,-126,72],
[1,
[[9,
[23614, 52117, 53850, 44808, 52668, 47657, 48748, 4960, 51871, 1]],
[0,
[1]],
[
[[0,
[65538]]],
[[8,
[33365, 48240, 15583, 34130, 23313, 37334, 59476, 56949, 8610]]],
[[8,
[54292, 20345, 4888, 20310, 45249, 49496, 23568, 5519, 20230]]],
[[8,
[33482, 29905, 6994, 1164, 63712, 63755, 51289, 2023, 40740]]],
[[8,
[37464, 19447, 58340, 14039, 45078, 22245, 36931, 31072, 50623]]],
[[8,
[63907, 57887, 47503, 14677, 11213, 19034, 1220, 39267, 19074]]],
[[8,
[7100, 13558, 54123, 16902, 6178, 58657, 25308, 24422, 29602]]]
]]]]]:
