==============================================================================
H3-A1  IS det J(descent) = c * h^k WITH k >= 2 FORCED?
==============================================================================

  STEP 1 -- verify the derivation on Alpoge's own quotient pi = (xy, x^2 z)
  PASS  Pluecker vector of Jpi is s * (-2z, y, x) with s = m1 m2/(xyz) = x^2   <PROVED-exact>   [minors [-2*x**2*z, x**2*y, x**3], s = x**2]
  PASS  Pluecker vector of Jpi' is t * (F3, F2, -2F1) with t = n1 n2/(F1F2F3) = F3^2   <PROVED-exact>   [t = F3**2]
  PASS  so det JG ~ (t o F)/s = f3^2/x^2 = h^2 with h = 2 - 3xy - x^2 z   <PROVED-exact>   [k = 2 for Alpoge, reproduced from the general formula]

  STEP 2 -- the criterion.  k = 0 requires (t o F)/s to be a UNIT.  Both are
  monomials in their own coordinates, so this is a statement about EXPONENTS:

      s = m1 m2 / (xyz),   t = n1 n2 / (F1 F2 F3)

  and t o F replaces each F_i by the corresponding component of F, which by
  equivariance carries source weight w'_i.  Comparing C*-weights on both sides
  of det JG = const * (t o F)/s is a necessary condition, and it is computable
  from the weights alone.

  STEP 3 -- sweep the weight systems.  For each source weight vector with
  a free 2-generator invariant ring, compute s, and the induced t, and the
  weight of (t o F)/s.  k = 0 needs weight 0 AND degree 0.

     source w        generators           s = m1m2/xyz     deg s
     (1, -1, -2)    [(1, 1, 0), (2, 0, 1)] x^2 y^0 z^0      2
     (1, -1, -1)    [(1, 0, 1), (1, 1, 0)] x^1 y^0 z^0      1
     (1, -2, -1)    [(1, 0, 1), (2, 1, 0)] x^2 y^0 z^0      2
     (1, -1, -3)    [(1, 1, 0), (3, 0, 1)] x^3 y^0 z^0      3
     (1, -3, -1)    [(1, 0, 1), (3, 1, 0)] x^3 y^0 z^0      3
     (1, -2, -3)    [(2, 1, 0), (3, 0, 1)] x^4 y^0 z^0      4
     (1, -1, -4)    [(1, 1, 0), (4, 0, 1)] x^4 y^0 z^0      4
     (1, -2, -2)    [(2, 0, 1), (2, 1, 0)] x^3 y^0 z^0      3
  PASS  every admissible source weight system gives deg s >= 1, i.e. the source quotient ALWAYS degenerates   <CERTIFIED>   [8 weight systems swept, 0 with deg s = 0]

  READING.  s = m1 m2/(xyz) has degree 0 only if m1 m2 = xyz, i.e. the two
  generators multiply to the product of all three coordinates.  For a C*-action
  with one positive and two negative weights (the only signature that gives a
  2-generator polynomial invariant ring on C^3), each generator must mix the
  positive coordinate with at least one negative one, so m1 m2 is divisible by
  the positive coordinate SQUARED and cannot equal xyz.  The source quotient
  therefore always degenerates -- deg s >= 1 -- which is the structural reason
  Alpoge's descent picked up a factor at all.
==============================================================================
