==============================================================================
H1b step 1 -- INDEPENDENT y-adic Jacobian rank, (72,108) pentagons
==============================================================================
  PASS  N(P) has 61 lattice points (independent polygon rebuild)   <PROVED-exact>   [61 points, j = 0..16]
  PASS  N(Q)'s j=0 row is the single point (0,0), so Q_0 is a constant   <PROVED-exact>   [this is what makes the recursion solvable]

--- p = 65521  (campaign prime; p = 1 mod 3: True) ---
    conditions: 374   parameters: 61   ranks at 3 random points: [60, 60, 60]
  PASS  p=65521: exact Jacobian rank is 60 (campaign's recorded value)   <CERTIFIED>   [ranks [60, 60, 60]; dim <= 61 - 60 = 1]

--- p = 1000003  (FRESH prime, never used here; p = 1 mod 3: True) ---
    conditions: 374   parameters: 61   ranks at 3 random points: [60, 60, 60]
  PASS  p=1000003: exact Jacobian rank is 60 (campaign's recorded value)   <CERTIFIED>   [ranks [60, 60, 60]; dim <= 61 - 60 = 1]

==============================================================================
H1b step 1 RESULT.  rank = 60 of 61 CONFIRMED by a fully independent
rebuild -- own polygons, own bracket expansion, own recursion, own dual-number
differentiation, own rank -- at the campaign's prime AND at a fresh prime.

So  dim <= 1  stands as evidence.  Audit item A2.9 closes: the number the whole
pentagon story rests on is right.

IMPORTANT: this is a LOCAL bound (dim <= 61 - rank at the sampled point) and it
is NOT a verdict.  dim <= 1 permits a 1-parameter family OR isolated points --
and isolated points are exactly what a counterexample would look like.  The
rank does not distinguish them.  That is step 2: the SCHEME, not the rank.
==============================================================================
==============================================================================
H1b step 2c -- MEASURED DEGREE OF THE CONDITIONS
==============================================================================
  level j   #conds   degree in the parameters (along a random line)
    j = 13      1      12
    j = 14      2      12..13
    j = 15      3      12..14
    j = 16      4      12..15
    j = 17      5      12..16
    j = 18      6      12..17
    j = 19      7      12..18
    j = 20      8      12..19
    j = 21      9      12..20
    j = 22     10      12..21
    j = 23     11      12..22
    j = 24     12      12..23

  READING.  The conditions are NOT low degree.  Degree grows with the level
  because Q_j is built by j steps of a recursion each multiplying by P.  A
  Groebner engine would be handed polynomials of this degree in 61 variables,
  after clearing p_10 denominators -- which is why msolve dies in monomial
  hash-table growth on the 166-variable form, and why the campaign's symbolic
  tower stalls at level 16 with 1.8 GB.

  CONSEQUENCE FOR THE ATTACK.  Writing the conditions down explicitly is not
  possible, so no exact elimination engine can be handed this system directly.
  What IS cheap is EVALUATION: the y-adic recursion evaluates all 374
  conditions at a point in milliseconds, and dual numbers give the exact
  Jacobian. That makes the system tractable to EVALUATION-BASED search --
  Newton/homotopy over C -- and to nothing else currently in reach.

==============================================================================
