==============================================================================
H1b step 4c -- SPARSITY OF THE CONDITIONS (deciding test for (b))
==============================================================================
  variables after gauges p_00=0, p_10=1 : 59

  level   monomials in Q_j (max over x-coefficients)   cumulative time
    j= 2     max            1   total             2        0.0s
    j= 3     max            1   total             4        0.0s
    j= 4     max            3   total             7        0.0s
    j= 5     max            7   total            19        0.0s
    j= 6     max           14   total            41        0.0s
    j= 7     max           26   total            90        0.0s
    j= 8     max           48   total           175        0.0s
    j= 9     max           84   total           340        0.0s
    j=10     max          144   total           618        0.0s
    j=11     max          245   total         1,122        0.0s
    j=12     max          409   total         1,951        0.0s
    j=13     max          686   total         3,394        0.1s
    j=14     max        1,118   total         5,740        0.1s
    j=15     max        1,811   total         9,644        0.2s
    j=16     max        2,895   total        15,926        0.5s
    j=17     max        4,585   total        26,115        1.0s
    j=18     max        7,170   total        42,232        1.7s
    j=19     max       11,144   total        67,810        3.0s
    j=20     max       17,134   total       107,690        4.9s
    j=21     max       26,159   total       169,808        8.0s
    j=22     max       39,607   total       265,363       14.3s
    j=23     max       59,626   total       411,878       25.0s
    j=24     max       89,746   total       634,242       42.8s
    j=25     max      134,113   total       970,530       71.1s
    j=26     max      199,017   total     1,474,753      118.1s

  reached level 14 in 118s
==============================================================================
