[0, [1000003, 
12, 
5, 
['d_2_1', 'd_3_3', 'd_4_5', 'd_5_7', 'd_6_9', 'd_7_11', 'd_8_13', 'd_9_15', 'd_10_17', 'd_11_19', 'd_12_21', 'sat'],
[0, 0, 0, 0, 0, 0, 0, 0, 0, 0, 0, 1],
[1,
[[5,
[420093, 195284, 55478, 59458, 995173, 1]],
[0,
[1]],
[
[[0,
[1000002]]],
[[0,
[1000002]]],
[[4,
[945313, 632882, 77539, 497492, 172266]]],
[[4,
[893354, 680178, 352160, 780518, 787936]]],
[[4,
[121673, 270216, 912338, 748499, 68138]]],
[[4,
[637749, 622188, 444943, 335595, 924309]]],
[[4,
[282195, 919041, 604100, 658418, 565419]]],
[[4,
[624870, 654087, 449955, 741429, 939767]]],
[[4,
[188569, 233516, 743098, 51133, 994889]]],
[[4,
[29888, 383761, 338672, 387332, 68586]]],
[[4,
[173265, 386261, 835401, 449916, 648356]]]
]]]]]:
