[0, [1000039, 
12, 
5, 
['d_2_1', 'd_3_3', 'd_4_5', 'd_5_7', 'd_6_9', 'd_7_11', 'd_8_13', 'd_9_15', 'd_10_17', 'd_11_19', 'd_12_21', 'sat'],
[0, 0, 0, 0, 0, 0, 0, 0, 0, 0, 0, 1],
[1,
[[5,
[574129, 838910, 538227, 792746, 278373, 1]],
[0,
[1]],
[
[[0,
[1000038]]],
[[0,
[1000038]]],
[[4,
[690558, 881595, 521453, 820994, 404007]]],
[[4,
[489871, 900509, 800342, 697668, 717865]]],
[[4,
[730246, 193057, 349887, 114345, 439961]]],
[[4,
[264291, 133038, 901301, 655381, 309627]]],
[[4,
[433860, 856919, 235241, 47971, 44342]]],
[[4,
[695882, 777532, 434959, 439436, 709123]]],
[[4,
[194835, 606086, 574087, 385736, 636159]]],
[[4,
[995802, 743600, 763069, 120408, 564575]]],
[[4,
[590404, 663693, 460921, 990381, 529332]]]
]]]]]:
