[0, [1000033, 
12, 
5, 
['d_2_1', 'd_3_3', 'd_4_5', 'd_5_7', 'd_6_9', 'd_7_11', 'd_8_13', 'd_9_15', 'd_10_17', 'd_11_19', 'd_12_21', 'sat'],
[0, 0, 0, 0, 0, 0, 0, 0, 0, 0, 0, 1],
[1,
[[5,
[523252, 111217, 858344, 642182, 473312, 1]],
[0,
[1]],
[
[[0,
[1000032]]],
[[0,
[1000032]]],
[[4,
[69425, 319434, 529007, 972454, 588520]]],
[[4,
[326513, 706065, 148596, 935958, 275018]]],
[[4,
[143830, 360432, 590980, 57739, 343946]]],
[[4,
[772741, 53287, 947299, 921115, 485561]]],
[[4,
[246114, 98648, 211151, 382571, 838195]]],
[[4,
[594262, 446927, 494915, 528490, 629079]]],
[[4,
[63968, 807234, 681811, 398591, 756299]]],
[[4,
[411002, 993554, 976417, 27147, 275764]]],
[[4,
[781292, 144067, 743419, 143577, 446788]]]
]]]]]:
