[0, [1000003, 
53, 
1, 
['c_1_1', 'c_1_2', 'c_2_3', 'c_2_4', 'c_3_5', 'c_3_6', 'c_4_7', 'c_4_8', 'c_5_10', 'c_5_9', 'c_6_11', 'c_6_12', 'c_7_13', 'c_7_14', 'c_8_15', 'c_8_16', 'd_10_18', 'd_10_19', 'd_10_20', 'd_11_20', 'd_11_21', 'd_11_22', 'd_12_22', 'd_12_23', 'd_12_24', 'd_1_1', 'd_1_2', 'd_2_2', 'd_2_3', 'd_2_4', 'd_3_4', 'd_3_5', 'd_3_6', 'd_4_6', 'd_4_7', 'd_4_8', 'd_5_10', 'd_5_8', 'd_5_9', 'd_6_10', 'd_6_11', 'd_6_12', 'd_7_12', 'd_7_13', 'd_7_14', 'd_8_14', 'd_8_15', 'd_8_16', 'd_9_16', 'd_9_17', 'd_9_18', 'w', 'sat2'],
[0, 0, 0, 0, 0, 0, 0, 0, 0, 0, 0, 0, 0, 0, 0, 0, 0, 0, 0, 0, 0, 0, 0, 0, 0, 0, 0, 0, 0, 0, 0, 0, 0, 0, 0, 0, 0, 0, 0, 0, 0, 0, 0, 0, 0, 0, 0, 0, 0, 0, 0, 0, 1],
[1,
[[1,
[982482, 1]],
[0,
[1]],
[
[[0,
[73459]]],
[[0,
[351826]]],
[[0,
[414602]]],
[[0,
[334882]]],
[[0,
[947366]]],
[[0,
[950544]]],
[[0,
[835116]]],
[[0,
[680469]]],
[[0,
[319347]]],
[[0,
[531483]]],
[[0,
[886847]]],
[[0,
[235288]]],
[[0,
[459674]]],
[[0,
[265829]]],
[[0,
[226607]]],
[[0,
[1000002]]],
[[0,
[391012]]],
[[0,
[391310]]],
[[0,
[458612]]],
[[0,
[843007]]],
[[0,
[522939]]],
[[0,
[638653]]],
[[0,
[199030]]],
[[0,
[339108]]],
[[0,
[786373]]],
[[0,
[673789]]],
[[0,
[110858]]],
[[0,
[295955]]],
[[0,
[991257]]],
[[0,
[927611]]],
[[0,
[628754]]],
[[0,
[400920]]],
[[0,
[841014]]],
[[0,
[339109]]],
[[0,
[240852]]],
[[0,
[1598]]],
[[0,
[450631]]],
[[0,
[339336]]],
[[0,
[583454]]],
[[0,
[969370]]],
[[0,
[465719]]],
[[0,
[830035]]],
[[0,
[378492]]],
[[0,
[346816]]],
[[0,
[655286]]],
[[0,
[663732]]],
[[0,
[681203]]],
[[0,
[134498]]],
[[0,
[399691]]],
[[0,
[873201]]],
[[0,
[369745]]],
[[0,
[784142]]]
]]]]]:
