[0, [1000171, 
12, 
5, 
['d_2_1', 'd_3_3', 'd_4_5', 'd_5_7', 'd_6_9', 'd_7_11', 'd_8_13', 'd_9_15', 'd_10_17', 'd_11_19', 'd_12_21', 'sat'],
[0, 0, 0, 0, 0, 0, 0, 0, 0, 0, 0, 1],
[1,
[[5,
[962739, 45468, 786567, 521362, 11905, 1]],
[0,
[1]],
[
[[0,
[1000170]]],
[[0,
[1000170]]],
[[4,
[120726, 624055, 821222, 961276, 332229]]],
[[4,
[164577, 357564, 829008, 747180, 169005]]],
[[4,
[390625, 778112, 508010, 681489, 344628]]],
[[4,
[505168, 501635, 223688, 390059, 893243]]],
[[4,
[259679, 862174, 942617, 330806, 970128]]],
[[4,
[891925, 810269, 70998, 6500, 705522]]],
[[4,
[817577, 110736, 984743, 460587, 647340]]],
[[4,
[138214, 72971, 757488, 81263, 620751]]],
[[4,
[866037, 796359, 255159, 119784, 880547]]]
]]]]]:
