[0, [1000117, 
12, 
5, 
['d_2_1', 'd_3_3', 'd_4_5', 'd_5_7', 'd_6_9', 'd_7_11', 'd_8_13', 'd_9_15', 'd_10_17', 'd_11_19', 'd_12_21', 'sat'],
[0, 0, 0, 0, 0, 0, 0, 0, 0, 0, 0, 1],
[1,
[[5,
[209470, 821161, 608169, 735655, 488322, 1]],
[0,
[1]],
[
[[0,
[1000116]]],
[[0,
[1000116]]],
[[4,
[359110, 593525, 946532, 47974, 95815]]],
[[4,
[521822, 11447, 878312, 165761, 425658]]],
[[4,
[344565, 180639, 702109, 745145, 121282]]],
[[4,
[411865, 780852, 168887, 125180, 559596]]],
[[4,
[673692, 652038, 391303, 554410, 135468]]],
[[4,
[681651, 633745, 82808, 593567, 623124]]],
[[4,
[495876, 115618, 184148, 646230, 89487]]],
[[4,
[334737, 442585, 775726, 726460, 213632]]],
[[4,
[162323, 246764, 426821, 368566, 977376]]]
]]]]]:
