[0, [1000099, 
12, 
5, 
['d_2_1', 'd_3_3', 'd_4_5', 'd_5_7', 'd_6_9', 'd_7_11', 'd_8_13', 'd_9_15', 'd_10_17', 'd_11_19', 'd_12_21', 'sat'],
[0, 0, 0, 0, 0, 0, 0, 0, 0, 0, 0, 1],
[1,
[[5,
[559516, 637476, 473969, 737717, 259814, 1]],
[0,
[1]],
[
[[0,
[1000098]]],
[[0,
[1000098]]],
[[4,
[771521, 68577, 790074, 772179, 50828]]],
[[4,
[62235, 379326, 375653, 492655, 976036]]],
[[4,
[864643, 593683, 52989, 371982, 697249]]],
[[4,
[521673, 925253, 572848, 177325, 82425]]],
[[4,
[611954, 340343, 188718, 257410, 610729]]],
[[4,
[915768, 852567, 132581, 66745, 55757]]],
[[4,
[562228, 559615, 309722, 451856, 817696]]],
[[4,
[890920, 456411, 881821, 236697, 573104]]],
[[4,
[634355, 270170, 107571, 47128, 140530]]]
]]]]]:
