[0, [1000213, 
12, 
5, 
['d_2_1', 'd_3_3', 'd_4_5', 'd_5_7', 'd_6_9', 'd_7_11', 'd_8_13', 'd_9_15', 'd_10_17', 'd_11_19', 'd_12_21', 'sat'],
[0, 0, 0, 0, 0, 0, 0, 0, 0, 0, 0, 1],
[1,
[[5,
[657279, 804478, 984383, 842534, 32228, 1]],
[0,
[1]],
[
[[0,
[1000212]]],
[[0,
[1000212]]],
[[4,
[356788, 735453, 455648, 15577, 310859]]],
[[4,
[193488, 323845, 927419, 261437, 479634]]],
[[4,
[337349, 720413, 159386, 29919, 164442]]],
[[4,
[235591, 702217, 166187, 475294, 823644]]],
[[4,
[289629, 913568, 965973, 950332, 753314]]],
[[4,
[122684, 346443, 27950, 449839, 318960]]],
[[4,
[747549, 393525, 828850, 211948, 470178]]],
[[4,
[419866, 105750, 830235, 916703, 491359]]],
[[4,
[461660, 660991, 451720, 66225, 574749]]]
]]]]]:
