[0, [1000159, 
12, 
5, 
['d_2_1', 'd_3_3', 'd_4_5', 'd_5_7', 'd_6_9', 'd_7_11', 'd_8_13', 'd_9_15', 'd_10_17', 'd_11_19', 'd_12_21', 'sat'],
[0, 0, 0, 0, 0, 0, 0, 0, 0, 0, 0, 1],
[1,
[[5,
[693349, 521086, 122827, 355136, 415256, 1]],
[0,
[1]],
[
[[0,
[1000158]]],
[[0,
[1000158]]],
[[4,
[79453, 612368, 399569, 861617, 403585]]],
[[4,
[801964, 180734, 480724, 13272, 913974]]],
[[4,
[454933, 885233, 989347, 37170, 990973]]],
[[4,
[389831, 492755, 115768, 128230, 9640]]],
[[4,
[512571, 26089, 18590, 7228, 85294]]],
[[4,
[258422, 656619, 487520, 777820, 966301]]],
[[4,
[161993, 452191, 816431, 156424, 905088]]],
[[4,
[424608, 475977, 340075, 111859, 716529]]],
[[4,
[469823, 297635, 64492, 579094, 152428]]]
]]]]]:
