[0, [1000291, 
12, 
5, 
['d_2_1', 'd_3_3', 'd_4_5', 'd_5_7', 'd_6_9', 'd_7_11', 'd_8_13', 'd_9_15', 'd_10_17', 'd_11_19', 'd_12_21', 'sat'],
[0, 0, 0, 0, 0, 0, 0, 0, 0, 0, 0, 1],
[1,
[[5,
[832923, 44901, 820029, 345185, 166730, 1]],
[0,
[1]],
[
[[0,
[1000290]]],
[[0,
[1000290]]],
[[4,
[406831, 719263, 527529, 298389, 654993]]],
[[4,
[668847, 881579, 306231, 766320, 896015]]],
[[4,
[206362, 772515, 960210, 635772, 921229]]],
[[4,
[642273, 32973, 861171, 645740, 347112]]],
[[4,
[649324, 565976, 46101, 132389, 392993]]],
[[4,
[34621, 177525, 485439, 387672, 1707]]],
[[4,
[164637, 815261, 611375, 292524, 919975]]],
[[4,
[177799, 619472, 241610, 72199, 914129]]],
[[4,
[570687, 582779, 902721, 969391, 155266]]]
]]]]]:
