[0, [1000231, 
12, 
5, 
['d_2_1', 'd_3_3', 'd_4_5', 'd_5_7', 'd_6_9', 'd_7_11', 'd_8_13', 'd_9_15', 'd_10_17', 'd_11_19', 'd_12_21', 'sat'],
[0, 0, 0, 0, 0, 0, 0, 0, 0, 0, 0, 1],
[1,
[[5,
[830963, 791239, 846300, 37523, 823453, 1]],
[0,
[1]],
[
[[0,
[1000230]]],
[[0,
[1000230]]],
[[4,
[692011, 993054, 419015, 725139, 258984]]],
[[4,
[681502, 951201, 512639, 197490, 553412]]],
[[4,
[503156, 581007, 527214, 334518, 696576]]],
[[4,
[928377, 451691, 733033, 99286, 483675]]],
[[4,
[432333, 176407, 388575, 972661, 163135]]],
[[4,
[895636, 173158, 310033, 481442, 767699]]],
[[4,
[971039, 318376, 503022, 879972, 246476]]],
[[4,
[957284, 157378, 867766, 675388, 495402]]],
[[4,
[408513, 33039, 309480, 202626, 99197]]]
]]]]]:
