[0, [1000081, 
12, 
5, 
['d_2_1', 'd_3_3', 'd_4_5', 'd_5_7', 'd_6_9', 'd_7_11', 'd_8_13', 'd_9_15', 'd_10_17', 'd_11_19', 'd_12_21', 'sat'],
[0, 0, 0, 0, 0, 0, 0, 0, 0, 0, 0, 1],
[1,
[[5,
[334890, 46888, 252265, 762631, 771929, 1]],
[0,
[1]],
[
[[0,
[1000080]]],
[[0,
[1000080]]],
[[4,
[310461, 699576, 176587, 292088, 812612]]],
[[4,
[477517, 469031, 740615, 224169, 651762]]],
[[4,
[237815, 463112, 270555, 324672, 572871]]],
[[4,
[866399, 514366, 750161, 956863, 407855]]],
[[4,
[451182, 3614, 894656, 25794, 502657]]],
[[4,
[9873, 523421, 961409, 9497, 848710]]],
[[4,
[541641, 846583, 523908, 588855, 640269]]],
[[4,
[958411, 54218, 17303, 219137, 273225]]],
[[4,
[946065, 65326, 86363, 180079, 84121]]]
]]]]]:
