[0, [1000249, 
12, 
5, 
['d_2_1', 'd_3_3', 'd_4_5', 'd_5_7', 'd_6_9', 'd_7_11', 'd_8_13', 'd_9_15', 'd_10_17', 'd_11_19', 'd_12_21', 'sat'],
[0, 0, 0, 0, 0, 0, 0, 0, 0, 0, 0, 1],
[1,
[[5,
[357600, 79081, 716645, 939368, 706502, 1]],
[0,
[1]],
[
[[0,
[1000248]]],
[[0,
[1000248]]],
[[4,
[308662, 798929, 935156, 505443, 180937]]],
[[4,
[894912, 238763, 573122, 574874, 797234]]],
[[4,
[626597, 232237, 479325, 12221, 566530]]],
[[4,
[901164, 357273, 290873, 712792, 214180]]],
[[4,
[921294, 721203, 259440, 494324, 603369]]],
[[4,
[128836, 202638, 317614, 916785, 384771]]],
[[4,
[253093, 202063, 694940, 21723, 772695]]],
[[4,
[703800, 426594, 531720, 597684, 338567]]],
[[4,
[269729, 894506, 135853, 584605, 609075]]]
]]]]]:
