[0, [1000183, 
12, 
5, 
['d_2_1', 'd_3_3', 'd_4_5', 'd_5_7', 'd_6_9', 'd_7_11', 'd_8_13', 'd_9_15', 'd_10_17', 'd_11_19', 'd_12_21', 'sat'],
[0, 0, 0, 0, 0, 0, 0, 0, 0, 0, 0, 1],
[1,
[[5,
[256834, 965837, 33579, 853054, 602358, 1]],
[0,
[1]],
[
[[0,
[1000182]]],
[[0,
[1000182]]],
[[4,
[888331, 642159, 26711, 114701, 41662]]],
[[4,
[436329, 149121, 312193, 432548, 930556]]],
[[4,
[393959, 479629, 228551, 265197, 989470]]],
[[4,
[922599, 798864, 537814, 392801, 429855]]],
[[4,
[241477, 184948, 92389, 702660, 351475]]],
[[4,
[886899, 185273, 286708, 937954, 993241]]],
[[4,
[424387, 941082, 6993, 481399, 570618]]],
[[4,
[542834, 183120, 467168, 495380, 126032]]],
[[4,
[692605, 148524, 151039, 374149, 975614]]]
]]]]]:
