[0, [1000273, 
12, 
5, 
['d_2_1', 'd_3_3', 'd_4_5', 'd_5_7', 'd_6_9', 'd_7_11', 'd_8_13', 'd_9_15', 'd_10_17', 'd_11_19', 'd_12_21', 'sat'],
[0, 0, 0, 0, 0, 0, 0, 0, 0, 0, 0, 1],
[1,
[[5,
[872575, 603022, 595927, 361061, 745422, 1]],
[0,
[1]],
[
[[0,
[1000272]]],
[[0,
[1000272]]],
[[4,
[51222, 405514, 497431, 102200, 616645]]],
[[4,
[685543, 695092, 151294, 222715, 221786]]],
[[4,
[623427, 76326, 726724, 413208, 461405]]],
[[4,
[936621, 9388, 730078, 305543, 5375]]],
[[4,
[474336, 911934, 53403, 654018, 374071]]],
[[4,
[256138, 623926, 824031, 181, 303142]]],
[[4,
[705355, 136595, 689134, 544097, 955133]]],
[[4,
[636968, 393323, 318150, 73390, 228239]]],
[[4,
[414790, 506085, 12115, 470216, 279838]]]
]]]]]:
