CONTROL Mondello p=2: Keller OK, max fibre 3 (expect >=3), p|g: False (expect False)
CONTROL automorphism p=3: Keller OK, max fibre 1  OK
PRIME-TO-p HIT p=2 shape=(0, 2, 1, 0, 0, 0, 4) C=1 D=1 maxfibre=3 hists={1: {2: 1, 1: 2}, 2: {2: 3, 1: 7, 3: 1}}
PRIME-TO-p HIT p=2 shape=(0, 2, 1, 0, 0, 2, 0) C=1 D=1 maxfibre=3 hists={1: {2: 1, 1: 2}, 2: {2: 3, 1: 7, 3: 1}}
PRIME-TO-p HIT p=2 shape=(0, 2, 1, 0, 0, 2, 2) C=1 D=1 maxfibre=3 hists={1: {1: 2, 2: 1}, 2: {3: 1, 1: 9, 2: 2}}
PRIME-TO-p HIT p=2 shape=(0, 2, 1, 0, 0, 3, 4) C=1 D=1 maxfibre=3 hists={1: {1: 2, 2: 1}, 2: {3: 1, 1: 7, 2: 3}}
PRIME-TO-p HIT p=2 shape=(0, 2, 1, 0, 0, 5, 0) C=1 D=1 maxfibre=3 hists={1: {2: 1, 1: 2}, 2: {2: 3, 1: 7, 3: 1}}
PRIME-TO-p HIT p=2 shape=(0, 2, 1, 0, 0, 5, 2) C=1 D=1 maxfibre=3 hists={1: {1: 2, 2: 1}, 2: {3: 1, 1: 9, 2: 2}}
PRIME-TO-p HIT p=2 shape=(0, 2, 1, 0, 0, 6, 4) C=1 D=1 maxfibre=3 hists={1: {1: 2, 2: 1}, 2: {3: 1, 1: 7, 2: 3}}
PRIME-TO-p HIT p=2 shape=(0, 2, 1, 0, 0, 8, 0) C=1 D=1 maxfibre=3 hists={1: {2: 1, 1: 2}, 2: {2: 3, 1: 7, 3: 1}}
PRIME-TO-p HIT p=2 shape=(0, 2, 1, 0, 0, 8, 2) C=1 D=1 maxfibre=3 hists={1: {1: 2, 2: 1}, 2: {3: 1, 1: 9, 2: 2}}
PRIME-TO-p HIT p=2 shape=(0, 2, 1, 0, 0, 9, 4) C=1 D=1 maxfibre=3 hists={1: {1: 2, 2: 1}, 2: {3: 1, 1: 7, 2: 3}}
PRIME-TO-p HIT p=2 shape=(0, 2, 1, 0, 1, 0, 4) C=1 D=1 maxfibre=3 hists={1: {1: 2, 2: 1}, 2: {3: 1, 1: 9, 2: 2}}
PRIME-TO-p HIT p=2 shape=(0, 2, 1, 0, 1, 2, 0) C=1 D=1 maxfibre=3 hists={1: {1: 2, 2: 1}, 2: {3: 1, 1: 9, 2: 2}}
PRIME-TO-p HIT p=2 shape=(0, 2, 1, 0, 1, 2, 2) C=1 D=1 maxfibre=3 hists={1: {2: 1, 1: 2}, 2: {2: 3, 1: 7, 3: 1}}
PRIME-TO-p HIT p=2 shape=(0, 2, 1, 0, 1, 2, 4) C=1 D=1 maxfibre=3 hists={1: {2: 1, 1: 2}, 2: {2: 3, 1: 7, 3: 1}}
PRIME-TO-p HIT p=2 shape=(0, 2, 1, 0, 1, 3, 4) C=1 D=1 maxfibre=3 hists={1: {2: 1, 1: 2}, 2: {2: 2, 1: 9, 3: 1}}
PRIME-TO-p HIT p=2 shape=(0, 2, 1, 0, 1, 5, 0) C=1 D=1 maxfibre=3 hists={1: {1: 2, 2: 1}, 2: {3: 1, 1: 9, 2: 2}}
PRIME-TO-p HIT p=2 shape=(0, 2, 1, 0, 1, 5, 2) C=1 D=1 maxfibre=3 hists={1: {2: 1, 1: 2}, 2: {2: 3, 1: 7, 3: 1}}
PRIME-TO-p HIT p=2 shape=(0, 2, 1, 0, 1, 5, 4) C=1 D=1 maxfibre=3 hists={1: {2: 1, 1: 2}, 2: {2: 3, 1: 7, 3: 1}}
PRIME-TO-p HIT p=2 shape=(0, 2, 1, 0, 1, 6, 4) C=1 D=1 maxfibre=3 hists={1: {2: 1, 1: 2}, 2: {2: 2, 1: 9, 3: 1}}
PRIME-TO-p HIT p=2 shape=(0, 2, 1, 0, 1, 8, 0) C=1 D=1 maxfibre=3 hists={1: {1: 2, 2: 1}, 2: {3: 1, 1: 9, 2: 2}}
PRIME-TO-p HIT p=2 shape=(0, 2, 1, 0, 1, 8, 2) C=1 D=1 maxfibre=3 hists={1: {2: 1, 1: 2}, 2: {2: 3, 1: 7, 3: 1}}
PRIME-TO-p HIT p=2 shape=(0, 2, 1, 0, 1, 8, 4) C=1 D=1 maxfibre=3 hists={1: {2: 1, 1: 2}, 2: {2: 3, 1: 7, 3: 1}}
PRIME-TO-p HIT p=2 shape=(0, 2, 1, 0, 1, 9, 4) C=1 D=1 maxfibre=3 hists={1: {2: 1, 1: 2}, 2: {2: 2, 1: 9, 3: 1}}
PRIME-TO-p HIT p=2 shape=(0, 2, 1, 1, 0, 0, 4) C=1 D=1 maxfibre=3 hists={1: {1: 2, 2: 1}, 2: {3: 1, 1: 9, 2: 2}}
PRIME-TO-p HIT p=2 shape=(0, 2, 1, 1, 0, 2, 0) C=1 D=1 maxfibre=3 hists={1: {1: 4}, 2: {1: 6, 2: 2, 3: 2}}
PRIME-TO-p HIT p=2 shape=(0, 2, 1, 1, 0, 2, 2) C=1 D=1 maxfibre=3 hists={1: {1: 2, 2: 1}, 2: {3: 1, 1: 9, 2: 2}}
PRIME-TO-p HIT p=2 shape=(0, 2, 1, 1, 0, 2, 4) C=1 D=1 maxfibre=3 hists={1: {1: 2, 2: 1}, 2: {1: 3, 3: 1, 2: 5}}
PRIME-TO-p HIT p=2 shape=(0, 2, 1, 1, 0, 3, 1) C=1 D=1 maxfibre=3 hists={1: {1: 2, 2: 1}, 2: {1: 9, 3: 1, 2: 2}}
PRIME-TO-p HIT p=2 shape=(0, 2, 1, 1, 0, 4, 0) C=1 D=1 maxfibre=3 hists={1: {1: 4}, 2: {1: 6, 2: 2, 3: 2}}
PRIME-TO-p HIT p=2 shape=(0, 2, 1, 1, 0, 4, 2) C=1 D=1 maxfibre=3 hists={1: {1: 2, 2: 1}, 2: {3: 1, 1: 3, 2: 5}}
PRIME-TO-p HIT p=2 shape=(0, 2, 1, 1, 0, 5, 1) C=1 D=1 maxfibre=3 hists={1: {1: 2, 2: 1}, 2: {1: 3, 3: 1, 2: 5}}
PRIME-TO-p HIT p=2 shape=(0, 2, 1, 1, 0, 6, 4) C=1 D=1 maxfibre=3 hists={1: {1: 2, 2: 1}, 2: {1: 9, 3: 1, 2: 2}}
PRIME-TO-p HIT p=2 shape=(0, 2, 1, 1, 0, 8, 0) C=1 D=1 maxfibre=3 hists={1: {1: 4}, 2: {1: 6, 2: 2, 3: 2}}
PRIME-TO-p HIT p=2 shape=(0, 2, 1, 1, 0, 8, 2) C=1 D=1 maxfibre=3 hists={1: {1: 2, 2: 1}, 2: {3: 1, 1: 9, 2: 2}}
PRIME-TO-p HIT p=2 shape=(0, 2, 1, 1, 0, 8, 4) C=1 D=1 maxfibre=3 hists={1: {1: 2, 2: 1}, 2: {1: 3, 3: 1, 2: 5}}
PRIME-TO-p HIT p=2 shape=(0, 2, 1, 1, 0, 9, 1) C=1 D=1 maxfibre=3 hists={1: {1: 2, 2: 1}, 2: {1: 9, 3: 1, 2: 2}}
PRIME-TO-p HIT p=2 shape=(1, 0, 2, 0, 0, 0, 4) C=1 D=1 maxfibre=5 hists={1: {3: 1, 1: 1}, 2: {5: 1, 1: 3, 2: 4}}
PRIME-TO-p HIT p=2 shape=(1, 0, 2, 0, 0, 1, 4) C=1 D=1 maxfibre=5 hists={1: {1: 1, 3: 1}, 2: {1: 3, 5: 1, 2: 4}}
PRIME-TO-p HIT p=2 shape=(1, 0, 2, 0, 0, 2, 4) C=1 D=1 maxfibre=5 hists={1: {1: 1, 3: 1}, 2: {1: 3, 5: 1, 4: 2}}
PRIME-TO-p HIT p=2 shape=(1, 0, 2, 0, 0, 3, 4) C=1 D=1 maxfibre=5 hists={1: {1: 1, 3: 1}, 2: {1: 3, 5: 1, 2: 4}}
PRIME-TO-p HIT p=2 shape=(1, 0, 2, 0, 0, 4, 4) C=1 D=1 maxfibre=5 hists={1: {1: 1, 3: 1}, 2: {1: 3, 5: 1, 2: 4}}
PRIME-TO-p HIT p=2 shape=(1, 0, 2, 0, 0, 5, 4) C=1 D=1 maxfibre=5 hists={1: {1: 1, 3: 1}, 2: {1: 3, 5: 1, 4: 2}}
PRIME-TO-p HIT p=2 shape=(1, 0, 2, 0, 0, 6, 4) C=1 D=1 maxfibre=5 hists={1: {1: 1, 3: 1}, 2: {1: 3, 5: 1, 2: 4}}
PRIME-TO-p HIT p=2 shape=(1, 0, 2, 0, 0, 7, 4) C=1 D=1 maxfibre=5 hists={1: {1: 1, 3: 1}, 2: {1: 3, 5: 1, 2: 4}}
PRIME-TO-p HIT p=2 shape=(1, 0, 2, 0, 0, 8, 4) C=1 D=1 maxfibre=5 hists={1: {1: 1, 3: 1}, 2: {1: 3, 5: 1, 4: 2}}
PRIME-TO-p HIT p=2 shape=(1, 0, 2, 0, 0, 9, 4) C=1 D=1 maxfibre=5 hists={1: {1: 1, 3: 1}, 2: {1: 3, 5: 1, 2: 4}}
PRIME-TO-p HIT p=2 shape=(1, 0, 2, 2, 0, 0, 4) C=1 D=1 maxfibre=3 hists={1: {2: 1, 1: 2}, 2: {2: 3, 1: 4, 3: 2}}
PRIME-TO-p HIT p=2 shape=(1, 0, 2, 2, 0, 1, 0) C=1 D=1 maxfibre=3 hists={1: {1: 2, 2: 1}, 2: {3: 1, 1: 7, 2: 3}}
PRIME-TO-p HIT p=2 shape=(1, 0, 2, 2, 0, 2, 2) C=1 D=1 maxfibre=3 hists={1: {1: 2, 2: 1}, 2: {3: 1, 1: 7, 2: 3}}
PRIME-TO-p HIT p=2 shape=(1, 0, 2, 2, 0, 3, 4) C=1 D=1 maxfibre=3 hists={1: {1: 2, 2: 1}, 2: {3: 2, 1: 4, 2: 3}}
PRIME-TO-p HIT p=2 shape=(1, 0, 2, 2, 0, 4, 0) C=1 D=1 maxfibre=3 hists={1: {1: 2, 2: 1}, 2: {3: 1, 1: 7, 2: 3}}
PRIME-TO-p HIT p=2 shape=(1, 0, 2, 2, 0, 5, 2) C=1 D=1 maxfibre=3 hists={1: {1: 2, 2: 1}, 2: {3: 1, 1: 7, 2: 3}}
PRIME-TO-p HIT p=2 shape=(1, 0, 2, 2, 0, 6, 4) C=1 D=1 maxfibre=3 hists={1: {1: 2, 2: 1}, 2: {3: 2, 1: 4, 2: 3}}
PRIME-TO-p HIT p=2 shape=(1, 0, 2, 2, 0, 7, 0) C=1 D=1 maxfibre=3 hists={1: {1: 2, 2: 1}, 2: {3: 1, 1: 7, 2: 3}}
PRIME-TO-p HIT p=2 shape=(1, 0, 2, 2, 0, 8, 2) C=1 D=1 maxfibre=3 hists={1: {1: 2, 2: 1}, 2: {3: 1, 1: 7, 2: 3}}
PRIME-TO-p HIT p=2 shape=(1, 0, 2, 2, 0, 9, 4) C=1 D=1 maxfibre=3 hists={1: {1: 2, 2: 1}, 2: {3: 2, 1: 4, 2: 3}}
PRIME-TO-p HIT p=2 shape=(1, 0, 2, 2, 1, 0, 0) C=1 D=0 maxfibre=3 hists={1: {2: 1, 1: 2}, 2: {2: 3, 1: 7, 3: 1}}
PRIME-TO-p HIT p=2 shape=(1, 0, 2, 2, 1, 0, 0) C=1 D=1 maxfibre=3 hists={1: {2: 1, 1: 2}, 2: {2: 3, 1: 7, 3: 1}}
PRIME-TO-p HIT p=2 shape=(1, 0, 2, 2, 1, 0, 2) C=1 D=1 maxfibre=3 hists={1: {2: 1, 1: 2}, 2: {2: 2, 1: 9, 3: 1}}
PRIME-TO-p HIT p=2 shape=(1, 0, 2, 2, 1, 1, 4) C=1 D=1 maxfibre=3 hists={1: {1: 2, 2: 1}, 2: {3: 1, 1: 7, 2: 3}}
PRIME-TO-p HIT p=2 shape=(1, 0, 2, 2, 1, 2, 0) C=1 D=1 maxfibre=3 hists={1: {1: 2, 2: 1}, 2: {3: 1, 1: 7, 2: 3}}
PRIME-TO-p HIT p=2 shape=(1, 0, 2, 2, 1, 3, 0) C=1 D=1 maxfibre=3 hists={1: {1: 2, 2: 1}, 2: {1: 7, 2: 3, 3: 1}}
PRIME-TO-p HIT p=2 shape=(1, 0, 2, 2, 1, 3, 2) C=1 D=1 maxfibre=3 hists={1: {1: 2, 2: 1}, 2: {3: 1, 1: 9, 2: 2}}
PRIME-TO-p HIT p=2 shape=(1, 0, 2, 2, 1, 4, 4) C=1 D=1 maxfibre=3 hists={1: {1: 2, 2: 1}, 2: {3: 1, 1: 7, 2: 3}}
PRIME-TO-p HIT p=2 shape=(1, 0, 2, 2, 1, 5, 0) C=1 D=1 maxfibre=3 hists={1: {1: 2, 2: 1}, 2: {3: 1, 1: 7, 2: 3}}
PRIME-TO-p HIT p=2 shape=(1, 0, 2, 2, 1, 6, 0) C=1 D=1 maxfibre=3 hists={1: {1: 2, 2: 1}, 2: {1: 7, 2: 3, 3: 1}}
PRIME-TO-p HIT p=2 shape=(1, 0, 2, 2, 1, 6, 2) C=1 D=1 maxfibre=3 hists={1: {1: 2, 2: 1}, 2: {3: 1, 1: 9, 2: 2}}
PRIME-TO-p HIT p=2 shape=(1, 0, 2, 2, 1, 7, 4) C=1 D=1 maxfibre=3 hists={1: {1: 2, 2: 1}, 2: {3: 1, 1: 7, 2: 3}}
PRIME-TO-p HIT p=2 shape=(1, 0, 2, 2, 1, 8, 0) C=1 D=1 maxfibre=3 hists={1: {1: 2, 2: 1}, 2: {3: 1, 1: 7, 2: 3}}
PRIME-TO-p HIT p=2 shape=(1, 0, 2, 2, 1, 9, 0) C=1 D=1 maxfibre=3 hists={1: {1: 2, 2: 1}, 2: {1: 7, 2: 3, 3: 1}}
PRIME-TO-p HIT p=2 shape=(1, 0, 2, 2, 1, 9, 2) C=1 D=1 maxfibre=3 hists={1: {1: 2, 2: 1}, 2: {3: 1, 1: 9, 2: 2}}
PRIME-TO-p HIT p=2 shape=(1, 0, 2, 4, 0, 0, 0) C=1 D=0 maxfibre=3 hists={1: {2: 1, 1: 2}, 2: {2: 4, 1: 5, 3: 1}}
PRIME-TO-p HIT p=2 shape=(1, 0, 2, 4, 0, 0, 0) C=1 D=1 maxfibre=3 hists={1: {2: 1, 1: 2}, 2: {2: 4, 1: 5, 3: 1}}
PRIME-TO-p HIT p=2 shape=(1, 0, 2, 4, 0, 0, 2) C=1 D=1 maxfibre=3 hists={1: {2: 1, 1: 2}, 2: {2: 3, 1: 7, 3: 1}}
PRIME-TO-p HIT p=2 shape=(1, 0, 2, 4, 0, 0, 4) C=1 D=1 maxfibre=3 hists={1: {2: 1, 1: 2}, 2: {2: 3, 1: 7, 3: 1}}
PRIME-TO-p HIT p=2 shape=(1, 0, 2, 4, 0, 1, 4) C=1 D=1 maxfibre=3 hists={1: {1: 2, 2: 1}, 2: {3: 1, 1: 7, 2: 3}}
PRIME-TO-p HIT p=2 shape=(1, 0, 2, 4, 0, 2, 2) C=1 D=1 maxfibre=3 hists={1: {1: 2, 2: 1}, 2: {3: 1, 1: 7, 2: 3}}
PRIME-TO-p HIT p=2 shape=(1, 0, 2, 4, 0, 3, 0) C=1 D=1 maxfibre=3 hists={1: {1: 2, 2: 1}, 2: {3: 1, 1: 5, 2: 4}}
PRIME-TO-p HIT p=2 shape=(1, 0, 2, 4, 0, 3, 2) C=1 D=1 maxfibre=3 hists={1: {1: 2, 2: 1}, 2: {1: 7, 2: 3, 3: 1}}
PRIME-TO-p HIT p=2 shape=(1, 0, 2, 4, 0, 3, 4) C=1 D=1 maxfibre=3 hists={1: {1: 2, 2: 1}, 2: {1: 7, 2: 3, 3: 1}}
PRIME-TO-p HIT p=2 shape=(1, 0, 2, 4, 0, 4, 4) C=1 D=1 maxfibre=3 hists={1: {1: 2, 2: 1}, 2: {3: 1, 1: 7, 2: 3}}
PRIME-TO-p HIT p=2 shape=(1, 0, 2, 4, 0, 5, 2) C=1 D=1 maxfibre=3 hists={1: {1: 2, 2: 1}, 2: {3: 1, 1: 7, 2: 3}}
PRIME-TO-p HIT p=2 shape=(1, 0, 2, 4, 0, 6, 0) C=1 D=1 maxfibre=3 hists={1: {1: 2, 2: 1}, 2: {3: 1, 1: 5, 2: 4}}
PRIME-TO-p HIT p=2 shape=(1, 0, 2, 4, 0, 6, 2) C=1 D=1 maxfibre=3 hists={1: {1: 2, 2: 1}, 2: {1: 7, 2: 3, 3: 1}}
PRIME-TO-p HIT p=2 shape=(1, 0, 2, 4, 0, 6, 4) C=1 D=1 maxfibre=3 hists={1: {1: 2, 2: 1}, 2: {1: 7, 2: 3, 3: 1}}
PRIME-TO-p HIT p=2 shape=(1, 0, 2, 4, 0, 7, 4) C=1 D=1 maxfibre=3 hists={1: {1: 2, 2: 1}, 2: {3: 1, 1: 7, 2: 3}}
PRIME-TO-p HIT p=2 shape=(1, 0, 2, 4, 0, 8, 2) C=1 D=1 maxfibre=3 hists={1: {1: 2, 2: 1}, 2: {3: 1, 1: 7, 2: 3}}
PRIME-TO-p HIT p=2 shape=(1, 0, 2, 4, 0, 9, 0) C=1 D=1 maxfibre=3 hists={1: {1: 2, 2: 1}, 2: {3: 1, 1: 5, 2: 4}}
PRIME-TO-p HIT p=2 shape=(1, 0, 2, 4, 0, 9, 2) C=1 D=1 maxfibre=3 hists={1: {1: 2, 2: 1}, 2: {1: 7, 2: 3, 3: 1}}
PRIME-TO-p HIT p=2 shape=(1, 0, 2, 4, 0, 9, 4) C=1 D=1 maxfibre=3 hists={1: {1: 2, 2: 1}, 2: {1: 7, 2: 3, 3: 1}}
PRIME-TO-p HIT p=2 shape=(1, 0, 2, 4, 1, 0, 0) C=1 D=0 maxfibre=3 hists={1: {2: 1, 1: 2}, 2: {2: 3, 1: 7, 3: 1}}
PRIME-TO-p HIT p=2 shape=(1, 0, 2, 4, 1, 0, 0) C=1 D=1 maxfibre=3 hists={1: {2: 1, 1: 2}, 2: {2: 3, 1: 7, 3: 1}}
PRIME-TO-p HIT p=2 shape=(1, 0, 2, 4, 1, 0, 4) C=1 D=1 maxfibre=3 hists={1: {2: 1, 1: 2}, 2: {2: 2, 1: 9, 3: 1}}
PRIME-TO-p HIT p=2 shape=(1, 0, 2, 4, 1, 1, 2) C=1 D=1 maxfibre=3 hists={1: {1: 2, 2: 1}, 2: {3: 1, 1: 7, 2: 3}}
PRIME-TO-p HIT p=2 shape=(1, 0, 2, 4, 1, 2, 0) C=1 D=1 maxfibre=3 hists={1: {1: 2, 2: 1}, 2: {3: 1, 1: 7, 2: 3}}
PRIME-TO-p HIT p=2 shape=(1, 0, 2, 4, 1, 3, 0) C=1 D=1 maxfibre=3 hists={1: {1: 2, 2: 1}, 2: {1: 7, 2: 3, 3: 1}}
PRIME-TO-p HIT p=2 shape=(1, 0, 2, 4, 1, 3, 4) C=1 D=1 maxfibre=3 hists={1: {1: 2, 2: 1}, 2: {3: 1, 1: 9, 2: 2}}
PRIME-TO-p HIT p=2 shape=(1, 0, 2, 4, 1, 4, 2) C=1 D=1 maxfibre=3 hists={1: {1: 2, 2: 1}, 2: {3: 1, 1: 7, 2: 3}}
PRIME-TO-p HIT p=2 shape=(1, 0, 2, 4, 1, 5, 0) C=1 D=1 maxfibre=3 hists={1: {1: 2, 2: 1}, 2: {3: 1, 1: 7, 2: 3}}
PRIME-TO-p HIT p=2 shape=(1, 0, 2, 4, 1, 6, 0) C=1 D=1 maxfibre=3 hists={1: {1: 2, 2: 1}, 2: {1: 7, 2: 3, 3: 1}}
PRIME-TO-p HIT p=2 shape=(1, 0, 2, 4, 1, 6, 4) C=1 D=1 maxfibre=3 hists={1: {1: 2, 2: 1}, 2: {3: 1, 1: 9, 2: 2}}
PRIME-TO-p HIT p=2 shape=(1, 0, 2, 4, 1, 7, 2) C=1 D=1 maxfibre=3 hists={1: {1: 2, 2: 1}, 2: {3: 1, 1: 7, 2: 3}}
PRIME-TO-p HIT p=2 shape=(1, 0, 2, 4, 1, 8, 0) C=1 D=1 maxfibre=3 hists={1: {1: 2, 2: 1}, 2: {3: 1, 1: 7, 2: 3}}
PRIME-TO-p HIT p=2 shape=(1, 0, 2, 4, 1, 9, 0) C=1 D=1 maxfibre=3 hists={1: {1: 2, 2: 1}, 2: {1: 7, 2: 3, 3: 1}}
PRIME-TO-p HIT p=2 shape=(1, 0, 2, 4, 1, 9, 4) C=1 D=1 maxfibre=3 hists={1: {1: 2, 2: 1}, 2: {3: 1, 1: 9, 2: 2}}
PRIME-TO-p HIT p=2 shape=(1, 0, 4, 0, 0, 0, 2) C=1 D=1 maxfibre=7 hists={1: {3: 1, 1: 1}, 2: {7: 1, 3: 3}}
PRIME-TO-p HIT p=2 shape=(1, 0, 4, 0, 0, 0, 4) C=1 D=1 maxfibre=7 hists={1: {3: 1, 1: 1}, 2: {7: 1, 3: 3}}
PRIME-TO-p HIT p=2 shape=(1, 0, 4, 0, 0, 1, 2) C=1 D=1 maxfibre=5 hists={1: {1: 1, 3: 1}, 2: {3: 2, 5: 2}}
PRIME-TO-p HIT p=2 shape=(1, 0, 4, 0, 0, 1, 4) C=1 D=1 maxfibre=7 hists={1: {1: 1, 3: 1}, 2: {3: 3, 7: 1}}
PRIME-TO-p HIT p=2 shape=(1, 0, 4, 0, 0, 2, 2) C=1 D=1 maxfibre=7 hists={1: {1: 1, 3: 1}, 2: {7: 1, 3: 3}}
PRIME-TO-p HIT p=2 shape=(1, 0, 4, 0, 0, 2, 4) C=1 D=1 maxfibre=5 hists={1: {1: 1, 3: 1}, 2: {1: 1, 5: 3}}
PRIME-TO-p HIT p=2 shape=(1, 0, 4, 0, 0, 3, 2) C=1 D=1 maxfibre=7 hists={1: {1: 1, 3: 1}, 2: {3: 3, 7: 1}}
PRIME-TO-p HIT p=2 shape=(1, 0, 4, 0, 0, 3, 4) C=1 D=1 maxfibre=7 hists={1: {1: 1, 3: 1}, 2: {3: 3, 7: 1}}
PRIME-TO-p HIT p=2 shape=(1, 0, 4, 0, 0, 4, 2) C=1 D=1 maxfibre=5 hists={1: {1: 1, 3: 1}, 2: {3: 2, 5: 2}}
PRIME-TO-p HIT p=2 shape=(1, 0, 4, 0, 0, 4, 4) C=1 D=1 maxfibre=7 hists={1: {1: 1, 3: 1}, 2: {3: 3, 7: 1}}
PRIME-TO-p HIT p=2 shape=(1, 0, 4, 0, 0, 5, 2) C=1 D=1 maxfibre=7 hists={1: {1: 1, 3: 1}, 2: {7: 1, 3: 3}}
PRIME-TO-p HIT p=2 shape=(1, 0, 4, 0, 0, 5, 4) C=1 D=1 maxfibre=5 hists={1: {1: 1, 3: 1}, 2: {1: 1, 5: 3}}
PRIME-TO-p HIT p=2 shape=(1, 0, 4, 0, 0, 6, 2) C=1 D=1 maxfibre=7 hists={1: {1: 1, 3: 1}, 2: {3: 3, 7: 1}}
PRIME-TO-p HIT p=2 shape=(1, 0, 4, 0, 0, 6, 4) C=1 D=1 maxfibre=7 hists={1: {1: 1, 3: 1}, 2: {3: 3, 7: 1}}
PRIME-TO-p HIT p=2 shape=(1, 0, 4, 0, 0, 7, 2) C=1 D=1 maxfibre=5 hists={1: {1: 1, 3: 1}, 2: {3: 2, 5: 2}}
PRIME-TO-p HIT p=2 shape=(1, 0, 4, 0, 0, 7, 4) C=1 D=1 maxfibre=7 hists={1: {1: 1, 3: 1}, 2: {3: 3, 7: 1}}
PRIME-TO-p HIT p=2 shape=(1, 0, 4, 0, 0, 8, 2) C=1 D=1 maxfibre=7 hists={1: {1: 1, 3: 1}, 2: {7: 1, 3: 3}}
PRIME-TO-p HIT p=2 shape=(1, 0, 4, 0, 0, 8, 4) C=1 D=1 maxfibre=5 hists={1: {1: 1, 3: 1}, 2: {1: 1, 5: 3}}
PRIME-TO-p HIT p=2 shape=(1, 0, 4, 0, 0, 9, 2) C=1 D=1 maxfibre=7 hists={1: {1: 1, 3: 1}, 2: {3: 3, 7: 1}}
PRIME-TO-p HIT p=2 shape=(1, 0, 4, 0, 0, 9, 4) C=1 D=1 maxfibre=7 hists={1: {1: 1, 3: 1}, 2: {3: 3, 7: 1}}
PRIME-TO-p HIT p=2 shape=(1, 0, 4, 0, 1, 0, 0) C=1 D=0 maxfibre=7 hists={1: {3: 1, 1: 1}, 2: {7: 1, 3: 3}}
PRIME-TO-p HIT p=2 shape=(1, 0, 4, 0, 1, 0, 0) C=1 D=1 maxfibre=7 hists={1: {3: 1, 1: 1}, 2: {7: 1, 3: 3}}
PRIME-TO-p HIT p=2 shape=(1, 0, 4, 0, 1, 1, 0) C=1 D=1 maxfibre=7 hists={1: {1: 1, 3: 1}, 2: {3: 3, 7: 1}}
PRIME-TO-p HIT p=2 shape=(1, 0, 4, 0, 1, 2, 0) C=1 D=1 maxfibre=7 hists={1: {1: 1, 3: 1}, 2: {7: 1, 3: 3}}
PRIME-TO-p HIT p=2 shape=(1, 0, 4, 0, 1, 3, 0) C=1 D=1 maxfibre=7 hists={1: {1: 1, 3: 1}, 2: {3: 3, 7: 1}}
PRIME-TO-p HIT p=2 shape=(1, 0, 4, 0, 1, 4, 0) C=1 D=1 maxfibre=7 hists={1: {1: 1, 3: 1}, 2: {3: 3, 7: 1}}
PRIME-TO-p HIT p=2 shape=(1, 0, 4, 0, 1, 5, 0) C=1 D=1 maxfibre=7 hists={1: {1: 1, 3: 1}, 2: {7: 1, 3: 3}}
PRIME-TO-p HIT p=2 shape=(1, 0, 4, 0, 1, 6, 0) C=1 D=1 maxfibre=7 hists={1: {1: 1, 3: 1}, 2: {3: 3, 7: 1}}
PRIME-TO-p HIT p=2 shape=(1, 0, 4, 0, 1, 7, 0) C=1 D=1 maxfibre=7 hists={1: {1: 1, 3: 1}, 2: {3: 3, 7: 1}}
PRIME-TO-p HIT p=2 shape=(1, 0, 4, 0, 1, 8, 0) C=1 D=1 maxfibre=7 hists={1: {1: 1, 3: 1}, 2: {7: 1, 3: 3}}
PRIME-TO-p HIT p=2 shape=(1, 0, 4, 0, 1, 9, 0) C=1 D=1 maxfibre=7 hists={1: {1: 1, 3: 1}, 2: {3: 3, 7: 1}}
PRIME-TO-p HIT p=2 shape=(1, 0, 4, 2, 1, 1, 0) C=1 D=1 maxfibre=3 hists={1: {1: 2, 2: 1}, 2: {1: 7, 2: 3, 3: 1}}
PRIME-TO-p HIT p=2 shape=(1, 0, 4, 2, 1, 1, 2) C=1 D=1 maxfibre=3 hists={1: {1: 2, 2: 1}, 2: {1: 7, 2: 3, 3: 1}}
PRIME-TO-p HIT p=2 shape=(1, 0, 4, 2, 1, 4, 0) C=1 D=1 maxfibre=3 hists={1: {1: 2, 2: 1}, 2: {1: 7, 2: 3, 3: 1}}
PRIME-TO-p HIT p=2 shape=(1, 0, 4, 2, 1, 4, 2) C=1 D=1 maxfibre=3 hists={1: {1: 2, 2: 1}, 2: {1: 7, 2: 3, 3: 1}}
PRIME-TO-p HIT p=2 shape=(1, 0, 4, 2, 1, 7, 0) C=1 D=1 maxfibre=3 hists={1: {1: 2, 2: 1}, 2: {1: 7, 2: 3, 3: 1}}
PRIME-TO-p HIT p=2 shape=(1, 0, 4, 2, 1, 7, 2) C=1 D=1 maxfibre=3 hists={1: {1: 2, 2: 1}, 2: {1: 7, 2: 3, 3: 1}}
PRIME-TO-p HIT p=2 shape=(1, 0, 4, 4, 0, 1, 0) C=1 D=1 maxfibre=3 hists={1: {1: 2, 2: 1}, 2: {1: 7, 2: 3, 3: 1}}
PRIME-TO-p HIT p=2 shape=(1, 0, 4, 4, 0, 1, 4) C=1 D=1 maxfibre=3 hists={1: {1: 2, 2: 1}, 2: {1: 7, 2: 3, 3: 1}}
PRIME-TO-p HIT p=2 shape=(1, 0, 4, 4, 0, 4, 0) C=1 D=1 maxfibre=3 hists={1: {1: 2, 2: 1}, 2: {1: 7, 2: 3, 3: 1}}
PRIME-TO-p HIT p=2 shape=(1, 0, 4, 4, 0, 4, 4) C=1 D=1 maxfibre=3 hists={1: {1: 2, 2: 1}, 2: {1: 7, 2: 3, 3: 1}}
PRIME-TO-p HIT p=2 shape=(1, 0, 4, 4, 0, 7, 0) C=1 D=1 maxfibre=3 hists={1: {1: 2, 2: 1}, 2: {1: 7, 2: 3, 3: 1}}
PRIME-TO-p HIT p=2 shape=(1, 0, 4, 4, 0, 7, 4) C=1 D=1 maxfibre=3 hists={1: {1: 2, 2: 1}, 2: {1: 7, 2: 3, 3: 1}}
PRIME-TO-p HIT p=2 shape=(1, 0, 4, 4, 1, 1, 0) C=1 D=1 maxfibre=3 hists={1: {1: 2, 2: 1}, 2: {1: 7, 2: 3, 3: 1}}
PRIME-TO-p HIT p=2 shape=(1, 0, 4, 4, 1, 1, 4) C=1 D=1 maxfibre=3 hists={1: {1: 2, 2: 1}, 2: {1: 7, 2: 3, 3: 1}}
PRIME-TO-p HIT p=2 shape=(1, 0, 4, 4, 1, 4, 0) C=1 D=1 maxfibre=3 hists={1: {1: 2, 2: 1}, 2: {1: 7, 2: 3, 3: 1}}
PRIME-TO-p HIT p=2 shape=(1, 0, 4, 4, 1, 4, 4) C=1 D=1 maxfibre=3 hists={1: {1: 2, 2: 1}, 2: {1: 7, 2: 3, 3: 1}}
PRIME-TO-p HIT p=2 shape=(1, 0, 4, 4, 1, 7, 0) C=1 D=1 maxfibre=3 hists={1: {1: 2, 2: 1}, 2: {1: 7, 2: 3, 3: 1}}
PRIME-TO-p HIT p=2 shape=(1, 0, 4, 4, 1, 7, 4) C=1 D=1 maxfibre=3 hists={1: {1: 2, 2: 1}, 2: {1: 7, 2: 3, 3: 1}}
PRIME-TO-p HIT p=2 shape=(1, 0, 5, 1, 0, 3, 1) C=1 D=1 maxfibre=3 hists={1: {1: 2, 2: 1}, 2: {1: 7, 2: 3, 3: 1}}
PRIME-TO-p HIT p=2 shape=(1, 0, 5, 3, 0, 3, 3) C=1 D=1 maxfibre=3 hists={1: {1: 2, 2: 1}, 2: {1: 5, 2: 4, 3: 1}}
PRIME-TO-p HIT p=2 shape=(1, 0, 6, 0, 0, 0, 2) C=1 D=1 maxfibre=3 hists={1: {3: 1, 1: 1}, 2: {3: 2, 1: 2, 2: 4}}
PRIME-TO-p HIT p=2 shape=(1, 0, 6, 0, 0, 0, 4) C=1 D=1 maxfibre=5 hists={1: {3: 1, 1: 1}, 2: {5: 1, 1: 11}}
PRIME-TO-p HIT p=2 shape=(1, 0, 6, 0, 0, 1, 2) C=1 D=1 maxfibre=3 hists={1: {1: 1, 3: 1}, 2: {3: 2, 1: 2, 2: 4}}
PRIME-TO-p HIT p=2 shape=(1, 0, 6, 0, 0, 1, 4) C=1 D=1 maxfibre=5 hists={1: {1: 1, 3: 1}, 2: {1: 11, 5: 1}}
PRIME-TO-p HIT p=2 shape=(1, 0, 6, 0, 0, 2, 2) C=1 D=1 maxfibre=3 hists={1: {1: 1, 3: 1}, 2: {3: 2, 1: 2, 2: 4}}
PRIME-TO-p HIT p=2 shape=(1, 0, 6, 0, 0, 2, 4) C=1 D=1 maxfibre=5 hists={1: {1: 1, 3: 1}, 2: {1: 3, 5: 1, 4: 2}}
PRIME-TO-p HIT p=2 shape=(1, 0, 6, 0, 0, 3, 2) C=1 D=1 maxfibre=3 hists={1: {1: 1, 3: 1}, 2: {3: 2, 1: 2, 2: 4}}
PRIME-TO-p HIT p=2 shape=(1, 0, 6, 0, 0, 3, 4) C=1 D=1 maxfibre=5 hists={1: {1: 1, 3: 1}, 2: {1: 11, 5: 1}}
PRIME-TO-p HIT p=2 shape=(1, 0, 6, 0, 0, 4, 2) C=1 D=1 maxfibre=3 hists={1: {1: 1, 3: 1}, 2: {3: 2, 1: 2, 2: 4}}
PRIME-TO-p HIT p=2 shape=(1, 0, 6, 0, 0, 4, 4) C=1 D=1 maxfibre=5 hists={1: {1: 1, 3: 1}, 2: {1: 11, 5: 1}}
PRIME-TO-p HIT p=2 shape=(1, 0, 6, 0, 0, 5, 2) C=1 D=1 maxfibre=3 hists={1: {1: 1, 3: 1}, 2: {3: 2, 1: 2, 2: 4}}
PRIME-TO-p HIT p=2 shape=(1, 0, 6, 0, 0, 5, 4) C=1 D=1 maxfibre=5 hists={1: {1: 1, 3: 1}, 2: {1: 3, 5: 1, 4: 2}}
PRIME-TO-p HIT p=2 shape=(1, 0, 6, 0, 0, 6, 2) C=1 D=1 maxfibre=3 hists={1: {1: 1, 3: 1}, 2: {3: 2, 1: 2, 2: 4}}
PRIME-TO-p HIT p=2 shape=(1, 0, 6, 0, 0, 6, 4) C=1 D=1 maxfibre=5 hists={1: {1: 1, 3: 1}, 2: {1: 11, 5: 1}}
PRIME-TO-p HIT p=2 shape=(1, 0, 6, 0, 0, 7, 2) C=1 D=1 maxfibre=3 hists={1: {1: 1, 3: 1}, 2: {3: 2, 1: 2, 2: 4}}
PRIME-TO-p HIT p=2 shape=(1, 0, 6, 0, 0, 7, 4) C=1 D=1 maxfibre=5 hists={1: {1: 1, 3: 1}, 2: {1: 11, 5: 1}}
PRIME-TO-p HIT p=2 shape=(1, 0, 6, 0, 0, 8, 2) C=1 D=1 maxfibre=3 hists={1: {1: 1, 3: 1}, 2: {3: 2, 1: 2, 2: 4}}
PRIME-TO-p HIT p=2 shape=(1, 0, 6, 0, 0, 8, 4) C=1 D=1 maxfibre=5 hists={1: {1: 1, 3: 1}, 2: {1: 3, 5: 1, 4: 2}}
PRIME-TO-p HIT p=2 shape=(1, 0, 6, 0, 0, 9, 2) C=1 D=1 maxfibre=3 hists={1: {1: 1, 3: 1}, 2: {3: 2, 1: 2, 2: 4}}
PRIME-TO-p HIT p=2 shape=(1, 0, 6, 0, 0, 9, 4) C=1 D=1 maxfibre=5 hists={1: {1: 1, 3: 1}, 2: {1: 11, 5: 1}}
PRIME-TO-p HIT p=2 shape=(1, 0, 6, 0, 1, 0, 0) C=1 D=0 maxfibre=3 hists={1: {3: 1, 1: 1}, 2: {3: 2, 1: 2, 2: 4}}
PRIME-TO-p HIT p=2 shape=(1, 0, 6, 0, 1, 0, 0) C=1 D=1 maxfibre=3 hists={1: {3: 1, 1: 1}, 2: {3: 2, 1: 2, 2: 4}}
PRIME-TO-p HIT p=2 shape=(1, 0, 6, 0, 1, 1, 0) C=1 D=1 maxfibre=3 hists={1: {1: 1, 3: 1}, 2: {3: 2, 1: 2, 2: 4}}
PRIME-TO-p HIT p=2 shape=(1, 0, 6, 0, 1, 2, 0) C=1 D=1 maxfibre=3 hists={1: {1: 1, 3: 1}, 2: {3: 2, 1: 2, 2: 4}}
PRIME-TO-p HIT p=2 shape=(1, 0, 6, 0, 1, 3, 0) C=1 D=1 maxfibre=3 hists={1: {1: 1, 3: 1}, 2: {3: 2, 1: 2, 2: 4}}
PRIME-TO-p HIT p=2 shape=(1, 0, 6, 0, 1, 4, 0) C=1 D=1 maxfibre=3 hists={1: {1: 1, 3: 1}, 2: {3: 2, 1: 2, 2: 4}}
PRIME-TO-p HIT p=2 shape=(1, 0, 6, 0, 1, 5, 0) C=1 D=1 maxfibre=3 hists={1: {1: 1, 3: 1}, 2: {3: 2, 1: 2, 2: 4}}
PRIME-TO-p HIT p=2 shape=(1, 0, 6, 0, 1, 6, 0) C=1 D=1 maxfibre=3 hists={1: {1: 1, 3: 1}, 2: {3: 2, 1: 2, 2: 4}}
PRIME-TO-p HIT p=2 shape=(1, 0, 6, 0, 1, 7, 0) C=1 D=1 maxfibre=3 hists={1: {1: 1, 3: 1}, 2: {3: 2, 1: 2, 2: 4}}
PRIME-TO-p HIT p=2 shape=(1, 0, 6, 0, 1, 8, 0) C=1 D=1 maxfibre=3 hists={1: {1: 1, 3: 1}, 2: {3: 2, 1: 2, 2: 4}}
PRIME-TO-p HIT p=2 shape=(1, 0, 6, 0, 1, 9, 0) C=1 D=1 maxfibre=3 hists={1: {1: 1, 3: 1}, 2: {3: 2, 1: 2, 2: 4}}
PRIME-TO-p HIT p=2 shape=(1, 0, 6, 2, 0, 0, 0) C=1 D=0 maxfibre=3 hists={1: {2: 1, 1: 2}, 2: {2: 3, 1: 7, 3: 1}}
PRIME-TO-p HIT p=2 shape=(1, 0, 6, 2, 0, 0, 0) C=1 D=1 maxfibre=3 hists={1: {2: 1, 1: 2}, 2: {2: 3, 1: 7, 3: 1}}
PRIME-TO-p HIT p=2 shape=(1, 0, 6, 2, 0, 0, 2) C=1 D=1 maxfibre=3 hists={1: {2: 1, 1: 2}, 2: {2: 3, 1: 7, 3: 1}}
PRIME-TO-p HIT p=2 shape=(1, 0, 6, 2, 0, 1, 0) C=1 D=1 maxfibre=3 hists={1: {1: 2, 2: 1}, 2: {1: 7, 2: 3, 3: 1}}
PRIME-TO-p HIT p=2 shape=(1, 0, 6, 2, 0, 1, 4) C=1 D=1 maxfibre=3 hists={1: {1: 2, 2: 1}, 2: {3: 2, 1: 4, 2: 3}}
PRIME-TO-p HIT p=2 shape=(1, 0, 6, 2, 0, 2, 2) C=1 D=1 maxfibre=3 hists={1: {1: 2, 2: 1}, 2: {3: 1, 1: 9, 2: 2}}
PRIME-TO-p HIT p=2 shape=(1, 0, 6, 2, 0, 3, 0) C=1 D=1 maxfibre=3 hists={1: {1: 2, 2: 1}, 2: {3: 1, 1: 7, 2: 3}}
PRIME-TO-p HIT p=2 shape=(1, 0, 6, 2, 0, 3, 2) C=1 D=1 maxfibre=3 hists={1: {1: 2, 2: 1}, 2: {1: 7, 2: 3, 3: 1}}
PRIME-TO-p HIT p=2 shape=(1, 0, 6, 2, 0, 4, 0) C=1 D=1 maxfibre=3 hists={1: {1: 2, 2: 1}, 2: {1: 7, 2: 3, 3: 1}}
PRIME-TO-p HIT p=2 shape=(1, 0, 6, 2, 0, 4, 4) C=1 D=1 maxfibre=3 hists={1: {1: 2, 2: 1}, 2: {3: 2, 1: 4, 2: 3}}
PRIME-TO-p HIT p=2 shape=(1, 0, 6, 2, 0, 5, 2) C=1 D=1 maxfibre=3 hists={1: {1: 2, 2: 1}, 2: {3: 1, 1: 9, 2: 2}}
PRIME-TO-p HIT p=2 shape=(1, 0, 6, 2, 0, 6, 0) C=1 D=1 maxfibre=3 hists={1: {1: 2, 2: 1}, 2: {3: 1, 1: 7, 2: 3}}
PRIME-TO-p HIT p=2 shape=(1, 0, 6, 2, 0, 6, 2) C=1 D=1 maxfibre=3 hists={1: {1: 2, 2: 1}, 2: {1: 7, 2: 3, 3: 1}}
PRIME-TO-p HIT p=2 shape=(1, 0, 6, 2, 0, 7, 0) C=1 D=1 maxfibre=3 hists={1: {1: 2, 2: 1}, 2: {1: 7, 2: 3, 3: 1}}
PRIME-TO-p HIT p=2 shape=(1, 0, 6, 2, 0, 7, 4) C=1 D=1 maxfibre=3 hists={1: {1: 2, 2: 1}, 2: {3: 2, 1: 4, 2: 3}}
PRIME-TO-p HIT p=2 shape=(1, 0, 6, 2, 0, 8, 2) C=1 D=1 maxfibre=3 hists={1: {1: 2, 2: 1}, 2: {3: 1, 1: 9, 2: 2}}
PRIME-TO-p HIT p=2 shape=(1, 0, 6, 2, 0, 9, 0) C=1 D=1 maxfibre=3 hists={1: {1: 2, 2: 1}, 2: {3: 1, 1: 7, 2: 3}}
PRIME-TO-p HIT p=2 shape=(1, 0, 6, 2, 0, 9, 2) C=1 D=1 maxfibre=3 hists={1: {1: 2, 2: 1}, 2: {1: 7, 2: 3, 3: 1}}
PRIME-TO-p HIT p=2 shape=(1, 0, 6, 2, 1, 0, 4) C=1 D=1 maxfibre=3 hists={1: {2: 1, 1: 2}, 2: {2: 2, 1: 9, 3: 1}}
PRIME-TO-p HIT p=2 shape=(1, 0, 6, 2, 1, 1, 2) C=1 D=1 maxfibre=3 hists={1: {1: 2, 2: 1}, 2: {3: 1, 1: 11, 2: 1}}
PRIME-TO-p HIT p=2 shape=(1, 0, 6, 2, 1, 1, 4) C=1 D=1 maxfibre=3 hists={1: {1: 2, 2: 1}, 2: {1: 3, 2: 5, 3: 1}}
PRIME-TO-p HIT p=2 shape=(1, 0, 6, 2, 1, 2, 0) C=1 D=1 maxfibre=3 hists={1: {1: 2, 2: 1}, 2: {3: 1, 1: 9, 2: 2}}
PRIME-TO-p HIT p=2 shape=(1, 0, 6, 2, 1, 3, 4) C=1 D=1 maxfibre=3 hists={1: {1: 2, 2: 1}, 2: {3: 1, 1: 9, 2: 2}}
PRIME-TO-p HIT p=2 shape=(1, 0, 6, 2, 1, 4, 2) C=1 D=1 maxfibre=3 hists={1: {1: 2, 2: 1}, 2: {3: 1, 1: 11, 2: 1}}
PRIME-TO-p HIT p=2 shape=(1, 0, 6, 2, 1, 4, 4) C=1 D=1 maxfibre=3 hists={1: {1: 2, 2: 1}, 2: {1: 3, 2: 5, 3: 1}}
PRIME-TO-p HIT p=2 shape=(1, 0, 6, 2, 1, 5, 0) C=1 D=1 maxfibre=3 hists={1: {1: 2, 2: 1}, 2: {3: 1, 1: 9, 2: 2}}
PRIME-TO-p HIT p=2 shape=(1, 0, 6, 2, 1, 6, 4) C=1 D=1 maxfibre=3 hists={1: {1: 2, 2: 1}, 2: {3: 1, 1: 9, 2: 2}}
PRIME-TO-p HIT p=2 shape=(1, 0, 6, 2, 1, 7, 2) C=1 D=1 maxfibre=3 hists={1: {1: 2, 2: 1}, 2: {3: 1, 1: 11, 2: 1}}
PRIME-TO-p HIT p=2 shape=(1, 0, 6, 2, 1, 7, 4) C=1 D=1 maxfibre=3 hists={1: {1: 2, 2: 1}, 2: {1: 3, 2: 5, 3: 1}}
PRIME-TO-p HIT p=2 shape=(1, 0, 6, 2, 1, 8, 0) C=1 D=1 maxfibre=3 hists={1: {1: 2, 2: 1}, 2: {3: 1, 1: 9, 2: 2}}
PRIME-TO-p HIT p=2 shape=(1, 0, 6, 2, 1, 9, 4) C=1 D=1 maxfibre=3 hists={1: {1: 2, 2: 1}, 2: {3: 1, 1: 9, 2: 2}}
PRIME-TO-p HIT p=2 shape=(1, 0, 6, 4, 0, 0, 0) C=1 D=0 maxfibre=3 hists={1: {2: 1, 1: 2}, 2: {2: 3, 1: 7, 3: 1}}
PRIME-TO-p HIT p=2 shape=(1, 0, 6, 4, 0, 0, 0) C=1 D=1 maxfibre=3 hists={1: {2: 1, 1: 2}, 2: {2: 3, 1: 7, 3: 1}}
PRIME-TO-p HIT p=2 shape=(1, 0, 6, 4, 0, 0, 4) C=1 D=1 maxfibre=3 hists={1: {2: 1, 1: 2}, 2: {2: 3, 1: 7, 3: 1}}
PRIME-TO-p HIT p=2 shape=(1, 0, 6, 4, 0, 1, 0) C=1 D=1 maxfibre=3 hists={1: {1: 2, 2: 1}, 2: {3: 1, 1: 7, 2: 3}}
PRIME-TO-p HIT p=2 shape=(1, 0, 6, 4, 0, 2, 2) C=1 D=1 maxfibre=3 hists={1: {1: 2, 2: 1}, 2: {3: 1, 1: 9, 2: 2}}
PRIME-TO-p HIT p=2 shape=(1, 0, 6, 4, 0, 3, 0) C=1 D=1 maxfibre=3 hists={1: {1: 2, 2: 1}, 2: {1: 7, 2: 3, 3: 1}}
PRIME-TO-p HIT p=2 shape=(1, 0, 6, 4, 0, 3, 4) C=1 D=1 maxfibre=3 hists={1: {1: 2, 2: 1}, 2: {3: 1, 1: 7, 2: 3}}
PRIME-TO-p HIT p=2 shape=(1, 0, 6, 4, 0, 4, 0) C=1 D=1 maxfibre=3 hists={1: {1: 2, 2: 1}, 2: {3: 1, 1: 7, 2: 3}}
PRIME-TO-p HIT p=2 shape=(1, 0, 6, 4, 0, 5, 2) C=1 D=1 maxfibre=3 hists={1: {1: 2, 2: 1}, 2: {3: 1, 1: 9, 2: 2}}
PRIME-TO-p HIT p=2 shape=(1, 0, 6, 4, 0, 6, 0) C=1 D=1 maxfibre=3 hists={1: {1: 2, 2: 1}, 2: {1: 7, 2: 3, 3: 1}}
PRIME-TO-p HIT p=2 shape=(1, 0, 6, 4, 0, 6, 4) C=1 D=1 maxfibre=3 hists={1: {1: 2, 2: 1}, 2: {3: 1, 1: 7, 2: 3}}
PRIME-TO-p HIT p=2 shape=(1, 0, 6, 4, 0, 7, 0) C=1 D=1 maxfibre=3 hists={1: {1: 2, 2: 1}, 2: {3: 1, 1: 7, 2: 3}}
PRIME-TO-p HIT p=2 shape=(1, 0, 6, 4, 0, 8, 2) C=1 D=1 maxfibre=3 hists={1: {1: 2, 2: 1}, 2: {3: 1, 1: 9, 2: 2}}
PRIME-TO-p HIT p=2 shape=(1, 0, 6, 4, 0, 9, 0) C=1 D=1 maxfibre=3 hists={1: {1: 2, 2: 1}, 2: {1: 7, 2: 3, 3: 1}}
PRIME-TO-p HIT p=2 shape=(1, 0, 6, 4, 0, 9, 4) C=1 D=1 maxfibre=3 hists={1: {1: 2, 2: 1}, 2: {3: 1, 1: 7, 2: 3}}
PRIME-TO-p HIT p=2 shape=(1, 0, 6, 4, 1, 0, 2) C=1 D=1 maxfibre=3 hists={1: {2: 1, 1: 2}, 2: {2: 2, 1: 9, 3: 1}}
PRIME-TO-p HIT p=2 shape=(1, 0, 6, 4, 1, 1, 2) C=1 D=1 maxfibre=3 hists={1: {1: 2, 2: 1}, 2: {1: 3, 2: 5, 3: 1}}
PRIME-TO-p HIT p=2 shape=(1, 0, 6, 4, 1, 1, 4) C=1 D=1 maxfibre=3 hists={1: {1: 2, 2: 1}, 2: {3: 1, 1: 11, 2: 1}}
PRIME-TO-p HIT p=2 shape=(1, 0, 6, 4, 1, 2, 0) C=1 D=1 maxfibre=3 hists={1: {1: 2, 2: 1}, 2: {3: 1, 1: 9, 2: 2}}
PRIME-TO-p HIT p=2 shape=(1, 0, 6, 4, 1, 3, 2) C=1 D=1 maxfibre=3 hists={1: {1: 2, 2: 1}, 2: {3: 1, 1: 9, 2: 2}}
PRIME-TO-p HIT p=2 shape=(1, 0, 6, 4, 1, 4, 2) C=1 D=1 maxfibre=3 hists={1: {1: 2, 2: 1}, 2: {1: 3, 2: 5, 3: 1}}
PRIME-TO-p HIT p=2 shape=(1, 0, 6, 4, 1, 4, 4) C=1 D=1 maxfibre=3 hists={1: {1: 2, 2: 1}, 2: {3: 1, 1: 11, 2: 1}}
PRIME-TO-p HIT p=2 shape=(1, 0, 6, 4, 1, 5, 0) C=1 D=1 maxfibre=3 hists={1: {1: 2, 2: 1}, 2: {3: 1, 1: 9, 2: 2}}
PRIME-TO-p HIT p=2 shape=(1, 0, 6, 4, 1, 6, 2) C=1 D=1 maxfibre=3 hists={1: {1: 2, 2: 1}, 2: {3: 1, 1: 9, 2: 2}}
PRIME-TO-p HIT p=2 shape=(1, 0, 6, 4, 1, 7, 2) C=1 D=1 maxfibre=3 hists={1: {1: 2, 2: 1}, 2: {1: 3, 2: 5, 3: 1}}
PRIME-TO-p HIT p=2 shape=(1, 0, 6, 4, 1, 7, 4) C=1 D=1 maxfibre=3 hists={1: {1: 2, 2: 1}, 2: {3: 1, 1: 11, 2: 1}}
PRIME-TO-p HIT p=2 shape=(1, 0, 6, 4, 1, 8, 0) C=1 D=1 maxfibre=3 hists={1: {1: 2, 2: 1}, 2: {3: 1, 1: 9, 2: 2}}
PRIME-TO-p HIT p=2 shape=(1, 0, 6, 4, 1, 9, 2) C=1 D=1 maxfibre=3 hists={1: {1: 2, 2: 1}, 2: {3: 1, 1: 9, 2: 2}}
PRIME-TO-p HIT p=2 shape=(1, 0, 7, 1, 1, 5, 3) C=1 D=1 maxfibre=3 hists={1: {1: 2, 2: 1}, 2: {1: 1, 2: 3, 3: 3}}
PRIME-TO-p HIT p=2 shape=(1, 0, 8, 0, 0, 0, 4) C=1 D=1 maxfibre=5 hists={1: {3: 1, 1: 1}, 2: {5: 1, 1: 3, 2: 4}}
PRIME-TO-p HIT p=2 shape=(1, 0, 8, 0, 0, 1, 4) C=1 D=1 maxfibre=5 hists={1: {1: 1, 3: 1}, 2: {1: 3, 5: 1, 2: 4}}
PRIME-TO-p HIT p=2 shape=(1, 0, 8, 0, 0, 2, 4) C=1 D=1 maxfibre=5 hists={1: {1: 1, 3: 1}, 2: {1: 3, 5: 1, 4: 2}}
PRIME-TO-p HIT p=2 shape=(1, 0, 8, 0, 0, 3, 4) C=1 D=1 maxfibre=5 hists={1: {1: 1, 3: 1}, 2: {1: 3, 5: 1, 2: 4}}
PRIME-TO-p HIT p=2 shape=(1, 0, 8, 0, 0, 4, 4) C=1 D=1 maxfibre=5 hists={1: {1: 1, 3: 1}, 2: {1: 3, 5: 1, 2: 4}}
PRIME-TO-p HIT p=2 shape=(1, 0, 8, 0, 0, 5, 4) C=1 D=1 maxfibre=5 hists={1: {1: 1, 3: 1}, 2: {1: 3, 5: 1, 4: 2}}
PRIME-TO-p HIT p=2 shape=(1, 0, 8, 0, 0, 6, 4) C=1 D=1 maxfibre=5 hists={1: {1: 1, 3: 1}, 2: {1: 3, 5: 1, 2: 4}}
PRIME-TO-p HIT p=2 shape=(1, 0, 8, 0, 0, 7, 4) C=1 D=1 maxfibre=5 hists={1: {1: 1, 3: 1}, 2: {1: 3, 5: 1, 2: 4}}
PRIME-TO-p HIT p=2 shape=(1, 0, 8, 0, 0, 8, 4) C=1 D=1 maxfibre=5 hists={1: {1: 1, 3: 1}, 2: {1: 3, 5: 1, 4: 2}}
PRIME-TO-p HIT p=2 shape=(1, 0, 8, 0, 0, 9, 4) C=1 D=1 maxfibre=5 hists={1: {1: 1, 3: 1}, 2: {1: 3, 5: 1, 2: 4}}
PRIME-TO-p HIT p=2 shape=(1, 0, 8, 2, 0, 0, 4) C=1 D=1 maxfibre=3 hists={1: {2: 1, 1: 2}, 2: {2: 3, 1: 4, 3: 2}}
PRIME-TO-p HIT p=2 shape=(1, 0, 8, 2, 0, 1, 0) C=1 D=1 maxfibre=3 hists={1: {1: 2, 2: 1}, 2: {3: 1, 1: 7, 2: 3}}
PRIME-TO-p HIT p=2 shape=(1, 0, 8, 2, 0, 2, 2) C=1 D=1 maxfibre=3 hists={1: {1: 2, 2: 1}, 2: {3: 1, 1: 7, 2: 3}}
PRIME-TO-p HIT p=2 shape=(1, 0, 8, 2, 0, 3, 4) C=1 D=1 maxfibre=3 hists={1: {1: 2, 2: 1}, 2: {3: 2, 1: 4, 2: 3}}
PRIME-TO-p HIT p=2 shape=(1, 0, 8, 2, 0, 4, 0) C=1 D=1 maxfibre=3 hists={1: {1: 2, 2: 1}, 2: {3: 1, 1: 7, 2: 3}}
PRIME-TO-p HIT p=2 shape=(1, 0, 8, 2, 0, 5, 2) C=1 D=1 maxfibre=3 hists={1: {1: 2, 2: 1}, 2: {3: 1, 1: 7, 2: 3}}
PRIME-TO-p HIT p=2 shape=(1, 0, 8, 2, 0, 6, 4) C=1 D=1 maxfibre=3 hists={1: {1: 2, 2: 1}, 2: {3: 2, 1: 4, 2: 3}}
PRIME-TO-p HIT p=2 shape=(1, 0, 8, 2, 0, 7, 0) C=1 D=1 maxfibre=3 hists={1: {1: 2, 2: 1}, 2: {3: 1, 1: 7, 2: 3}}
PRIME-TO-p HIT p=2 shape=(1, 0, 8, 2, 0, 8, 2) C=1 D=1 maxfibre=3 hists={1: {1: 2, 2: 1}, 2: {3: 1, 1: 7, 2: 3}}
PRIME-TO-p HIT p=2 shape=(1, 0, 8, 2, 0, 9, 4) C=1 D=1 maxfibre=3 hists={1: {1: 2, 2: 1}, 2: {3: 2, 1: 4, 2: 3}}
PRIME-TO-p HIT p=2 shape=(1, 0, 8, 2, 1, 0, 0) C=1 D=0 maxfibre=3 hists={1: {2: 1, 1: 2}, 2: {2: 3, 1: 7, 3: 1}}
PRIME-TO-p HIT p=2 shape=(1, 0, 8, 2, 1, 0, 0) C=1 D=1 maxfibre=3 hists={1: {2: 1, 1: 2}, 2: {2: 3, 1: 7, 3: 1}}
PRIME-TO-p HIT p=2 shape=(1, 0, 8, 2, 1, 0, 2) C=1 D=1 maxfibre=3 hists={1: {2: 1, 1: 2}, 2: {2: 2, 1: 9, 3: 1}}
PRIME-TO-p HIT p=2 shape=(1, 0, 8, 2, 1, 1, 4) C=1 D=1 maxfibre=3 hists={1: {1: 2, 2: 1}, 2: {3: 1, 1: 7, 2: 3}}
PRIME-TO-p HIT p=2 shape=(1, 0, 8, 2, 1, 2, 0) C=1 D=1 maxfibre=3 hists={1: {1: 2, 2: 1}, 2: {3: 1, 1: 7, 2: 3}}
PRIME-TO-p HIT p=2 shape=(1, 0, 8, 2, 1, 3, 0) C=1 D=1 maxfibre=3 hists={1: {1: 2, 2: 1}, 2: {1: 7, 2: 3, 3: 1}}
PRIME-TO-p HIT p=2 shape=(1, 0, 8, 2, 1, 3, 2) C=1 D=1 maxfibre=3 hists={1: {1: 2, 2: 1}, 2: {3: 1, 1: 9, 2: 2}}
PRIME-TO-p HIT p=2 shape=(1, 0, 8, 2, 1, 4, 4) C=1 D=1 maxfibre=3 hists={1: {1: 2, 2: 1}, 2: {3: 1, 1: 7, 2: 3}}
PRIME-TO-p HIT p=2 shape=(1, 0, 8, 2, 1, 5, 0) C=1 D=1 maxfibre=3 hists={1: {1: 2, 2: 1}, 2: {3: 1, 1: 7, 2: 3}}
PRIME-TO-p HIT p=2 shape=(1, 0, 8, 2, 1, 6, 0) C=1 D=1 maxfibre=3 hists={1: {1: 2, 2: 1}, 2: {1: 7, 2: 3, 3: 1}}
PRIME-TO-p HIT p=2 shape=(1, 0, 8, 2, 1, 6, 2) C=1 D=1 maxfibre=3 hists={1: {1: 2, 2: 1}, 2: {3: 1, 1: 9, 2: 2}}
PRIME-TO-p HIT p=2 shape=(1, 0, 8, 2, 1, 7, 4) C=1 D=1 maxfibre=3 hists={1: {1: 2, 2: 1}, 2: {3: 1, 1: 7, 2: 3}}
PRIME-TO-p HIT p=2 shape=(1, 0, 8, 2, 1, 8, 0) C=1 D=1 maxfibre=3 hists={1: {1: 2, 2: 1}, 2: {3: 1, 1: 7, 2: 3}}
PRIME-TO-p HIT p=2 shape=(1, 0, 8, 2, 1, 9, 0) C=1 D=1 maxfibre=3 hists={1: {1: 2, 2: 1}, 2: {1: 7, 2: 3, 3: 1}}
PRIME-TO-p HIT p=2 shape=(1, 0, 8, 2, 1, 9, 2) C=1 D=1 maxfibre=3 hists={1: {1: 2, 2: 1}, 2: {3: 1, 1: 9, 2: 2}}
PRIME-TO-p HIT p=2 shape=(1, 0, 8, 4, 0, 0, 0) C=1 D=0 maxfibre=3 hists={1: {2: 1, 1: 2}, 2: {2: 4, 1: 5, 3: 1}}
PRIME-TO-p HIT p=2 shape=(1, 0, 8, 4, 0, 0, 0) C=1 D=1 maxfibre=3 hists={1: {2: 1, 1: 2}, 2: {2: 4, 1: 5, 3: 1}}
PRIME-TO-p HIT p=2 shape=(1, 0, 8, 4, 0, 0, 2) C=1 D=1 maxfibre=3 hists={1: {2: 1, 1: 2}, 2: {2: 3, 1: 7, 3: 1}}
PRIME-TO-p HIT p=2 shape=(1, 0, 8, 4, 0, 0, 4) C=1 D=1 maxfibre=3 hists={1: {2: 1, 1: 2}, 2: {2: 3, 1: 7, 3: 1}}
PRIME-TO-p HIT p=2 shape=(1, 0, 8, 4, 0, 1, 4) C=1 D=1 maxfibre=3 hists={1: {1: 2, 2: 1}, 2: {3: 1, 1: 7, 2: 3}}
PRIME-TO-p HIT p=2 shape=(1, 0, 8, 4, 0, 2, 2) C=1 D=1 maxfibre=3 hists={1: {1: 2, 2: 1}, 2: {3: 1, 1: 7, 2: 3}}
PRIME-TO-p HIT p=2 shape=(1, 0, 8, 4, 0, 3, 0) C=1 D=1 maxfibre=3 hists={1: {1: 2, 2: 1}, 2: {3: 1, 1: 5, 2: 4}}
PRIME-TO-p HIT p=2 shape=(1, 0, 8, 4, 0, 3, 2) C=1 D=1 maxfibre=3 hists={1: {1: 2, 2: 1}, 2: {1: 7, 2: 3, 3: 1}}
PRIME-TO-p HIT p=2 shape=(1, 0, 8, 4, 0, 3, 4) C=1 D=1 maxfibre=3 hists={1: {1: 2, 2: 1}, 2: {1: 7, 2: 3, 3: 1}}
PRIME-TO-p HIT p=2 shape=(1, 0, 8, 4, 0, 4, 4) C=1 D=1 maxfibre=3 hists={1: {1: 2, 2: 1}, 2: {3: 1, 1: 7, 2: 3}}
PRIME-TO-p HIT p=2 shape=(1, 0, 8, 4, 0, 5, 2) C=1 D=1 maxfibre=3 hists={1: {1: 2, 2: 1}, 2: {3: 1, 1: 7, 2: 3}}
PRIME-TO-p HIT p=2 shape=(1, 0, 8, 4, 0, 6, 0) C=1 D=1 maxfibre=3 hists={1: {1: 2, 2: 1}, 2: {3: 1, 1: 5, 2: 4}}
PRIME-TO-p HIT p=2 shape=(1, 0, 8, 4, 0, 6, 2) C=1 D=1 maxfibre=3 hists={1: {1: 2, 2: 1}, 2: {1: 7, 2: 3, 3: 1}}
PRIME-TO-p HIT p=2 shape=(1, 0, 8, 4, 0, 6, 4) C=1 D=1 maxfibre=3 hists={1: {1: 2, 2: 1}, 2: {1: 7, 2: 3, 3: 1}}
PRIME-TO-p HIT p=2 shape=(1, 0, 8, 4, 0, 7, 4) C=1 D=1 maxfibre=3 hists={1: {1: 2, 2: 1}, 2: {3: 1, 1: 7, 2: 3}}
PRIME-TO-p HIT p=2 shape=(1, 0, 8, 4, 0, 8, 2) C=1 D=1 maxfibre=3 hists={1: {1: 2, 2: 1}, 2: {3: 1, 1: 7, 2: 3}}
PRIME-TO-p HIT p=2 shape=(1, 0, 8, 4, 0, 9, 0) C=1 D=1 maxfibre=3 hists={1: {1: 2, 2: 1}, 2: {3: 1, 1: 5, 2: 4}}
PRIME-TO-p HIT p=2 shape=(1, 0, 8, 4, 0, 9, 2) C=1 D=1 maxfibre=3 hists={1: {1: 2, 2: 1}, 2: {1: 7, 2: 3, 3: 1}}
PRIME-TO-p HIT p=2 shape=(1, 0, 8, 4, 0, 9, 4) C=1 D=1 maxfibre=3 hists={1: {1: 2, 2: 1}, 2: {1: 7, 2: 3, 3: 1}}
PRIME-TO-p HIT p=2 shape=(1, 0, 8, 4, 1, 0, 0) C=1 D=0 maxfibre=3 hists={1: {2: 1, 1: 2}, 2: {2: 3, 1: 7, 3: 1}}
PRIME-TO-p HIT p=2 shape=(1, 0, 8, 4, 1, 0, 0) C=1 D=1 maxfibre=3 hists={1: {2: 1, 1: 2}, 2: {2: 3, 1: 7, 3: 1}}
PRIME-TO-p HIT p=2 shape=(1, 0, 8, 4, 1, 0, 4) C=1 D=1 maxfibre=3 hists={1: {2: 1, 1: 2}, 2: {2: 2, 1: 9, 3: 1}}
PRIME-TO-p HIT p=2 shape=(1, 0, 8, 4, 1, 1, 2) C=1 D=1 maxfibre=3 hists={1: {1: 2, 2: 1}, 2: {3: 1, 1: 7, 2: 3}}
PRIME-TO-p HIT p=2 shape=(1, 0, 8, 4, 1, 2, 0) C=1 D=1 maxfibre=3 hists={1: {1: 2, 2: 1}, 2: {3: 1, 1: 7, 2: 3}}
PRIME-TO-p HIT p=2 shape=(1, 0, 8, 4, 1, 3, 0) C=1 D=1 maxfibre=3 hists={1: {1: 2, 2: 1}, 2: {1: 7, 2: 3, 3: 1}}
PRIME-TO-p HIT p=2 shape=(1, 0, 8, 4, 1, 3, 4) C=1 D=1 maxfibre=3 hists={1: {1: 2, 2: 1}, 2: {3: 1, 1: 9, 2: 2}}
PRIME-TO-p HIT p=2 shape=(1, 0, 8, 4, 1, 4, 2) C=1 D=1 maxfibre=3 hists={1: {1: 2, 2: 1}, 2: {3: 1, 1: 7, 2: 3}}
PRIME-TO-p HIT p=2 shape=(1, 0, 8, 4, 1, 5, 0) C=1 D=1 maxfibre=3 hists={1: {1: 2, 2: 1}, 2: {3: 1, 1: 7, 2: 3}}
PRIME-TO-p HIT p=2 shape=(1, 0, 8, 4, 1, 6, 0) C=1 D=1 maxfibre=3 hists={1: {1: 2, 2: 1}, 2: {1: 7, 2: 3, 3: 1}}
PRIME-TO-p HIT p=2 shape=(1, 0, 8, 4, 1, 6, 4) C=1 D=1 maxfibre=3 hists={1: {1: 2, 2: 1}, 2: {3: 1, 1: 9, 2: 2}}
PRIME-TO-p HIT p=2 shape=(1, 0, 8, 4, 1, 7, 2) C=1 D=1 maxfibre=3 hists={1: {1: 2, 2: 1}, 2: {3: 1, 1: 7, 2: 3}}
PRIME-TO-p HIT p=2 shape=(1, 0, 8, 4, 1, 8, 0) C=1 D=1 maxfibre=3 hists={1: {1: 2, 2: 1}, 2: {3: 1, 1: 7, 2: 3}}
PRIME-TO-p HIT p=2 shape=(1, 0, 8, 4, 1, 9, 0) C=1 D=1 maxfibre=3 hists={1: {1: 2, 2: 1}, 2: {1: 7, 2: 3, 3: 1}}
PRIME-TO-p HIT p=2 shape=(1, 0, 8, 4, 1, 9, 4) C=1 D=1 maxfibre=3 hists={1: {1: 2, 2: 1}, 2: {3: 1, 1: 9, 2: 2}}
PRIME-TO-p HIT p=2 shape=(1, 1, 2, 0, 0, 0, 4) C=1 D=1 maxfibre=3 hists={1: {2: 1, 1: 2}, 2: {2: 3, 1: 4, 3: 2}}
PRIME-TO-p HIT p=2 shape=(1, 1, 2, 0, 0, 1, 3) C=1 D=1 maxfibre=3 hists={1: {1: 2, 2: 1}, 2: {3: 1, 1: 7, 2: 3}}
PRIME-TO-p HIT p=2 shape=(1, 1, 2, 0, 0, 2, 2) C=1 D=1 maxfibre=3 hists={1: {1: 2, 2: 1}, 2: {3: 1, 1: 7, 2: 3}}
PRIME-TO-p HIT p=2 shape=(1, 1, 2, 0, 0, 3, 1) C=1 D=1 maxfibre=3 hists={1: {1: 2, 2: 1}, 2: {3: 2, 1: 4, 2: 3}}
PRIME-TO-p HIT p=2 shape=(1, 1, 2, 0, 0, 3, 3) C=1 D=1 maxfibre=3 hists={1: {1: 2, 2: 1}, 2: {1: 7, 2: 3, 3: 1}}
PRIME-TO-p HIT p=2 shape=(1, 1, 2, 0, 0, 4, 0) C=1 D=1 maxfibre=3 hists={1: {1: 2, 2: 1}, 2: {3: 1, 1: 7, 2: 3}}
PRIME-TO-p HIT p=2 shape=(1, 1, 2, 0, 0, 6, 4) C=1 D=1 maxfibre=3 hists={1: {1: 2, 2: 1}, 2: {3: 2, 1: 4, 2: 3}}
PRIME-TO-p HIT p=2 shape=(1, 1, 2, 0, 0, 7, 3) C=1 D=1 maxfibre=3 hists={1: {1: 2, 2: 1}, 2: {3: 1, 1: 7, 2: 3}}
PRIME-TO-p HIT p=2 shape=(1, 1, 2, 0, 0, 8, 2) C=1 D=1 maxfibre=3 hists={1: {1: 2, 2: 1}, 2: {3: 1, 1: 7, 2: 3}}
PRIME-TO-p HIT p=2 shape=(1, 1, 2, 0, 0, 9, 1) C=1 D=1 maxfibre=3 hists={1: {1: 2, 2: 1}, 2: {3: 2, 1: 4, 2: 3}}
PRIME-TO-p HIT p=2 shape=(1, 1, 2, 0, 0, 9, 3) C=1 D=1 maxfibre=3 hists={1: {1: 2, 2: 1}, 2: {1: 7, 2: 3, 3: 1}}
PRIME-TO-p HIT p=2 shape=(1, 1, 2, 2, 0, 1, 3) C=1 D=1 maxfibre=3 hists={1: {1: 1, 3: 1}, 2: {1: 1, 3: 3, 2: 3}}
PRIME-TO-p HIT p=2 shape=(1, 1, 2, 2, 0, 2, 4) C=1 D=1 maxfibre=3 hists={1: {1: 1, 3: 1}, 2: {1: 1, 3: 3, 2: 3}}
PRIME-TO-p HIT p=2 shape=(1, 1, 2, 2, 0, 3, 3) C=1 D=1 maxfibre=3 hists={1: {1: 1, 3: 1}, 2: {3: 2, 2: 5}}
PRIME-TO-p HIT p=2 shape=(1, 1, 2, 2, 0, 4, 2) C=1 D=1 maxfibre=3 hists={1: {1: 1, 3: 1}, 2: {1: 1, 3: 3, 2: 3}}
PRIME-TO-p HIT p=2 shape=(1, 1, 2, 2, 0, 5, 1) C=1 D=1 maxfibre=3 hists={1: {1: 1, 3: 1}, 2: {1: 1, 3: 3, 2: 3}}
PRIME-TO-p HIT p=2 shape=(1, 1, 2, 2, 0, 5, 3) C=1 D=1 maxfibre=3 hists={1: {1: 1, 3: 1}, 2: {1: 1, 3: 3, 2: 3}}
PRIME-TO-p HIT p=2 shape=(1, 1, 2, 2, 0, 7, 3) C=1 D=1 maxfibre=3 hists={1: {1: 1, 3: 1}, 2: {1: 1, 3: 3, 2: 3}}
PRIME-TO-p HIT p=2 shape=(1, 1, 2, 2, 0, 8, 4) C=1 D=1 maxfibre=3 hists={1: {1: 1, 3: 1}, 2: {1: 1, 3: 3, 2: 3}}
PRIME-TO-p HIT p=2 shape=(1, 1, 2, 2, 0, 9, 3) C=1 D=1 maxfibre=3 hists={1: {1: 1, 3: 1}, 2: {3: 2, 2: 5}}
PRIME-TO-p HIT p=2 shape=(1, 1, 2, 4, 0, 0, 0) C=1 D=0 maxfibre=3 hists={1: {2: 2}, 2: {2: 3, 3: 2, 1: 4}}
PRIME-TO-p HIT p=2 shape=(1, 1, 2, 4, 0, 0, 0) C=1 D=1 maxfibre=3 hists={1: {2: 2}, 2: {2: 3, 3: 2, 1: 4}}
PRIME-TO-p HIT p=2 shape=(1, 1, 2, 4, 0, 0, 2) C=1 D=1 maxfibre=3 hists={1: {3: 1, 1: 1}, 2: {3: 2, 2: 3, 1: 4}}
PRIME-TO-p HIT p=2 shape=(1, 1, 2, 4, 0, 0, 4) C=1 D=1 maxfibre=5 hists={1: {3: 1, 1: 1}, 2: {5: 1, 2: 3, 1: 5}}
PRIME-TO-p HIT p=2 shape=(1, 1, 2, 4, 0, 1, 1) C=1 D=1 maxfibre=5 hists={1: {1: 1, 3: 1}, 2: {1: 7, 2: 2, 5: 1}}
PRIME-TO-p HIT p=2 shape=(1, 1, 2, 4, 0, 1, 3) C=1 D=1 maxfibre=3 hists={1: {1: 1, 3: 1}, 2: {1: 7, 3: 3}}
PRIME-TO-p HIT p=2 shape=(1, 1, 2, 4, 0, 2, 2) C=1 D=1 maxfibre=3 hists={1: {1: 1, 3: 1}, 2: {3: 2, 2: 4, 1: 2}}
PRIME-TO-p HIT p=2 shape=(1, 1, 2, 4, 0, 2, 4) C=1 D=1 maxfibre=5 hists={1: {1: 1, 3: 1}, 2: {1: 7, 2: 2, 5: 1}}
PRIME-TO-p HIT p=2 shape=(1, 1, 2, 4, 0, 3, 1) C=1 D=1 maxfibre=5 hists={1: {1: 1, 3: 1}, 2: {1: 5, 2: 3, 5: 1}}
PRIME-TO-p HIT p=2 shape=(1, 1, 2, 4, 0, 3, 3) C=1 D=1 maxfibre=3 hists={1: {1: 1, 3: 1}, 2: {1: 5, 3: 3, 2: 1}}
PRIME-TO-p HIT p=2 shape=(1, 1, 2, 4, 0, 4, 2) C=1 D=1 maxfibre=3 hists={1: {1: 1, 3: 1}, 2: {3: 2, 2: 4, 1: 2}}
PRIME-TO-p HIT p=2 shape=(1, 1, 2, 4, 0, 4, 4) C=1 D=1 maxfibre=5 hists={1: {1: 1, 3: 1}, 2: {1: 7, 2: 2, 5: 1}}
PRIME-TO-p HIT p=2 shape=(1, 1, 2, 4, 0, 5, 1) C=1 D=1 maxfibre=5 hists={1: {1: 1, 3: 1}, 2: {1: 7, 2: 2, 5: 1}}
PRIME-TO-p HIT p=2 shape=(1, 1, 2, 4, 0, 5, 3) C=1 D=1 maxfibre=3 hists={1: {1: 1, 3: 1}, 2: {1: 7, 3: 3}}
PRIME-TO-p HIT p=2 shape=(1, 1, 2, 4, 0, 6, 0) C=1 D=1 maxfibre=3 hists={1: {2: 2}, 2: {2: 3, 3: 2, 1: 4}}
PRIME-TO-p HIT p=2 shape=(1, 1, 2, 4, 0, 6, 2) C=1 D=1 maxfibre=3 hists={1: {1: 1, 3: 1}, 2: {3: 2, 2: 3, 1: 4}}
PRIME-TO-p HIT p=2 shape=(1, 1, 2, 4, 0, 6, 4) C=1 D=1 maxfibre=5 hists={1: {1: 1, 3: 1}, 2: {1: 5, 2: 3, 5: 1}}
PRIME-TO-p HIT p=2 shape=(1, 1, 2, 4, 0, 7, 1) C=1 D=1 maxfibre=5 hists={1: {1: 1, 3: 1}, 2: {1: 7, 2: 2, 5: 1}}
PRIME-TO-p HIT p=2 shape=(1, 1, 2, 4, 0, 7, 3) C=1 D=1 maxfibre=3 hists={1: {1: 1, 3: 1}, 2: {1: 7, 3: 3}}
PRIME-TO-p HIT p=2 shape=(1, 1, 2, 4, 0, 8, 2) C=1 D=1 maxfibre=3 hists={1: {1: 1, 3: 1}, 2: {3: 2, 2: 4, 1: 2}}
PRIME-TO-p HIT p=2 shape=(1, 1, 2, 4, 0, 8, 4) C=1 D=1 maxfibre=5 hists={1: {1: 1, 3: 1}, 2: {1: 7, 2: 2, 5: 1}}
PRIME-TO-p HIT p=2 shape=(1, 1, 2, 4, 0, 9, 1) C=1 D=1 maxfibre=5 hists={1: {1: 1, 3: 1}, 2: {1: 5, 2: 3, 5: 1}}
PRIME-TO-p HIT p=2 shape=(1, 1, 2, 4, 0, 9, 3) C=1 D=1 maxfibre=3 hists={1: {1: 1, 3: 1}, 2: {1: 5, 3: 3, 2: 1}}
PRIME-TO-p HIT p=2 shape=(1, 1, 3, 2, 0, 1, 2) C=1 D=1 maxfibre=3 hists={1: {1: 1, 3: 1}, 2: {1: 1, 3: 3, 2: 3}}
PRIME-TO-p HIT p=2 shape=(1, 1, 3, 4, 0, 1, 4) C=1 D=1 maxfibre=5 hists={1: {1: 1, 3: 1}, 2: {1: 5, 2: 3, 5: 1}}
PRIME-TO-p HIT p=2 shape=(1, 1, 4, 0, 0, 1, 1) C=1 D=1 maxfibre=3 hists={1: {1: 2, 2: 1}, 2: {1: 7, 2: 3, 3: 1}}
PRIME-TO-p HIT p=2 shape=(1, 1, 4, 0, 0, 4, 0) C=1 D=1 maxfibre=3 hists={1: {1: 2, 2: 1}, 2: {1: 7, 2: 3, 3: 1}}
PRIME-TO-p HIT p=2 shape=(1, 1, 4, 0, 0, 4, 4) C=1 D=1 maxfibre=3 hists={1: {1: 2, 2: 1}, 2: {1: 7, 2: 3, 3: 1}}
PRIME-TO-p HIT p=2 shape=(1, 1, 4, 0, 0, 5, 3) C=1 D=1 maxfibre=3 hists={1: {1: 2, 2: 1}, 2: {1: 1, 2: 3, 3: 3}}
PRIME-TO-p HIT p=2 shape=(1, 1, 4, 0, 0, 7, 1) C=1 D=1 maxfibre=3 hists={1: {1: 2, 2: 1}, 2: {1: 7, 2: 3, 3: 1}}
PRIME-TO-p HIT p=2 shape=(1, 1, 4, 2, 0, 0, 2) C=1 D=1 maxfibre=5 hists={1: {3: 1, 1: 1}, 2: {5: 1, 2: 3, 1: 5}}
PRIME-TO-p HIT p=2 shape=(1, 1, 4, 2, 0, 0, 4) C=1 D=1 maxfibre=5 hists={1: {3: 1, 1: 1}, 2: {5: 1, 2: 3, 1: 5}}
PRIME-TO-p HIT p=2 shape=(1, 1, 4, 2, 0, 1, 1) C=1 D=1 maxfibre=3 hists={1: {1: 1, 3: 1}, 2: {1: 5, 3: 3, 2: 1}}
PRIME-TO-p HIT p=2 shape=(1, 1, 4, 2, 0, 1, 3) C=1 D=1 maxfibre=3 hists={1: {1: 1, 3: 1}, 2: {1: 7, 3: 3}}
PRIME-TO-p HIT p=2 shape=(1, 1, 4, 2, 0, 2, 2) C=1 D=1 maxfibre=3 hists={1: {1: 1, 3: 1}, 2: {1: 1, 3: 3, 2: 3}}
PRIME-TO-p HIT p=2 shape=(1, 1, 4, 2, 0, 2, 4) C=1 D=1 maxfibre=3 hists={1: {1: 1, 3: 1}, 2: {1: 1, 3: 3, 2: 3}}
PRIME-TO-p HIT p=2 shape=(1, 1, 4, 2, 0, 3, 1) C=1 D=1 maxfibre=5 hists={1: {1: 1, 3: 1}, 2: {1: 5, 2: 3, 5: 1}}
PRIME-TO-p HIT p=2 shape=(1, 1, 4, 2, 0, 3, 3) C=1 D=1 maxfibre=5 hists={1: {1: 1, 3: 1}, 2: {1: 7, 2: 2, 5: 1}}
PRIME-TO-p HIT p=2 shape=(1, 1, 4, 2, 0, 4, 2) C=1 D=1 maxfibre=3 hists={1: {1: 1, 3: 1}, 2: {1: 5, 3: 3, 2: 1}}
PRIME-TO-p HIT p=2 shape=(1, 1, 4, 2, 0, 4, 4) C=1 D=1 maxfibre=3 hists={1: {1: 1, 3: 1}, 2: {1: 5, 3: 3, 2: 1}}
PRIME-TO-p HIT p=2 shape=(1, 1, 4, 2, 0, 5, 1) C=1 D=1 maxfibre=3 hists={1: {1: 1, 3: 1}, 2: {1: 1, 3: 3, 2: 3}}
PRIME-TO-p HIT p=2 shape=(1, 1, 4, 2, 0, 5, 3) C=1 D=1 maxfibre=3 hists={1: {1: 1, 3: 1}, 2: {1: 7, 3: 3}}
PRIME-TO-p HIT p=2 shape=(1, 1, 4, 2, 0, 6, 2) C=1 D=1 maxfibre=5 hists={1: {1: 1, 3: 1}, 2: {1: 5, 2: 3, 5: 1}}
PRIME-TO-p HIT p=2 shape=(1, 1, 4, 2, 0, 6, 4) C=1 D=1 maxfibre=5 hists={1: {1: 1, 3: 1}, 2: {1: 5, 2: 3, 5: 1}}
PRIME-TO-p HIT p=2 shape=(1, 1, 4, 2, 0, 7, 1) C=1 D=1 maxfibre=3 hists={1: {1: 1, 3: 1}, 2: {1: 5, 3: 3, 2: 1}}
PRIME-TO-p HIT p=2 shape=(1, 1, 4, 2, 0, 7, 3) C=1 D=1 maxfibre=3 hists={1: {1: 1, 3: 1}, 2: {1: 7, 3: 3}}
PRIME-TO-p HIT p=2 shape=(1, 1, 4, 2, 0, 8, 2) C=1 D=1 maxfibre=3 hists={1: {1: 1, 3: 1}, 2: {1: 1, 3: 3, 2: 3}}
PRIME-TO-p HIT p=2 shape=(1, 1, 4, 2, 0, 8, 4) C=1 D=1 maxfibre=3 hists={1: {1: 1, 3: 1}, 2: {1: 1, 3: 3, 2: 3}}
PRIME-TO-p HIT p=2 shape=(1, 1, 4, 2, 0, 9, 1) C=1 D=1 maxfibre=5 hists={1: {1: 1, 3: 1}, 2: {1: 5, 2: 3, 5: 1}}
PRIME-TO-p HIT p=2 shape=(1, 1, 4, 2, 0, 9, 3) C=1 D=1 maxfibre=5 hists={1: {1: 1, 3: 1}, 2: {1: 7, 2: 2, 5: 1}}
PRIME-TO-p HIT p=2 shape=(1, 1, 4, 4, 0, 0, 2) C=1 D=1 maxfibre=7 hists={1: {3: 1, 1: 1}, 2: {7: 1, 3: 3}}
PRIME-TO-p HIT p=2 shape=(1, 1, 4, 4, 0, 0, 4) C=1 D=1 maxfibre=7 hists={1: {3: 1, 1: 1}, 2: {7: 1, 3: 3}}
PRIME-TO-p HIT p=2 shape=(1, 1, 4, 4, 0, 1, 1) C=1 D=1 maxfibre=7 hists={1: {1: 1, 3: 1}, 2: {3: 3, 7: 1}}
PRIME-TO-p HIT p=2 shape=(1, 1, 4, 4, 0, 1, 3) C=1 D=1 maxfibre=5 hists={1: {1: 1, 3: 1}, 2: {3: 2, 5: 2}}
PRIME-TO-p HIT p=2 shape=(1, 1, 4, 4, 0, 2, 2) C=1 D=1 maxfibre=7 hists={1: {1: 1, 3: 1}, 2: {7: 1, 3: 3}}
PRIME-TO-p HIT p=2 shape=(1, 1, 4, 4, 0, 2, 4) C=1 D=1 maxfibre=5 hists={1: {1: 1, 3: 1}, 2: {1: 1, 5: 3}}
PRIME-TO-p HIT p=2 shape=(1, 1, 4, 4, 0, 3, 1) C=1 D=1 maxfibre=7 hists={1: {1: 1, 3: 1}, 2: {3: 3, 7: 1}}
PRIME-TO-p HIT p=2 shape=(1, 1, 4, 4, 0, 3, 3) C=1 D=1 maxfibre=5 hists={1: {1: 1, 3: 1}, 2: {3: 1, 4: 2, 5: 1}}
PRIME-TO-p HIT p=2 shape=(1, 1, 4, 4, 0, 4, 2) C=1 D=1 maxfibre=5 hists={1: {1: 1, 3: 1}, 2: {3: 2, 5: 2}}
PRIME-TO-p HIT p=2 shape=(1, 1, 4, 4, 0, 4, 4) C=1 D=1 maxfibre=7 hists={1: {1: 1, 3: 1}, 2: {3: 3, 7: 1}}
PRIME-TO-p HIT p=2 shape=(1, 1, 4, 4, 0, 5, 1) C=1 D=1 maxfibre=5 hists={1: {1: 1, 3: 1}, 2: {1: 1, 5: 3}}
PRIME-TO-p HIT p=2 shape=(1, 1, 4, 4, 0, 5, 3) C=1 D=1 maxfibre=5 hists={1: {1: 1, 3: 1}, 2: {1: 1, 5: 3}}
PRIME-TO-p HIT p=2 shape=(1, 1, 4, 4, 0, 6, 2) C=1 D=1 maxfibre=7 hists={1: {1: 1, 3: 1}, 2: {3: 3, 7: 1}}
PRIME-TO-p HIT p=2 shape=(1, 1, 4, 4, 0, 6, 4) C=1 D=1 maxfibre=7 hists={1: {1: 1, 3: 1}, 2: {3: 3, 7: 1}}
PRIME-TO-p HIT p=2 shape=(1, 1, 4, 4, 0, 7, 1) C=1 D=1 maxfibre=7 hists={1: {1: 1, 3: 1}, 2: {3: 3, 7: 1}}
PRIME-TO-p HIT p=2 shape=(1, 1, 4, 4, 0, 7, 3) C=1 D=1 maxfibre=5 hists={1: {1: 1, 3: 1}, 2: {3: 2, 5: 2}}
PRIME-TO-p HIT p=2 shape=(1, 1, 4, 4, 0, 8, 2) C=1 D=1 maxfibre=7 hists={1: {1: 1, 3: 1}, 2: {7: 1, 3: 3}}
PRIME-TO-p HIT p=2 shape=(1, 1, 4, 4, 0, 8, 4) C=1 D=1 maxfibre=5 hists={1: {1: 1, 3: 1}, 2: {1: 1, 5: 3}}
PRIME-TO-p HIT p=2 shape=(1, 1, 4, 4, 0, 9, 1) C=1 D=1 maxfibre=7 hists={1: {1: 1, 3: 1}, 2: {3: 3, 7: 1}}
PRIME-TO-p HIT p=2 shape=(1, 1, 4, 4, 0, 9, 3) C=1 D=1 maxfibre=5 hists={1: {1: 1, 3: 1}, 2: {3: 1, 4: 2, 5: 1}}
PRIME-TO-p HIT p=2 shape=(1, 1, 5, 4, 0, 3, 4) C=1 D=1 maxfibre=5 hists={1: {1: 1, 3: 1}, 2: {1: 5, 2: 3, 5: 1}}
PRIME-TO-p HIT p=2 shape=(1, 1, 6, 0, 0, 0, 0) C=1 D=0 maxfibre=3 hists={1: {2: 1, 1: 2}, 2: {2: 3, 1: 7, 3: 1}}
PRIME-TO-p HIT p=2 shape=(1, 1, 6, 0, 0, 0, 0) C=1 D=1 maxfibre=3 hists={1: {2: 1, 1: 2}, 2: {2: 3, 1: 7, 3: 1}}
PRIME-TO-p HIT p=2 shape=(1, 1, 6, 0, 0, 1, 1) C=1 D=1 maxfibre=3 hists={1: {1: 2, 2: 1}, 2: {3: 1, 1: 7, 2: 3}}
PRIME-TO-p HIT p=2 shape=(1, 1, 6, 0, 0, 2, 0) C=1 D=1 maxfibre=3 hists={1: {1: 2, 2: 1}, 2: {1: 7, 2: 3, 3: 1}}
PRIME-TO-p HIT p=2 shape=(1, 1, 6, 0, 0, 2, 2) C=1 D=1 maxfibre=3 hists={1: {1: 2, 2: 1}, 2: {3: 1, 1: 7, 2: 3}}
PRIME-TO-p HIT p=2 shape=(1, 1, 6, 0, 0, 3, 3) C=1 D=1 maxfibre=3 hists={1: {1: 2, 2: 1}, 2: {3: 1, 1: 7, 2: 3}}
PRIME-TO-p HIT p=2 shape=(1, 1, 6, 0, 0, 4, 4) C=1 D=1 maxfibre=3 hists={1: {1: 2, 2: 1}, 2: {3: 1, 1: 7, 2: 3}}
PRIME-TO-p HIT p=2 shape=(1, 1, 6, 0, 0, 6, 0) C=1 D=1 maxfibre=3 hists={1: {1: 2, 2: 1}, 2: {3: 1, 1: 7, 2: 3}}
PRIME-TO-p HIT p=2 shape=(1, 1, 6, 0, 0, 7, 1) C=1 D=1 maxfibre=3 hists={1: {1: 2, 2: 1}, 2: {3: 1, 1: 7, 2: 3}}
PRIME-TO-p HIT p=2 shape=(1, 1, 6, 0, 0, 8, 0) C=1 D=1 maxfibre=3 hists={1: {1: 2, 2: 1}, 2: {1: 7, 2: 3, 3: 1}}
PRIME-TO-p HIT p=2 shape=(1, 1, 6, 0, 0, 8, 2) C=1 D=1 maxfibre=3 hists={1: {1: 2, 2: 1}, 2: {3: 1, 1: 7, 2: 3}}
PRIME-TO-p HIT p=2 shape=(1, 1, 6, 0, 0, 9, 3) C=1 D=1 maxfibre=3 hists={1: {1: 2, 2: 1}, 2: {3: 1, 1: 7, 2: 3}}
PRIME-TO-p HIT p=2 shape=(1, 1, 6, 2, 0, 0, 0) C=1 D=0 maxfibre=3 hists={1: {2: 2}, 2: {2: 2, 3: 2, 1: 6}}
PRIME-TO-p HIT p=2 shape=(1, 1, 6, 2, 0, 0, 0) C=1 D=1 maxfibre=3 hists={1: {2: 2}, 2: {2: 2, 3: 2, 1: 6}}
PRIME-TO-p HIT p=2 shape=(1, 1, 6, 2, 0, 0, 2) C=1 D=1 maxfibre=5 hists={1: {3: 1, 1: 1}, 2: {5: 1, 2: 3, 1: 5}}
PRIME-TO-p HIT p=2 shape=(1, 1, 6, 2, 0, 0, 4) C=1 D=1 maxfibre=3 hists={1: {3: 1, 1: 1}, 2: {3: 2, 2: 3, 1: 4}}
PRIME-TO-p HIT p=2 shape=(1, 1, 6, 2, 0, 1, 1) C=1 D=1 maxfibre=5 hists={1: {1: 1, 3: 1}, 2: {1: 5, 2: 3, 5: 1}}
PRIME-TO-p HIT p=2 shape=(1, 1, 6, 2, 0, 1, 3) C=1 D=1 maxfibre=3 hists={1: {1: 1, 3: 1}, 2: {3: 2, 2: 2, 1: 6}}
PRIME-TO-p HIT p=2 shape=(1, 1, 6, 2, 0, 2, 2) C=1 D=1 maxfibre=3 hists={1: {1: 1, 3: 1}, 2: {3: 2, 2: 3, 1: 4}}
PRIME-TO-p HIT p=2 shape=(1, 1, 6, 2, 0, 2, 4) C=1 D=1 maxfibre=3 hists={1: {1: 1, 3: 1}, 2: {1: 1, 3: 3, 2: 3}}
PRIME-TO-p HIT p=2 shape=(1, 1, 6, 2, 0, 3, 1) C=1 D=1 maxfibre=3 hists={1: {1: 1, 3: 1}, 2: {3: 2, 2: 3, 1: 4}}
PRIME-TO-p HIT p=2 shape=(1, 1, 6, 2, 0, 3, 3) C=1 D=1 maxfibre=3 hists={1: {1: 1, 3: 1}, 2: {1: 7, 3: 3}}
PRIME-TO-p HIT p=2 shape=(1, 1, 6, 2, 0, 4, 2) C=1 D=1 maxfibre=3 hists={1: {1: 1, 3: 1}, 2: {1: 1, 3: 3, 2: 3}}
PRIME-TO-p HIT p=2 shape=(1, 1, 6, 2, 0, 4, 4) C=1 D=1 maxfibre=5 hists={1: {1: 1, 3: 1}, 2: {1: 5, 2: 3, 5: 1}}
PRIME-TO-p HIT p=2 shape=(1, 1, 6, 2, 0, 5, 1) C=1 D=1 maxfibre=3 hists={1: {1: 1, 3: 1}, 2: {1: 1, 3: 3, 2: 3}}
PRIME-TO-p HIT p=2 shape=(1, 1, 6, 2, 0, 5, 3) C=1 D=1 maxfibre=5 hists={1: {1: 1, 3: 1}, 2: {1: 7, 2: 2, 5: 1}}
PRIME-TO-p HIT p=2 shape=(1, 1, 6, 2, 0, 6, 0) C=1 D=1 maxfibre=3 hists={1: {2: 2}, 2: {2: 2, 3: 2, 1: 6}}
PRIME-TO-p HIT p=2 shape=(1, 1, 6, 2, 0, 6, 2) C=1 D=1 maxfibre=5 hists={1: {1: 1, 3: 1}, 2: {1: 5, 2: 3, 5: 1}}
PRIME-TO-p HIT p=2 shape=(1, 1, 6, 2, 0, 6, 4) C=1 D=1 maxfibre=3 hists={1: {1: 1, 3: 1}, 2: {3: 2, 2: 3, 1: 4}}
PRIME-TO-p HIT p=2 shape=(1, 1, 6, 2, 0, 7, 1) C=1 D=1 maxfibre=5 hists={1: {1: 1, 3: 1}, 2: {1: 5, 2: 3, 5: 1}}
PRIME-TO-p HIT p=2 shape=(1, 1, 6, 2, 0, 7, 3) C=1 D=1 maxfibre=3 hists={1: {1: 1, 3: 1}, 2: {3: 2, 2: 2, 1: 6}}
PRIME-TO-p HIT p=2 shape=(1, 1, 6, 2, 0, 8, 2) C=1 D=1 maxfibre=3 hists={1: {1: 1, 3: 1}, 2: {3: 2, 2: 3, 1: 4}}
PRIME-TO-p HIT p=2 shape=(1, 1, 6, 2, 0, 8, 4) C=1 D=1 maxfibre=3 hists={1: {1: 1, 3: 1}, 2: {1: 1, 3: 3, 2: 3}}
PRIME-TO-p HIT p=2 shape=(1, 1, 6, 2, 0, 9, 1) C=1 D=1 maxfibre=3 hists={1: {1: 1, 3: 1}, 2: {3: 2, 2: 3, 1: 4}}
PRIME-TO-p HIT p=2 shape=(1, 1, 6, 2, 0, 9, 3) C=1 D=1 maxfibre=3 hists={1: {1: 1, 3: 1}, 2: {1: 7, 3: 3}}
PRIME-TO-p HIT p=2 shape=(1, 1, 6, 4, 0, 0, 0) C=1 D=0 maxfibre=3 hists={1: {2: 2}, 2: {2: 2, 3: 2, 1: 6}}
PRIME-TO-p HIT p=2 shape=(1, 1, 6, 4, 0, 0, 0) C=1 D=1 maxfibre=3 hists={1: {2: 2}, 2: {2: 2, 3: 2, 1: 6}}
PRIME-TO-p HIT p=2 shape=(1, 1, 6, 4, 0, 0, 2) C=1 D=1 maxfibre=3 hists={1: {3: 1, 1: 1}, 2: {3: 2, 2: 3, 1: 4}}
PRIME-TO-p HIT p=2 shape=(1, 1, 6, 4, 0, 0, 4) C=1 D=1 maxfibre=5 hists={1: {3: 1, 1: 1}, 2: {5: 1, 2: 3, 1: 5}}
PRIME-TO-p HIT p=2 shape=(1, 1, 6, 4, 0, 1, 1) C=1 D=1 maxfibre=5 hists={1: {1: 1, 3: 1}, 2: {1: 5, 2: 3, 5: 1}}
PRIME-TO-p HIT p=2 shape=(1, 1, 6, 4, 0, 1, 3) C=1 D=1 maxfibre=3 hists={1: {1: 1, 3: 1}, 2: {1: 1, 3: 3, 2: 3}}
PRIME-TO-p HIT p=2 shape=(1, 1, 6, 4, 0, 2, 2) C=1 D=1 maxfibre=3 hists={1: {1: 1, 3: 1}, 2: {3: 2, 2: 3, 1: 4}}
PRIME-TO-p HIT p=2 shape=(1, 1, 6, 4, 0, 2, 4) C=1 D=1 maxfibre=5 hists={1: {1: 1, 3: 1}, 2: {1: 7, 2: 2, 5: 1}}
PRIME-TO-p HIT p=2 shape=(1, 1, 6, 4, 0, 3, 1) C=1 D=1 maxfibre=5 hists={1: {1: 1, 3: 1}, 2: {1: 5, 2: 3, 5: 1}}
PRIME-TO-p HIT p=2 shape=(1, 1, 6, 4, 0, 3, 3) C=1 D=1 maxfibre=3 hists={1: {1: 1, 3: 1}, 2: {1: 7, 3: 3}}
PRIME-TO-p HIT p=2 shape=(1, 1, 6, 4, 0, 4, 2) C=1 D=1 maxfibre=3 hists={1: {1: 1, 3: 1}, 2: {3: 2, 2: 2, 1: 6}}
PRIME-TO-p HIT p=2 shape=(1, 1, 6, 4, 0, 4, 4) C=1 D=1 maxfibre=5 hists={1: {1: 1, 3: 1}, 2: {1: 5, 2: 3, 5: 1}}
PRIME-TO-p HIT p=2 shape=(1, 1, 6, 4, 0, 5, 1) C=1 D=1 maxfibre=5 hists={1: {1: 1, 3: 1}, 2: {1: 7, 2: 2, 5: 1}}
PRIME-TO-p HIT p=2 shape=(1, 1, 6, 4, 0, 5, 3) C=1 D=1 maxfibre=3 hists={1: {1: 1, 3: 1}, 2: {1: 1, 3: 3, 2: 3}}
PRIME-TO-p HIT p=2 shape=(1, 1, 6, 4, 0, 6, 0) C=1 D=1 maxfibre=3 hists={1: {2: 2}, 2: {2: 2, 3: 2, 1: 6}}
PRIME-TO-p HIT p=2 shape=(1, 1, 6, 4, 0, 6, 2) C=1 D=1 maxfibre=3 hists={1: {1: 1, 3: 1}, 2: {3: 2, 2: 3, 1: 4}}
PRIME-TO-p HIT p=2 shape=(1, 1, 6, 4, 0, 6, 4) C=1 D=1 maxfibre=5 hists={1: {1: 1, 3: 1}, 2: {1: 5, 2: 3, 5: 1}}
PRIME-TO-p HIT p=2 shape=(1, 1, 6, 4, 0, 7, 1) C=1 D=1 maxfibre=5 hists={1: {1: 1, 3: 1}, 2: {1: 5, 2: 3, 5: 1}}
PRIME-TO-p HIT p=2 shape=(1, 1, 6, 4, 0, 7, 3) C=1 D=1 maxfibre=3 hists={1: {1: 1, 3: 1}, 2: {1: 1, 3: 3, 2: 3}}
PRIME-TO-p HIT p=2 shape=(1, 1, 6, 4, 0, 8, 2) C=1 D=1 maxfibre=3 hists={1: {1: 1, 3: 1}, 2: {3: 2, 2: 3, 1: 4}}
PRIME-TO-p HIT p=2 shape=(1, 1, 6, 4, 0, 8, 4) C=1 D=1 maxfibre=5 hists={1: {1: 1, 3: 1}, 2: {1: 7, 2: 2, 5: 1}}
PRIME-TO-p HIT p=2 shape=(1, 1, 6, 4, 0, 9, 1) C=1 D=1 maxfibre=5 hists={1: {1: 1, 3: 1}, 2: {1: 5, 2: 3, 5: 1}}
PRIME-TO-p HIT p=2 shape=(1, 1, 6, 4, 0, 9, 3) C=1 D=1 maxfibre=3 hists={1: {1: 1, 3: 1}, 2: {1: 7, 3: 3}}
PRIME-TO-p HIT p=2 shape=(1, 1, 7, 2, 0, 5, 2) C=1 D=1 maxfibre=3 hists={1: {1: 1, 3: 1}, 2: {1: 1, 3: 3, 2: 3}}
PRIME-TO-p HIT p=2 shape=(1, 1, 7, 4, 0, 5, 4) C=1 D=1 maxfibre=5 hists={1: {1: 1, 3: 1}, 2: {1: 1, 5: 3}}
PRIME-TO-p HIT p=2 shape=(1, 1, 8, 0, 0, 0, 4) C=1 D=1 maxfibre=3 hists={1: {2: 1, 1: 2}, 2: {2: 3, 1: 4, 3: 2}}
PRIME-TO-p HIT p=2 shape=(1, 1, 8, 0, 0, 1, 3) C=1 D=1 maxfibre=3 hists={1: {1: 2, 2: 1}, 2: {3: 1, 1: 7, 2: 3}}
PRIME-TO-p HIT p=2 shape=(1, 1, 8, 0, 0, 2, 2) C=1 D=1 maxfibre=3 hists={1: {1: 2, 2: 1}, 2: {3: 1, 1: 7, 2: 3}}
PRIME-TO-p HIT p=2 shape=(1, 1, 8, 0, 0, 3, 1) C=1 D=1 maxfibre=3 hists={1: {1: 2, 2: 1}, 2: {3: 2, 1: 4, 2: 3}}
PRIME-TO-p HIT p=2 shape=(1, 1, 8, 0, 0, 3, 3) C=1 D=1 maxfibre=3 hists={1: {1: 2, 2: 1}, 2: {1: 7, 2: 3, 3: 1}}
PRIME-TO-p HIT p=2 shape=(1, 1, 8, 0, 0, 4, 0) C=1 D=1 maxfibre=3 hists={1: {1: 2, 2: 1}, 2: {3: 1, 1: 7, 2: 3}}
PRIME-TO-p HIT p=2 shape=(1, 1, 8, 0, 0, 6, 4) C=1 D=1 maxfibre=3 hists={1: {1: 2, 2: 1}, 2: {3: 2, 1: 4, 2: 3}}
PRIME-TO-p HIT p=2 shape=(1, 1, 8, 0, 0, 7, 3) C=1 D=1 maxfibre=3 hists={1: {1: 2, 2: 1}, 2: {3: 1, 1: 7, 2: 3}}
PRIME-TO-p HIT p=2 shape=(1, 1, 8, 0, 0, 8, 2) C=1 D=1 maxfibre=3 hists={1: {1: 2, 2: 1}, 2: {3: 1, 1: 7, 2: 3}}
PRIME-TO-p HIT p=2 shape=(1, 1, 8, 0, 0, 9, 1) C=1 D=1 maxfibre=3 hists={1: {1: 2, 2: 1}, 2: {3: 2, 1: 4, 2: 3}}
PRIME-TO-p HIT p=2 shape=(1, 1, 8, 0, 0, 9, 3) C=1 D=1 maxfibre=3 hists={1: {1: 2, 2: 1}, 2: {1: 7, 2: 3, 3: 1}}
PRIME-TO-p HIT p=2 shape=(1, 1, 8, 2, 0, 1, 3) C=1 D=1 maxfibre=3 hists={1: {1: 1, 3: 1}, 2: {1: 1, 3: 3, 2: 3}}
PRIME-TO-p HIT p=2 shape=(1, 1, 8, 2, 0, 2, 4) C=1 D=1 maxfibre=3 hists={1: {1: 1, 3: 1}, 2: {1: 1, 3: 3, 2: 3}}
PRIME-TO-p HIT p=2 shape=(1, 1, 8, 2, 0, 3, 3) C=1 D=1 maxfibre=3 hists={1: {1: 1, 3: 1}, 2: {3: 2, 2: 5}}
PRIME-TO-p HIT p=2 shape=(1, 1, 8, 2, 0, 4, 2) C=1 D=1 maxfibre=3 hists={1: {1: 1, 3: 1}, 2: {1: 1, 3: 3, 2: 3}}
PRIME-TO-p HIT p=2 shape=(1, 1, 8, 2, 0, 5, 1) C=1 D=1 maxfibre=3 hists={1: {1: 1, 3: 1}, 2: {1: 1, 3: 3, 2: 3}}
PRIME-TO-p HIT p=2 shape=(1, 1, 8, 2, 0, 5, 3) C=1 D=1 maxfibre=3 hists={1: {1: 1, 3: 1}, 2: {1: 1, 3: 3, 2: 3}}
PRIME-TO-p HIT p=2 shape=(1, 1, 8, 2, 0, 7, 3) C=1 D=1 maxfibre=3 hists={1: {1: 1, 3: 1}, 2: {1: 1, 3: 3, 2: 3}}
PRIME-TO-p HIT p=2 shape=(1, 1, 8, 2, 0, 8, 4) C=1 D=1 maxfibre=3 hists={1: {1: 1, 3: 1}, 2: {1: 1, 3: 3, 2: 3}}
PRIME-TO-p HIT p=2 shape=(1, 1, 8, 2, 0, 9, 3) C=1 D=1 maxfibre=3 hists={1: {1: 1, 3: 1}, 2: {3: 2, 2: 5}}
PRIME-TO-p HIT p=2 shape=(1, 1, 8, 4, 0, 0, 0) C=1 D=0 maxfibre=3 hists={1: {2: 2}, 2: {2: 3, 3: 2, 1: 4}}
PRIME-TO-p HIT p=2 shape=(1, 1, 8, 4, 0, 0, 0) C=1 D=1 maxfibre=3 hists={1: {2: 2}, 2: {2: 3, 3: 2, 1: 4}}
PRIME-TO-p HIT p=2 shape=(1, 1, 8, 4, 0, 0, 2) C=1 D=1 maxfibre=3 hists={1: {3: 1, 1: 1}, 2: {3: 2, 2: 3, 1: 4}}
PRIME-TO-p HIT p=2 shape=(1, 1, 8, 4, 0, 0, 4) C=1 D=1 maxfibre=5 hists={1: {3: 1, 1: 1}, 2: {5: 1, 2: 3, 1: 5}}
PRIME-TO-p HIT p=2 shape=(1, 1, 8, 4, 0, 1, 1) C=1 D=1 maxfibre=5 hists={1: {1: 1, 3: 1}, 2: {1: 7, 2: 2, 5: 1}}
PRIME-TO-p HIT p=2 shape=(1, 1, 8, 4, 0, 1, 3) C=1 D=1 maxfibre=3 hists={1: {1: 1, 3: 1}, 2: {1: 7, 3: 3}}
PRIME-TO-p HIT p=2 shape=(1, 1, 8, 4, 0, 2, 2) C=1 D=1 maxfibre=3 hists={1: {1: 1, 3: 1}, 2: {3: 2, 2: 4, 1: 2}}
PRIME-TO-p HIT p=2 shape=(1, 1, 8, 4, 0, 2, 4) C=1 D=1 maxfibre=5 hists={1: {1: 1, 3: 1}, 2: {1: 7, 2: 2, 5: 1}}
PRIME-TO-p HIT p=2 shape=(1, 1, 8, 4, 0, 3, 1) C=1 D=1 maxfibre=5 hists={1: {1: 1, 3: 1}, 2: {1: 5, 2: 3, 5: 1}}
PRIME-TO-p HIT p=2 shape=(1, 1, 8, 4, 0, 3, 3) C=1 D=1 maxfibre=3 hists={1: {1: 1, 3: 1}, 2: {1: 5, 3: 3, 2: 1}}
PRIME-TO-p HIT p=2 shape=(1, 1, 8, 4, 0, 4, 2) C=1 D=1 maxfibre=3 hists={1: {1: 1, 3: 1}, 2: {3: 2, 2: 4, 1: 2}}
PRIME-TO-p HIT p=2 shape=(1, 1, 8, 4, 0, 4, 4) C=1 D=1 maxfibre=5 hists={1: {1: 1, 3: 1}, 2: {1: 7, 2: 2, 5: 1}}
PRIME-TO-p HIT p=2 shape=(1, 1, 8, 4, 0, 5, 1) C=1 D=1 maxfibre=5 hists={1: {1: 1, 3: 1}, 2: {1: 7, 2: 2, 5: 1}}
PRIME-TO-p HIT p=2 shape=(1, 1, 8, 4, 0, 5, 3) C=1 D=1 maxfibre=3 hists={1: {1: 1, 3: 1}, 2: {1: 7, 3: 3}}
PRIME-TO-p HIT p=2 shape=(1, 1, 8, 4, 0, 6, 0) C=1 D=1 maxfibre=3 hists={1: {2: 2}, 2: {2: 3, 3: 2, 1: 4}}
PRIME-TO-p HIT p=2 shape=(1, 1, 8, 4, 0, 6, 2) C=1 D=1 maxfibre=3 hists={1: {1: 1, 3: 1}, 2: {3: 2, 2: 3, 1: 4}}
PRIME-TO-p HIT p=2 shape=(1, 1, 8, 4, 0, 6, 4) C=1 D=1 maxfibre=5 hists={1: {1: 1, 3: 1}, 2: {1: 5, 2: 3, 5: 1}}
PRIME-TO-p HIT p=2 shape=(1, 1, 8, 4, 0, 7, 1) C=1 D=1 maxfibre=5 hists={1: {1: 1, 3: 1}, 2: {1: 7, 2: 2, 5: 1}}
PRIME-TO-p HIT p=2 shape=(1, 1, 8, 4, 0, 7, 3) C=1 D=1 maxfibre=3 hists={1: {1: 1, 3: 1}, 2: {1: 7, 3: 3}}
PRIME-TO-p HIT p=2 shape=(1, 1, 8, 4, 0, 8, 2) C=1 D=1 maxfibre=3 hists={1: {1: 1, 3: 1}, 2: {3: 2, 2: 4, 1: 2}}
PRIME-TO-p HIT p=2 shape=(1, 1, 8, 4, 0, 8, 4) C=1 D=1 maxfibre=5 hists={1: {1: 1, 3: 1}, 2: {1: 7, 2: 2, 5: 1}}
PRIME-TO-p HIT p=2 shape=(1, 1, 8, 4, 0, 9, 1) C=1 D=1 maxfibre=5 hists={1: {1: 1, 3: 1}, 2: {1: 5, 2: 3, 5: 1}}
PRIME-TO-p HIT p=2 shape=(1, 1, 8, 4, 0, 9, 3) C=1 D=1 maxfibre=3 hists={1: {1: 1, 3: 1}, 2: {1: 5, 3: 3, 2: 1}}
p=2: tried 242400, Keller 1162, prime-to-p hits 510
PRIME-TO-p HIT p=3 shape=(0, 3, 1, 0, 0, 1, 3) C=1 D=2 maxfibre=2 hists={1: {1: 5, 2: 2}, 2: {1: 15, 2: 33}}
PRIME-TO-p HIT p=3 shape=(0, 3, 1, 0, 0, 2, 3) C=1 D=1 maxfibre=4 hists={1: {1: 3, 2: 3}, 2: {1: 23, 2: 27, 4: 1}}
PRIME-TO-p HIT p=3 shape=(0, 3, 1, 0, 0, 2, 3) C=1 D=2 maxfibre=4 hists={1: {2: 3, 1: 3}, 2: {2: 24, 1: 21, 4: 3}}
PRIME-TO-p HIT p=3 shape=(0, 3, 1, 0, 0, 3, 0) C=1 D=1 maxfibre=4 hists={1: {2: 3, 1: 3}, 2: {2: 24, 1: 25, 4: 2}}
PRIME-TO-p HIT p=3 shape=(0, 3, 1, 0, 0, 3, 0) C=1 D=2 maxfibre=4 hists={1: {2: 3, 1: 3}, 2: {2: 24, 1: 25, 4: 2}}
PRIME-TO-p HIT p=3 shape=(0, 3, 1, 0, 0, 3, 3) C=1 D=1 maxfibre=4 hists={1: {2: 3, 1: 3}, 2: {2: 12, 3: 5, 1: 38, 4: 1}}
PRIME-TO-p HIT p=3 shape=(0, 3, 1, 0, 0, 4, 3) C=1 D=1 maxfibre=4 hists={1: {1: 3, 2: 3}, 2: {1: 32, 2: 19, 4: 2, 3: 1}}
PRIME-TO-p HIT p=3 shape=(0, 3, 1, 0, 0, 4, 3) C=1 D=2 maxfibre=4 hists={1: {2: 3, 1: 3}, 2: {4: 3, 2: 13, 1: 40, 3: 1}}
PRIME-TO-p HIT p=3 shape=(0, 3, 1, 0, 0, 5, 3) C=1 D=2 maxfibre=4 hists={1: {1: 5, 2: 2}, 2: {1: 46, 2: 8, 4: 1, 3: 5}}
PRIME-TO-p HIT p=3 shape=(0, 3, 1, 0, 0, 6, 0) C=1 D=1 maxfibre=5 hists={1: {3: 1, 1: 6}, 2: {5: 1, 3: 6, 1: 42, 2: 8}}
PRIME-TO-p HIT p=3 shape=(0, 3, 1, 0, 0, 6, 0) C=1 D=2 maxfibre=5 hists={1: {1: 6, 3: 1}, 2: {5: 1, 1: 42, 3: 6, 2: 8}}
PRIME-TO-p HIT p=3 shape=(0, 3, 1, 0, 0, 6, 3) C=1 D=1 maxfibre=4 hists={1: {1: 3, 2: 3}, 2: {1: 28, 2: 15, 4: 2, 3: 5}}
PRIME-TO-p HIT p=3 shape=(0, 3, 1, 0, 0, 7, 0) C=1 D=1 maxfibre=4 hists={1: {2: 3, 1: 3}, 2: {2: 9, 1: 38, 4: 1, 3: 7}}
PRIME-TO-p HIT p=3 shape=(0, 3, 1, 0, 0, 7, 0) C=1 D=2 maxfibre=4 hists={1: {2: 3, 1: 3}, 2: {2: 9, 1: 38, 4: 1, 3: 7}}
PRIME-TO-p HIT p=3 shape=(0, 3, 1, 0, 0, 7, 3) C=1 D=1 maxfibre=4 hists={1: {2: 3, 1: 3}, 2: {4: 1, 2: 17, 1: 28, 3: 5}}
PRIME-TO-p HIT p=3 shape=(0, 3, 1, 0, 0, 7, 3) C=1 D=2 maxfibre=4 hists={1: {1: 5, 2: 2}, 2: {1: 43, 2: 5, 4: 1, 3: 8}}
PRIME-TO-p HIT p=3 shape=(0, 3, 1, 0, 0, 9, 3) C=1 D=2 maxfibre=2 hists={1: {1: 5, 2: 2}, 2: {1: 15, 2: 33}}
PRIME-TO-p HIT p=3 shape=(1, 0, 3, 0, 0, 0, 3) C=1 D=1 maxfibre=7 hists={1: {1: 6, 3: 1}, 2: {7: 1, 1: 4, 4: 4, 5: 6, 2: 12}}
PRIME-TO-p HIT p=3 shape=(1, 0, 3, 0, 0, 0, 3) C=1 D=2 maxfibre=7 hists={1: {1: 6, 3: 1}, 2: {7: 1, 1: 4, 4: 4, 5: 6, 2: 12}}
PRIME-TO-p HIT p=3 shape=(1, 0, 3, 0, 0, 1, 3) C=1 D=2 maxfibre=7 hists={1: {1: 3, 3: 2}, 2: {7: 3, 1: 6, 3: 10, 6: 4}}
PRIME-TO-p HIT p=3 shape=(1, 0, 3, 0, 0, 2, 3) C=1 D=1 maxfibre=7 hists={1: {1: 6, 3: 1}, 2: {1: 4, 4: 4, 7: 1, 5: 6, 2: 12}}
PRIME-TO-p HIT p=3 shape=(1, 0, 3, 0, 0, 2, 3) C=1 D=2 maxfibre=7 hists={1: {1: 6, 3: 1}, 2: {1: 4, 4: 4, 7: 1, 5: 6, 2: 12}}
PRIME-TO-p HIT p=3 shape=(1, 0, 3, 0, 0, 4, 3) C=1 D=1 maxfibre=7 hists={1: {1: 6, 3: 1}, 2: {1: 4, 4: 4, 7: 1, 5: 6, 2: 12}}
PRIME-TO-p HIT p=3 shape=(1, 0, 3, 0, 0, 4, 3) C=1 D=2 maxfibre=7 hists={1: {1: 6, 3: 1}, 2: {1: 4, 4: 4, 7: 1, 5: 6, 2: 12}}
PRIME-TO-p HIT p=3 shape=(1, 0, 3, 0, 0, 5, 3) C=1 D=1 maxfibre=4 hists={1: {1: 9}, 2: {1: 3, 4: 6, 3: 18}}
PRIME-TO-p HIT p=3 shape=(1, 0, 3, 0, 0, 5, 3) C=1 D=2 maxfibre=7 hists={1: {1: 3, 3: 2}, 2: {7: 3, 1: 6, 3: 6, 6: 6}}
PRIME-TO-p HIT p=3 shape=(1, 0, 3, 0, 0, 6, 3) C=1 D=1 maxfibre=7 hists={1: {1: 6, 3: 1}, 2: {1: 4, 4: 4, 7: 1, 5: 6, 2: 12}}
PRIME-TO-p HIT p=3 shape=(1, 0, 3, 0, 0, 6, 3) C=1 D=2 maxfibre=7 hists={1: {1: 6, 3: 1}, 2: {1: 4, 4: 4, 7: 1, 5: 6, 2: 12}}
PRIME-TO-p HIT p=3 shape=(1, 0, 3, 0, 0, 8, 3) C=1 D=1 maxfibre=7 hists={1: {1: 6, 3: 1}, 2: {1: 4, 4: 4, 7: 1, 5: 6, 2: 12}}
PRIME-TO-p HIT p=3 shape=(1, 0, 3, 0, 0, 8, 3) C=1 D=2 maxfibre=7 hists={1: {1: 6, 3: 1}, 2: {1: 4, 4: 4, 7: 1, 5: 6, 2: 12}}
PRIME-TO-p HIT p=3 shape=(1, 0, 3, 0, 0, 9, 3) C=1 D=2 maxfibre=7 hists={1: {1: 3, 3: 2}, 2: {7: 3, 1: 6, 3: 10, 6: 4}}
PRIME-TO-p HIT p=3 shape=(1, 0, 3, 0, 0, 0, 3) C=2 D=1 maxfibre=7 hists={1: {5: 1, 2: 2}, 2: {7: 1, 4: 4, 1: 4, 5: 6, 2: 12}}
PRIME-TO-p HIT p=3 shape=(1, 0, 3, 0, 0, 0, 3) C=2 D=2 maxfibre=7 hists={1: {5: 1, 2: 2}, 2: {7: 1, 4: 4, 1: 4, 5: 6, 2: 12}}
PRIME-TO-p HIT p=3 shape=(1, 0, 3, 0, 0, 1, 3) C=2 D=1 maxfibre=7 hists={1: {3: 3}, 2: {7: 3, 1: 6, 3: 10, 6: 4}}
PRIME-TO-p HIT p=3 shape=(1, 0, 3, 0, 0, 2, 3) C=2 D=1 maxfibre=7 hists={1: {2: 2, 5: 1}, 2: {4: 4, 1: 4, 7: 1, 5: 6, 2: 12}}
PRIME-TO-p HIT p=3 shape=(1, 0, 3, 0, 0, 2, 3) C=2 D=2 maxfibre=7 hists={1: {2: 2, 5: 1}, 2: {4: 4, 1: 4, 7: 1, 5: 6, 2: 12}}
PRIME-TO-p HIT p=3 shape=(1, 0, 3, 0, 0, 4, 3) C=2 D=1 maxfibre=7 hists={1: {2: 2, 5: 1}, 2: {4: 4, 1: 4, 7: 1, 5: 6, 2: 12}}
PRIME-TO-p HIT p=3 shape=(1, 0, 3, 0, 0, 4, 3) C=2 D=2 maxfibre=7 hists={1: {2: 2, 5: 1}, 2: {4: 4, 1: 4, 7: 1, 5: 6, 2: 12}}
PRIME-TO-p HIT p=3 shape=(1, 0, 3, 0, 0, 5, 3) C=2 D=1 maxfibre=7 hists={1: {3: 3}, 2: {7: 3, 1: 6, 3: 6, 6: 6}}
PRIME-TO-p HIT p=3 shape=(1, 0, 3, 0, 0, 5, 3) C=2 D=2 maxfibre=4 hists={1: {1: 1, 4: 2}, 2: {1: 3, 4: 6, 3: 18}}
PRIME-TO-p HIT p=3 shape=(1, 0, 3, 0, 0, 6, 3) C=2 D=1 maxfibre=7 hists={1: {2: 2, 5: 1}, 2: {4: 4, 1: 4, 7: 1, 5: 6, 2: 12}}
PRIME-TO-p HIT p=3 shape=(1, 0, 3, 0, 0, 6, 3) C=2 D=2 maxfibre=7 hists={1: {2: 2, 5: 1}, 2: {4: 4, 1: 4, 7: 1, 5: 6, 2: 12}}
PRIME-TO-p HIT p=3 shape=(1, 0, 3, 0, 0, 8, 3) C=2 D=1 maxfibre=7 hists={1: {2: 2, 5: 1}, 2: {4: 4, 1: 4, 7: 1, 5: 6, 2: 12}}
PRIME-TO-p HIT p=3 shape=(1, 0, 3, 0, 0, 8, 3) C=2 D=2 maxfibre=7 hists={1: {2: 2, 5: 1}, 2: {4: 4, 1: 4, 7: 1, 5: 6, 2: 12}}
PRIME-TO-p HIT p=3 shape=(1, 0, 3, 0, 0, 9, 3) C=2 D=1 maxfibre=7 hists={1: {3: 3}, 2: {7: 3, 1: 6, 3: 10, 6: 4}}
PRIME-TO-p HIT p=3 shape=(1, 0, 3, 3, 0, 0, 3) C=1 D=1 maxfibre=4 hists={1: {2: 3, 1: 3}, 2: {4: 3, 1: 33, 2: 12, 3: 4}}
PRIME-TO-p HIT p=3 shape=(1, 0, 3, 3, 0, 0, 3) C=1 D=2 maxfibre=4 hists={1: {2: 3, 1: 3}, 2: {4: 3, 1: 33, 2: 12, 3: 4}}
PRIME-TO-p HIT p=3 shape=(1, 0, 3, 3, 0, 1, 0) C=1 D=1 maxfibre=2 hists={1: {1: 5, 2: 2}, 2: {1: 17, 2: 32}}
PRIME-TO-p HIT p=3 shape=(1, 0, 3, 3, 0, 2, 0) C=1 D=1 maxfibre=4 hists={1: {2: 2, 1: 5}, 2: {4: 3, 2: 14, 1: 32, 3: 3}}
PRIME-TO-p HIT p=3 shape=(1, 0, 3, 3, 0, 2, 0) C=1 D=2 maxfibre=4 hists={1: {2: 2, 1: 5}, 2: {4: 3, 2: 14, 1: 32, 3: 3}}
PRIME-TO-p HIT p=3 shape=(1, 0, 3, 3, 0, 3, 0) C=1 D=1 maxfibre=4 hists={1: {1: 5, 2: 2}, 2: {1: 39, 2: 14, 4: 2, 3: 2}}
PRIME-TO-p HIT p=3 shape=(1, 0, 3, 3, 0, 3, 0) C=1 D=2 maxfibre=5 hists={1: {3: 1, 1: 2, 2: 2}, 2: {3: 1, 2: 18, 1: 32, 5: 2}}
PRIME-TO-p HIT p=3 shape=(1, 0, 3, 3, 0, 3, 3) C=1 D=2 maxfibre=2 hists={1: {1: 5, 2: 2}, 2: {1: 17, 2: 32}}
PRIME-TO-p HIT p=3 shape=(1, 0, 3, 3, 0, 4, 0) C=1 D=1 maxfibre=5 hists={1: {2: 2, 1: 5}, 2: {2: 13, 1: 32, 3: 6, 5: 1}}
PRIME-TO-p HIT p=3 shape=(1, 0, 3, 3, 0, 4, 0) C=1 D=2 maxfibre=5 hists={1: {2: 2, 1: 5}, 2: {2: 13, 1: 32, 3: 6, 5: 1}}
PRIME-TO-p HIT p=3 shape=(1, 0, 3, 3, 0, 4, 3) C=1 D=1 maxfibre=4 hists={1: {2: 3, 1: 3}, 2: {4: 3, 2: 15, 1: 36, 3: 1}}
PRIME-TO-p HIT p=3 shape=(1, 0, 3, 3, 0, 4, 3) C=1 D=2 maxfibre=4 hists={1: {2: 3, 1: 3}, 2: {4: 3, 2: 15, 1: 36, 3: 1}}
PRIME-TO-p HIT p=3 shape=(1, 0, 3, 3, 0, 5, 0) C=1 D=1 maxfibre=4 hists={1: {1: 5, 2: 2}, 2: {1: 39, 2: 14, 4: 2, 3: 2}}
PRIME-TO-p HIT p=3 shape=(1, 0, 3, 3, 0, 5, 0) C=1 D=2 maxfibre=4 hists={1: {3: 1, 1: 2, 2: 2}, 2: {3: 3, 2: 20, 1: 24, 4: 2}}
PRIME-TO-p HIT p=3 shape=(1, 0, 3, 3, 0, 5, 3) C=1 D=2 maxfibre=4 hists={1: {1: 5, 2: 2}, 2: {1: 45, 2: 14, 4: 2}}
PRIME-TO-p HIT p=3 shape=(1, 0, 3, 3, 0, 6, 0) C=1 D=1 maxfibre=4 hists={1: {2: 2, 1: 5}, 2: {4: 2, 2: 11, 1: 33, 3: 6}}
PRIME-TO-p HIT p=3 shape=(1, 0, 3, 3, 0, 6, 0) C=1 D=2 maxfibre=4 hists={1: {2: 2, 1: 5}, 2: {4: 2, 2: 11, 1: 33, 3: 6}}
PRIME-TO-p HIT p=3 shape=(1, 0, 3, 3, 0, 7, 3) C=1 D=1 maxfibre=5 hists={1: {3: 1, 1: 2, 2: 2}, 2: {3: 1, 2: 18, 1: 32, 5: 2}}
PRIME-TO-p HIT p=3 shape=(1, 0, 3, 3, 0, 7, 3) C=1 D=2 maxfibre=4 hists={1: {1: 5, 2: 2}, 2: {1: 39, 2: 14, 4: 2, 3: 2}}
PRIME-TO-p HIT p=3 shape=(1, 0, 3, 3, 0, 8, 3) C=1 D=1 maxfibre=4 hists={1: {2: 3, 1: 3}, 2: {4: 3, 2: 12, 1: 33, 3: 4}}
PRIME-TO-p HIT p=3 shape=(1, 0, 3, 3, 0, 8, 3) C=1 D=2 maxfibre=4 hists={1: {2: 3, 1: 3}, 2: {4: 3, 2: 12, 1: 33, 3: 4}}
PRIME-TO-p HIT p=3 shape=(1, 0, 3, 3, 0, 9, 0) C=1 D=1 maxfibre=2 hists={1: {1: 5, 2: 2}, 2: {1: 17, 2: 32}}
PRIME-TO-p HIT p=3 shape=(1, 0, 3, 3, 0, 0, 3) C=2 D=1 maxfibre=4 hists={1: {3: 1, 1: 6}, 2: {3: 6, 2: 9, 1: 29, 4: 4}}
PRIME-TO-p HIT p=3 shape=(1, 0, 3, 3, 0, 0, 3) C=2 D=2 maxfibre=4 hists={1: {3: 1, 1: 6}, 2: {3: 6, 2: 9, 1: 29, 4: 4}}
PRIME-TO-p HIT p=3 shape=(1, 0, 3, 3, 0, 1, 0) C=2 D=2 maxfibre=2 hists={1: {1: 5, 2: 2}, 2: {1: 17, 2: 32}}
PRIME-TO-p HIT p=3 shape=(1, 0, 3, 3, 0, 2, 0) C=2 D=1 maxfibre=4 hists={1: {1: 2, 3: 1, 2: 2}, 2: {1: 32, 3: 3, 2: 14, 4: 3}}
PRIME-TO-p HIT p=3 shape=(1, 0, 3, 3, 0, 2, 0) C=2 D=2 maxfibre=4 hists={1: {1: 2, 3: 1, 2: 2}, 2: {1: 32, 3: 3, 2: 14, 4: 3}}
PRIME-TO-p HIT p=3 shape=(1, 0, 3, 3, 0, 3, 0) C=2 D=1 maxfibre=4 hists={1: {1: 5, 2: 2}, 2: {1: 39, 4: 2, 2: 14, 3: 2}}
PRIME-TO-p HIT p=3 shape=(1, 0, 3, 3, 0, 3, 0) C=2 D=2 maxfibre=5 hists={1: {1: 5, 2: 2}, 2: {3: 1, 1: 32, 2: 18, 5: 2}}
PRIME-TO-p HIT p=3 shape=(1, 0, 3, 3, 0, 3, 3) C=2 D=2 maxfibre=2 hists={1: {1: 5, 2: 2}, 2: {1: 17, 2: 32}}
PRIME-TO-p HIT p=3 shape=(1, 0, 3, 3, 0, 4, 0) C=2 D=1 maxfibre=5 hists={1: {1: 2, 3: 1, 2: 2}, 2: {3: 5, 1: 29, 5: 1, 2: 16}}
PRIME-TO-p HIT p=3 shape=(1, 0, 3, 3, 0, 4, 0) C=2 D=2 maxfibre=5 hists={1: {1: 2, 3: 1, 2: 2}, 2: {3: 5, 1: 29, 5: 1, 2: 16}}
PRIME-TO-p HIT p=3 shape=(1, 0, 3, 3, 0, 4, 3) C=2 D=1 maxfibre=4 hists={1: {1: 6, 3: 1}, 2: {1: 34, 3: 5, 2: 12, 4: 2}}
PRIME-TO-p HIT p=3 shape=(1, 0, 3, 3, 0, 4, 3) C=2 D=2 maxfibre=4 hists={1: {1: 6, 3: 1}, 2: {1: 34, 3: 5, 2: 12, 4: 2}}
PRIME-TO-p HIT p=3 shape=(1, 0, 3, 3, 0, 5, 0) C=2 D=1 maxfibre=4 hists={1: {1: 5, 2: 2}, 2: {3: 3, 1: 24, 2: 20, 4: 2}}
PRIME-TO-p HIT p=3 shape=(1, 0, 3, 3, 0, 5, 0) C=2 D=2 maxfibre=4 hists={1: {1: 5, 2: 2}, 2: {1: 39, 4: 2, 2: 14, 3: 2}}
PRIME-TO-p HIT p=3 shape=(1, 0, 3, 3, 0, 5, 3) C=2 D=1 maxfibre=4 hists={1: {1: 5, 2: 2}, 2: {1: 45, 4: 2, 2: 14}}
PRIME-TO-p HIT p=3 shape=(1, 0, 3, 3, 0, 6, 3) C=2 D=1 maxfibre=5 hists={1: {1: 6, 3: 1}, 2: {3: 4, 1: 40, 5: 1, 2: 8, 4: 2}}
PRIME-TO-p HIT p=3 shape=(1, 0, 3, 3, 0, 6, 3) C=2 D=2 maxfibre=5 hists={1: {1: 6, 3: 1}, 2: {3: 4, 1: 40, 5: 1, 2: 8, 4: 2}}
PRIME-TO-p HIT p=3 shape=(1, 0, 3, 3, 0, 7, 3) C=2 D=1 maxfibre=5 hists={1: {1: 5, 2: 2}, 2: {3: 1, 1: 32, 2: 18, 5: 2}}
PRIME-TO-p HIT p=3 shape=(1, 0, 3, 3, 0, 7, 3) C=2 D=2 maxfibre=4 hists={1: {1: 5, 2: 2}, 2: {1: 39, 4: 2, 2: 14, 3: 2}}
PRIME-TO-p HIT p=3 shape=(1, 0, 3, 3, 0, 8, 3) C=2 D=1 maxfibre=4 hists={1: {1: 6, 3: 1}, 2: {1: 29, 3: 6, 2: 9, 4: 4}}
PRIME-TO-p HIT p=3 shape=(1, 0, 3, 3, 0, 8, 3) C=2 D=2 maxfibre=4 hists={1: {1: 6, 3: 1}, 2: {1: 29, 3: 6, 2: 9, 4: 4}}
PRIME-TO-p HIT p=3 shape=(1, 0, 3, 3, 0, 9, 0) C=2 D=2 maxfibre=2 hists={1: {1: 5, 2: 2}, 2: {1: 17, 2: 32}}
PRIME-TO-p HIT p=3 shape=(1, 0, 6, 0, 0, 0, 3) C=1 D=1 maxfibre=5 hists={1: {4: 1, 1: 5}, 2: {4: 3, 1: 24, 3: 6, 5: 3, 2: 6}}
PRIME-TO-p HIT p=3 shape=(1, 0, 6, 0, 0, 0, 3) C=1 D=2 maxfibre=5 hists={1: {2: 3, 3: 1}, 2: {4: 3, 1: 24, 3: 6, 5: 3, 2: 6}}
PRIME-TO-p HIT p=3 shape=(1, 0, 6, 0, 0, 2, 3) C=1 D=1 maxfibre=5 hists={1: {1: 5, 4: 1}, 2: {1: 24, 4: 3, 3: 6, 5: 3, 2: 6}}
PRIME-TO-p HIT p=3 shape=(1, 0, 6, 0, 0, 2, 3) C=1 D=2 maxfibre=5 hists={1: {2: 3, 3: 1}, 2: {4: 3, 1: 24, 3: 6, 5: 3, 2: 6}}
PRIME-TO-p HIT p=3 shape=(1, 0, 6, 0, 0, 4, 3) C=1 D=1 maxfibre=5 hists={1: {1: 5, 4: 1}, 2: {1: 24, 4: 3, 3: 6, 5: 3, 2: 6}}
PRIME-TO-p HIT p=3 shape=(1, 0, 6, 0, 0, 4, 3) C=1 D=2 maxfibre=5 hists={1: {2: 3, 3: 1}, 2: {4: 3, 1: 24, 3: 6, 5: 3, 2: 6}}
PRIME-TO-p HIT p=3 shape=(1, 0, 6, 0, 0, 5, 3) C=1 D=1 maxfibre=4 hists={1: {2: 3, 1: 3}, 2: {4: 3, 1: 6, 3: 21}}
PRIME-TO-p HIT p=3 shape=(1, 0, 6, 0, 0, 6, 3) C=1 D=1 maxfibre=5 hists={1: {1: 5, 4: 1}, 2: {1: 24, 4: 3, 3: 6, 5: 3, 2: 6}}
PRIME-TO-p HIT p=3 shape=(1, 0, 6, 0, 0, 6, 3) C=1 D=2 maxfibre=5 hists={1: {2: 3, 3: 1}, 2: {4: 3, 1: 24, 3: 6, 5: 3, 2: 6}}
PRIME-TO-p HIT p=3 shape=(1, 0, 6, 0, 0, 8, 3) C=1 D=1 maxfibre=5 hists={1: {1: 5, 4: 1}, 2: {1: 24, 4: 3, 3: 6, 5: 3, 2: 6}}
PRIME-TO-p HIT p=3 shape=(1, 0, 6, 0, 0, 8, 3) C=1 D=2 maxfibre=5 hists={1: {2: 3, 3: 1}, 2: {4: 3, 1: 24, 3: 6, 5: 3, 2: 6}}
PRIME-TO-p HIT p=3 shape=(1, 0, 6, 0, 0, 0, 3) C=2 D=1 maxfibre=5 hists={1: {2: 3, 3: 1}, 2: {4: 3, 1: 24, 3: 6, 5: 3, 2: 6}}
PRIME-TO-p HIT p=3 shape=(1, 0, 6, 0, 0, 0, 3) C=2 D=2 maxfibre=5 hists={1: {4: 1, 1: 5}, 2: {4: 3, 1: 24, 3: 6, 5: 3, 2: 6}}
PRIME-TO-p HIT p=3 shape=(1, 0, 6, 0, 0, 2, 3) C=2 D=1 maxfibre=5 hists={1: {2: 3, 3: 1}, 2: {4: 3, 1: 24, 3: 6, 2: 6, 5: 3}}
PRIME-TO-p HIT p=3 shape=(1, 0, 6, 0, 0, 2, 3) C=2 D=2 maxfibre=5 hists={1: {1: 5, 4: 1}, 2: {1: 24, 4: 3, 3: 6, 2: 6, 5: 3}}
PRIME-TO-p HIT p=3 shape=(1, 0, 6, 0, 0, 4, 3) C=2 D=1 maxfibre=5 hists={1: {2: 3, 3: 1}, 2: {4: 3, 1: 24, 3: 6, 2: 6, 5: 3}}
PRIME-TO-p HIT p=3 shape=(1, 0, 6, 0, 0, 4, 3) C=2 D=2 maxfibre=5 hists={1: {1: 5, 4: 1}, 2: {1: 24, 4: 3, 3: 6, 5: 3, 2: 6}}
PRIME-TO-p HIT p=3 shape=(1, 0, 6, 0, 0, 5, 3) C=2 D=1 maxfibre=4 hists={1: {2: 3, 1: 3}, 2: {4: 3, 1: 6, 3: 21}}
PRIME-TO-p HIT p=3 shape=(1, 0, 6, 0, 0, 6, 3) C=2 D=1 maxfibre=5 hists={1: {2: 3, 3: 1}, 2: {4: 3, 1: 24, 3: 6, 2: 6, 5: 3}}
PRIME-TO-p HIT p=3 shape=(1, 0, 6, 0, 0, 6, 3) C=2 D=2 maxfibre=5 hists={1: {1: 5, 4: 1}, 2: {1: 24, 4: 3, 3: 6, 2: 6, 5: 3}}
PRIME-TO-p HIT p=3 shape=(1, 0, 6, 0, 0, 8, 3) C=2 D=1 maxfibre=5 hists={1: {2: 3, 3: 1}, 2: {4: 3, 1: 24, 3: 6, 5: 3, 2: 6}}
PRIME-TO-p HIT p=3 shape=(1, 0, 6, 0, 0, 8, 3) C=2 D=2 maxfibre=5 hists={1: {1: 5, 4: 1}, 2: {1: 24, 4: 3, 3: 6, 5: 3, 2: 6}}
PRIME-TO-p HIT p=3 shape=(1, 0, 6, 3, 0, 0, 3) C=1 D=1 maxfibre=5 hists={1: {2: 3, 1: 3}, 2: {2: 17, 1: 29, 5: 1, 3: 3, 4: 1}}
PRIME-TO-p HIT p=3 shape=(1, 0, 6, 3, 0, 0, 3) C=1 D=2 maxfibre=5 hists={1: {3: 1, 1: 6}, 2: {5: 1, 1: 33, 2: 20, 3: 1}}
PRIME-TO-p HIT p=3 shape=(1, 0, 6, 3, 0, 2, 0) C=1 D=1 maxfibre=4 hists={1: {1: 3, 2: 3}, 2: {1: 32, 2: 15, 4: 1, 3: 5}}
PRIME-TO-p HIT p=3 shape=(1, 0, 6, 3, 0, 2, 0) C=1 D=2 maxfibre=4 hists={1: {2: 3, 1: 3}, 2: {4: 1, 2: 15, 1: 32, 3: 5}}
PRIME-TO-p HIT p=3 shape=(1, 0, 6, 3, 0, 2, 3) C=1 D=1 maxfibre=4 hists={1: {2: 3, 1: 3}, 2: {4: 4, 1: 30, 3: 3, 2: 13}}
PRIME-TO-p HIT p=3 shape=(1, 0, 6, 3, 0, 2, 3) C=1 D=2 maxfibre=4 hists={1: {1: 6, 3: 1}, 2: {1: 31, 3: 2, 4: 3, 2: 16}}
PRIME-TO-p HIT p=3 shape=(1, 0, 6, 3, 0, 3, 0) C=1 D=1 maxfibre=5 hists={1: {1: 6, 3: 1}, 2: {1: 36, 2: 14, 5: 1, 3: 4}}
PRIME-TO-p HIT p=3 shape=(1, 0, 6, 3, 0, 3, 0) C=1 D=2 maxfibre=5 hists={1: {2: 3, 1: 3}, 2: {2: 14, 1: 36, 5: 1, 3: 4}}
PRIME-TO-p HIT p=3 shape=(1, 0, 6, 3, 0, 4, 0) C=1 D=1 maxfibre=4 hists={1: {1: 3, 2: 3}, 2: {1: 26, 3: 3, 2: 21, 4: 1}}
PRIME-TO-p HIT p=3 shape=(1, 0, 6, 3, 0, 4, 0) C=1 D=2 maxfibre=4 hists={1: {2: 3, 1: 3}, 2: {2: 21, 1: 26, 3: 3, 4: 1}}
PRIME-TO-p HIT p=3 shape=(1, 0, 6, 3, 0, 5, 0) C=1 D=1 maxfibre=4 hists={1: {1: 6, 3: 1}, 2: {1: 46, 3: 7, 4: 2, 2: 3}}
PRIME-TO-p HIT p=3 shape=(1, 0, 6, 3, 0, 5, 0) C=1 D=2 maxfibre=4 hists={1: {2: 3, 1: 3}, 2: {4: 2, 1: 46, 3: 7, 2: 3}}
PRIME-TO-p HIT p=3 shape=(1, 0, 6, 3, 0, 7, 3) C=1 D=1 maxfibre=5 hists={1: {2: 3, 1: 3}, 2: {4: 3, 2: 17, 1: 30, 5: 1}}
PRIME-TO-p HIT p=3 shape=(1, 0, 6, 3, 0, 7, 3) C=1 D=2 maxfibre=4 hists={1: {1: 5, 2: 2}, 2: {1: 32, 2: 21, 4: 1, 3: 1}}
PRIME-TO-p HIT p=3 shape=(1, 0, 6, 3, 0, 8, 3) C=1 D=1 maxfibre=5 hists={1: {2: 3, 1: 3}, 2: {2: 17, 1: 29, 5: 1, 3: 3, 4: 1}}
PRIME-TO-p HIT p=3 shape=(1, 0, 6, 3, 0, 8, 3) C=1 D=2 maxfibre=5 hists={1: {1: 6, 3: 1}, 2: {1: 33, 2: 20, 5: 1, 3: 1}}
PRIME-TO-p HIT p=3 shape=(1, 0, 6, 3, 0, 0, 3) C=2 D=1 maxfibre=5 hists={1: {3: 1, 1: 6}, 2: {5: 1, 1: 33, 2: 20, 3: 1}}
PRIME-TO-p HIT p=3 shape=(1, 0, 6, 3, 0, 0, 3) C=2 D=2 maxfibre=5 hists={1: {2: 3, 1: 3}, 2: {2: 17, 1: 29, 5: 1, 3: 3, 4: 1}}
PRIME-TO-p HIT p=3 shape=(1, 0, 6, 3, 0, 2, 0) C=2 D=1 maxfibre=4 hists={1: {2: 3, 1: 3}, 2: {4: 1, 2: 15, 1: 32, 3: 5}}
PRIME-TO-p HIT p=3 shape=(1, 0, 6, 3, 0, 2, 0) C=2 D=2 maxfibre=4 hists={1: {1: 3, 2: 3}, 2: {1: 32, 2: 15, 4: 1, 3: 5}}
PRIME-TO-p HIT p=3 shape=(1, 0, 6, 3, 0, 2, 3) C=2 D=1 maxfibre=4 hists={1: {1: 6, 3: 1}, 2: {1: 31, 3: 2, 4: 3, 2: 16}}
PRIME-TO-p HIT p=3 shape=(1, 0, 6, 3, 0, 2, 3) C=2 D=2 maxfibre=4 hists={1: {2: 3, 1: 3}, 2: {4: 4, 1: 30, 3: 3, 2: 13}}
PRIME-TO-p HIT p=3 shape=(1, 0, 6, 3, 0, 3, 0) C=2 D=1 maxfibre=5 hists={1: {1: 6, 3: 1}, 2: {1: 36, 2: 14, 5: 1, 3: 4}}
PRIME-TO-p HIT p=3 shape=(1, 0, 6, 3, 0, 3, 0) C=2 D=2 maxfibre=5 hists={1: {2: 3, 1: 3}, 2: {2: 14, 1: 36, 5: 1, 3: 4}}
PRIME-TO-p HIT p=3 shape=(1, 0, 6, 3, 0, 4, 0) C=2 D=1 maxfibre=4 hists={1: {2: 3, 1: 3}, 2: {2: 21, 1: 26, 3: 3, 4: 1}}
PRIME-TO-p HIT p=3 shape=(1, 0, 6, 3, 0, 4, 0) C=2 D=2 maxfibre=4 hists={1: {1: 3, 2: 3}, 2: {1: 26, 3: 3, 2: 21, 4: 1}}
PRIME-TO-p HIT p=3 shape=(1, 0, 6, 3, 0, 5, 0) C=2 D=1 maxfibre=4 hists={1: {1: 6, 3: 1}, 2: {1: 46, 3: 7, 4: 2, 2: 3}}
PRIME-TO-p HIT p=3 shape=(1, 0, 6, 3, 0, 5, 0) C=2 D=2 maxfibre=4 hists={1: {2: 3, 1: 3}, 2: {4: 2, 1: 46, 3: 7, 2: 3}}
PRIME-TO-p HIT p=3 shape=(1, 0, 6, 3, 0, 7, 3) C=2 D=1 maxfibre=5 hists={1: {2: 3, 1: 3}, 2: {4: 3, 2: 17, 1: 30, 5: 1}}
PRIME-TO-p HIT p=3 shape=(1, 0, 6, 3, 0, 7, 3) C=2 D=2 maxfibre=4 hists={1: {1: 5, 2: 2}, 2: {1: 32, 2: 21, 4: 1, 3: 1}}
PRIME-TO-p HIT p=3 shape=(1, 0, 6, 3, 0, 8, 3) C=2 D=1 maxfibre=5 hists={1: {1: 6, 3: 1}, 2: {1: 33, 2: 20, 5: 1, 3: 1}}
PRIME-TO-p HIT p=3 shape=(1, 0, 6, 3, 0, 8, 3) C=2 D=2 maxfibre=5 hists={1: {2: 3, 1: 3}, 2: {2: 17, 1: 29, 5: 1, 3: 3, 4: 1}}
p=3: tried 727200, Keller 369, prime-to-p hits 143
p=5: tried 2424000, Keller 164, prime-to-p hits 0
CROSS-PRIME SHAPES (alive at >=2 primes): []
