--- 1. the C^3 counterexample ---------------------------------------
  [PASS] det JF == -2 (constant, nonzero)
    total degrees of (f1,f2,f3) = (7, 6, 4)
  [PASS] deg F = (7,6,4): max 7, matching the archive's 'degree-7 counterexample'
    F(0,0,-1/4)    = (-1/4, 0, 0)
    F(1,-3/2,13/2) = (-1/4, 0, 0)
    F(-1,3/2,13/2) = (-1/4, 0, 0)
  [PASS] three distinct rational points collide upstairs

--- 2. C*-equivariance, weights (1,-1,-2) -> (-2,-1,1) --------------
  [PASS] component weight -2
  [PASS] component weight -1
  [PASS] component weight 1
  [PASS] source weights (1,-1,-2) and target weights (-2,-1,1) are the same multiset

--- 3. the descent to C^2 -------------------------------------------
  [PASS] xy and x^2 z are invariant
  [PASS] f1 f3^2 and f2 f3 are invariant
  [PASS] G1 is x-free
  [PASS] G2 is x-free
  [PASS] deg G = (6,4), ratio 3:2
  [PASS] det JG == -2 h^2 with h = 3u + w - 2
  [PASS] det JG is NOT constant

--- 4. the three Session-39 claims its own script did not check ------
  [PASS] h is f_3/x expressed in the invariants: f_3/x = 2 - 3xy - x^2 z = 2 - 3u - w = -h
    quotient images of the three colliding points: (0, 0) (-3/2, 13/2) (-3/2, 13/2)
  [PASS] the three points collapse to two distinct quotient points
  [PASS] the surviving pair still collides: G(q1) == G(q2)
  [PASS] q2 = (-3/2, 13/2) lies on h = 0:  3(-3/2) + 13/2 - 2 = 0
  [PASS] q1 = (0,0) does NOT lie on h = 0
  [PASS] det J(G o A) == det(A) * (det JG o A): h^2 is intrinsic up to a constant
  [PASS] post-composition by B: det J(B o G) == det(B) det JG
  [PASS] so det JG is a nonzero constant times a PERFECT SQUARE in every coordinate system: G can never be Keller

--- 5. geometric degree of the descent -------------------------------
    deg_u Res_w(G1-t1, G2-t2) = 6
  [PASS] the descent G is a finite map of positive degree

E7: ALL 23 CHECKS PASS
