--- 1. the archive's endgame certificate, reproduced ------------------
  [PASS] deg <= 13 polynomials: T(R) = 1 INFEASIBLE (archive's claim)
  [PASS] deg <= 13 polynomials: kernel of T is trivial
    coefficient matrix is (19, 14)  rank = 14
  [PASS] archive's 'rank 14' reproduced at deg <= 13
  [PASS] deg <= 20 polynomials: T(R) = 1 INFEASIBLE (archive's claim)
  [PASS] deg <= 20 polynomials: kernel of T is trivial
  [PASS] deg <= 30 polynomials: T(R) = 1 INFEASIBLE (archive's claim)
  [PASS] deg <= 30 polynomials: kernel of T is trivial
  [PASS] deg <= 60 polynomials: T(R) = 1 INFEASIBLE (archive's claim)
  [PASS] deg <= 60 polynomials: kernel of T is trivial

--- 2. the same certificate, widened by ONE Laurent shift ------------
  [PASS] box P(v)/(v+1)^1: solution none (E2 predicts none)
  [PASS] box P(v)/(v+1)^2: solution none (E2 predicts none)
  [PASS] box P(v)/(v+1)^3: solution none (E2 predicts none)
  [PASS] box P(v)/(v+1)^4: solution FOUND (E2 predicts FOUND)
    box k = 4 gives -(243*v**4 - 81*v**3 + 54*v**2 - 42*v + 35)/(455*(v + 1)**4)   reduced pole order at v=-1 : 4
  [PASS] box (v+1)^4: the solution is UNIQUE and reduces to pole order 4
  [PASS] box (v+1)^4: the solution satisfies T(R) = 1 exactly
  [PASS] box P(v)/(v+1)^5: solution FOUND (E2 predicts FOUND)
    box k = 5 gives -(243*v**4 - 81*v**3 + 54*v**2 - 42*v + 35)/(455*(v + 1)**4)   reduced pole order at v=-1 : 4
  [PASS] box (v+1)^5: the solution is UNIQUE and reduces to pole order 4
  [PASS] box (v+1)^5: the solution satisfies T(R) = 1 exactly
  [PASS] box P(v)/(v+1)^6: solution FOUND (E2 predicts FOUND)
    box k = 6 gives -(243*v**4 - 81*v**3 + 54*v**2 - 42*v + 35)/(455*(v + 1)**4)   reduced pole order at v=-1 : 4
  [PASS] box (v+1)^6: the solution is UNIQUE and reduces to pole order 4
  [PASS] box (v+1)^6: the solution satisfies T(R) = 1 exactly

--- 3. the cross-epoch identity h0 = -13 n3 --------------------------
  [PASS] deg(p^2 - w r^3) = 3 (the 16 -> 3 miracle cancellation)
    n3 = -128/3 + 64*sqrt(3)*I/3
    h0 = 1664/3 - 832*sqrt(3)*I/3
  [PASS] h0 == -13 * n3  (Session-7 Wronskian constant vs Session-10 cubic)
  [PASS] h := 2 p' r w - p(r + 3 w r') is the constant h0

--- 4. VERDICT ------------------------------------------------------
    cross-epoch identity h0 = -13 n3 : TRUE, re-derived independently.
    endgame LA certificate           : TRUE on polynomials, but the
      solution space it searched CANNOT contain the actual solution.
      One Laurent shift - (v+1)^-4 - finds it in the same code.

E9: ALL 24 CHECKS PASS
