(1) F == v*z + w : True
(2) v == x^3 * u((1+xy)/x) : True
(3) c2 = 0 | c1 = 0 | c0 = -2
(4) fiber over (3, 5, 2) (generic): 3 preimage(s)
       [  0.245022+0.j  -2.949064-0.j -66.540401-0.j]
       [-1.225110e-01+9.02620000e-02j  5.224532e+00+5.52442100e+00j
 -1.422298e+02+7.67461809e+02j]
       [-1.225110e-01-9.02620000e-02j  5.224532e+00-5.52442100e+00j
 -1.422298e+02-7.67461809e+02j]
(4) fiber over (7, -2, 11) (generic): 3 preimage(s)
       [-2.42600000e-02-4.68550000e-02j  8.20185700e+00-1.77206810e+01j
 -7.52758963e+04+8.80259588e+03j]
       [-2.42600000e-02+4.68550000e-02j  8.20185700e+00+1.77206810e+01j
 -7.52758963e+04-8.80259588e+03j]
       [ 4.85190000e-02-0.j -1.94037140e+01+0.j -9.42557075e+04+0.j]
generic fiber over (-4, 9, 6): 3 preimages
fold fiber, branch x=0: (0, 3, -71/2)  verify: [0.5+0.j 3. +0.j 0. +0.j]
fold fiber, branch F3/x=0: 2 solution(s)
    [2. +0.j 0. +0.j 0.5+0.j]
    [-2.  +0.j  1.5 -0.j  2.75+0.j]
TOTAL preimages over fold-image point (1/2,3,0): 3
