PART A  (1,3): dim of homogeneous solution space = 4   (expect 4, i.e. span of 1, P, ..., P^3)
PART A  (1,4): dim of homogeneous solution space = 5   (expect 5, i.e. span of 1, P, ..., P^4)
PART B  [y^4] condition (expect 0): 0
PART B  [y^3] after b2-formula (expect 0): 0
PART B  [y^2] after b1-formula (expect 0): 0
PART B  => s | a1^2 required for b1 to be a polynomial.

PART C1  repeated-root branch, s = x^2 (A = x^4, dangerous profile: x | a1, x^2 does not divide a1, a0'(0) != 0):
   P = x^4*y^2 + (x)*y + (x): infeasible
   P = x^4*y^2 + (x)*y + (x**2 + x): infeasible
   P = x^4*y^2 + (x**3 + x)*y + (x): infeasible
   P = x^4*y^2 + (x*(x + 1))*y + (x**3 + x): infeasible
   P = x^4*y^2 + (x)*y + (x**4 + x**2 + x): infeasible

PART C2  constant-lead branch, s = 1 (A = 1, B = tau):
   P = y^2 + (0)*y + (x): FEASIBLE
   P = y^2 + (0)*y + (x**3 + x): infeasible
   P = y^2 + (1)*y + (x): FEASIBLE
   P = y^2 + (x)*y + (x): infeasible
   P = y^2 + (x)*y + (x**2 + x): infeasible
   P = y^2 + (x**2)*y + (x): infeasible
   P = y^2 + (x**2)*y + (x**3 + x): infeasible
   P = y^2 + (2*x)*y + (x**2 + x): FEASIBLE
Constant-lead branch, y^3-coefficient pinned to 1:
   P = y^2 + (0)*y + (x): infeasible
   P = y^2 + (1)*y + (x): infeasible
   P = y^2 + (2*x)*y + (x**2 + x): infeasible
   P = y^2 + (0)*y + (x**3 + x): infeasible
   P = y^2 + (x)*y + (x): infeasible
   P = y^2 + (3)*y + (x + 5): infeasible
Repeated/mixed-root branch, y^3-coefficient pinned to s^3:
   s = x**2, P = s^2*y^2 + (x)*y + (x): infeasible
   s = x**2, P = s^2*y^2 + (x)*y + (x**2 + x): infeasible
   s = x**3, P = s^2*y^2 + (x**2)*y + (x): infeasible
   s = x**3, P = s^2*y^2 + (x)*y + (x): infeasible
   s = x**2*(x - 1), P = s^2*y^2 + (x*(x - 1))*y + (x): infeasible
phantom check, P = y^2 + x, deg_y Q <= 1 partner exists: True  (e.g. Q = y, the Session-2 family)
