L= 19: OK (12 eqs, 12 new, rank 12, kernel 0), residual 0
L= 18: OK (12 eqs, 12 new, rank 12, kernel 0), residual 0
L= 17: OK (12 eqs, 15 new, rank 12, kernel 3), residual 0
L= 16: OK (11 eqs, 14 new, rank 11, kernel 3), residual 0
L= 15: OK (10 eqs, 13 new, rank 10, kernel 3), residual 0
L= 14: OK (9 eqs, 15 new, rank 9, kernel 6), residual 0
L= 13: OK (8 eqs, 13 new, rank 8, kernel 5), residual 0
L= 12: OK (7 eqs, 11 new, rank 7, kernel 4), residual 0
L= 11: OK (6 eqs, 8 new, rank 6, kernel 2), residual 0
L= 10: 1 gate(s) -> imposed ['g6_6']
L= 10: OK (5 eqs, 6 new, rank 5, kernel 1), residual 0
L=  9: 2 components -> taking first (BRANCH CHOICE)
L=  9: 3 gate(s) -> imposed ['g5_5', 'g6_4']
L=  9: 1 gate(s) -> imposed ['g7_9']
L=  9: OK (4 eqs, 5 new, rank 4, kernel 1), residual 0
L=  8: 3 gate(s) -> imposed ['g3_3']
L=  8: 2 gate(s) -> imposed ['g6_5', 'g6_8']
L=  8: OK (3 eqs, 4 new, rank 3, kernel 1), residual 0

=== ENDGAME: levels 7 .. -2 (no new unknowns) ===
L=  7: 5 nontrivial condition(s)
L=  6: 8 nontrivial condition(s)
L=  5: 8 nontrivial condition(s)
L=  4: 8 nontrivial condition(s)
L=  3: 8 nontrivial condition(s)
L=  2: 7 nontrivial condition(s)
L=  1: 6 nontrivial condition(s)
L=  0: 5 nontrivial condition(s)
L= -1: 4 nontrivial condition(s)
L= -2: 0 nontrivial condition(s)

TOTAL 59 conditions in 19 parameters: ['g1_1', 'g2_2', 'g4_4', 'g4_5', 'g4_6', 'g5_4', 'g5_6', 'g5_7', 'g6_7', 'g7_8', 'g8_8', 'g8_9', 'g9_10', 'g9_8', 'h1_1', 'h2_2', 'h3_3', 'h4_4', 'h5_5']
saved endgame.pkl
