L= 19: OK (12 eqs, 12 new, rank 12, kernel 0), residual 0
L= 18: OK (12 eqs, 12 new, rank 12, kernel 0), residual 0
L= 17: OK (12 eqs, 15 new, rank 12, kernel 3), residual 0
L= 16: OK (11 eqs, 14 new, rank 11, kernel 3), residual 0
L= 15: OK (10 eqs, 14 new, rank 10, kernel 4), residual 0
L= 14: OK (9 eqs, 15 new, rank 9, kernel 6), residual 0
L= 13: OK (8 eqs, 13 new, rank 8, kernel 5), residual 0
L= 12: OK (7 eqs, 11 new, rank 7, kernel 4), residual 0
L= 11: OK (6 eqs, 8 new, rank 6, kernel 2), residual 0

L= 10 [g8_6=g8_7=0]: status=gate info=[6, 6, 5] gates=1
  gate 1: -72*g6_6 + 72*g7_6 - 512*g7_9**2 + 2048*g7_9*g8_9 - 4608*g7_9*h5_5 - 2048*g8_9**2 + 9216*g8_9*h5_5 + 24*g9_10*g9_8 + 108*h2_2 - 10341*h5_5**2
      g6_6 = (72*g7_6 - 512*g7_9**2 + 2048*g7_9*g8_9 - 4608*g7_9*h5_5 - 2048*g8_9**2 + 9216*g8_9*h5_5 + 24*g9_10*g9_8 + 108*h2_2 - 10341*h5_5**2)/72
L= 10: OK (5 eqs, 6 new, rank 5, kernel 1), residual 0

L=  9 [g8_6=g8_7=0]: status=gate info=[8, 5, 4] gates=4
  gate 1: 5*(2*g7_9 - 4*g8_9 + 9*h5_5)**2
  gate 2: -1260*g5_5 + 1260*g6_5 - 24576*g6_8*g7_9 + 49152*g6_8*g8_9 - 110592*g6_8*h5_5 + 49152*g7_8*g7_9 - 98304*g7_8*g8_9 + 221184*g7_8*h5_5 - 73728*g7_9*g8_8 + 8192*g7_9*g9_10**2 + 98304*g7_9*g9_8 + 147456*g8_8*g8_9 - 330516*g8_8*h5_5 - 16384*g8_9*g9_10**2 - 196188*g8_9*g9_8 + 36864*g9_10**2*h5_5 + 439218*g9_8*h5_5 + 1890*h1_1 - 945*h4_4*h5_5
  gate 3: 8*(3*g6_4*h3_3 + 2*g6_5*g7_6 - 2*g7_6*g9_8*h5_5 - g9_8**2*h3_3)
  gate 4: 8*g7_6*(3*g6_4 - g9_8**2)
      g5_5 = -(24576*g6_8*g7_9 - 49152*g6_8*g8_9 + 110592*g6_8*h5_5 - 49152*g7_8*g7_9 + 98304*g7_8*g8_9 - 221184*g7_8*h5_5 + 73728*g7_9*g8_8 - 8192*g7_9*g9_10**2 - 98304*g7_9*g9_8 - 147456*g8_8*g8_9 + 330516*g8_8*h5_5 + 16384*g8_9*g9_10**2 + 196188*g8_9*g9_8 - 36864*g9_10**2*h5_5 - 440478*g9_8*h5_5 - 1890*h1_1 + 945*h4_4*h5_5)/1260
      g6_4 = g9_8**2/3
      g6_5 = g9_8*h5_5
      g7_9 = (4*g8_9 - 9*h5_5)/2
L=  9: OK (4 eqs, 5 new, rank 4, kernel 1), residual 0

L=  8 [g8_6=g8_7=0]: status=gate info=[6, 4, 3] gates=3
  gate 1: -16*(3*g6_8 - 6*g7_8 + 9*g8_8 - g9_10**2 - 12*g9_8)**2
  gate 2: 144*g3_3*g9_8 + 288*g5_4*h3_3 - 48*g6_7*g9_8**2 - 112*g7_6*g8_9*g9_8 + 432*g7_6*g9_8*h5_5 + 288*g7_6*h1_1 - 144*g7_6*h4_4*h5_5 - 336*g8_8*g9_8*h3_3 + 24*g9_10*g9_8**2*h5_5 + 576*g9_8**2*h3_3 - 108*g9_8*h2_2*h5_5 + 108*g9_8*h3_3*h4_4 + 9*g9_8*h5_5**3
  gate 3: 16*g7_6*(3*g5_4 - 2*g8_8*g9_8 + 3*g9_8**2)
      g3_3 = (48*g6_7*g9_8**2 + 112*g7_6*g8_9*g9_8 - 432*g7_6*g9_8*h5_5 - 288*g7_6*h1_1 + 144*g7_6*h4_4*h5_5 + 144*g8_8*g9_8*h3_3 - 24*g9_10*g9_8**2*h5_5 - 288*g9_8**2*h3_3 + 108*g9_8*h2_2*h5_5 - 108*g9_8*h3_3*h4_4 - 9*g9_8*h5_5**3)/(144*g9_8)
      g5_4 = g9_8*(2*g8_8 - 3*g9_8)/3
      g6_8 = (6*g7_8 - 9*g8_8 + g9_10**2 + 12*g9_8)/3
L=  8: OK (3 eqs, 4 new, rank 3, kernel 1), residual 0

L=  7 [g8_6=g8_7=0]: status=pure info=[7, 0, 0] gates=0
   pure: -5*g7_6*(4*g8_9*g9_8 - 18*g9_8*h5_5 - 18*h1_1 + 9*h4_4*h5_5)/(64*g9_8)
   pure: (144*g2_2 + 768*g4_6*g7_8 - 1536*g4_6*g8_8 + 2304*g4_6*g9_8 - 768*g5_6*g7_8 + 1536*g5_6*g8_8 - 2352*g5_6*g9_8 + 768*g5_7*g6_7 - 768*g5_7*g9_10*h5_5 - 2304*g5_7*h3_3 - 1152*g6_7**2 - 512*g6_7*g8_9*g9_10 + 3072*g6_7*g9_10*h5_5 + 5760*g6_7*h3_3 - 48*g7_6*g7_8 + 96*g7_6*g8_8 - 144*g7_6*g9_8 - 384*g7_8**2*g9_10 + 1536*g7_8*g8_8*g9_10 - 256*g7_8*g8_9**2 + 1536*g7_8*g8_9*h5_5 - 2048*g7_8*g9_10*g9_8 + 1152*g7_8*h2_2 - 2016*g7_8*h5_5**2 - 1536*g8_8**2*g9_10 + 512*g8_8*g8_9**2 - 3072*g8_8*g8_9*h5_5 + 4128*g8_8*g9_10*g9_8 - 2448*g8_8*h2_2 + 4032*g8_8*h5_5**2 - 768*g8_9**2*g9_8 + 512*g8_9*g9_10**2*h5_5 + 1536*g8_9*g9_10*h3_3 + 4632*g8_9*g9_8*h5_5 + 1152*g8_9 - 1920*g9_10**2*h5_5**2 - 2720*g9_10*g9_8**2 - 24*g9_10*g9_8*h4_4 - 8064*g9_10*h3_3*h5_5 + 3744*g9_8*h2_2 - 6120*g9_8*h5_5**2 - 108*h1_1*h5_5 + 108*h2_2*h4_4 - 6966*h3_3**2 + 27*h4_4*h5_5**2 - 3456*h5_5 - 2304)/96
   pure: -(1296*g1_1*g9_8 - 648*g4_4*g9_8*h5_5 - 4608*g4_5*g7_8*g9_8 + 9216*g4_5*g8_8*g9_8 - 14256*g4_5*g9_8**2 - 6912*g4_6*g9_8*h3_3 - 4608*g5_6*g6_7*g9_8 + 4608*g5_6*g9_10*g9_8*h5_5 + 20736*g5_6*g9_8*h3_3 + 4608*g5_7*g7_6*g9_8 + 1536*g5_7*g9_10*g9_8**2 - 6912*g5_7*g9_8*h2_2 + 1728*g5_7*g9_8*h5_5**2 - 9648*g6_7*g7_6*g9_8 + 3072*g6_7*g8_8*g9_10*g9_8 + 4608*g6_7*g8_9*g9_8*h5_5 - 7680*g6_7*g9_10*g9_8**2 + 20736*g6_7*g9_8*h2_2 - 15552*g6_7*g9_8*h5_5**2 - 2688*g7_6*g8_9*g9_10*g9_8 + 12744*g7_6*g9_10*g9_8*h5_5 - 1728*g7_6*g9_10*h1_1 + 864*g7_6*g9_10*h4_4*h5_5 + 22032*g7_6*g9_8*h3_3 + 3456*g7_8**2*g9_8*h5_5 + 3072*g7_8*g8_8*g8_9*g9_8 - 18432*g7_8*g8_8*g9_8*h5_5 - 4608*g7_8*g8_9*g9_8**2 + 6912*g7_8*g9_10*g9_8*h3_3 + 28080*g7_8*g9_8**2*h5_5 + 6912*g7_8*g9_8*h1_1 - 3456*g7_8*g9_8*h4_4*h5_5 - 6144*g8_8**2*g8_9*g9_8 + 23040*g8_8**2*g9_8*h5_5 + 18720*g8_8*g8_9*g9_8**2 - 3072*g8_8*g9_10**2*g9_8*h5_5 - 23040*g8_8*g9_10*g9_8*h3_3 - 70416*g8_8*g9_8**2*h5_5 - 15120*g8_8*g9_8*h1_1 + 7560*g8_8*g9_8*h4_4*h5_5 - 13824*g8_8*g9_8 + 2304*g8_9**2*g9_8*h3_3 - 1024*g8_9*g9_10**2*g9_8**2 + 4608*g8_9*g9_10*g9_8*h2_2 - 5760*g8_9*g9_10*g9_8*h5_5**2 - 14112*g8_9*g9_8**3 - 216*g8_9*g9_8**2*h4_4 - 27648*g8_9*g9_8*h3_3*h5_5 - 6912*g8_9*g9_8 + 9216*g9_10**2*g9_8**2*h5_5 + 39600*g9_10*g9_8**2*h3_3 - 27648*g9_10*g9_8*h2_2*h5_5 + 17280*g9_10*g9_8*h5_5**3 + 53136*g9_8**3*h5_5 + 23328*g9_8**2*h1_1 - 10692*g9_8**2*h4_4*h5_5 + 20736*g9_8**2 + 972*g9_8*h1_1*h4_4 - 63180*g9_8*h2_2*h3_3 + 62937*g9_8*h3_3*h5_5**2 - 486*g9_8*h4_4**2*h5_5 + 10368*g9_8*h4_4 + 20736*g9_8*h5_5 + 27648*g9_8)/(864*g9_8)
   pure: (192*g2_2*g9_10*g9_8 + 384*g4_4*g7_8*g9_8 - 768*g4_4*g8_8*g9_8 + 1152*g4_4*g9_8**2 + 576*g4_5*g9_8*h3_3 + 384*g4_6*g7_6*g9_8 - 768*g5_6*g7_6*g9_8 - 192*g5_6*g9_10*g9_8**2 + 576*g5_6*g9_8*h2_2 - 144*g5_6*g9_8*h5_5**2 - 128*g6_7*g8_9*g9_8**2 + 576*g6_7*g9_8**2*h5_5 + 576*g6_7*g9_8*h1_1 - 288*g6_7*g9_8*h4_4*h5_5 - 192*g7_6**2*g9_8 - 448*g7_6*g7_8*g9_10*g9_8 + 1152*g7_6*g8_8*g9_10*g9_8 + 144*g7_6*g8_9*g9_8*h5_5 - 576*g7_6*g8_9*h1_1 + 288*g7_6*g8_9*h4_4*h5_5 - 1728*g7_6*g9_10*g9_8**2 + 1728*g7_6*g9_8*h2_2 - 216*g7_6*g9_8*h5_5**2 + 1944*g7_6*h1_1*h5_5 - 972*g7_6*h4_4*h5_5**2 - 192*g7_8**2*g9_8**2 + 768*g7_8*g8_8*g9_8**2 - 384*g7_8*g8_8*g9_8*h4_4 - 1024*g7_8*g9_8**3 + 384*g7_8*g9_8**2*h4_4 - 864*g7_8*g9_8*h3_3*h5_5 + 288*g7_8*g9_8*h4_4**2 - 768*g8_8**2*g9_8**2 + 768*g8_8**2*g9_8*h4_4 - 384*g8_8*g8_9*g9_8*h3_3 + 128*g8_8*g9_10**2*g9_8**2 - 576*g8_8*g9_10*g9_8*h2_2 + 96*g8_8*g9_10*g9_8*h5_5**2 + 2048*g8_8*g9_8**3 - 1920*g8_8*g9_8**2*h4_4 + 2304*g8_8*g9_8*h3_3*h5_5 - 576*g8_8*g9_8*h4_4**2 + 1152*g8_8*g9_8 + 288*g8_9*g9_10*g9_8**2*h5_5 + 960*g8_9*g9_8**2*h3_3 - 576*g8_9*g9_8*h2_2*h5_5 + 144*g8_9*g9_8*h5_5**3 - 192*g9_10**2*g9_8**3 - 32*g9_10**2*g9_8**2*h4_4 + 1344*g9_10*g9_8**2*h2_2 - 1200*g9_10*g9_8**2*h5_5**2 - 720*g9_10*g9_8*h1_1*h5_5 + 144*g9_10*g9_8*h2_2*h4_4 - 504*g9_10*g9_8*h3_3**2 + 324*g9_10*g9_8*h4_4*h5_5**2 - 1344*g9_8**4 + 1152*g9_8**3*h4_4 - 5184*g9_8**2*h3_3*h5_5 + 864*g9_8**2*h4_4**2 - 1728*g9_8**2 - 2592*g9_8*h1_1*h3_3 - 1296*g9_8*h2_2**2 + 1944*g9_8*h2_2*h5_5**2 + 1296*g9_8*h3_3*h4_4*h5_5 - 864*g9_8*h4_4 - 405*g9_8*h5_5**4 - 1152*g9_8)/(144*g9_8)
   pure: -(144*g2_2*g9_8 + 288*g4_4*g7_6 - 48*g5_6*g9_8**2 - 144*g7_6**2*g9_10 - 240*g7_6*g7_8*g9_8 + 480*g7_6*g8_8*g9_8 - 288*g7_6*g8_8*h4_4 - 624*g7_6*g9_8**2 + 288*g7_6*g9_8*h4_4 - 432*g7_6*h3_3*h5_5 + 216*g7_6*h4_4**2 + 32*g8_8*g9_10*g9_8**2 - 144*g8_8*g9_8*h2_2 + 24*g8_9*g9_8**2*h5_5 - 32*g9_10*g9_8**3 - 24*g9_10*g9_8**2*h4_4 + 288*g9_8**2*h2_2 - 72*g9_8**2*h5_5**2 - 108*g9_8*h1_1*h5_5 + 108*g9_8*h2_2*h4_4 - 162*g9_8*h3_3**2 + 27*g9_8*h4_4*h5_5**2)/108
   pure: 4*g7_6*(g7_6*h5_5 + 2*g9_8*h3_3)/3
   pure: 4*g7_6**2*g9_8/3
L=  7: PURE, 7 condition(s) with no new unknowns
       -5*g7_6*(4*g8_9*g9_8 - 18*g9_8*h5_5 - 18*h1_1 + 9*h4_4*h5_5)/(64*g9_8)
       (144*g2_2 + 768*g4_6*g7_8 - 1536*g4_6*g8_8 + 2304*g4_6*g9_8 - 768*g5_6*g7_8 + 1536*g5_6*g8_8 - 2352*g5_6*g9_8 + 768*g5_7*g6_7 - 768*g5_7*g9_10*h5_5 - 2304*g5_7*h3_3 - 1152*g6_7**2 - 512*g6_7*g8_9*g9_10 + 3072*g6_7*g9_10*h5_5 + 5760*g6_7*h3_3 - 48*g7_6*g7_8 + 96*g7_6*g8_8 - 144*g7_6*g9_8 - 384*g7_8**2*g9_10 + 1536*g7_8*g8_8*g9_10 - 256*g7_8*g8_9**2 + 1536*g7_8*g8_9*h5_5 - 2048*g7_8*g9_10*g9_8 + 1152*g7_8*h2_2 - 2016*g7_8*h5_5**2 - 1536*g8_8**2*g9_10 + 512*g8_8*g8_9**2 - 3072*g8_8*g8_9*h5_5 + 4128*g8_8*g9_10*g9_8 - 2448*g8_8*h2_2 + 4032*g8_8*h5_5**2 - 768*g8_9**2*g9_8 + 512*g8_9*g9_10**2*h5_5 + 1536*g8_9*g9_10*h3_3 + 4632*g8_9*g9_8*h5_5 + 1152*g8_9 - 1920*g9_10**2*h5_5**2 - 2720*g9_10*g9_8**2 - 24*g9_10*g9_8*h4_4 - 8064*g9_10*h3_3*h5_5 + 3744*g9_8*h2_2 - 6120*g9_8*h5_5**2 - 108*h1_1*h5_5 + 108*h2_2*h4_4 - 6966*h3_3**2 + 27*h4_4*h5_5**2 - 3456*h5_5 - 2304)/96
       -(1296*g1_1*g9_8 - 648*g4_4*g9_8*h5_5 - 4608*g4_5*g7_8*g9_8 + 9216*g4_5*g8_8*g9_8 - 14256*g4_5*g9_8**2 - 6912*g4_6*g9_8*h3_3 - 4608*g5_6*g6_7*g9_8 + 4608*g5_6*g9_10*g9_8*h5_5 + 20736*g5_6*g9_8*h3_3 + 4608*g5_7*g7_6*g9_8 + 1536*g5_7*g9_10*g9_8**2 - 6912*g5_7*g9_8*h2_2 + 1728*g5_7*g9_8*h5_5**2 - 9648*g6_7*g7_6*g9_8 + 3072*g6_7*g8_8*g9_10*g9_8 + 4608*g6_7*g8_9*g9_8*h5_5 - 7680*g6_7*g9_10*g9_8**2 + 20736*g6_7*g9_8*h2_2 - 15552*g6_7*g9_8*h5_5**2 - 2688*g7_6*g8_9*g9_10*g9_8 + 12744*g7_6*g9_10*g9_8*h5_5 - 1728*g7_6*g9_10*h1_1 + 864*g7_6*g9_10*h4_4*h5_5 + 22032*g7_6*g9_8*h3_3 + 3456*g7_8**2*g9_8*h5_5 + 3072*g7_8*g8_8*g8_9*g9_8 - 18432*g7_8*g8_8*g9_8*h5_5 - 4608*g7_8*g8_9*g9_8**2 + 6912*g7_8*g9_10*g9_8*h3_3 + 28080*g7_8*g9_8**2*h5_5 + 6912*g7_8*g9_8*h1_1 - 3456*g7_8*g9_8*h4_4*h5_5 - 6144*g8_8**2*g8_9*g9_8 + 23040*g8_8**2*g9_8*h5_5 + 18720*g8_8*g8_9*g9_8**2 - 3072*g8_8*g9_10**2*g9_8*h5_5 - 23040*g8_8*g9_10*g9_8*h3_3 - 70416*g8_8*g9_8**2*h5_5 - 15120*g8_8*g9_8*h1_1 + 7560*g8_8*g9_8*h4_4*h5_5 - 13824*g8_8*g9_8 + 2304*g8_9**2*g9_8*h3_3 - 1024*g8_9*g9_10**2*g9_8**2 + 4608*g8_9*g9_10*g9_8*h2_2 - 5760*g8_9*g9_10*g9_8*h5_5**2 - 14112*g8_9*g9_8**3 - 216*g8_9*g9_8**2*h4_4 - 27648*g8_9*g9_8*h3_3*h5_5 - 6912*g8_9*g9_8 + 9216*g9_10**2*g9_8**2*h5_5 + 39600*g9_10*g9_8**2*h3_3 - 27648*g9_10*g9_8*h2_2*h5_5 + 17280*g9_10*g9_8*h5_5**3 + 53136*g9_8**3*h5_5 + 23328*g9_8**2*h1_1 - 10692*g9_8**2*h4_4*h5_5 + 20736*g9_8**2 + 972*g9_8*h1_1*h4_4 - 63180*g9_8*h2_2*h3_3 + 62937*g9_8*h3_3*h5_5**2 - 486*g9_8*h4_4**2*h5_5 + 10368*g9_8*h4_4 + 20736*g9_8*h5_5 + 27648*g9_8)/(864*g9_8)
       (192*g2_2*g9_10*g9_8 + 384*g4_4*g7_8*g9_8 - 768*g4_4*g8_8*g9_8 + 1152*g4_4*g9_8**2 + 576*g4_5*g9_8*h3_3 + 384*g4_6*g7_6*g9_8 - 768*g5_6*g7_6*g9_8 - 192*g5_6*g9_10*g9_8**2 + 576*g5_6*g9_8*h2_2 - 144*g5_6*g9_8*h5_5**2 - 128*g6_7*g8_9*g9_8**2 + 576*g6_7*g9_8**2*h5_5 + 576*g6_7*g9_8*h1_1 - 288*g6_7*g9_8*h4_4*h5_5 - 192*g7_6**2*g9_8 - 448*g7_6*g7_8*g9_10*g9_8 + 1152*g7_6*g8_8*g9_10*g9_8 + 144*g7_6*g8_9*g9_8*h5_5 - 576*g7_6*g8_9*h1_1 + 288*g7_6*g8_9*h4_4*h5_5 - 1728*g7_6*g9_10*g9_8**2 + 1728*g7_6*g9_8*h2_2 - 216*g7_6*g9_8*h5_5**2 + 1944*g7_6*h1_1*h5_5 - 972*g7_6*h4_4*h5_5**2 - 192*g7_8**2*g9_8**2 + 768*g7_8*g8_8*g9_8**2 - 384*g7_8*g8_8*g9_8*h4_4 - 1024*g7_8*g9_8**3 + 384*g7_8*g9_8**2*h4_4 - 864*g7_8*g9_8*h3_3*h5_5 + 288*g7_8*g9_8*h4_4**2 - 768*g8_8**2*g9_8**2 + 768*g8_8**2*g9_8*h4_4 - 384*g8_8*g8_9*g9_8*h3_3 + 128*g8_8*g9_10**2*g9_8**2 - 576*g8_8*g9_10*g9_8*h2_2 + 96*g8_8*g9_10*g9_8*h5_5**2 + 2048*g8_8*g9_8**3 - 1920*g8_8*g9_8**2*h4_4 + 2304*g8_8*g9_8*h3_3*h5_5 - 576*g8_8*g9_8*h4_4**2 + 1152*g8_8*g9_8 + 288*g8_9*g9_10*g9_8**2*h5_5 + 960*g8_9*g9_8**2*h3_3 - 576*g8_9*g9_8*h2_2*h5_5 + 144*g8_9*g9_8*h5_5**3 - 192*g9_10**2*g9_8**3 - 32*g9_10**2*g9_8**2*h4_4 + 1344*g9_10*g9_8**2*h2_2 - 1200*g9_10*g9_8**2*h5_5**2 - 720*g9_10*g9_8*h1_1*h5_5 + 144*g9_10*g9_8*h2_2*h4_4 - 504*g9_10*g9_8*h3_3**2 + 324*g9_10*g9_8*h4_4*h5_5**2 - 1344*g9_8**4 + 1152*g9_8**3*h4_4 - 5184*g9_8**2*h3_3*h5_5 + 864*g9_8**2*h4_4**2 - 1728*g9_8**2 - 2592*g9_8*h1_1*h3_3 - 1296*g9_8*h2_2**2 + 1944*g9_8*h2_2*h5_5**2 + 1296*g9_8*h3_3*h4_4*h5_5 - 864*g9_8*h4_4 - 405*g9_8*h5_5**4 - 1152*g9_8)/(144*g9_8)
       -(144*g2_2*g9_8 + 288*g4_4*g7_6 - 48*g5_6*g9_8**2 - 144*g7_6**2*g9_10 - 240*g7_6*g7_8*g9_8 + 480*g7_6*g8_8*g9_8 - 288*g7_6*g8_8*h4_4 - 624*g7_6*g9_8**2 + 288*g7_6*g9_8*h4_4 - 432*g7_6*h3_3*h5_5 + 216*g7_6*h4_4**2 + 32*g8_8*g9_10*g9_8**2 - 144*g8_8*g9_8*h2_2 + 24*g8_9*g9_8**2*h5_5 - 32*g9_10*g9_8**3 - 24*g9_10*g9_8**2*h4_4 + 288*g9_8**2*h2_2 - 72*g9_8**2*h5_5**2 - 108*g9_8*h1_1*h5_5 + 108*g9_8*h2_2*h4_4 - 162*g9_8*h3_3**2 + 27*g9_8*h4_4*h5_5**2)/108
       4*g7_6*(g7_6*h5_5 + 2*g9_8*h3_3)/3
