start: 56 conditions, 19 parameters
round 0: PERFECT POWER 144*g2_2 + 768*g4_6*g7_8 - 1536*g4_6*g8_8 + 2304*g4_6*g9_8 - 48*g5_4*g9_10 - 768*g5_6*g7_8 + 1536*g5_6*g8_8 - 2352*g5_6*g9_8 + 768*g5_7*g6_7 - 768*g5_7*g9_10*h5_5 - 2304*g5_7*h3_3 - 1152*g6_7**2 - 512*g6_7*g8_9*g9_10 + 3072*g6_7*g9_10*h5_5 + 5760*g6_7*h3_3 - 384*g7_8**2*g9_10 + 1536*g7_8*g8_8*g9_10 - 256*g7_8*g8_9**2 + 1536*g7_8*g8_9*h5_5 - 2048*g7_8*g9_10*g9_8 + 1152*g7_8*h2_2 - 2016*g7_8*h5_5**2 - 1536*g8_8**2*g9_10 + 512*g8_8*g8_9**2 - 3072*g8_8*g8_9*h5_5 + 4160*g8_8*g9_10*g9_8 - 2448*g8_8*h2_2 + 4032*g8_8*h5_5**2 - 768*g8_9**2*g9_8 + 512*g8_9*g9_10**2*h5_5 + 1536*g8_9*g9_10*h3_3 + 4632*g8_9*g9_8*h5_5 + 1152*g8_9 - 1920*g9_10**2*h5_5**2 - 2768*g9_10*g9_8**2 - 24*g9_10*g9_8*h4_4 - 8064*g9_10*h3_3*h5_5 + 3744*g9_8*h2_2 - 6120*g9_8*h5_5**2 - 108*h1_1*h5_5 + 108*h2_2*h4_4 - 6966*h3_3**2 + 27*h4_4*h5_5**2 - 3456*h5_5 - 2304
  [POWER] g2_2 = -(768*g4_6*g7_8 - 1536*g4_6*g8_8 + 2304*g4_6*g9_8 - 48*g5_4*g9_10 - 768*g5_6*g7_8 + 1536*g5_6*g8_8 - 2352*g5_6*g9_8 + 768*g5_7*g6_7 - 768*g5_7*g9_10*h5_5 - 2304*g5_7*h3_3 - 1152*g6_7**2 - 512*g6_7*g8_9*g9_10 + 3072*g6_7*g9_10*h5_5 + 5760*g6_7*h3_3 - 384*g7_8**2*g9_10 + 1536*g7_8*g8_8*g9_10 - 256*g7_8*g8_9**2 + 1536*g7_8*g8_9*h5_5 - 2048*g7_8*g9_10*g9_8 + 1152*g7_8*h2_2 - 2016*g7_8*h5_5**2 - 1536*g8_8**2*g9_10 + 512*g8_8*g8_9**2 - 3072*g8_8*g8_9*h5_5 + 4160*g8_8*g9_10*g9_8 - 2448*g8_8*h2_2 + 4032*g8_8*h5_5**2 - 768*g8_9**2*g9_8 + 512*g8_9*g9_10**2*h5_5 + 1536*g8_9*g9_10*h3_3 + 4632*g8_9*g9_8*h5_5 + 1152*g8_9 - 1920*g9_10**2*h5_5**2 - 2768*g9_10*g9_8**2 - 24*g9_10*g9_8*h4_4 - 8064*g9_10*h3_3*h5_5 + 3744*g9_8*h2_2 - 6120*g9_8*h5_5**2 - 108*h1_1*h5_5 + 108*h2_2*h4_4 - 6966*h3_3**2 + 27*h4_4*h5_5**2 - 3456*h5_5 - 2304)/144  -> 55 conditions, 18 parameters
round 1: PERFECT POWER (3*g5_4 - 2*g8_8*g9_8 + 3*g9_8**2)**2
  [POWER] g5_4 = g9_8*(2*g8_8 - 3*g9_8)/3  -> 52 conditions, 17 parameters
round 2: PERFECT POWER 144*g1_1 + 48*g4_4*g9_10 + 72*g4_5*h5_5 - 384*g4_6*g7_8 + 768*g4_6*g8_8 - 1104*g4_6*g9_8 + 384*g5_6*g7_8 - 672*g5_6*g8_8 + 960*g5_6*g9_8 - 72*g5_6*h4_4 - 96*g5_6 - 384*g5_7*g6_7 + 384*g5_7*g9_10*h5_5 + 1152*g5_7*h3_3 + 576*g6_7**2 + 256*g6_7*g8_9*g9_10 - 1536*g6_7*g9_10*h5_5 - 2808*g6_7*h3_3 + 192*g7_8**2*g9_10 - 768*g7_8*g8_8*g9_10 + 128*g7_8*g8_9**2 - 768*g7_8*g8_9*h5_5 + 976*g7_8*g9_10*g9_8 - 504*g7_8*h2_2 + 954*g7_8*h5_5**2 + 704*g8_8**2*g9_10 - 256*g8_8*g8_9**2 + 1440*g8_8*g8_9*h5_5 - 1792*g8_8*g9_10*g9_8 + 48*g8_8*g9_10*h4_4 + 64*g8_8*g9_10 + 864*g8_8*h2_2 - 1728*g8_8*h5_5**2 + 368*g8_9**2*g9_8 - 256*g8_9*g9_10**2*h5_5 - 768*g8_9*g9_10*h3_3 - 2064*g8_9*g9_8*h5_5 + 72*g8_9*h1_1 + 36*g8_9*h4_4*h5_5 + 48*g8_9*h5_5 - 576*g8_9 + 960*g9_10**2*h5_5**2 + 1136*g9_10*g9_8**2 - 72*g9_10*g9_8*h4_4 - 64*g9_10*g9_8 + 3888*g9_10*h3_3*h5_5 - 48*g9_10*h4_4 + 32*g9_8**2 - 1224*g9_8*h2_2 - 48*g9_8*h4_4 + 2466*g9_8*h5_5**2 - 324*h1_1*h5_5 - 288*h1_1 + 108*h2_2*h4_4 + 144*h2_2 + 3294*h3_3**2 - 27*h4_4*h5_5**2 - 108*h5_5**2 + 1728*h5_5 + 1152
  [POWER] g1_1 = -(48*g4_4*g9_10 + 72*g4_5*h5_5 - 384*g4_6*g7_8 + 768*g4_6*g8_8 - 1104*g4_6*g9_8 + 384*g5_6*g7_8 - 672*g5_6*g8_8 + 960*g5_6*g9_8 - 72*g5_6*h4_4 - 96*g5_6 - 384*g5_7*g6_7 + 384*g5_7*g9_10*h5_5 + 1152*g5_7*h3_3 + 576*g6_7**2 + 256*g6_7*g8_9*g9_10 - 1536*g6_7*g9_10*h5_5 - 2808*g6_7*h3_3 + 192*g7_8**2*g9_10 - 768*g7_8*g8_8*g9_10 + 128*g7_8*g8_9**2 - 768*g7_8*g8_9*h5_5 + 976*g7_8*g9_10*g9_8 - 504*g7_8*h2_2 + 954*g7_8*h5_5**2 + 704*g8_8**2*g9_10 - 256*g8_8*g8_9**2 + 1440*g8_8*g8_9*h5_5 - 1792*g8_8*g9_10*g9_8 + 48*g8_8*g9_10*h4_4 + 64*g8_8*g9_10 + 864*g8_8*h2_2 - 1728*g8_8*h5_5**2 + 368*g8_9**2*g9_8 - 256*g8_9*g9_10**2*h5_5 - 768*g8_9*g9_10*h3_3 - 2064*g8_9*g9_8*h5_5 + 72*g8_9*h1_1 + 36*g8_9*h4_4*h5_5 + 48*g8_9*h5_5 - 576*g8_9 + 960*g9_10**2*h5_5**2 + 1136*g9_10*g9_8**2 - 72*g9_10*g9_8*h4_4 - 64*g9_10*g9_8 + 3888*g9_10*h3_3*h5_5 - 48*g9_10*h4_4 + 32*g9_8**2 - 1224*g9_8*h2_2 - 48*g9_8*h4_4 + 2466*g9_8*h5_5**2 - 324*h1_1*h5_5 - 288*h1_1 + 108*h2_2*h4_4 + 144*h2_2 + 3294*h3_3**2 - 27*h4_4*h5_5**2 - 108*h5_5**2 + 1728*h5_5 + 1152)/144  -> 51 conditions, 16 parameters

=== after 3 UNCONDITIONAL eliminations: [('POWER', 'g2_2'), ('POWER', 'g5_4'), ('POWER', 'g1_1')]
remaining: 51 conditions in 16 parameters ['g4_4', 'g4_5', 'g4_6', 'g5_6', 'g5_7', 'g6_7', 'g7_8', 'g8_8', 'g8_9', 'g9_10', 'g9_8', 'h1_1', 'h2_2', 'h3_3', 'h4_4', 'h5_5']
  [  10 terms] g9_8*(576*g8_9*g9_8*h3_3 - 64*g9_10**2*g9_8**2 + 576*g9_10*g9_8*h2_2 - 144*g9_10*g9_8*h5_5**2 - 2592*g9_8*h3_3*h5_5 - 2592*h1_1*h3_3 - 1296*h2_2**2 + 648*h2_2*h5_5**2 + 1  <-- REDUCIBLE, 2 components
  [  26 terms] 24*g4_6*g9_10 - 24*g5_6*g9_10 + 24*g5_7*g8_9 - 72*g5_7*h5_5 - 48*g5_7 - 24*g6_7*g8_9 + 72*g6_7*h5_5 + 48*g6_7 + 12*g7_8**2 - 48*g7_8*g8_8 - 8*g7_8*g9_10**2 + 72*g7_8*g9_8
  [  35 terms] g9_8*(72*g4_6*g8_9 - 216*g4_6*h5_5 - 96*g4_6 - 72*g5_6*g8_9 + 216*g5_6*h5_5 + 96*g5_6 + 72*g5_7*g7_8 - 144*g5_7*g8_8 + 216*g5_7*g9_8 - 72*g6_7*g7_8 + 144*g6_7*g8_8 - 216*  <-- REDUCIBLE, 2 components
  [  39 terms] g9_8*(192*g4_6*g7_8 - 384*g4_6*g8_8 + 576*g4_6*g9_8 - 192*g5_6*g7_8 + 384*g5_6*g8_8 - 576*g5_6*g9_8 + 192*g5_7*g6_7 - 192*g5_7*g9_10*h5_5 - 576*g5_7*h3_3 - 288*g6_7**2 -   <-- REDUCIBLE, 2 components
  [  39 terms] g9_8**2*(384*g4_6*g7_8 - 768*g4_6*g8_8 + 1152*g4_6*g9_8 - 384*g5_6*g7_8 + 768*g5_6*g8_8 - 1152*g5_6*g9_8 + 384*g5_7*g6_7 - 384*g5_7*g9_10*h5_5 - 1152*g5_7*h3_3 - 576*g6_7  <-- REDUCIBLE, 2 components
  [  42 terms] 360*g4_6*g7_8 - 720*g4_6*g8_8 + 1080*g4_6*g9_8 - 360*g5_6*g7_8 + 720*g5_6*g8_8 - 1080*g5_6*g9_8 + 288*g5_7**2 - 792*g5_7*g6_7 - 384*g5_7*g8_9*g9_10 + 1368*g5_7*g9_10*h5_5
  [  42 terms] 72*g4_6*g7_8 - 144*g4_6*g8_8 + 216*g4_6*g9_8 - 72*g5_6*g7_8 + 144*g5_6*g8_8 - 216*g5_6*g9_8 + 36*g5_7**2 - 72*g5_7*g6_7 - 48*g5_7*g8_9*g9_10 + 144*g5_7*g9_10*h5_5 + 108*g
  [  51 terms] g9_8*(576*g4_4*g7_8 - 1152*g4_4*g8_8 + 1728*g4_4*g9_8 + 864*g4_5*h3_3 - 192*g5_6*g9_10*g9_8 + 864*g5_6*h2_2 - 216*g5_6*h5_5**2 - 192*g6_7*g8_9*g9_8 + 864*g6_7*g9_8*h5_5 +  <-- REDUCIBLE, 2 components
  [  54 terms] g9_8**2*(432*g4_4*h3_3 + 1536*g4_6*g7_8*h5_5 - 3072*g4_6*g8_8*h5_5 + 4608*g4_6*g9_8*h5_5 - 1536*g5_6*g7_8*h5_5 + 3072*g5_6*g8_8*h5_5 - 4608*g5_6*g9_8*h5_5 + 1536*g5_7*g6_  <-- REDUCIBLE, 2 components
  [  58 terms] g9_8*(144*g4_6*g5_7 - 144*g4_6*g6_7 - 96*g4_6*g8_9*g9_10 + 288*g4_6*g9_10*h5_5 + 216*g4_6*h3_3 - 144*g5_6*g5_7 + 144*g5_6*g6_7 + 96*g5_6*g8_9*g9_10 - 288*g5_6*g9_10*h5_5   <-- REDUCIBLE, 2 components
  [  62 terms] g9_8*(48*g4_5*g9_10 + 48*g4_6*g9_10 + 72*g4_6*h5_5 + 48*g5_6*g8_9 - 48*g5_6*g9_10 - 216*g5_6*h5_5 - 96*g5_6 + 96*g5_7*g8_8 + 48*g5_7*g8_9 - 144*g5_7*g9_8 - 72*g5_7*h4_4 -  <-- REDUCIBLE, 2 components
  [  63 terms] 48*g4_4*g9_10 - 48*g4_4*g9_8 + 72*g4_5*h5_5 - 384*g4_6*g7_8 + 768*g4_6*g8_8 - 1104*g4_6*g9_8 + 384*g5_6*g7_8 - 672*g5_6*g8_8 + 960*g5_6*g9_8 - 72*g5_6*h4_4 - 96*g5_6 - 38
  [  71 terms] g9_8*(504*g4_5*g7_8 - 1008*g4_5*g8_8 + 1512*g4_5*g9_8 + 1152*g4_6*g5_7 - 648*g4_6*g6_7 - 768*g4_6*g8_9*g9_10 + 1800*g4_6*g9_10*h5_5 + 972*g4_6*h3_3 - 648*g5_6*g5_7 + 144*  <-- REDUCIBLE, 2 components
  [  75 terms] g9_8**2*(48*g4_4*g9_10 + 72*g4_4*h5_5 + 48*g4_5*g9_8 + 72*g4_5*h5_5 - 384*g4_6*g7_8 + 768*g4_6*g8_8 - 1104*g4_6*g9_8 + 384*g5_6*g7_8 - 672*g5_6*g8_8 + 960*g5_6*g9_8 - 72*  <-- REDUCIBLE, 2 components
  [  76 terms] g9_8*(48*g4_4*g9_10 + 72*g4_4*h5_5 + 48*g4_5*g9_8 + 72*g4_5*h5_5 - 384*g4_6*g7_8 + 768*g4_6*g8_8 - 1104*g4_6*g9_8 + 384*g5_6*g7_8 - 672*g5_6*g8_8 + 960*g5_6*g9_8 - 72*g5_  <-- REDUCIBLE, 2 components
  [  79 terms] g9_8**2*(144*g4_4*g6_7 - 144*g4_4*g9_10*h5_5 - 216*g4_4*h3_3 - 48*g4_5*g9_10*g9_8 + 216*g4_5*h2_2 - 54*g4_5*h5_5**2 + 576*g4_6*g7_8*h5_5 - 1152*g4_6*g8_8*h5_5 + 1728*g4_6  <-- REDUCIBLE, 2 components
  [  81 terms] g9_8*(1152*g4_4*g7_8 - 2304*g4_4*g8_8 + 3456*g4_4*g9_8 + 1728*g4_5*h3_3 - 3072*g4_6*g7_8*g9_10 + 6144*g4_6*g8_8*g9_10 - 9216*g4_6*g9_10*g9_8 + 3072*g5_6*g7_8*g9_10 - 6144  <-- REDUCIBLE, 2 components
  [  91 terms] g9_8*(48*g4_4*g9_10 + 48*g4_5*g9_10 + 72*g4_5*h5_5 - 384*g4_6*g7_8 + 768*g4_6*g8_8 - 1104*g4_6*g9_8 + 72*g4_6*h5_5 + 384*g5_6*g7_8 - 672*g5_6*g8_8 + 48*g5_6*g8_9 + 960*g5  <-- REDUCIBLE, 2 components
  [  92 terms] g9_8*(48*g4_5*g8_9 - 144*g4_5*h5_5 - 48*g4_5 + 96*g4_6*g7_8 - 96*g4_6*g8_8 + 72*g4_6*g8_9 + 144*g4_6*g9_8 - 72*g4_6*h4_4 - 216*g4_6*h5_5 - 192*g4_6 - 48*g5_6*g7_8 - 72*g5  <-- REDUCIBLE, 2 components
  [  93 terms] g9_8*(5184*g4_6**2 - 10368*g4_6*g5_6 - 2880*g4_6*g7_8*g9_10 + 5760*g4_6*g8_8*g9_10 - 3456*g4_6*g8_9**2 + 20736*g4_6*g8_9*h5_5 - 5184*g4_6*g9_10*g9_8 + 15552*g4_6*h2_2 - 2  <-- REDUCIBLE, 2 components
  [  99 terms] g9_8*(1152*g4_4*g7_8 - 2304*g4_4*g8_8 + 3456*g4_4*g9_8 + 1152*g4_5*g6_7 - 1152*g4_5*g9_10*h5_5 - 1728*g4_5*h3_3 - 1536*g4_6*g7_8*g9_10 + 3072*g4_6*g8_8*g9_10 - 4992*g4_6*  <-- REDUCIBLE, 2 components
  [ 101 terms] g9_8*(72*g4_5*g5_7 - 72*g4_5*g6_7 - 48*g4_5*g8_9*g9_10 + 144*g4_5*g9_10*h5_5 + 108*g4_5*h3_3 + 72*g4_6**2 - 72*g4_6*g5_6 - 96*g4_6*g7_8*g9_10 + 144*g4_6*g8_8*g9_10 - 48*g  <-- REDUCIBLE, 2 components
  [ 105 terms] g9_8*(192*g4_4*g8_9 - 48*g4_4*g9_10 - 648*g4_4*h5_5 + 384*g4_5*g8_8 - 624*g4_5*g9_8 - 288*g4_5*h4_4 - 72*g4_5*h5_5 - 384*g4_5 + 384*g4_6*g7_8 - 768*g4_6*g8_8 + 1104*g4_6*  <-- REDUCIBLE, 2 components
  [ 112 terms] g9_8*(432*g4_4*g9_10 + 648*g4_4*h5_5 + 4608*g4_5*g7_8 - 9216*g4_5*g8_8 + 14256*g4_5*g9_8 + 648*g4_5*h5_5 - 3456*g4_6*g7_8 + 6912*g4_6*g8_8 - 9936*g4_6*g9_8 + 6912*g4_6*h3  <-- REDUCIBLE, 2 components
  [ 113 terms] g9_8*(192*g4_4*g8_9 - 48*g4_4*g9_10 - 648*g4_4*h5_5 + 384*g4_5*g8_8 + 384*g4_5*g8_9 - 624*g4_5*g9_8 - 288*g4_5*h4_4 - 1224*g4_5*h5_5 - 768*g4_5 + 1152*g4_6*g7_8 - 1536*g4  <-- REDUCIBLE, 2 components
  [ 116 terms] g9_8*(1152*g4_4*g7_8 - 2304*g4_4*g8_8 + 3456*g4_4*g9_8 + 3456*g4_5*g5_7 - 2304*g4_5*g6_7 - 2304*g4_5*g8_9*g9_10 + 5760*g4_5*g9_10*h5_5 + 3456*g4_5*h3_3 + 3456*g4_6*g5_6 -  <-- REDUCIBLE, 2 components
  [ 125 terms] g9_8*(144*g4_4*g9_10 + 216*g4_4*h5_5 + 2880*g4_5*g7_8 - 5760*g4_5*g8_8 + 8784*g4_5*g9_8 + 216*g4_5*h5_5 + 2304*g4_6*g6_7 - 1152*g4_6*g7_8 + 2304*g4_6*g8_8 - 2304*g4_6*g9_  <-- REDUCIBLE, 2 components
  [ 126 terms] g9_8*(432*g4_6*g5_7*g9_10 - 432*g4_6*g6_7*g9_10 - 288*g4_6*g7_8*g8_9 + 864*g4_6*g7_8*h5_5 + 576*g4_6*g8_8*g8_9 - 1728*g4_6*g8_8*h5_5 - 288*g4_6*g8_9*g9_10**2 - 864*g4_6*g  <-- REDUCIBLE, 2 components
  [ 143 terms] g9_8*(192*g4_4*g8_9*g9_8 + 144*g4_4*g9_10*g9_8 - 288*g4_4*g9_10*h4_4 - 648*g4_4*g9_8*h5_5 - 864*g4_4*h1_1 + 144*g4_5*g9_8**2 - 288*g4_5*g9_8*h4_4 + 216*g4_5*g9_8*h5_5 - 4  <-- REDUCIBLE, 2 components
  [ 149 terms] g9_8*(192*g4_4*g9_10*g9_8 - 144*g4_4*g9_10*h5_5 - 864*g4_4*h2_2 - 144*g4_5*g9_8*h5_5 - 216*g4_5*h5_5**2 + 1536*g4_6*g7_8*g9_8 - 4608*g4_6*g7_8*h4_4 + 1152*g4_6*g7_8*h5_5   <-- REDUCIBLE, 2 components
  [ 164 terms] g9_8*(1152*g4_4*g6_7 - 96*g4_4*g9_10**2 - 1296*g4_4*g9_10*h5_5 - 3024*g4_4*h3_3 - 480*g4_5*g9_10*g9_8 - 144*g4_5*g9_10*h5_5 + 1728*g4_5*h2_2 - 432*g4_5*h5_5**2 - 3072*g4_  <-- REDUCIBLE, 2 components
  [ 165 terms] g9_8*(7776*g4_5*g4_6 - 7776*g4_5*g5_6 - 2304*g4_5*g7_8*g9_10 + 4608*g4_5*g8_8*g9_10 - 2592*g4_5*g8_9**2 + 15552*g4_5*g8_9*h5_5 - 4320*g4_5*g9_10*g9_8 + 11664*g4_5*h2_2 -   <-- REDUCIBLE, 2 components
  [ 170 terms] g9_8*(576*g4_6**2*g9_10 - 1152*g4_6*g5_6*g9_10 - 288*g4_6*g5_7*g8_9 + 864*g4_6*g5_7*h5_5 + 288*g4_6*g6_7*g8_9 - 864*g4_6*g6_7*h5_5 + 288*g4_6*g7_8**2 - 1152*g4_6*g7_8*g8_  <-- REDUCIBLE, 2 components
  [ 172 terms] g9_8*(1152*g4_4*g5_6 - 768*g4_4*g8_8*g9_10 - 1152*g4_4*g8_9*h5_5 + 1152*g4_4*g9_10*g9_8 + 144*g4_4*g9_10*h5_5 - 1728*g4_4*h2_2 + 3240*g4_4*h5_5**2 - 384*g4_5*g8_9*g9_8 +   <-- REDUCIBLE, 2 components
  [ 195 terms] g9_8**2*(1152*g4_4*g4_5 - 576*g4_4*g7_8*h5_5 - 768*g4_4*g8_8*g8_9 + 2304*g4_4*g8_8*h5_5 + 1152*g4_4*g8_9*g9_8 - 96*g4_4*g9_10*g9_8 - 576*g4_4*g9_10*h3_3 + 144*g4_4*g9_10*  <-- REDUCIBLE, 2 components
  [ 196 terms] g9_8*(4608*g4_4*g5_7 - 4032*g4_4*g6_7 - 3072*g4_4*g8_9*g9_10 - 144*g4_4*g9_10**2 + 8424*g4_4*g9_10*h5_5 + 6048*g4_4*h3_3 + 4608*g4_5*g5_6 - 3072*g4_5*g8_8*g9_10 - 4608*g4  <-- REDUCIBLE, 2 components
  [ 213 terms] g9_8*(576*g4_5*g5_7*g9_10 - 576*g4_5*g6_7*g9_10 - 576*g4_5*g7_8*g8_9 + 1728*g4_5*g7_8*h5_5 + 1152*g4_5*g8_8*g8_9 - 3456*g4_5*g8_8*h5_5 - 384*g4_5*g8_9*g9_10**2 - 1728*g4_  <-- REDUCIBLE, 2 components
  [ 216 terms] g9_8*(2160*g4_4*g5_7 - 2160*g4_4*g6_7 - 1440*g4_4*g8_9*g9_10 + 144*g4_4*g9_10**2 + 4536*g4_4*g9_10*h5_5 + 3240*g4_4*h3_3 + 5184*g4_5*g4_6 - 3024*g4_5*g5_6 - 1872*g4_5*g7_  <-- REDUCIBLE, 2 components
  [ 253 terms] g9_8*(13824*g4_4*g5_6 - 9216*g4_4*g8_8*g9_10 - 1152*g4_4*g8_9*g9_10 - 15552*g4_4*g8_9*h5_5 + 16128*g4_4*g9_10*g9_8 + 3888*g4_4*g9_10*h5_5 - 31104*g4_4*h2_2 + 44712*g4_4*h  <-- REDUCIBLE, 2 components
  [ 308 terms] g9_8*(1728*g4_5*g4_6*g9_10 - 1728*g4_5*g5_6*g9_10 - 576*g4_5*g5_7*g8_9 + 1728*g4_5*g5_7*h5_5 + 576*g4_5*g6_7*g8_9 - 1728*g4_5*g6_7*h5_5 + 288*g4_5*g7_8**2 - 1152*g4_5*g7_  <-- REDUCIBLE, 2 components
  [ 313 terms] g9_8*(3456*g4_4*g4_6 - 3456*g4_4*g5_6 - 1152*g4_4*g7_8*g9_10 + 2304*g4_4*g8_8*g9_10 - 1152*g4_4*g8_9**2 + 144*g4_4*g8_9*g9_10 + 7128*g4_4*g8_9*h5_5 - 2304*g4_4*g9_10*g9_8  <-- REDUCIBLE, 2 components
  [ 325 terms] g9_8*(6912*g4_4*g4_6 - 5184*g4_4*g5_6 - 2880*g4_4*g7_8*g9_10 + 4608*g4_4*g8_8*g9_10 - 2304*g4_4*g8_9**2 - 288*g4_4*g8_9*g9_10 + 11664*g4_4*g8_9*h5_5 - 4608*g4_4*g9_10*g9_  <-- REDUCIBLE, 2 components
  [ 332 terms] g9_8*(13824*g4_4*g4_5 - 1152*g4_4*g7_8*g9_10 - 6912*g4_4*g7_8*h5_5 - 9216*g4_4*g8_8*g8_9 + 2304*g4_4*g8_8*g9_10 + 27648*g4_4*g8_8*h5_5 + 14976*g4_4*g8_9*g9_8 - 2304*g4_4*  <-- REDUCIBLE, 2 components
  [ 461 terms] g9_8*(1152*g4_4*g6_7*g9_10 - 4608*g4_4*g7_8*g9_8 + 9216*g4_4*g8_8*g9_8 + 5184*g4_4*g8_9*h3_3 - 768*g4_4*g9_10**2*g9_8 - 576*g4_4*g9_10**2*h5_5 + 3456*g4_4*g9_10*h2_2 - 30  <-- REDUCIBLE, 2 components
  [ 515 terms] g9_8*(10368*g4_4*g4_5 - 1152*g4_4*g6_7*g9_10 - 3456*g4_4*g7_8*g8_9 - 1440*g4_4*g7_8*g9_10 + 6480*g4_4*g7_8*h5_5 + 2880*g4_4*g8_8*g9_10 - 2592*g4_4*g8_8*h5_5 - 384*g4_4*g9  <-- REDUCIBLE, 2 components
  [ 523 terms] g9_8*(1152*g4_4*g5_7*g9_10 - 1152*g4_4*g6_7*g9_10 - 2304*g4_4*g7_8*g8_9 + 576*g4_4*g7_8*g9_10 + 7776*g4_4*g7_8*h5_5 + 4608*g4_4*g8_8*g8_9 - 1152*g4_4*g8_8*g9_10 - 15552*g  <-- REDUCIBLE, 2 components
  [ 615 terms] g9_8*(1152*g4_4*g5_7*g9_10 + 1152*g4_4*g6_7*g8_9 - 1440*g4_4*g6_7*g9_10 - 3888*g4_4*g6_7*h5_5 - 384*g4_4*g8_9*g9_10**2 - 576*g4_4*g8_9*g9_10*h5_5 - 1728*g4_4*g8_9*h3_3 +   <-- REDUCIBLE, 2 components
  [ 619 terms] g9_8*(1152*g4_4*g4_5*g9_10 - 2304*g4_4*g4_6*g9_8 + 2304*g4_4*g5_6*g9_8 + 768*g4_4*g7_8*g9_10*g9_8 - 576*g4_4*g7_8*g9_10*h5_5 - 768*g4_4*g8_8*g8_9*g9_10 - 1536*g4_4*g8_8*g  <-- REDUCIBLE, 2 components
  [ 688 terms] g9_8*(2304*g4_4*g4_6*g9_10 - 2304*g4_4*g5_6*g9_10 - 1152*g4_4*g5_7*g8_9 + 288*g4_4*g5_7*g9_10 + 3888*g4_4*g5_7*h5_5 + 1152*g4_4*g6_7*g8_9 - 288*g4_4*g6_7*g9_10 - 3888*g4_  <-- REDUCIBLE, 2 components
  [ 692 terms] g9_8*(1152*g4_4*g5_6*g9_10 - 3456*g4_4*g5_7*g9_8 + 3456*g4_4*g6_7*g9_8 - 768*g4_4*g8_8*g9_10**2 + 1152*g4_4*g8_9*g9_10*g9_8 - 576*g4_4*g8_9*g9_10*h5_5 + 3456*g4_4*g8_9*h2  <-- REDUCIBLE, 2 components
  [ 873 terms] g9_8*(4608*g4_4*g4_5*g9_10 - 9216*g4_4*g4_6*g9_10 - 4608*g4_4*g5_6*g8_9 + 10368*g4_4*g5_6*g9_10 + 15552*g4_4*g5_6*h5_5 + 3072*g4_4*g7_8*g9_10**2 - 2304*g4_4*g7_8*g9_10*h5  <-- REDUCIBLE, 2 components

47 of 51 remaining conditions are reducible (each a branch).
