start: 54 conditions, 17 parameters
round 0: PERFECT POWER 72*g2_2 + 384*g4_6*g7_8 - 768*g4_6*g8_8 + 1152*g4_6*g9_8 - 24*g5_4*g9_10 - 384*g5_6*g7_8 + 768*g5_6*g8_8 - 1176*g5_6*g9_8 + 384*g5_7*g6_7 - 384*g5_7*g9_10*h5_5 - 576*g6_7**2 - 256*g6_7*g8_9*g9_10 + 1536*g6_7*g9_10*h5_5 - 192*g7_8**2*g9_10 + 768*g7_8*g8_8*g9_10 - 128*g7_8*g8_9**2 + 768*g7_8*g8_9*h5_5 - 896*g7_8*g9_10*g9_8 - 864*g7_8*h5_5**2 - 768*g8_8**2*g9_10 + 256*g8_8*g8_9**2 - 1536*g8_8*g8_9*h5_5 + 1808*g8_8*g9_10*g9_8 + 1710*g8_8*h5_5**2 - 384*g8_9**2*g9_8 + 256*g8_9*g9_10**2*h5_5 + 2316*g8_9*g9_8*h5_5 + 576*g8_9 - 960*g9_10**2*h5_5**2 - 968*g9_10*g9_8**2 - 2592*g9_8*h5_5**2 - 54*h1_1*h5_5 + 27*h4_4*h5_5**2 - 1728*h5_5 - 1152
  [POWER] g2_2 = -(384*g4_6*g7_8 - 768*g4_6*g8_8 + 1152*g4_6*g9_8 - 24*g5_4*g9_10 - 384*g5_6*g7_8 + 768*g5_6*g8_8 - 1176*g5_6*g9_8 + 384*g5_7*g6_7 - 384*g5_7*g9_10*h5_5 - 576*g6_7**2 - 256*g6_7*g8_9*g9_10 + 1536*g6_7*g9_10*h5_5 - 192*g7_8**2*g9_10 + 768*g7_8*g8_8*g9_10 - 128*g7_8*g8_9**2 + 768*g7_8*g8_9*h5_5 - 896*g7_8*g9_10*g9_8 - 864*g7_8*h5_5**2 - 768*g8_8**2*g9_10 + 256*g8_8*g8_9**2 - 1536*g8_8*g8_9*h5_5 + 1808*g8_8*g9_10*g9_8 + 1710*g8_8*h5_5**2 - 384*g8_9**2*g9_8 + 256*g8_9*g9_10**2*h5_5 + 2316*g8_9*g9_8*h5_5 + 576*g8_9 - 960*g9_10**2*h5_5**2 - 968*g9_10*g9_8**2 - 2592*g9_8*h5_5**2 - 54*h1_1*h5_5 + 27*h4_4*h5_5**2 - 1728*h5_5 - 1152)/72  -> 53 conditions, 16 parameters
round 1: PERFECT POWER 216*g1_1 - 108*g4_4*h5_5 - 768*g4_5*g7_8 + 1536*g4_5*g8_8 - 2376*g4_5*g9_8 - 72*g5_4*g8_9 + 324*g5_4*h5_5 - 768*g5_6*g6_7 + 768*g5_6*g9_10*h5_5 + 512*g6_7*g8_8*g9_10 + 768*g6_7*g8_9*h5_5 - 512*g6_7*g9_10*g9_8 - 1728*g6_7*h5_5**2 + 576*g7_8**2*h5_5 + 512*g7_8*g8_8*g8_9 - 3072*g7_8*g8_8*h5_5 - 768*g7_8*g8_9*g9_8 + 4680*g7_8*g9_8*h5_5 + 1152*g7_8*h1_1 - 576*g7_8*h4_4*h5_5 - 1024*g8_8**2*g8_9 + 3840*g8_8**2*h5_5 + 3168*g8_8*g8_9*g9_8 - 512*g8_8*g9_10**2*h5_5 - 11952*g8_8*g9_8*h5_5 - 2520*g8_8*h1_1 + 1260*g8_8*h4_4*h5_5 - 2304*g8_8 - 768*g8_9*g9_10*h5_5**2 - 2424*g8_9*g9_8**2 - 36*g8_9*g9_8*h4_4 - 1152*g8_9 + 512*g9_10**2*g9_8*h5_5 + 1728*g9_10*h5_5**3 + 9180*g9_8**2*h5_5 + 3888*g9_8*h1_1 - 1782*g9_8*h4_4*h5_5 + 3456*g9_8 + 162*h1_1*h4_4 - 81*h4_4**2*h5_5 + 1728*h4_4 + 3456*h5_5 + 4608
  [POWER] g1_1 = (108*g4_4*h5_5 + 768*g4_5*g7_8 - 1536*g4_5*g8_8 + 2376*g4_5*g9_8 + 72*g5_4*g8_9 - 324*g5_4*h5_5 + 768*g5_6*g6_7 - 768*g5_6*g9_10*h5_5 - 512*g6_7*g8_8*g9_10 - 768*g6_7*g8_9*h5_5 + 512*g6_7*g9_10*g9_8 + 1728*g6_7*h5_5**2 - 576*g7_8**2*h5_5 - 512*g7_8*g8_8*g8_9 + 3072*g7_8*g8_8*h5_5 + 768*g7_8*g8_9*g9_8 - 4680*g7_8*g9_8*h5_5 - 1152*g7_8*h1_1 + 576*g7_8*h4_4*h5_5 + 1024*g8_8**2*g8_9 - 3840*g8_8**2*h5_5 - 3168*g8_8*g8_9*g9_8 + 512*g8_8*g9_10**2*h5_5 + 11952*g8_8*g9_8*h5_5 + 2520*g8_8*h1_1 - 1260*g8_8*h4_4*h5_5 + 2304*g8_8 + 768*g8_9*g9_10*h5_5**2 + 2424*g8_9*g9_8**2 + 36*g8_9*g9_8*h4_4 + 1152*g8_9 - 512*g9_10**2*g9_8*h5_5 - 1728*g9_10*h5_5**3 - 9180*g9_8**2*h5_5 - 3888*g9_8*h1_1 + 1782*g9_8*h4_4*h5_5 - 3456*g9_8 - 162*h1_1*h4_4 + 81*h4_4**2*h5_5 - 1728*h4_4 - 3456*h5_5 - 4608)/216  -> 52 conditions, 15 parameters
round 2: PERFECT POWER (3*g5_4 - 2*g8_8*g9_8 + 3*g9_8**2)**2
  [POWER] g5_4 = g9_8*(2*g8_8 - 3*g9_8)/3  -> 50 conditions, 14 parameters

=== after 3 UNCONDITIONAL eliminations: [('POWER', 'g2_2'), ('POWER', 'g1_1'), ('POWER', 'g5_4')]
remaining: 50 conditions in 14 parameters ['g4_4', 'g4_5', 'g4_6', 'g5_6', 'g5_7', 'g6_7', 'g7_8', 'g8_8', 'g8_9', 'g9_10', 'g9_8', 'h1_1', 'h4_4', 'h5_5']
  [  22 terms] 12*g4_6*g9_10 - 12*g5_6*g9_10 + 12*g5_7*g8_9 - 36*g5_7*h5_5 - 24*g5_7 - 12*g6_7*g8_9 + 36*g6_7*h5_5 + 24*g6_7 + 6*g7_8**2 - 24*g7_8*g8_8 - 4*g7_8*g9_10**2 + 36*g7_8*g9_8 
  [  29 terms] g9_8*(12*g4_4*g7_8 - 24*g4_4*g8_8 + 36*g4_4*g9_8 - 4*g6_7*g8_9*g9_8 + 18*g6_7*g9_8*h5_5 + 18*g6_7*h1_1 - 9*g6_7*h4_4*h5_5 - 6*g7_8**2*g9_8 + 24*g7_8*g8_8*g9_8 - 12*g7_8*g  <-- REDUCIBLE, 2 components
  [  29 terms] 36*g4_6*g8_9 - 108*g4_6*h5_5 - 48*g4_6 - 36*g5_6*g8_9 + 108*g5_6*h5_5 + 48*g5_6 + 36*g5_7*g7_8 - 72*g5_7*g8_8 + 108*g5_7*g9_8 - 36*g6_7*g7_8 + 72*g6_7*g8_8 - 108*g6_7*g9_
  [  31 terms] g9_8*(12*g4_6*g7_8 - 24*g4_6*g8_8 + 36*g4_6*g9_8 - 12*g5_6*g7_8 + 24*g5_6*g8_8 - 36*g5_6*g9_8 + 12*g5_7*g6_7 - 12*g5_7*g9_10*h5_5 - 18*g6_7**2 - 8*g6_7*g8_9*g9_10 + 48*g6  <-- REDUCIBLE, 2 components
  [  31 terms] g9_8*h5_5*(12*g4_6*g7_8 - 24*g4_6*g8_8 + 36*g4_6*g9_8 - 12*g5_6*g7_8 + 24*g5_6*g8_8 - 36*g5_6*g9_8 + 12*g5_7*g6_7 - 12*g5_7*g9_10*h5_5 - 18*g6_7**2 - 8*g6_7*g8_9*g9_10 +   <-- REDUCIBLE, 3 components
  [  31 terms] g9_8**2*(12*g4_6*g7_8 - 24*g4_6*g8_8 + 36*g4_6*g9_8 - 12*g5_6*g7_8 + 24*g5_6*g8_8 - 36*g5_6*g9_8 + 12*g5_7*g6_7 - 12*g5_7*g9_10*h5_5 - 18*g6_7**2 - 8*g6_7*g8_9*g9_10 + 48  <-- REDUCIBLE, 2 components
  [  34 terms] 180*g4_6*g7_8 - 360*g4_6*g8_8 + 540*g4_6*g9_8 - 180*g5_6*g7_8 + 360*g5_6*g8_8 - 540*g5_6*g9_8 + 144*g5_7**2 - 396*g5_7*g6_7 - 192*g5_7*g8_9*g9_10 + 684*g5_7*g9_10*h5_5 + 
  [  34 terms] 36*g4_6*g7_8 - 72*g4_6*g8_8 + 108*g4_6*g9_8 - 36*g5_6*g7_8 + 72*g5_6*g8_8 - 108*g5_6*g9_8 + 18*g5_7**2 - 36*g5_7*g6_7 - 24*g5_7*g8_9*g9_10 + 72*g5_7*g9_10*h5_5 + 18*g6_7*
  [  36 terms] g9_8*(12*g4_5*g7_8 - 24*g4_5*g8_8 + 36*g4_5*g9_8 + 12*g5_6*g6_7 - 12*g5_6*g9_10*h5_5 - 8*g6_7*g8_8*g9_10 - 12*g6_7*g8_9*h5_5 + 8*g6_7*g9_10*g9_8 + 27*g6_7*h5_5**2 - 9*g7_  <-- REDUCIBLE, 2 components
  [  36 terms] g9_8**2*(12*g4_5*g7_8 - 24*g4_5*g8_8 + 36*g4_5*g9_8 + 12*g5_6*g6_7 - 12*g5_6*g9_10*h5_5 - 8*g6_7*g8_8*g9_10 - 12*g6_7*g8_9*h5_5 + 8*g6_7*g9_10*g9_8 + 27*g6_7*h5_5**2 - 9*  <-- REDUCIBLE, 2 components
  [  45 terms] 36*g4_6*g5_7 - 36*g4_6*g6_7 - 24*g4_6*g8_9*g9_10 + 72*g4_6*g9_10*h5_5 - 36*g5_6*g5_7 + 36*g5_6*g6_7 + 24*g5_6*g8_9*g9_10 - 72*g5_6*g9_10*h5_5 - 24*g5_7*g7_8*g9_10 + 48*g5
  [  46 terms] 72*g4_4*g9_8 + 108*g4_4*h5_5 + 768*g4_5*g7_8 - 1536*g4_5*g8_8 + 2376*g4_5*g9_8 + 768*g5_6*g6_7 - 768*g5_6*g9_10*h5_5 - 512*g6_7*g8_8*g9_10 - 768*g6_7*g8_9*h5_5 + 512*g6_7
  [  50 terms] 24*g4_5*g9_10 + 24*g4_6*g9_10 + 36*g4_6*h5_5 + 24*g5_6*g8_9 - 24*g5_6*g9_10 - 108*g5_6*h5_5 - 48*g5_6 + 48*g5_7*g8_8 + 24*g5_7*g8_9 - 72*g5_7*g9_8 - 36*g5_7*h4_4 - 72*g5_
  [  52 terms] 84*g4_5*g7_8 - 168*g4_5*g8_8 + 252*g4_5*g9_8 + 144*g4_6*g6_7 - 144*g4_6*g9_10*h5_5 + 144*g5_6*g5_7 - 348*g5_6*g6_7 - 96*g5_6*g8_9*g9_10 + 492*g5_6*g9_10*h5_5 - 96*g5_7*g8
  [  52 terms] 72*g4_4*g8_9 - 216*g4_4*h5_5 + 192*g4_5*g7_8 - 240*g4_5*g8_8 + 360*g4_5*g9_8 - 108*g4_5*h4_4 - 144*g4_5 + 192*g5_6*g6_7 - 192*g5_6*g9_10*h5_5 - 128*g6_7*g8_8*g9_10 - 192*
  [  53 terms] g9_8*(144*g4_4*g6_7 - 144*g4_4*g9_10*h5_5 + 576*g4_6*g7_8*h5_5 - 1152*g4_6*g8_8*h5_5 + 1728*g4_6*g9_8*h5_5 - 576*g5_6*g7_8*h5_5 + 1152*g5_6*g8_8*h5_5 - 48*g5_6*g8_9*g9_8   <-- REDUCIBLE, 2 components
  [  58 terms] 36*g4_4*g7_8 - 72*g4_4*g8_8 + 108*g4_4*g9_8 - 96*g4_6*g7_8*g9_10 + 192*g4_6*g8_8*g9_10 - 288*g4_6*g9_10*g9_8 + 96*g5_6*g7_8*g9_10 - 192*g5_6*g8_8*g9_10 + 288*g5_6*g9_10*g
  [  58 terms] 252*g4_5*g7_8 - 504*g4_5*g8_8 + 756*g4_5*g9_8 + 576*g4_6*g5_7 - 324*g4_6*g6_7 - 384*g4_6*g8_9*g9_10 + 900*g4_6*g9_10*h5_5 - 324*g5_6*g5_7 + 72*g5_6*g6_7 + 216*g5_6*g8_9*g
  [  72 terms] 1296*g4_6**2 - 2592*g4_6*g5_6 - 720*g4_6*g7_8*g9_10 + 1440*g4_6*g8_8*g9_10 - 864*g4_6*g8_9**2 + 5184*g4_6*g8_9*h5_5 - 432*g4_6*g9_10*g9_8 - 5832*g4_6*h5_5**2 + 1296*g5_6*
  [  72 terms] 24*g4_4*g9_10 + 24*g4_5*g9_10 + 36*g4_5*h5_5 - 192*g4_6*g7_8 + 384*g4_6*g8_8 - 552*g4_6*g9_8 + 36*g4_6*h5_5 + 192*g5_6*g7_8 - 336*g5_6*g8_8 + 24*g5_6*g8_9 + 480*g5_6*g9_8
  [  74 terms] 288*g4_4*g7_8 - 576*g4_4*g8_8 + 864*g4_4*g9_8 + 288*g4_5*g6_7 - 288*g4_5*g9_10*h5_5 - 384*g4_6*g7_8*g9_10 + 768*g4_6*g8_8*g9_10 - 1152*g4_6*g9_10*g9_8 + 144*g5_6**2 + 384
  [  75 terms] g9_8*(48*g4_4*g8_9*g9_8 - 216*g4_4*g9_8*h5_5 - 216*g4_4*h1_1 + 108*g4_4*h4_4*h5_5 - 384*g4_5*g7_8*g9_8 + 768*g4_5*g7_8*h4_4 + 768*g4_5*g8_8*g9_8 - 1536*g4_5*g8_8*h4_4 - 1  <-- REDUCIBLE, 2 components
  [  78 terms] 24*g4_5*g8_9 - 72*g4_5*h5_5 - 24*g4_5 + 48*g4_6*g7_8 - 48*g4_6*g8_8 + 36*g4_6*g8_9 + 72*g4_6*g9_8 - 36*g4_6*h4_4 - 108*g4_6*h5_5 - 96*g4_6 - 24*g5_6*g7_8 - 36*g5_6*g8_9 +
  [  83 terms] 36*g4_5*g5_7 - 36*g4_5*g6_7 - 24*g4_5*g8_9*g9_10 + 72*g4_5*g9_10*h5_5 + 36*g4_6**2 - 36*g4_6*g5_6 - 48*g4_6*g7_8*g9_10 + 72*g4_6*g8_8*g9_10 - 24*g4_6*g8_9**2 + 108*g4_6*g
  [  84 terms] g9_8*(432*g4_4*g4_5 - 216*g4_4*g7_8*h5_5 - 288*g4_4*g8_8*g8_9 + 864*g4_4*g8_8*h5_5 + 432*g4_4*g8_9*g9_8 - 1296*g4_4*g9_8*h5_5 - 648*g4_4*h1_1 + 324*g4_4*h4_4*h5_5 + 240*g  <-- REDUCIBLE, 2 components
  [  85 terms] 72*g4_4*g9_10 + 108*g4_4*h5_5 + 768*g4_5*g7_8 - 1536*g4_5*g8_8 + 2376*g4_5*g9_8 + 108*g4_5*h5_5 - 576*g4_6*g7_8 + 1152*g4_6*g8_8 - 1656*g4_6*g9_8 + 768*g5_6*g6_7 + 576*g5
  [  89 terms] 432*g4_4*g6_7 - 432*g4_4*g9_10*h5_5 + 384*g4_5*g7_8*g9_10 - 768*g4_5*g8_8*g9_10 + 1152*g4_5*g9_10*g9_8 - 1152*g4_6*g7_8*g8_9 + 3888*g4_6*g7_8*h5_5 + 2304*g4_6*g8_8*g8_9 -
  [  89 terms] g9_8*(768*g4_5*g7_8*h5_5 - 1536*g4_5*g8_8*h5_5 + 2304*g4_5*g9_8*h5_5 + 768*g4_6*g7_8*g9_8 - 2304*g4_6*g7_8*h4_4 - 1536*g4_6*g8_8*g9_8 + 4608*g4_6*g8_8*h4_4 + 2304*g4_6*g9  <-- REDUCIBLE, 2 components
  [  92 terms] 288*g4_4*g7_8 - 576*g4_4*g8_8 + 864*g4_4*g9_8 + 864*g4_5*g5_7 - 576*g4_5*g6_7 - 576*g4_5*g8_9*g9_10 + 1440*g4_5*g9_10*h5_5 + 864*g4_6*g5_6 - 96*g4_6*g7_8*g9_10 - 384*g4_6
  [  94 terms] 216*g4_6*g5_7*g9_10 - 216*g4_6*g6_7*g9_10 - 144*g4_6*g7_8*g8_9 + 432*g4_6*g7_8*h5_5 + 288*g4_6*g8_8*g8_9 - 864*g4_6*g8_8*h5_5 - 144*g4_6*g8_9*g9_10**2 - 432*g4_6*g8_9*g9_
  [  98 terms] 72*g4_4*g8_9 - 216*g4_4*h5_5 + 192*g4_5*g7_8 - 240*g4_5*g8_8 + 144*g4_5*g8_9 + 360*g4_5*g9_8 - 108*g4_5*h4_4 - 432*g4_5*h5_5 - 288*g4_5 + 288*g4_6*g7_8 - 288*g4_6*g8_8 + 
  [ 102 terms] g9_8*(72*g4_4*g5_6 - 48*g4_4*g8_8*g9_10 - 72*g4_4*g8_9*h5_5 + 48*g4_4*g9_10*g9_8 + 162*g4_4*h5_5**2 - 96*g4_5*g7_8*h5_5 + 192*g4_5*g8_8*h5_5 - 24*g4_5*g8_9*g9_8 - 180*g4_  <-- REDUCIBLE, 2 components
  [ 109 terms] 1152*g4_4*g5_7 - 1008*g4_4*g6_7 - 768*g4_4*g8_9*g9_10 + 2160*g4_4*g9_10*h5_5 + 1152*g4_5*g5_6 + 384*g4_5*g7_8*g9_10 - 1536*g4_5*g8_8*g9_10 - 1152*g4_5*g8_9*h5_5 + 1920*g4
  [ 118 terms] 1080*g4_4*g5_7 - 1080*g4_4*g6_7 - 720*g4_4*g8_9*g9_10 + 2160*g4_4*g9_10*h5_5 + 2592*g4_5*g4_6 - 1512*g4_5*g5_6 - 1704*g4_5*g7_8*g9_10 + 2688*g4_5*g8_8*g9_10 - 864*g4_5*g8
  [ 123 terms] 1728*g4_4*g5_6 - 1152*g4_4*g8_8*g9_10 - 1728*g4_4*g8_9*h5_5 + 1152*g4_4*g9_10*g9_8 + 3888*g4_4*h5_5**2 + 1536*g4_5*g7_8*g8_9 - 5184*g4_5*g7_8*h5_5 - 3072*g4_5*g8_8*g8_9 +
  [ 125 terms] 144*g4_6**2*g9_10 - 288*g4_6*g5_6*g9_10 - 72*g4_6*g5_7*g8_9 + 216*g4_6*g5_7*h5_5 + 72*g4_6*g6_7*g8_9 - 216*g4_6*g6_7*h5_5 + 72*g4_6*g7_8**2 - 288*g4_6*g7_8*g8_8 - 96*g4_6
  [ 126 terms] 3888*g4_5*g4_6 - 3888*g4_5*g5_6 - 1152*g4_5*g7_8*g9_10 + 2304*g4_5*g8_8*g9_10 - 1296*g4_5*g8_9**2 + 7776*g4_5*g8_9*h5_5 - 864*g4_5*g9_10*g9_8 - 8748*g4_5*h5_5**2 + 144*g4
  [ 144 terms] 1728*g4_4*g4_5 - 648*g4_4*g7_8*h5_5 - 1152*g4_4*g8_8*g8_9 + 3024*g4_4*g8_8*h5_5 + 1872*g4_4*g8_9*g9_8 - 5184*g4_4*g9_8*h5_5 - 3240*g4_4*h1_1 + 1620*g4_4*h4_4*h5_5 + 1536*
  [ 163 terms] 144*g4_5*g5_7*g9_10 - 144*g4_5*g6_7*g9_10 - 144*g4_5*g7_8*g8_9 + 432*g4_5*g7_8*h5_5 + 288*g4_5*g8_8*g8_9 - 864*g4_5*g8_8*h5_5 - 96*g4_5*g8_9*g9_10**2 - 432*g4_5*g8_9*g9_8
  [ 164 terms] 864*g4_4*g4_6 - 864*g4_4*g5_6 - 288*g4_4*g7_8*g9_10 + 576*g4_4*g8_8*g9_10 - 288*g4_4*g8_9**2 + 1728*g4_4*g8_9*h5_5 - 288*g4_4*g9_10*g9_8 - 1944*g4_4*h5_5**2 + 432*g4_5**2
  [ 174 terms] 864*g4_4*g4_6 - 648*g4_4*g5_6 - 360*g4_4*g7_8*g9_10 + 576*g4_4*g8_8*g9_10 - 288*g4_4*g8_9**2 + 1512*g4_4*g8_9*h5_5 - 360*g4_4*g9_10*g9_8 - 1458*g4_4*h5_5**2 + 432*g4_5**2
  [ 221 terms] 432*g4_4*g6_7*h5_5 + 1152*g4_4*g7_8*g9_8 - 2304*g4_4*g8_8*g9_8 - 432*g4_4*g9_10*h5_5**2 + 3456*g4_4*g9_8**2 + 5184*g4_4 + 3072*g4_5*g6_7*g7_8 - 6144*g4_5*g6_7*g8_8 + 1036
  [ 230 terms] 432*g4_5*g4_6*g9_10 - 432*g4_5*g5_6*g9_10 - 144*g4_5*g5_7*g8_9 + 432*g4_5*g5_7*h5_5 + 144*g4_5*g6_7*g8_9 - 432*g4_5*g6_7*h5_5 + 72*g4_5*g7_8**2 - 288*g4_5*g7_8*g8_8 - 144
  [ 238 terms] 7776*g4_4*g4_5 - 864*g4_4*g6_7*g9_10 - 2592*g4_4*g7_8*g8_9 + 6480*g4_4*g7_8*h5_5 - 5184*g4_4*g8_8*h5_5 + 864*g4_4*g9_10**2*h5_5 + 7776*g4_4*g9_8*h5_5 - 11664*g4_4*h1_1 + 
  [ 252 terms] 864*g4_4*g5_7*g9_10 - 864*g4_4*g6_7*g9_10 - 1728*g4_4*g7_8*g8_9 + 5184*g4_4*g7_8*h5_5 + 3456*g4_4*g8_8*g8_9 - 10368*g4_4*g8_8*h5_5 - 576*g4_4*g8_9*g9_10**2 - 5184*g4_4*g8
  [ 278 terms] 648*g4_4*g5_7*h5_5 - 432*g4_4*g6_7*g8_9 + 648*g4_4*g6_7*h5_5 + 3888*g4_4 + 648*g4_5*g5_6*h5_5 + 4608*g4_5*g5_7*g7_8 - 9216*g4_5*g5_7*g8_8 + 14688*g4_5*g5_7*g9_8 - 5760*g4
  [ 298 terms] 1296*g4_4*g4_5*h5_5 + 1728*g4_4*g4_6*g9_8 - 1728*g4_4*g5_6*g9_8 - 576*g4_4*g7_8*g9_10*g9_8 - 648*g4_4*g7_8*h5_5**2 - 864*g4_4*g8_8*g8_9*h5_5 + 1152*g4_4*g8_8*g9_10*g9_8 +
  [ 322 terms] 648*g4_4*g5_6*h5_5 + 1296*g4_4*g5_7*g9_8 - 1296*g4_4*g6_7*g9_8 - 432*g4_4*g8_8*g9_10*h5_5 - 720*g4_4*g8_9*g9_10*g9_8 - 648*g4_4*g8_9*h5_5**2 + 2376*g4_4*g9_10*g9_8*h5_5 -
  [ 322 terms] 1728*g4_4*g4_6*g9_10 - 1728*g4_4*g5_6*g9_10 - 864*g4_4*g5_7*g8_9 + 2592*g4_4*g5_7*h5_5 + 864*g4_4*g6_7*g8_9 - 2592*g4_4*g6_7*h5_5 - 576*g4_4*g7_8*g9_10**2 + 1152*g4_4*g8_
  [ 377 terms] 864*g4_4*g4_5*g9_10 + 2592*g4_4*g4_6*h5_5 - 864*g4_4*g5_6*g8_9 - 1296*g4_4*g7_8*g9_10*h5_5 + 1728*g4_4*g8_8*g9_10*h5_5 + 288*g4_4*g8_9*g9_10*g9_8 + 648*g4_4*g8_9*h5_5**2 

11 of 50 remaining conditions are reducible (each a branch).
