start: 42 conditions, 18 parameters
round 0: PERFECT POWER 16*g3_3 - 16*g8_8*h3_3 - 12*h2_2*h5_5 + 12*h3_3*h4_4 + h5_5**3
  [POWER] g3_3 = (16*g8_8*h3_3 + 12*h2_2*h5_5 - 12*h3_3*h4_4 - h5_5**3)/16  -> 41 conditions, 17 parameters
round 1: PERFECT POWER 144*g2_2 + 768*g4_6*g7_8 - 1536*g4_6*g8_8 - 768*g5_6*g7_8 + 1536*g5_6*g8_8 + 768*g5_7*g6_7 - 768*g5_7*g9_10*h5_5 - 2304*g5_7*h3_3 - 1152*g6_7**2 - 512*g6_7*g8_9*g9_10 + 3072*g6_7*g9_10*h5_5 + 5760*g6_7*h3_3 - 384*g7_8**2*g9_10 + 1536*g7_8*g8_8*g9_10 - 256*g7_8*g8_9**2 + 1536*g7_8*g8_9*h5_5 + 1152*g7_8*h2_2 - 2016*g7_8*h5_5**2 - 1536*g8_8**2*g9_10 + 512*g8_8*g8_9**2 - 3072*g8_8*g8_9*h5_5 - 2448*g8_8*h2_2 + 4032*g8_8*h5_5**2 + 512*g8_9*g9_10**2*h5_5 + 1536*g8_9*g9_10*h3_3 + 1152*g8_9 - 1920*g9_10**2*h5_5**2 - 8064*g9_10*h3_3*h5_5 - 108*h1_1*h5_5 + 108*h2_2*h4_4 - 6966*h3_3**2 + 27*h4_4*h5_5**2 - 3456*h5_5 - 2304
  [POWER] g2_2 = -(768*g4_6*g7_8 - 1536*g4_6*g8_8 - 768*g5_6*g7_8 + 1536*g5_6*g8_8 + 768*g5_7*g6_7 - 768*g5_7*g9_10*h5_5 - 2304*g5_7*h3_3 - 1152*g6_7**2 - 512*g6_7*g8_9*g9_10 + 3072*g6_7*g9_10*h5_5 + 5760*g6_7*h3_3 - 384*g7_8**2*g9_10 + 1536*g7_8*g8_8*g9_10 - 256*g7_8*g8_9**2 + 1536*g7_8*g8_9*h5_5 + 1152*g7_8*h2_2 - 2016*g7_8*h5_5**2 - 1536*g8_8**2*g9_10 + 512*g8_8*g8_9**2 - 3072*g8_8*g8_9*h5_5 - 2448*g8_8*h2_2 + 4032*g8_8*h5_5**2 + 512*g8_9*g9_10**2*h5_5 + 1536*g8_9*g9_10*h3_3 + 1152*g8_9 - 1920*g9_10**2*h5_5**2 - 8064*g9_10*h3_3*h5_5 - 108*h1_1*h5_5 + 108*h2_2*h4_4 - 6966*h3_3**2 + 27*h4_4*h5_5**2 - 3456*h5_5 - 2304)/144  -> 40 conditions, 16 parameters
round 2: PERFECT POWER 432*g1_1 - 216*g4_4*h5_5 - 1536*g4_5*g7_8 + 3072*g4_5*g8_8 - 2304*g4_6*h3_3 - 1536*g5_6*g6_7 + 1536*g5_6*g9_10*h5_5 + 6912*g5_6*h3_3 - 2304*g5_7*h2_2 + 576*g5_7*h5_5**2 + 1024*g6_7*g8_8*g9_10 + 1536*g6_7*g8_9*h5_5 + 6912*g6_7*h2_2 - 5184*g6_7*h5_5**2 + 1152*g7_8**2*h5_5 + 1024*g7_8*g8_8*g8_9 - 6144*g7_8*g8_8*h5_5 + 2304*g7_8*g9_10*h3_3 + 2304*g7_8*h1_1 - 1152*g7_8*h4_4*h5_5 - 2048*g8_8**2*g8_9 + 7680*g8_8**2*h5_5 - 1024*g8_8*g9_10**2*h5_5 - 7680*g8_8*g9_10*h3_3 - 5040*g8_8*h1_1 + 2520*g8_8*h4_4*h5_5 - 4608*g8_8 + 768*g8_9**2*h3_3 + 1536*g8_9*g9_10*h2_2 - 1920*g8_9*g9_10*h5_5**2 - 9216*g8_9*h3_3*h5_5 - 2304*g8_9 - 9216*g9_10*h2_2*h5_5 + 5760*g9_10*h5_5**3 + 324*h1_1*h4_4 - 21060*h2_2*h3_3 + 20979*h3_3*h5_5**2 - 162*h4_4**2*h5_5 + 3456*h4_4 + 6912*h5_5 + 9216
  [POWER] g1_1 = (216*g4_4*h5_5 + 1536*g4_5*g7_8 - 3072*g4_5*g8_8 + 2304*g4_6*h3_3 + 1536*g5_6*g6_7 - 1536*g5_6*g9_10*h5_5 - 6912*g5_6*h3_3 + 2304*g5_7*h2_2 - 576*g5_7*h5_5**2 - 1024*g6_7*g8_8*g9_10 - 1536*g6_7*g8_9*h5_5 - 6912*g6_7*h2_2 + 5184*g6_7*h5_5**2 - 1152*g7_8**2*h5_5 - 1024*g7_8*g8_8*g8_9 + 6144*g7_8*g8_8*h5_5 - 2304*g7_8*g9_10*h3_3 - 2304*g7_8*h1_1 + 1152*g7_8*h4_4*h5_5 + 2048*g8_8**2*g8_9 - 7680*g8_8**2*h5_5 + 1024*g8_8*g9_10**2*h5_5 + 7680*g8_8*g9_10*h3_3 + 5040*g8_8*h1_1 - 2520*g8_8*h4_4*h5_5 + 4608*g8_8 - 768*g8_9**2*h3_3 - 1536*g8_9*g9_10*h2_2 + 1920*g8_9*g9_10*h5_5**2 + 9216*g8_9*h3_3*h5_5 + 2304*g8_9 + 9216*g9_10*h2_2*h5_5 - 5760*g9_10*h5_5**3 - 324*h1_1*h4_4 + 21060*h2_2*h3_3 - 20979*h3_3*h5_5**2 + 162*h4_4**2*h5_5 - 3456*h4_4 - 6912*h5_5 - 9216)/432  -> 39 conditions, 15 parameters

=== after 3 UNCONDITIONAL eliminations: [('POWER', 'g3_3'), ('POWER', 'g2_2'), ('POWER', 'g1_1')]
remaining: 39 conditions in 15 parameters ['g4_4', 'g4_5', 'g4_6', 'g5_6', 'g5_7', 'g6_7', 'g7_8', 'g8_8', 'g8_9', 'g9_10', 'h1_1', 'h2_2', 'h3_3', 'h4_4', 'h5_5']
  [  22 terms] 24*g4_6*g9_10 - 24*g5_6*g9_10 + 24*g5_7*g8_9 - 72*g5_7*h5_5 - 48*g5_7 - 24*g6_7*g8_9 + 72*g6_7*h5_5 + 48*g6_7 + 12*g7_8**2 - 48*g7_8*g8_8 - 8*g7_8*g9_10**2 + 48*g8_8**2 +
  [  29 terms] 72*g4_6*g8_9 - 216*g4_6*h5_5 - 96*g4_6 - 72*g5_6*g8_9 + 216*g5_6*h5_5 + 96*g5_6 + 72*g5_7*g7_8 - 144*g5_7*g8_8 - 72*g6_7*g7_8 + 144*g6_7*g8_8 - 72*g7_8*g8_9*g9_10 + 216*g
  [  33 terms] 360*g4_6*g7_8 - 720*g4_6*g8_8 - 360*g5_6*g7_8 + 720*g5_6*g8_8 + 288*g5_7**2 - 792*g5_7*g6_7 - 384*g5_7*g8_9*g9_10 + 1368*g5_7*g9_10*h5_5 + 1512*g5_7*h3_3 + 612*g6_7**2 + 
  [  33 terms] 72*g4_6*g7_8 - 144*g4_6*g8_8 - 72*g5_6*g7_8 + 144*g5_6*g8_8 + 36*g5_7**2 - 72*g5_7*g6_7 - 48*g5_7*g8_9*g9_10 + 144*g5_7*g9_10*h5_5 + 108*g5_7*h3_3 + 36*g6_7**2 + 48*g6_7*
  [  41 terms] 216*g4_4*h5_5 + 1536*g4_5*g7_8 - 3072*g4_5*g8_8 + 2304*g4_6*h3_3 + 1536*g5_6*g6_7 - 1536*g5_6*g9_10*h5_5 - 6912*g5_6*h3_3 + 2304*g5_7*h2_2 - 576*g5_7*h5_5**2 - 1024*g6_7*
  [  46 terms] 144*g4_6*g5_7 - 144*g4_6*g6_7 - 96*g4_6*g8_9*g9_10 + 288*g4_6*g9_10*h5_5 + 216*g4_6*h3_3 - 144*g5_6*g5_7 + 144*g5_6*g6_7 + 96*g5_6*g8_9*g9_10 - 288*g5_6*g9_10*h5_5 - 216*
  [  50 terms] 168*g4_5*g7_8 - 336*g4_5*g8_8 + 288*g4_6*g6_7 - 288*g4_6*g9_10*h5_5 - 612*g4_6*h3_3 + 288*g5_6*g5_7 - 696*g5_6*g6_7 - 192*g5_6*g8_9*g9_10 + 984*g5_6*g9_10*h5_5 + 1404*g5_
  [  52 terms] 48*g4_5*g9_10 + 48*g4_6*g9_10 + 72*g4_6*h5_5 + 48*g5_6*g8_9 - 48*g5_6*g9_10 - 216*g5_6*h5_5 - 96*g5_6 + 96*g5_7*g8_8 + 48*g5_7*g8_9 - 72*g5_7*h4_4 - 144*g5_7*h5_5 - 192*g
  [  52 terms] 144*g4_4*g8_9 - 432*g4_4*h5_5 + 384*g4_5*g7_8 - 480*g4_5*g8_8 - 216*g4_5*h4_4 - 288*g4_5 + 576*g4_6*h3_3 + 384*g5_6*g6_7 - 384*g5_6*g9_10*h5_5 - 1512*g5_6*h3_3 + 576*g5_7
  [  56 terms] 1152*g4_4*g7_8 - 2304*g4_4*g8_8 + 1728*g4_5*h3_3 - 3072*g4_6*g7_8*g9_10 + 6144*g4_6*g8_8*g9_10 + 3072*g5_6*g7_8*g9_10 - 6144*g5_6*g8_8*g9_10 + 1728*g5_6*h2_2 - 432*g5_6*h
  [  56 terms] 504*g4_5*g7_8 - 1008*g4_5*g8_8 + 1152*g4_6*g5_7 - 648*g4_6*g6_7 - 768*g4_6*g8_9*g9_10 + 1800*g4_6*g9_10*h5_5 + 972*g4_6*h3_3 - 648*g5_6*g5_7 + 144*g5_6*g6_7 + 432*g5_6*g8
  [  72 terms] 5184*g4_6**2 - 10368*g4_6*g5_6 - 2880*g4_6*g7_8*g9_10 + 5760*g4_6*g8_8*g9_10 - 3456*g4_6*g8_9**2 + 20736*g4_6*g8_9*h5_5 + 15552*g4_6*h2_2 - 27216*g4_6*h5_5**2 + 5184*g5_6
  [  73 terms] 1152*g4_4*g7_8 - 2304*g4_4*g8_8 + 1152*g4_5*g6_7 - 1152*g4_5*g9_10*h5_5 - 1728*g4_5*h3_3 - 1536*g4_6*g7_8*g9_10 + 3072*g4_6*g8_8*g9_10 + 1728*g4_6*h2_2 - 432*g4_6*h5_5**2
  [  75 terms] 48*g4_4*g9_10 + 48*g4_5*g9_10 + 72*g4_5*h5_5 - 384*g4_6*g7_8 + 768*g4_6*g8_8 + 72*g4_6*h5_5 + 384*g5_6*g7_8 - 672*g5_6*g8_8 + 48*g5_6*g8_9 - 72*g5_6*h4_4 - 216*g5_6*h5_5 
  [  76 terms] 48*g4_5*g8_9 - 144*g4_5*h5_5 - 48*g4_5 + 96*g4_6*g7_8 - 96*g4_6*g8_8 + 72*g4_6*g8_9 - 72*g4_6*h4_4 - 216*g4_6*h5_5 - 192*g4_6 - 48*g5_6*g7_8 - 72*g5_6*g8_9 + 72*g5_6*h4_4
  [  78 terms] 72*g4_5*g5_7 - 72*g4_5*g6_7 - 48*g4_5*g8_9*g9_10 + 144*g4_5*g9_10*h5_5 + 108*g4_5*h3_3 + 72*g4_6**2 - 72*g4_6*g5_6 - 96*g4_6*g7_8*g9_10 + 144*g4_6*g8_8*g9_10 - 48*g4_6*g8
  [  83 terms] 144*g4_4*g9_10 + 216*g4_4*h5_5 + 1536*g4_5*g7_8 - 3072*g4_5*g8_8 + 216*g4_5*h5_5 - 1152*g4_6*g7_8 + 2304*g4_6*g8_8 + 2304*g4_6*h3_3 + 1536*g5_6*g6_7 + 1152*g5_6*g7_8 - 20
  [  89 terms] 1152*g4_4*g7_8 - 2304*g4_4*g8_8 + 3456*g4_5*g5_7 - 2304*g4_5*g6_7 - 2304*g4_5*g8_9*g9_10 + 5760*g4_5*g9_10*h5_5 + 3456*g4_5*h3_3 + 3456*g4_6*g5_6 - 384*g4_6*g7_8*g9_10 - 
  [  95 terms] 432*g4_6*g5_7*g9_10 - 432*g4_6*g6_7*g9_10 - 288*g4_6*g7_8*g8_9 + 864*g4_6*g7_8*h5_5 + 576*g4_6*g8_8*g8_9 - 1728*g4_6*g8_8*h5_5 - 288*g4_6*g8_9*g9_10**2 + 864*g4_6*g9_10**
  [  96 terms] 3456*g4_4*g6_7 - 3456*g4_4*g9_10*h5_5 - 9072*g4_4*h3_3 + 3072*g4_5*g7_8*g9_10 - 6144*g4_5*g8_8*g9_10 + 5184*g4_5*h2_2 - 1296*g4_5*h5_5**2 - 9216*g4_6*g7_8*g8_9 + 31104*g4
  [  97 terms] 144*g4_4*g8_9 - 432*g4_4*h5_5 + 384*g4_5*g7_8 - 480*g4_5*g8_8 + 288*g4_5*g8_9 - 216*g4_5*h4_4 - 864*g4_5*h5_5 - 576*g4_5 + 576*g4_6*g7_8 - 576*g4_6*g8_8 + 576*g4_6*h3_3 -
  [ 114 terms] 1152*g4_4*g5_7 - 1008*g4_4*g6_7 - 768*g4_4*g8_9*g9_10 + 2160*g4_4*g9_10*h5_5 + 1512*g4_4*h3_3 + 1152*g4_5*g5_6 + 384*g4_5*g7_8*g9_10 - 1536*g4_5*g8_8*g9_10 - 1152*g4_5*g8
  [ 122 terms] 576*g4_6**2*g9_10 - 1152*g4_6*g5_6*g9_10 - 288*g4_6*g5_7*g8_9 + 864*g4_6*g5_7*h5_5 + 288*g4_6*g6_7*g8_9 - 864*g4_6*g6_7*h5_5 + 288*g4_6*g7_8**2 - 1152*g4_6*g7_8*g8_8 - 38
  [ 123 terms] 2160*g4_4*g5_7 - 2160*g4_4*g6_7 - 1440*g4_4*g8_9*g9_10 + 4320*g4_4*g9_10*h5_5 + 3240*g4_4*h3_3 + 5184*g4_5*g4_6 - 3024*g4_5*g5_6 - 3408*g4_5*g7_8*g9_10 + 5376*g4_5*g8_8*g
  [ 124 terms] 3456*g4_4*g5_6 - 2304*g4_4*g8_8*g9_10 - 3456*g4_4*g8_9*h5_5 - 7776*g4_4*h2_2 + 9720*g4_4*h5_5**2 + 3072*g4_5*g7_8*g8_9 - 10368*g4_5*g7_8*h5_5 - 6144*g4_5*g8_8*g8_9 + 2073
  [ 127 terms] 7776*g4_5*g4_6 - 7776*g4_5*g5_6 - 2304*g4_5*g7_8*g9_10 + 4608*g4_5*g8_8*g9_10 - 2592*g4_5*g8_9**2 + 15552*g4_5*g8_9*h5_5 + 11664*g4_5*h2_2 - 20412*g4_5*h5_5**2 + 288*g4_6
  [ 150 terms] 13824*g4_4*g4_5 - 5184*g4_4*g7_8*h5_5 - 9216*g4_4*g8_8*g8_9 + 24192*g4_4*g8_8*h5_5 - 12096*g4_4*g9_10*h3_3 - 25920*g4_4*h1_1 + 12960*g4_4*h4_4*h5_5 + 12288*g4_5*g7_8**2 -
  [ 157 terms] 576*g4_5*g5_7*g9_10 - 576*g4_5*g6_7*g9_10 - 576*g4_5*g7_8*g8_9 + 1728*g4_5*g7_8*h5_5 + 1152*g4_5*g8_8*g8_9 - 3456*g4_5*g8_8*h5_5 - 384*g4_5*g8_9*g9_10**2 + 1152*g4_5*g9_1
  [ 158 terms] 864*g4_4*g4_6 - 864*g4_4*g5_6 - 288*g4_4*g7_8*g9_10 + 576*g4_4*g8_8*g9_10 - 288*g4_4*g8_9**2 + 1728*g4_4*g8_9*h5_5 + 1296*g4_4*h2_2 - 2268*g4_4*h5_5**2 + 432*g4_5**2 - 52
  [ 175 terms] 6912*g4_4*g4_6 - 5184*g4_4*g5_6 - 2880*g4_4*g7_8*g9_10 + 4608*g4_4*g8_8*g9_10 - 2304*g4_4*g8_9**2 + 12096*g4_4*g8_9*h5_5 + 7776*g4_4*h2_2 - 13608*g4_4*h5_5**2 + 3456*g4_5
  [ 228 terms] 432*g4_4*g6_7*h5_5 - 1296*g4_4*g8_9*h3_3 - 864*g4_4*g9_10*h2_2 - 216*g4_4*g9_10*h5_5**2 + 3240*g4_4*h3_3*h5_5 + 5184*g4_4 + 3072*g4_5*g6_7*g7_8 - 6144*g4_5*g6_7*g8_8 - 15
  [ 229 terms] 1728*g4_5*g4_6*g9_10 - 1728*g4_5*g5_6*g9_10 - 576*g4_5*g5_7*g8_9 + 1728*g4_5*g5_7*h5_5 + 576*g4_5*g6_7*g8_9 - 1728*g4_5*g6_7*h5_5 + 288*g4_5*g7_8**2 - 1152*g4_5*g7_8*g8_8
  [ 246 terms] 31104*g4_4*g4_5 - 3456*g4_4*g6_7*g9_10 - 10368*g4_4*g7_8*g8_9 + 25920*g4_4*g7_8*h5_5 - 20736*g4_4*g8_8*h5_5 + 3456*g4_4*g9_10**2*h5_5 - 10368*g4_4*g9_10*h3_3 - 46656*g4_4
  [ 253 terms] 3456*g4_4*g5_7*g9_10 - 3456*g4_4*g6_7*g9_10 - 6912*g4_4*g7_8*g8_9 + 20736*g4_4*g7_8*h5_5 + 13824*g4_4*g8_8*g8_9 - 41472*g4_4*g8_8*h5_5 - 2304*g4_4*g8_9*g9_10**2 + 6912*g4
  [ 277 terms] 2592*g4_4*g4_5*h5_5 - 1296*g4_4*g7_8*h5_5**2 - 1728*g4_4*g8_8*g8_9*h5_5 + 5184*g4_4*g8_8*h5_5**2 - 2592*g4_4*g8_9*h1_1 + 1296*g4_4*g8_9*h4_4*h5_5 - 1296*g4_4*g9_10*h3_3*h
  [ 286 terms] 1296*g4_4*g5_7*h5_5 - 864*g4_4*g6_7*g8_9 + 1296*g4_4*g6_7*h5_5 + 1296*g4_4*g8_9*h3_3 - 1944*g4_4*h3_3*h5_5 + 7776*g4_4 + 1296*g4_5*g5_6*h5_5 + 9216*g4_5*g5_7*g7_8 - 18432
  [ 333 terms] 5184*g4_4*g5_6*h5_5 - 3456*g4_4*g8_8*g9_10*h5_5 - 10368*g4_4*g8_9*h2_2 - 2592*g4_4*g8_9*h5_5**2 - 5184*g4_4*g9_10*h1_1 + 2592*g4_4*g9_10*h4_4*h5_5 + 23328*g4_4*h2_2*h5_5 
  [ 345 terms] 3456*g4_4*g4_6*g9_10 - 3456*g4_4*g5_6*g9_10 - 1728*g4_4*g5_7*g8_9 + 5184*g4_4*g5_7*h5_5 + 1728*g4_4*g6_7*g8_9 - 5184*g4_4*g6_7*h5_5 - 1152*g4_4*g7_8*g9_10**2 + 2304*g4_4*
  [ 406 terms] 3456*g4_4*g4_5*g9_10 + 10368*g4_4*g4_6*h5_5 - 3456*g4_4*g5_6*g8_9 - 5184*g4_4*g7_8*g9_10*h5_5 + 6912*g4_4*g8_8*g9_10*h5_5 + 5184*g4_4*g8_9*h2_2 + 1296*g4_4*g8_9*h5_5**2 -

0 of 39 remaining conditions are reducible (each a branch).
