vdim = 35
fglm secs = 28
lex GB size = 17
GL t9^5+156*t9^4-463*t9^3+961*t9^2+1770*t9+1154
GL t8^7+1357*t9^4+1723*t9^3-1900*t9^2-2240*t9-424
GL t7+1450*t8^2*t9^4+2251*t8^2*t9^3+1511*t8^2*t9^2+646*t8^2*t9+2400*t8^2
GL t6+2119*t8^3*t9^4-1495*t8^3*t9^3+764*t8^3*t9^2-998*t8^3*t9+1850*t8^3
GL t5+2182*t8^4*t9^4-69*t8^4*t9^3-2349*t8^4*t9^2+1049*t8^4*t9-293*t8^4
GL t4+617*t8^5*t9^4+933*t8^5*t9^3-1901*t8^5*t9^2-1420*t8^5*t9-1591*t8^5
GL t3+529*t8^6*t9^4-2298*t8^6*t9^3-1712*t8^6*t9^2-519*t8^6*t9+862*t8^6
GL t2-1
GL t12+124*t8^4*t9^4-1473*t8^4*t9^3+2391*t8^4*t9^2-2276*t8^4*t9-1604*t8^4
GL t11+610*t8^5*t9^4+1259*t8^5*t9^3-1704*t8^5*t9^2+1763*t8^5*t9-359*t8^5
GL t10+2025*t8^6*t9^4-2272*t8^6*t9^3-293*t8^6*t9^2-785*t8^6*t9-1414*t8^6
GL q7-2391*t8*t9^4-831*t8*t9^3-2454*t8*t9^2-1508*t8*t9+1229*t8
GL q6+206*t8^2*t9^4-883*t8^2*t9^3-721*t8^2*t9^2-1878*t8^2*t9+144*t8^2
GL q5+1532*t8^3*t9^4+1601*t8^3*t9^3+2250*t8^3*t9^2-1609*t8^3*t9-1025*t8^3
GL q4+612*t8^4*t9^4-709*t8^4*t9^3+2485*t8^4*t9^2-1028*t8^4*t9-905*t8^4
GL q3+617*t8^5*t9^4+933*t8^5*t9^3-1901*t8^5*t9^2-1420*t8^5*t9-1591*t8^5
GL q2-1801*t8^6*t9^4+1742*t8^6*t9^3-2568*t8^6*t9^2+1816*t8^6*t9+1293*t8^6
