vdim = 35
fglm secs = 26
lex GB size = 17
GL t9^5-2456*t9^4+1109*t9^3+1800*t9^2+1845*t9+2421
GL t8^7+1227*t9^4-2447*t9^3+736*t9^2-2564*t9+2257
GL t7-1888*t8^2*t9^4-2530*t8^2*t9^3+2300*t8^2*t9^2+142*t8^2*t9-313*t8^2
GL t6-2672*t8^3*t9^4+2562*t8^3*t9^3+40*t8^3*t9^2-658*t8^3*t9-1795*t8^3
GL t5+187*t8^4*t9^4-557*t8^4*t9^3+2498*t8^4*t9^2+1757*t8^4*t9-2593*t8^4
GL t4-299*t8^5*t9^4-1530*t8^5*t9^3-2644*t8^5*t9^2-1888*t8^5*t9-2164*t8^5
GL t3-1503*t8^6*t9^4-287*t8^6*t9^3-132*t8^6*t9^2+880*t8^6*t9+1099*t8^6
GL t2-1
GL t12-2168*t8^4*t9^4+305*t8^4*t9^3-793*t8^4*t9^2+107*t8^4*t9-2505*t8^4
GL t11+1391*t8^5*t9^4+148*t8^5*t9^3-1678*t8^5*t9^2+263*t8^5*t9-2472*t8^5
GL t10-284*t8^6*t9^4-2526*t8^6*t9^3+1733*t8^6*t9^2+2086*t8^6*t9+1465*t8^6
GL q7-1534*t8*t9^4-1478*t8*t9^3-2702*t8*t9^2+1549*t8*t9+1926*t8
GL q6+1676*t8^2*t9^4-452*t8^2*t9^3-1423*t8^2*t9^2-17*t8^2*t9+1070*t8^2
GL q5+808*t8^3*t9^4+2604*t8^3*t9^3+1040*t8^3*t9^2-1408*t8^3*t9+1398*t8^3
GL q4+2204*t8^4*t9^4+1553*t8^4*t9^3-1895*t8^4*t9^2-503*t8^4*t9+2492*t8^4
GL q3-299*t8^5*t9^4-1530*t8^5*t9^3-2644*t8^5*t9^2-1888*t8^5*t9-2164*t8^5
GL q2+466*t8^6*t9^4+2290*t8^6*t9^3-198*t8^6*t9^2+1320*t8^6*t9-1072*t8^6
