185684 configurations, <= 18 unknowns, 240s each
CFG mu=1 r=1 s=0 k=1 tops=(1, 1) M=4 degP=2 degQ=8 vars=4 conds=0 | VERDICT dim 4 GB1 c(2)*c(3)*U-1   resonant-free: [(0, 0)]
  ^^^ NON-EMPTY
CFG mu=2 r=2 s=1 k=1 tops=(0, 1, 1) M=4 degP=2 degQ=12 vars=4 conds=0 | VERDICT dim 4 GB1 c(1)*c(3)*U-1   resonant-free: [(0, 0)]
  ^^^ NON-EMPTY
CFG mu=1 r=1 s=1 k=2 tops=(1, 1) M=4 degP=2 degQ=8 vars=5 conds=0 | VERDICT dim 5 GB1 c(2)*c(3)*U-1   resonant-free: [(1, 1), (0, 0)]
  ^^^ NON-EMPTY
CFG mu=1 r=2 s=0 k=2 tops=(0, 1, 2) M=6 degP=2 degQ=12 vars=4 conds=1 | VERDICT dim -1 GB1 1   resonant-free: [(0, 0)]
CFG mu=2 r=2 s=3 k=2 tops=(0, 1, 1) M=4 degP=2 degQ=12 vars=5 conds=0 | VERDICT dim 5 GB1 c(1)*c(3)*U-1   resonant-free: [(2, 1), (0, 0)]
  ^^^ NON-EMPTY
CFG mu=1 r=1 s=0 k=1 tops=(0, 2) M=6 degP=3 degQ=12 vars=4 conds=1 | VERDICT dim -1 GB1 1   resonant-free: [(0, 0)]
CFG mu=1 r=1 s=1 k=2 tops=(0, 2) M=6 degP=3 degQ=12 vars=5 conds=0 | VERDICT dim 5 GB1 c(1)*c(3)*U-1   resonant-free: [(1, 1), (0, 0)]
  ^^^ NON-EMPTY
CFG mu=1 r=2 s=0 k=2 tops=(1, 1, 2) M=6 degP=2 degQ=12 vars=5 conds=1 | VERDICT dim -1 GB1 1   resonant-free: [(0, 0)]
CFG mu=1 r=1 s=0 k=1 tops=(1, 2) M=6 degP=3 degQ=12 vars=5 conds=1 | VERDICT dim -1 GB1 1   resonant-free: [(0, 0)]
CFG mu=2 r=2 s=1 k=1 tops=(1, 1, 1) M=4 degP=3 degQ=12 vars=5 conds=1 | VERDICT dim -1 GB1 1   resonant-free: [(0, 0)]
CFG mu=2 r=3 s=0 k=1 tops=(0, 1, 1, 2) M=6 degP=3 degQ=18 vars=5 conds=1 | VERDICT dim -1 GB1 1   resonant-free: [(0, 0)]
CFG mu=3 r=3 s=2 k=1 tops=(0, 1, 1, 1) M=4 degP=3 degQ=16 vars=5 conds=2 | VERDICT dim 4 GB1 c(2)*c(3)   resonant-free: [(0, 0)]
  ^^^ NON-EMPTY
CFG mu=1 r=1 s=1 k=2 tops=(1, 2) M=6 degP=3 degQ=12 vars=6 conds=1 | VERDICT dim -1 GB1 1   resonant-free: [(1, 1), (0, 0)]
CFG mu=1 r=2 s=0 k=2 tops=(0, 2, 2) M=6 degP=3 degQ=12 vars=5 conds=1 | VERDICT dim -1 GB1 1   resonant-free: [(0, 0)]
CFG mu=2 r=2 s=3 k=2 tops=(1, 1, 1) M=4 degP=3 degQ=12 vars=6 conds=1 | VERDICT dim -1 GB1 1   resonant-free: [(2, 1), (0, 0)]
CFG mu=2 r=3 s=2 k=2 tops=(0, 1, 1, 2) M=6 degP=3 degQ=18 vars=5 conds=2 | VERDICT dim 3 GB1 c(4)-1   resonant-free: [(0, 0)]
  ^^^ NON-EMPTY
CFG mu=3 r=3 s=5 k=2 tops=(0, 1, 1, 1) M=4 degP=3 degQ=16 vars=6 conds=2 | VERDICT dim 5 GB1 c(1)*c(4)*U-1   resonant-free: [(3, 1), (0, 0)]
  ^^^ NON-EMPTY
CFG mu=1 r=1 s=0 k=1 tops=(2, 1) M=6 degP=4 degQ=12 vars=5 conds=0 | VERDICT dim 5 GB1 c(3)*c(4)*U-1   resonant-free: [(0, 0)]
  ^^^ NON-EMPTY
CFG mu=2 r=2 s=1 k=1 tops=(0, 1, 2) M=6 degP=4 degQ=18 vars=5 conds=0 | VERDICT dim 5 GB1 c(1)*c(4)*U-1   resonant-free: [(0, 0)]
  ^^^ NON-EMPTY
CFG mu=1 r=1 s=1 k=2 tops=(2, 1) M=6 degP=4 degQ=12 vars=6 conds=0 | VERDICT dim 6 GB1 c(3)*c(4)*U-1   resonant-free: [(1, 1), (0, 0)]
  ^^^ NON-EMPTY
CFG mu=1 r=2 s=0 k=2 tops=(0, 1, 3) M=8 degP=4 degQ=16 vars=5 conds=1 | VERDICT dim -1 GB1 1   resonant-free: [(0, 0)]
CFG mu=2 r=2 s=3 k=2 tops=(0, 1, 2) M=6 degP=4 degQ=18 vars=6 conds=0 | VERDICT dim 6 GB1 c(1)*c(4)*U-1   resonant-free: [(2, 1), (0, 0)]
  ^^^ NON-EMPTY
CFG mu=1 r=1 s=0 k=1 tops=(0, 3) M=8 degP=5 degQ=16 vars=5 conds=2 | VERDICT dim -1 GB1 1   resonant-free: [(0, 0)]
CFG mu=2 r=2 s=1 k=1 tops=(0, 2, 1) M=6 degP=5 degQ=18 vars=5 conds=2 | VERDICT dim 4 GB1 c(3)^2   resonant-free: [(0, 0)]
  ^^^ NON-EMPTY
CFG mu=1 r=1 s=1 k=2 tops=(0, 3) M=8 degP=5 degQ=16 vars=6 conds=2 | VERDICT dim -1 GB1 1   resonant-free: [(1, 1), (0, 0)]
CFG mu=2 r=2 s=3 k=2 tops=(0, 2, 1) M=6 degP=5 degQ=18 vars=6 conds=3 | VERDICT dim 5 GB1 c(1)*c(4)*U-1   resonant-free: [(2, 1), (0, 0)]
  ^^^ NON-EMPTY
CFG mu=2 r=3 s=0 k=1 tops=(1, 1, 1, 2) M=6 degP=3 degQ=18 vars=6 conds=1 | VERDICT dim -1 GB1 1   resonant-free: [(0, 0)]
CFG mu=1 r=2 s=0 k=2 tops=(1, 2, 2) M=6 degP=3 degQ=12 vars=6 conds=1 | VERDICT dim -1 GB1 1   resonant-free: [(0, 0)]
CFG mu=2 r=3 s=2 k=2 tops=(1, 1, 1, 2) M=6 degP=3 degQ=18 vars=6 conds=3 | VERDICT dim -1 GB1 1   resonant-free: [(0, 0)]
CFG mu=2 r=4 s=1 k=2 tops=(0, 1, 1, 2, 2) M=6 degP=3 degQ=18 vars=6 conds=1 | VERDICT dim -1 GB1 1   resonant-free: [(0, 0)]
CFG mu=1 r=1 s=0 k=1 tops=(2, 2) M=6 degP=4 degQ=12 vars=6 conds=1 | VERDICT dim -1 GB1 1   resonant-free: [(0, 0)]
CFG mu=2 r=2 s=1 k=1 tops=(1, 1, 2) M=6 degP=4 degQ=18 vars=6 conds=1 | VERDICT dim -1 GB1 1   resonant-free: [(0, 0)]
CFG mu=2 r=3 s=0 k=1 tops=(0, 1, 2, 2) M=6 degP=4 degQ=18 vars=6 conds=1 | VERDICT dim -1 GB1 1   resonant-free: [(0, 0)]
CFG mu=3 r=3 s=2 k=1 tops=(1, 1, 1, 1) M=4 degP=4 degQ=16 vars=6 conds=2 | VERDICT dim -1 GB1 1   resonant-free: [(0, 0)]
CFG mu=3 r=4 s=1 k=1 tops=(0, 1, 1, 1, 2) M=6 degP=4 degQ=24 vars=6 conds=1 | VERDICT dim -1 GB1 1   resonant-free: [(0, 0)]
CFG mu=1 r=1 s=1 k=2 tops=(2, 2) M=6 degP=4 degQ=12 vars=7 conds=1 | VERDICT dim 6 GB1 c(2)*c(5)-2*c(3)   resonant-free: [(1, 1), (0, 0)]
  ^^^ NON-EMPTY
CFG mu=1 r=2 s=0 k=2 tops=(0, 2, 3) M=8 degP=4 degQ=16 vars=6 conds=1 | VERDICT dim -1 GB1 1   resonant-free: [(0, 0)]
CFG mu=1 r=2 s=0 k=2 tops=(1, 1, 3) M=8 degP=4 degQ=16 vars=6 conds=1 | VERDICT dim -1 GB1 1   resonant-free: [(0, 0)]
CFG mu=1 r=2 s=0 k=2 tops=(2, 1, 2) M=6 degP=4 degQ=12 vars=6 conds=1 | VERDICT dim -1 GB1 1   resonant-free: [(0, 0)]
CFG mu=2 r=2 s=3 k=2 tops=(1, 1, 2) M=6 degP=4 degQ=18 vars=7 conds=1 | VERDICT dim -1 GB1 1   resonant-free: [(2, 1), (0, 0)]
CFG mu=2 r=3 s=2 k=2 tops=(0, 1, 2, 2) M=6 degP=4 degQ=18 vars=6 conds=3 | VERDICT dim 4 GB1 c(5)-1   resonant-free: [(0, 0)]
  ^^^ NON-EMPTY
CFG mu=3 r=3 s=5 k=2 tops=(1, 1, 1, 1) M=4 degP=4 degQ=16 vars=7 conds=2 | VERDICT dim -1 GB1 1   resonant-free: [(3, 1), (0, 0)]
CFG mu=3 r=4 s=4 k=2 tops=(0, 1, 1, 1, 2) M=6 degP=4 degQ=24 vars=8 conds=1 | VERDICT dim -1 GB1 1   resonant-free: [(4, 2), (2, 1), (0, 0)]
CFG mu=1 r=1 s=0 k=1 tops=(1, 3) M=8 degP=5 degQ=16 vars=6 conds=2 | VERDICT dim -1 GB1 1   resonant-free: [(0, 0)]
CFG mu=2 r=2 s=1 k=1 tops=(0, 2, 2) M=6 degP=5 degQ=18 vars=6 conds=7 | VERDICT dim 5 GB1 c(3)   resonant-free: [(0, 0)]
  ^^^ NON-EMPTY
CFG mu=2 r=2 s=1 k=1 tops=(1, 2, 1) M=6 degP=5 degQ=18 vars=6 conds=3 | VERDICT dim -1 GB1 1   resonant-free: [(0, 0)]
CFG mu=2 r=3 s=0 k=1 tops=(0, 2, 1, 2) M=6 degP=5 degQ=18 vars=6 conds=1 | VERDICT dim -1 GB1 1   resonant-free: [(0, 0)]
CFG mu=3 r=3 s=2 k=1 tops=(0, 1, 1, 2) M=6 degP=5 degQ=24 vars=6 conds=15 | VERDICT dim -1 GB1 1   resonant-free: [(0, 0)]
CFG mu=1 r=1 s=1 k=2 tops=(1, 3) M=8 degP=5 degQ=16 vars=7 conds=4 | VERDICT dim -1 GB1 1   resonant-free: [(1, 1), (0, 0)]
CFG mu=1 r=2 s=0 k=2 tops=(0, 3, 2) M=8 degP=5 degQ=16 vars=6 conds=1 | VERDICT dim -1 GB1 1   resonant-free: [(0, 0)]
CFG mu=2 r=2 s=3 k=2 tops=(0, 2, 2) M=6 degP=5 degQ=18 vars=7 conds=6 | VERDICT dim 6 GB1 c(3)^2   resonant-free: [(2, 1), (0, 0)]
  ^^^ NON-EMPTY
CFG mu=2 r=2 s=3 k=2 tops=(1, 2, 1) M=6 degP=5 degQ=18 vars=7 conds=5 | VERDICT dim -1 GB1 1   resonant-free: [(2, 1), (0, 0)]
CFG mu=2 r=3 s=2 k=2 tops=(0, 2, 1, 2) M=6 degP=5 degQ=18 vars=6 conds=6 | VERDICT dim 3 GB1 c(5)-1   resonant-free: [(0, 0)]
  ^^^ NON-EMPTY
CFG mu=3 r=3 s=5 k=2 tops=(0, 1, 1, 2) M=6 degP=5 degQ=24 vars=7 conds=16 | VERDICT dim -1 GB1 1   resonant-free: [(3, 1), (0, 0)]
CFG mu=1 r=1 s=0 k=1 tops=(3, 1) M=8 degP=6 degQ=16 vars=6 conds=0 | VERDICT dim 6 GB1 c(4)*c(5)*U-1   resonant-free: [(0, 0)]
  ^^^ NON-EMPTY
CFG mu=2 r=2 s=1 k=1 tops=(2, 1, 1) M=6 degP=6 degQ=18 vars=6 conds=2 | VERDICT dim -1 GB1 1   resonant-free: [(0, 0)]
CFG mu=2 r=3 s=0 k=1 tops=(0, 1, 1, 3) M=8 degP=6 degQ=24 vars=6 conds=1 | VERDICT dim -1 GB1 1   resonant-free: [(0, 0)]
CFG mu=3 r=3 s=2 k=1 tops=(0, 1, 2, 1) M=6 degP=6 degQ=24 vars=6 conds=7 | VERDICT dim 4 GB1 c(2)*c(3)   resonant-free: [(0, 0)]
  ^^^ NON-EMPTY
CFG mu=1 r=1 s=1 k=2 tops=(3, 1) M=8 degP=6 degQ=16 vars=7 conds=0 | VERDICT dim 7 GB1 c(4)*c(5)*U-1   resonant-free: [(1, 1), (0, 0)]
  ^^^ NON-EMPTY
CFG mu=1 r=2 s=0 k=2 tops=(0, 1, 4) M=10 degP=6 degQ=20 vars=6 conds=1 | VERDICT dim -1 GB1 1   resonant-free: [(0, 0)]
CFG mu=2 r=2 s=3 k=2 tops=(2, 1, 1) M=6 degP=6 degQ=18 vars=7 conds=3 | VERDICT dim -1 GB1 1   resonant-free: [(2, 1), (0, 0)]
CFG mu=2 r=3 s=2 k=2 tops=(0, 1, 1, 3) M=8 degP=6 degQ=24 vars=6 conds=3 | VERDICT dim 4 GB1 c(4)-1   resonant-free: [(0, 0)]
  ^^^ NON-EMPTY
CFG mu=3 r=3 s=5 k=2 tops=(0, 1, 2, 1) M=6 degP=6 degQ=24 vars=7 conds=12 | VERDICT dim 5 GB1 c(1)*c(5)*U-1   resonant-free: [(3, 1), (0, 0)]
  ^^^ NON-EMPTY
CFG mu=1 r=1 s=0 k=1 tops=(0, 4) M=10 degP=7 degQ=20 vars=6 conds=3 | VERDICT dim -1 GB1 1   resonant-free: [(0, 0)]
CFG mu=2 r=2 s=1 k=1 tops=(0, 1, 3) M=8 degP=7 degQ=24 vars=6 conds=10 | VERDICT dim -1 GB1 1   resonant-free: [(0, 0)]
CFG mu=3 r=3 s=2 k=1 tops=(0, 2, 1, 1) M=6 degP=7 degQ=24 vars=6 conds=5 | VERDICT dim 4 GB1 c(3)*c(4)   resonant-free: [(0, 0)]
  ^^^ NON-EMPTY
CFG mu=1 r=1 s=1 k=2 tops=(0, 4) M=10 degP=7 degQ=20 vars=7 conds=3 | VERDICT dim -1 GB1 1   resonant-free: [(1, 1), (0, 0)]
CFG mu=2 r=2 s=3 k=2 tops=(0, 1, 3) M=8 degP=7 degQ=24 vars=7 conds=11 | VERDICT dim -1 GB1 1   resonant-free: [(2, 1), (0, 0)]
CFG mu=3 r=3 s=5 k=2 tops=(0, 2, 1, 1) M=6 degP=7 degQ=24 vars=7 conds=8 | VERDICT dim 5 GB1 c(1)*c(5)*U-1   resonant-free: [(3, 1), (0, 0)]
  ^^^ NON-EMPTY
CFG mu=2 r=2 s=1 k=1 tops=(0, 3, 1) M=8 degP=8 degQ=24 vars=6 conds=4 | VERDICT dim 4 GB1 c(4)^2   resonant-free: [(0, 0)]
  ^^^ NON-EMPTY
CFG mu=2 r=2 s=3 k=2 tops=(0, 3, 1) M=8 degP=8 degQ=24 vars=7 conds=7 | VERDICT dim 5 GB1 c(1)*c(5)*U-1   resonant-free: [(2, 1), (0, 0)]
  ^^^ NON-EMPTY
CFG mu=2 r=4 s=1 k=2 tops=(1, 1, 1, 2, 2) M=6 degP=3 degQ=18 vars=7 conds=1 | VERDICT dim -1 GB1 1   resonant-free: [(0, 0)]
CFG mu=2 r=3 s=0 k=1 tops=(1, 1, 2, 2) M=6 degP=4 degQ=18 vars=7 conds=1 | VERDICT dim -1 GB1 1   resonant-free: [(0, 0)]
CFG mu=3 r=4 s=1 k=1 tops=(1, 1, 1, 1, 2) M=6 degP=4 degQ=24 vars=7 conds=1 | VERDICT dim -1 GB1 1   resonant-free: [(0, 0)]
CFG mu=3 r=5 s=0 k=1 tops=(0, 1, 1, 1, 2, 2) M=6 degP=4 degQ=24 vars=7 conds=1 | VERDICT dim -1 GB1 1   resonant-free: [(0, 0)]
CFG mu=1 r=2 s=0 k=2 tops=(1, 2, 3) M=8 degP=4 degQ=16 vars=7 conds=1 | VERDICT dim -1 GB1 1   resonant-free: [(0, 0)]
CFG mu=1 r=2 s=0 k=2 tops=(2, 1, 3) M=8 degP=4 degQ=16 vars=7 conds=1 | VERDICT dim -1 GB1 1   resonant-free: [(0, 0)]
CFG mu=1 r=2 s=0 k=2 tops=(2, 2, 2) M=6 degP=4 degQ=12 vars=7 conds=1 | VERDICT dim -1 GB1 1   resonant-free: [(0, 0)]
CFG mu=2 r=3 s=2 k=2 tops=(1, 1, 2, 2) M=6 degP=4 degQ=18 vars=7 conds=5 | VERDICT dim -1 GB1 1   resonant-free: [(0, 0)]
CFG mu=2 r=4 s=1 k=2 tops=(0, 1, 2, 2, 2) M=6 degP=4 degQ=18 vars=7 conds=1 | VERDICT dim -1 GB1 1   resonant-free: [(0, 0)]
CFG mu=2 r=5 s=0 k=2 tops=(0, 1, 1, 2, 2, 3) M=8 degP=4 degQ=24 vars=7 conds=1 | VERDICT dim -1 GB1 1   resonant-free: [(0, 0)]
CFG mu=3 r=4 s=4 k=2 tops=(1, 1, 1, 1, 2) M=6 degP=4 degQ=24 vars=9 conds=1 | VERDICT dim -1 GB1 1   resonant-free: [(4, 2), (2, 1), (0, 0)]
CFG mu=3 r=5 s=3 k=2 tops=(0, 1, 1, 1, 2, 2) M=6 degP=4 degQ=24 vars=7 conds=5 | VERDICT dim 4 GB1 c(6)-1   resonant-free: [(0, 0)]
  ^^^ NON-EMPTY
CFG mu=1 r=1 s=0 k=1 tops=(2, 3) M=8 degP=5 degQ=16 vars=7 conds=2 | VERDICT dim -1 GB1 1   resonant-free: [(0, 0)]
CFG mu=2 r=2 s=1 k=1 tops=(1, 2, 2) M=6 degP=5 degQ=18 vars=7 conds=8 | VERDICT dim -1 GB1 1   resonant-free: [(0, 0)]
CFG mu=2 r=3 s=0 k=1 tops=(0, 2, 2, 2) M=6 degP=5 degQ=18 vars=7 conds=1 | VERDICT dim -1 GB1 1   resonant-free: [(0, 0)]
CFG mu=2 r=3 s=0 k=1 tops=(1, 2, 1, 2) M=6 degP=5 degQ=18 vars=7 conds=1 | VERDICT dim -1 GB1 1   resonant-free: [(0, 0)]
CFG mu=3 r=3 s=2 k=1 tops=(1, 1, 1, 2) M=6 degP=5 degQ=24 vars=7 conds=15 | VERDICT dim -1 GB1 1   resonant-free: [(0, 0)]
CFG mu=3 r=4 s=1 k=1 tops=(0, 1, 1, 2, 2) M=6 degP=5 degQ=24 vars=7 conds=1 | VERDICT dim -1 GB1 1   resonant-free: [(0, 0)]
CFG mu=1 r=1 s=1 k=2 tops=(2, 3) M=8 degP=5 degQ=16 vars=8 conds=4 | VERDICT dim -1 GB1 1   resonant-free: [(1, 1), (0, 0)]
CFG mu=1 r=2 s=0 k=2 tops=(0, 3, 3) M=8 degP=5 degQ=16 vars=7 conds=1 | VERDICT dim -1 GB1 1   resonant-free: [(0, 0)]
CFG mu=1 r=2 s=0 k=2 tops=(1, 3, 2) M=8 degP=5 degQ=16 vars=7 conds=1 | VERDICT dim -1 GB1 1   resonant-free: [(0, 0)]
CFG mu=2 r=2 s=3 k=2 tops=(1, 2, 2) M=6 degP=5 degQ=18 vars=8 conds=8 | VERDICT dim -1 GB1 1   resonant-free: [(2, 1), (0, 0)]
CFG mu=2 r=3 s=2 k=2 tops=(0, 2, 2, 2) M=6 degP=5 degQ=18 vars=7 conds=7 | VERDICT dim 4 GB1 c(6)-1   resonant-free: [(0, 0)]
  ^^^ NON-EMPTY
CFG mu=2 r=3 s=2 k=2 tops=(1, 2, 1, 2) M=6 degP=5 degQ=18 vars=7 conds=6 | VERDICT dim -1 GB1 1   resonant-free: [(0, 0)]
CFG mu=2 r=4 s=1 k=2 tops=(0, 1, 1, 2, 3) M=8 degP=5 degQ=24 vars=7 conds=1 | VERDICT dim -1 GB1 1   resonant-free: [(0, 0)]
CFG mu=2 r=4 s=1 k=2 tops=(0, 2, 1, 2, 2) M=6 degP=5 degQ=18 vars=7 conds=1 | VERDICT dim -1 GB1 1   resonant-free: [(0, 0)]
CFG mu=3 r=3 s=5 k=2 tops=(1, 1, 1, 2) M=6 degP=5 degQ=24 vars=8 conds=16 | VERDICT dim -1 GB1 1   resonant-free: [(3, 1), (0, 0)]
CFG mu=3 r=4 s=4 k=2 tops=(0, 1, 1, 2, 2) M=6 degP=5 degQ=24 vars=9 conds=1 | VERDICT dim -1 GB1 1   resonant-free: [(4, 2), (2, 1), (0, 0)]
CFG mu=1 r=1 s=0 k=1 tops=(3, 2) M=8 degP=6 degQ=16 vars=7 conds=1 | VERDICT dim -1 GB1 1   resonant-free: [(0, 0)]
CFG mu=2 r=2 s=1 k=1 tops=(2, 1, 2) M=6 degP=6 degQ=18 vars=7 conds=2 | VERDICT dim -1 GB1 1   resonant-free: [(0, 0)]
CFG mu=2 r=2 s=1 k=1 tops=(2, 2, 1) M=6 degP=6 degQ=18 vars=7 conds=3 | VERDICT dim -1 GB1 1   resonant-free: [(0, 0)]
CFG mu=2 r=3 s=0 k=1 tops=(0, 1, 2, 3) M=8 degP=6 degQ=24 vars=7 conds=1 | VERDICT dim -1 GB1 1   resonant-free: [(0, 0)]
CFG mu=2 r=3 s=0 k=1 tops=(0, 2, 1, 3) M=8 degP=6 degQ=24 vars=7 conds=1 | VERDICT dim -1 GB1 1   resonant-free: [(0, 0)]
CFG mu=2 r=3 s=0 k=1 tops=(1, 1, 1, 3) M=8 degP=6 degQ=24 vars=7 conds=1 | VERDICT dim -1 GB1 1   resonant-free: [(0, 0)]
CFG mu=2 r=3 s=0 k=1 tops=(2, 1, 1, 2) M=6 degP=6 degQ=18 vars=7 conds=1 | VERDICT dim -1 GB1 1   resonant-free: [(0, 0)]
CFG mu=3 r=3 s=2 k=1 tops=(0, 1, 2, 2) M=6 degP=6 degQ=24 vars=7 conds=16 | VERDICT dim -1 GB1 1   resonant-free: [(0, 0)]
CFG mu=3 r=3 s=2 k=1 tops=(1, 1, 2, 1) M=6 degP=6 degQ=24 vars=7 conds=7 | VERDICT dim -1 GB1 1   resonant-free: [(0, 0)]
CFG mu=3 r=4 s=1 k=1 tops=(0, 1, 2, 1, 2) M=6 degP=6 degQ=24 vars=7 conds=1 | VERDICT dim -1 GB1 1   resonant-free: [(0, 0)]
CFG mu=1 r=1 s=1 k=2 tops=(3, 2) M=8 degP=6 degQ=16 vars=8 conds=1 | VERDICT dim 7 GB1 c(4)*c(6)*U-1   resonant-free: [(1, 1), (0, 0)]
  ^^^ NON-EMPTY
CFG mu=1 r=2 s=0 k=2 tops=(0, 2, 4) M=10 degP=6 degQ=20 vars=7 conds=1 | VERDICT dim -1 GB1 1   resonant-free: [(0, 0)]
CFG mu=1 r=2 s=0 k=2 tops=(1, 1, 4) M=10 degP=6 degQ=20 vars=7 conds=1 | VERDICT dim -1 GB1 1   resonant-free: [(0, 0)]
CFG mu=1 r=2 s=0 k=2 tops=(3, 1, 2) M=8 degP=6 degQ=16 vars=7 conds=1 | VERDICT dim -1 GB1 1   resonant-free: [(0, 0)]
CFG mu=2 r=2 s=3 k=2 tops=(2, 1, 2) M=6 degP=6 degQ=18 vars=8 conds=8 | VERDICT dim -1 GB1 1   resonant-free: [(2, 1), (0, 0)]
CFG mu=2 r=2 s=3 k=2 tops=(2, 2, 1) M=6 degP=6 degQ=18 vars=8 conds=5 | VERDICT dim -1 GB1 1   resonant-free: [(2, 1), (0, 0)]
CFG mu=2 r=3 s=2 k=2 tops=(0, 1, 2, 3) M=8 degP=6 degQ=24 vars=7 conds=4 | VERDICT dim 5 GB1 c(5)-1   resonant-free: [(0, 0)]
  ^^^ NON-EMPTY
CFG mu=2 r=3 s=2 k=2 tops=(0, 2, 1, 3) M=8 degP=6 degQ=24 vars=7 conds=8 | VERDICT dim 4 GB1 c(5)-1   resonant-free: [(0, 0)]
  ^^^ NON-EMPTY
CFG mu=2 r=3 s=2 k=2 tops=(1, 1, 1, 3) M=8 degP=6 degQ=24 vars=7 conds=5 | VERDICT dim -1 GB1 1   resonant-free: [(0, 0)]
CFG mu=2 r=3 s=2 k=2 tops=(2, 1, 1, 2) M=6 degP=6 degQ=18 vars=7 conds=4 | VERDICT dim -1 GB1 1   resonant-free: [(0, 0)]
CFG mu=2 r=4 s=1 k=2 tops=(0, 1, 1, 3, 2) M=8 degP=6 degQ=24 vars=7 conds=1 | VERDICT dim -1 GB1 1   resonant-free: [(0, 0)]
CFG mu=3 r=3 s=5 k=2 tops=(0, 1, 2, 2) M=6 degP=6 degQ=24 vars=8 conds=17 | VERDICT dim -1 GB1 1   resonant-free: [(3, 1), (0, 0)]
CFG mu=3 r=3 s=5 k=2 tops=(1, 1, 2, 1) M=6 degP=6 degQ=24 vars=8 conds=12 | VERDICT dim -1 GB1 1   resonant-free: [(3, 1), (0, 0)]
CFG mu=3 r=4 s=4 k=2 tops=(0, 1, 2, 1, 2) M=6 degP=6 degQ=24 vars=9 conds=1 | VERDICT dim -1 GB1 1   resonant-free: [(4, 2), (2, 1), (0, 0)]
CFG mu=1 r=1 s=0 k=1 tops=(1, 4) M=10 degP=7 degQ=20 vars=7 conds=3 | VERDICT dim -1 GB1 1   resonant-free: [(0, 0)]
CFG mu=2 r=2 s=1 k=1 tops=(0, 2, 3) M=8 degP=7 degQ=24 vars=7 conds=12 | VERDICT dim -1 GB1 1   resonant-free: [(0, 0)]
CFG mu=2 r=2 s=1 k=1 tops=(1, 1, 3) M=8 degP=7 degQ=24 vars=7 conds=11 | VERDICT dim -1 GB1 1   resonant-free: [(0, 0)]
CFG mu=2 r=3 s=0 k=1 tops=(0, 1, 3, 2) M=8 degP=7 degQ=24 vars=7 conds=1 | VERDICT dim -1 GB1 1   resonant-free: [(0, 0)]
CFG mu=3 r=3 s=2 k=1 tops=(0, 2, 1, 2) M=6 degP=7 degQ=24 vars=7 conds=17 | VERDICT dim -1 GB1 1   resonant-free: [(0, 0)]
CFG mu=3 r=3 s=2 k=1 tops=(0, 2, 2, 1) M=6 degP=7 degQ=24 vars=7 conds=8 | VERDICT dim 4 GB1 c(2)*c(4)   resonant-free: [(0, 0)]
  ^^^ NON-EMPTY
CFG mu=3 r=3 s=2 k=1 tops=(1, 2, 1, 1) M=6 degP=7 degQ=24 vars=7 conds=5 | VERDICT dim -1 GB1 1   resonant-free: [(0, 0)]
CFG mu=3 r=4 s=1 k=1 tops=(0, 2, 1, 1, 2) M=6 degP=7 degQ=24 vars=7 conds=1 | VERDICT dim -1 GB1 1   resonant-free: [(0, 0)]
CFG mu=1 r=1 s=1 k=2 tops=(1, 4) M=10 degP=7 degQ=20 vars=8 conds=6 | VERDICT dim -1 GB1 1   resonant-free: [(1, 1), (0, 0)]
CFG mu=1 r=2 s=0 k=2 tops=(0, 4, 2) M=10 degP=7 degQ=20 vars=7 conds=1 | VERDICT dim -1 GB1 1   resonant-free: [(0, 0)]
CFG mu=2 r=2 s=3 k=2 tops=(0, 2, 3) M=8 degP=7 degQ=24 vars=8 conds=14 | VERDICT dim -1 GB1 1   resonant-free: [(2, 1), (0, 0)]
CFG mu=2 r=2 s=3 k=2 tops=(1, 1, 3) M=8 degP=7 degQ=24 vars=8 conds=14 | VERDICT dim -1 GB1 1   resonant-free: [(2, 1), (0, 0)]
CFG mu=2 r=3 s=2 k=2 tops=(0, 1, 3, 2) M=8 degP=7 degQ=24 vars=7 conds=12 | VERDICT dim 4 GB1 c(6)-1   resonant-free: [(0, 0)]
  ^^^ NON-EMPTY
CFG mu=3 r=3 s=5 k=2 tops=(0, 2, 1, 2) M=6 degP=7 degQ=24 vars=8 conds=18 | VERDICT dim -1 GB1 1   resonant-free: [(3, 1), (0, 0)]
CFG mu=3 r=3 s=5 k=2 tops=(0, 2, 2, 1) M=6 degP=7 degQ=24 vars=8 conds=13 | VERDICT dim 5 GB1 c(1)*c(6)*U-1   resonant-free: [(3, 1), (0, 0)]
  ^^^ NON-EMPTY
CFG mu=3 r=3 s=5 k=2 tops=(1, 2, 1, 1) M=6 degP=7 degQ=24 vars=8 conds=8 | VERDICT dim -1 GB1 1   resonant-free: [(3, 1), (0, 0)]
CFG mu=3 r=4 s=4 k=2 tops=(0, 2, 1, 1, 2) M=6 degP=7 degQ=24 vars=9 conds=1 | VERDICT dim -1 GB1 1   resonant-free: [(4, 2), (2, 1), (0, 0)]
CFG mu=1 r=1 s=0 k=1 tops=(4, 1) M=10 degP=8 degQ=20 vars=7 conds=0 | VERDICT dim 7 GB1 c(5)*c(6)*U-1   resonant-free: [(0, 0)]
  ^^^ NON-EMPTY
CFG mu=2 r=2 s=1 k=1 tops=(0, 3, 2) M=8 degP=8 degQ=24 vars=7 conds=10 | VERDICT dim 5 GB1 c(3)*c(6)-2*c(4)   resonant-free: [(0, 0)]
  ^^^ NON-EMPTY
CFG mu=2 r=2 s=1 k=1 tops=(1, 3, 1) M=8 degP=8 degQ=24 vars=7 conds=5 | VERDICT dim -1 GB1 1   resonant-free: [(0, 0)]
CFG mu=2 r=3 s=0 k=1 tops=(0, 3, 1, 2) M=8 degP=8 degQ=24 vars=7 conds=1 | VERDICT dim -1 GB1 1   resonant-free: [(0, 0)]
CFG mu=3 r=3 s=2 k=1 tops=(2, 1, 1, 1) M=6 degP=8 degQ=24 vars=7 conds=3 | VERDICT dim -1 GB1 1   resonant-free: [(0, 0)]
CFG mu=3 r=4 s=1 k=1 tops=(0, 1, 1, 1, 3) M=8 degP=8 degQ=32 vars=7 conds=1 | VERDICT dim -1 GB1 1   resonant-free: [(0, 0)]
CFG mu=1 r=1 s=1 k=2 tops=(4, 1) M=10 degP=8 degQ=20 vars=8 conds=0 | VERDICT dim 8 GB1 c(5)*c(6)*U-1   resonant-free: [(1, 1), (0, 0)]
  ^^^ NON-EMPTY
CFG mu=1 r=2 s=0 k=2 tops=(0, 1, 5) M=12 degP=8 degQ=24 vars=7 conds=1 | VERDICT dim -1 GB1 1   resonant-free: [(0, 0)]
CFG mu=2 r=2 s=3 k=2 tops=(0, 3, 2) M=8 degP=8 degQ=24 vars=8 conds=12 | VERDICT dim 6 GB1 c(4)   resonant-free: [(2, 1), (0, 0)]
  ^^^ NON-EMPTY
CFG mu=2 r=2 s=3 k=2 tops=(1, 3, 1) M=8 degP=8 degQ=24 vars=8 conds=9 | VERDICT dim -1 GB1 1   resonant-free: [(2, 1), (0, 0)]
CFG mu=2 r=3 s=2 k=2 tops=(0, 3, 1, 2) M=8 degP=8 degQ=24 vars=7 conds=10 | VERDICT dim 3 GB1 c(6)-1   resonant-free: [(0, 0)]
  ^^^ NON-EMPTY
CFG mu=3 r=3 s=5 k=2 tops=(2, 1, 1, 1) M=6 degP=8 degQ=24 vars=8 conds=6 | VERDICT dim -1 GB1 1   resonant-free: [(3, 1), (0, 0)]
CFG mu=3 r=4 s=4 k=2 tops=(0, 1, 1, 1, 3) M=8 degP=8 degQ=32 vars=9 conds=1 | VERDICT dim -1 GB1 1   resonant-free: [(4, 2), (2, 1), (0, 0)]
CFG mu=1 r=1 s=0 k=1 tops=(0, 5) M=12 degP=9 degQ=24 vars=7 conds=4 | VERDICT dim -1 GB1 1   resonant-free: [(0, 0)]
CFG mu=2 r=2 s=1 k=1 tops=(3, 1, 1) M=8 degP=9 degQ=24 vars=7 conds=3 | VERDICT dim -1 GB1 1   resonant-free: [(0, 0)]
CFG mu=2 r=3 s=0 k=1 tops=(0, 1, 1, 4) M=10 degP=9 degQ=30 vars=7 conds=1 | VERDICT dim -1 GB1 1   resonant-free: [(0, 0)]
CFG mu=3 r=3 s=2 k=1 tops=(0, 1, 1, 3) M=8 degP=9 degQ=32 vars=7 conds=22 | VERDICT dim 4 GB1 c(3)   resonant-free: [(0, 0)]
  ^^^ NON-EMPTY
CFG mu=1 r=1 s=1 k=2 tops=(0, 5) M=12 degP=9 degQ=24 vars=8 conds=4 | VERDICT dim -1 GB1 1   resonant-free: [(1, 1), (0, 0)]
CFG mu=2 r=2 s=3 k=2 tops=(3, 1, 1) M=8 degP=9 degQ=24 vars=8 conds=5 | VERDICT dim -1 GB1 1   resonant-free: [(2, 1), (0, 0)]
CFG mu=2 r=3 s=2 k=2 tops=(0, 1, 1, 4) M=10 degP=9 degQ=30 vars=7 conds=50 | VERDICT dim -1 GB1 1   resonant-free: [(0, 0)]
CFG mu=3 r=3 s=5 k=2 tops=(0, 1, 1, 3) M=8 degP=9 degQ=32 vars=8 conds=26 | VERDICT dim 5 GB1 c(3)   resonant-free: [(3, 1), (0, 0)]
  ^^^ NON-EMPTY
CFG mu=2 r=2 s=1 k=1 tops=(0, 1, 4) M=10 degP=10 degQ=30 vars=7 conds=14 | VERDICT dim -1 GB1 1   resonant-free: [(0, 0)]
CFG mu=3 r=3 s=2 k=1 tops=(0, 1, 3, 1) M=8 degP=10 degQ=32 vars=7 conds=12 | VERDICT dim 4 GB1 c(2)*c(3)   resonant-free: [(0, 0)]
  ^^^ NON-EMPTY
CFG mu=2 r=2 s=3 k=2 tops=(0, 1, 4) M=10 degP=10 degQ=30 vars=8 conds=18 | VERDICT dim 5 GB1 c(2)   resonant-free: [(2, 1), (0, 0)]
  ^^^ NON-EMPTY
CFG mu=3 r=3 s=5 k=2 tops=(0, 1, 3, 1) M=8 degP=10 degQ=32 vars=8 conds=20 | VERDICT dim 5 GB1 c(1)*c(6)*U-1   resonant-free: [(3, 1), (0, 0)]
  ^^^ NON-EMPTY
CFG mu=2 r=2 s=1 k=1 tops=(0, 4, 1) M=10 degP=11 degQ=30 vars=7 conds=6 | VERDICT dim 4 GB1 c(5)^2   resonant-free: [(0, 0)]
  ^^^ NON-EMPTY
CFG mu=3 r=3 s=2 k=1 tops=(0, 3, 1, 1) M=8 degP=11 degQ=32 vars=7 conds=8 | VERDICT dim 4 GB1 c(4)*c(5)   resonant-free: [(0, 0)]
  ^^^ NON-EMPTY
CFG mu=2 r=2 s=3 k=2 tops=(0, 4, 1) M=10 degP=11 degQ=30 vars=8 conds=11 | VERDICT dim 5 GB1 c(1)*c(6)*U-1   resonant-free: [(2, 1), (0, 0)]
  ^^^ NON-EMPTY
CFG mu=3 r=3 s=5 k=2 tops=(0, 3, 1, 1) M=8 degP=11 degQ=32 vars=8 conds=14 | VERDICT dim 5 GB1 c(1)*c(6)*U-1   resonant-free: [(3, 1), (0, 0)]
  ^^^ NON-EMPTY
CFG mu=3 r=5 s=0 k=1 tops=(1, 1, 1, 1, 2, 2) M=6 degP=4 degQ=24 vars=8 conds=1 | VERDICT dim -1 GB1 1   resonant-free: [(0, 0)]
CFG mu=1 r=2 s=0 k=2 tops=(2, 2, 3) M=8 degP=4 degQ=16 vars=8 conds=1 | VERDICT dim -1 GB1 1   resonant-free: [(0, 0)]
CFG mu=2 r=4 s=1 k=2 tops=(1, 1, 2, 2, 2) M=6 degP=4 degQ=18 vars=8 conds=1 | VERDICT dim -1 GB1 1   resonant-free: [(0, 0)]
CFG mu=2 r=5 s=0 k=2 tops=(0, 1, 2, 2, 2, 3) M=8 degP=4 degQ=24 vars=8 conds=1 | VERDICT dim -1 GB1 1   resonant-free: [(0, 0)]
CFG mu=2 r=5 s=0 k=2 tops=(1, 1, 1, 2, 2, 3) M=8 degP=4 degQ=24 vars=8 conds=1 | VERDICT dim -1 GB1 1   resonant-free: [(0, 0)]
CFG mu=3 r=5 s=3 k=2 tops=(1, 1, 1, 1, 2, 2) M=6 degP=4 degQ=24 vars=8 conds=6 | VERDICT dim -1 GB1 1   resonant-free: [(0, 0)]
CFG mu=3 r=6 s=2 k=2 tops=(0, 1, 1, 1, 2, 2, 2) M=6 degP=4 degQ=24 vars=8 conds=1 | VERDICT dim -1 GB1 1   resonant-free: [(0, 0)]
CFG mu=2 r=3 s=0 k=1 tops=(1, 2, 2, 2) M=6 degP=5 degQ=18 vars=8 conds=1 | VERDICT dim -1 GB1 1   resonant-free: [(0, 0)]
CFG mu=3 r=4 s=1 k=1 tops=(1, 1, 1, 2, 2) M=6 degP=5 degQ=24 vars=8 conds=1 | VERDICT dim -1 GB1 1   resonant-free: [(0, 0)]
CFG mu=3 r=5 s=0 k=1 tops=(0, 1, 1, 2, 2, 2) M=6 degP=5 degQ=24 vars=8 conds=1 | VERDICT dim -1 GB1 1   resonant-free: [(0, 0)]
CFG mu=1 r=2 s=0 k=2 tops=(1, 3, 3) M=8 degP=5 degQ=16 vars=8 conds=1 | VERDICT dim -1 GB1 1   resonant-free: [(0, 0)]
CFG mu=1 r=2 s=0 k=2 tops=(2, 3, 2) M=8 degP=5 degQ=16 vars=8 conds=1 | VERDICT dim -1 GB1 1   resonant-free: [(0, 0)]
CFG mu=2 r=3 s=2 k=2 tops=(1, 2, 2, 2) M=6 degP=5 degQ=18 vars=8 conds=7 | VERDICT dim -1 GB1 1   resonant-free: [(0, 0)]
CFG mu=2 r=4 s=1 k=2 tops=(0, 1, 2, 2, 3) M=8 degP=5 degQ=24 vars=8 conds=1 | VERDICT dim -1 GB1 1   resonant-free: [(0, 0)]
CFG mu=2 r=4 s=1 k=2 tops=(0, 2, 1, 2, 3) M=8 degP=5 degQ=24 vars=8 conds=1 | VERDICT dim -1 GB1 1   resonant-free: [(0, 0)]
CFG mu=2 r=4 s=1 k=2 tops=(0, 2, 2, 2, 2) M=6 degP=5 degQ=18 vars=8 conds=1 | VERDICT dim -1 GB1 1   resonant-free: [(0, 0)]
CFG mu=2 r=4 s=1 k=2 tops=(1, 1, 1, 2, 3) M=8 degP=5 degQ=24 vars=8 conds=1 | VERDICT dim -1 GB1 1   resonant-free: [(0, 0)]
CFG mu=2 r=4 s=1 k=2 tops=(1, 2, 1, 2, 2) M=6 degP=5 degQ=18 vars=8 conds=1 | VERDICT dim -1 GB1 1   resonant-free: [(0, 0)]
CFG mu=2 r=5 s=0 k=2 tops=(0, 1, 1, 2, 3, 3) M=8 degP=5 degQ=24 vars=8 conds=1 | VERDICT dim -1 GB1 1   resonant-free: [(0, 0)]
CFG mu=2 r=5 s=0 k=2 tops=(0, 2, 1, 2, 2, 3) M=8 degP=5 degQ=24 vars=8 conds=1 | VERDICT dim -1 GB1 1   resonant-free: [(0, 0)]
CFG mu=3 r=4 s=4 k=2 tops=(1, 1, 1, 2, 2) M=6 degP=5 degQ=24 vars=10 conds=1 | VERDICT dim -1 GB1 1   resonant-free: [(4, 2), (2, 1), (0, 0)]
CFG mu=3 r=5 s=3 k=2 tops=(0, 1, 1, 2, 2, 2) M=6 degP=5 degQ=24 vars=8 conds=7 | VERDICT dim 4 GB1 c(7)-1   resonant-free: [(0, 0)]
  ^^^ NON-EMPTY
CFG mu=1 r=1 s=0 k=1 tops=(3, 3) M=8 degP=6 degQ=16 vars=8 conds=2 | VERDICT dim -1 GB1 1   resonant-free: [(0, 0)]
CFG mu=2 r=2 s=1 k=1 tops=(2, 2, 2) M=6 degP=6 degQ=18 vars=8 conds=8 | VERDICT dim -1 GB1 1   resonant-free: [(0, 0)]
CFG mu=2 r=3 s=0 k=1 tops=(0, 2, 2, 3) M=8 degP=6 degQ=24 vars=8 conds=1 | VERDICT dim -1 GB1 1   resonant-free: [(0, 0)]
CFG mu=2 r=3 s=0 k=1 tops=(1, 1, 2, 3) M=8 degP=6 degQ=24 vars=8 conds=1 | VERDICT dim -1 GB1 1   resonant-free: [(0, 0)]
CFG mu=2 r=3 s=0 k=1 tops=(1, 2, 1, 3) M=8 degP=6 degQ=24 vars=8 conds=1 | VERDICT dim -1 GB1 1   resonant-free: [(0, 0)]
CFG mu=2 r=3 s=0 k=1 tops=(2, 1, 1, 3) M=8 degP=6 degQ=24 vars=8 conds=1 | VERDICT dim -1 GB1 1   resonant-free: [(0, 0)]
CFG mu=2 r=3 s=0 k=1 tops=(2, 1, 2, 2) M=6 degP=6 degQ=18 vars=8 conds=1 | VERDICT dim -1 GB1 1   resonant-free: [(0, 0)]
CFG mu=2 r=3 s=0 k=1 tops=(2, 2, 1, 2) M=6 degP=6 degQ=18 vars=8 conds=1 | VERDICT dim -1 GB1 1   resonant-free: [(0, 0)]
CFG mu=3 r=3 s=2 k=1 tops=(1, 1, 2, 2) M=6 degP=6 degQ=24 vars=8 conds=16 | VERDICT dim -1 GB1 1   resonant-free: [(0, 0)]
CFG mu=3 r=4 s=1 k=1 tops=(0, 1, 2, 2, 2) M=6 degP=6 degQ=24 vars=8 conds=1 | VERDICT dim -1 GB1 1   resonant-free: [(0, 0)]
CFG mu=3 r=4 s=1 k=1 tops=(1, 1, 2, 1, 2) M=6 degP=6 degQ=24 vars=8 conds=1 | VERDICT dim -1 GB1 1   resonant-free: [(0, 0)]
CFG mu=3 r=5 s=0 k=1 tops=(0, 1, 2, 1, 2, 2) M=6 degP=6 degQ=24 vars=8 conds=1 | VERDICT dim -1 GB1 1   resonant-free: [(0, 0)]
CFG mu=1 r=1 s=1 k=2 tops=(3, 3) M=8 degP=6 degQ=16 vars=9 conds=4 | VERDICT dim -1 GB1 1   resonant-free: [(1, 1), (0, 0)]
CFG mu=1 r=2 s=0 k=2 tops=(0, 3, 4) M=10 degP=6 degQ=20 vars=8 conds=1 | VERDICT dim -1 GB1 1   resonant-free: [(0, 0)]
CFG mu=1 r=2 s=0 k=2 tops=(1, 2, 4) M=10 degP=6 degQ=20 vars=8 conds=1 | VERDICT dim -1 GB1 1   resonant-free: [(0, 0)]
CFG mu=1 r=2 s=0 k=2 tops=(2, 1, 4) M=10 degP=6 degQ=20 vars=8 conds=1 | VERDICT dim -1 GB1 1   resonant-free: [(0, 0)]
CFG mu=1 r=2 s=0 k=2 tops=(3, 1, 3) M=8 degP=6 degQ=16 vars=8 conds=1 | VERDICT dim -1 GB1 1   resonant-free: [(0, 0)]
CFG mu=1 r=2 s=0 k=2 tops=(3, 2, 2) M=8 degP=6 degQ=16 vars=8 conds=1 | VERDICT dim -1 GB1 1   resonant-free: [(0, 0)]
CFG mu=2 r=2 s=3 k=2 tops=(2, 2, 2) M=6 degP=6 degQ=18 vars=9 conds=8 | VERDICT dim -1 GB1 1   resonant-free: [(2, 1), (0, 0)]
CFG mu=2 r=3 s=2 k=2 tops=(0, 2, 2, 3) M=8 degP=6 degQ=24 vars=8 conds=9 | VERDICT dim 5 GB1 c(6)-1   resonant-free: [(0, 0)]
  ^^^ NON-EMPTY
CFG mu=2 r=3 s=2 k=2 tops=(1, 1, 2, 3) M=8 degP=6 degQ=24 vars=8 conds=7 | VERDICT dim -1 GB1 1   resonant-free: [(0, 0)]
CFG mu=2 r=3 s=2 k=2 tops=(1, 2, 1, 3) M=8 degP=6 degQ=24 vars=8 conds=8 | VERDICT dim -1 GB1 1   resonant-free: [(0, 0)]
CFG mu=2 r=3 s=2 k=2 tops=(2, 1, 1, 3) M=8 degP=6 degQ=24 vars=8 conds=7 | VERDICT dim -1 GB1 1   resonant-free: [(0, 0)]
CFG mu=2 r=3 s=2 k=2 tops=(2, 1, 2, 2) M=6 degP=6 degQ=18 vars=8 conds=7 | VERDICT dim -1 GB1 1   resonant-free: [(0, 0)]
CFG mu=2 r=3 s=2 k=2 tops=(2, 2, 1, 2) M=6 degP=6 degQ=18 vars=8 conds=7 | VERDICT dim -1 GB1 1   resonant-free: [(0, 0)]
CFG mu=2 r=4 s=1 k=2 tops=(0, 1, 1, 3, 3) M=8 degP=6 degQ=24 vars=8 conds=1 | VERDICT dim -1 GB1 1   resonant-free: [(0, 0)]
CFG mu=2 r=4 s=1 k=2 tops=(0, 1, 2, 3, 2) M=8 degP=6 degQ=24 vars=8 conds=1 | VERDICT dim -1 GB1 1   resonant-free: [(0, 0)]
CFG mu=2 r=4 s=1 k=2 tops=(0, 2, 1, 3, 2) M=8 degP=6 degQ=24 vars=8 conds=1 | VERDICT dim -1 GB1 1   resonant-free: [(0, 0)]
CFG mu=2 r=4 s=1 k=2 tops=(1, 1, 1, 3, 2) M=8 degP=6 degQ=24 vars=8 conds=1 | VERDICT dim -1 GB1 1   resonant-free: [(0, 0)]
CFG mu=2 r=4 s=1 k=2 tops=(2, 1, 1, 2, 2) M=6 degP=6 degQ=18 vars=8 conds=1 | VERDICT dim -1 GB1 1   resonant-free: [(0, 0)]
CFG mu=2 r=5 s=0 k=2 tops=(0, 1, 1, 3, 2, 3) M=8 degP=6 degQ=24 vars=8 conds=1 | VERDICT dim -1 GB1 1   resonant-free: [(0, 0)]
CFG mu=3 r=3 s=5 k=2 tops=(1, 1, 2, 2) M=6 degP=6 degQ=24 vars=9 conds=17 | VERDICT dim -1 GB1 1   resonant-free: [(3, 1), (0, 0)]
CFG mu=3 r=4 s=4 k=2 tops=(0, 1, 2, 2, 2) M=6 degP=6 degQ=24 vars=10 conds=1 | VERDICT dim -1 GB1 1   resonant-free: [(4, 2), (2, 1), (0, 0)]
CFG mu=3 r=4 s=4 k=2 tops=(1, 1, 2, 1, 2) M=6 degP=6 degQ=24 vars=10 conds=1 | VERDICT dim -1 GB1 1   resonant-free: [(4, 2), (2, 1), (0, 0)]
CFG mu=3 r=5 s=3 k=2 tops=(0, 1, 2, 1, 2, 2) M=6 degP=6 degQ=24 vars=8 conds=10 | VERDICT dim 4 GB1 c(7)-1   resonant-free: [(0, 0)]
  ^^^ NON-EMPTY
CFG mu=1 r=1 s=0 k=1 tops=(2, 4) M=10 degP=7 degQ=20 vars=8 conds=3 | VERDICT dim -1 GB1 1   resonant-free: [(0, 0)]
CFG mu=2 r=2 s=1 k=1 tops=(1, 2, 3) M=8 degP=7 degQ=24 vars=8 conds=13 | VERDICT dim -1 GB1 1   resonant-free: [(0, 0)]
CFG mu=2 r=2 s=1 k=1 tops=(2, 1, 3) M=8 degP=7 degQ=24 vars=8 conds=13 | VERDICT dim -1 GB1 1   resonant-free: [(0, 0)]
CFG mu=2 r=3 s=0 k=1 tops=(0, 1, 3, 3) M=8 degP=7 degQ=24 vars=8 conds=1 | VERDICT dim -1 GB1 1   resonant-free: [(0, 0)]
CFG mu=2 r=3 s=0 k=1 tops=(0, 2, 3, 2) M=8 degP=7 degQ=24 vars=8 conds=1 | VERDICT dim -1 GB1 1   resonant-free: [(0, 0)]
CFG mu=2 r=3 s=0 k=1 tops=(1, 1, 3, 2) M=8 degP=7 degQ=24 vars=8 conds=1 | VERDICT dim -1 GB1 1   resonant-free: [(0, 0)]
CFG mu=3 r=3 s=2 k=1 tops=(0, 2, 2, 2) M=6 degP=7 degQ=24 vars=8 conds=17 | VERDICT dim -1 GB1 1   resonant-free: [(0, 0)]
CFG mu=3 r=3 s=2 k=1 tops=(1, 2, 1, 2) M=6 degP=7 degQ=24 vars=8 conds=17 | VERDICT dim -1 GB1 1   resonant-free: [(0, 0)]
CFG mu=3 r=3 s=2 k=1 tops=(1, 2, 2, 1) M=6 degP=7 degQ=24 vars=8 conds=8 | VERDICT dim -1 GB1 1   resonant-free: [(0, 0)]
CFG mu=3 r=4 s=1 k=1 tops=(0, 2, 1, 2, 2) M=6 degP=7 degQ=24 vars=8 conds=1 | VERDICT dim -1 GB1 1   resonant-free: [(0, 0)]
CFG mu=3 r=4 s=1 k=1 tops=(0, 2, 2, 1, 2) M=6 degP=7 degQ=24 vars=8 conds=1 | VERDICT dim -1 GB1 1   resonant-free: [(0, 0)]
CFG mu=3 r=4 s=1 k=1 tops=(1, 2, 1, 1, 2) M=6 degP=7 degQ=24 vars=8 conds=1 | VERDICT dim -1 GB1 1   resonant-free: [(0, 0)]
CFG mu=3 r=5 s=0 k=1 tops=(0, 1, 1, 1, 2, 3) M=8 degP=7 degQ=32 vars=8 conds=1 | VERDICT dim -1 GB1 1   resonant-free: [(0, 0)]
CFG mu=3 r=5 s=0 k=1 tops=(0, 2, 1, 1, 2, 2) M=6 degP=7 degQ=24 vars=8 conds=1 | VERDICT dim -1 GB1 1   resonant-free: [(0, 0)]
CFG mu=1 r=1 s=1 k=2 tops=(2, 4) M=10 degP=7 degQ=20 vars=9 conds=6 | VERDICT dim -1 GB1 1   resonant-free: [(1, 1), (0, 0)]
CFG mu=1 r=2 s=0 k=2 tops=(0, 4, 3) M=10 degP=7 degQ=20 vars=8 conds=1 | VERDICT dim -1 GB1 1   resonant-free: [(0, 0)]
CFG mu=1 r=2 s=0 k=2 tops=(1, 4, 2) M=10 degP=7 degQ=20 vars=8 conds=1 | VERDICT dim -1 GB1 1   resonant-free: [(0, 0)]
CFG mu=2 r=2 s=3 k=2 tops=(1, 2, 3) M=8 degP=7 degQ=24 vars=9 conds=16 | VERDICT dim -1 GB1 1   resonant-free: [(2, 1), (0, 0)]
CFG mu=2 r=2 s=3 k=2 tops=(2, 1, 3) M=8 degP=7 degQ=24 vars=9 conds=16 | VERDICT dim -1 GB1 1   resonant-free: [(2, 1), (0, 0)]
CFG mu=2 r=3 s=2 k=2 tops=(0, 1, 3, 3) M=8 degP=7 degQ=24 vars=8 conds=29 | VERDICT dim 5 GB1 c(6)-1   resonant-free: [(0, 0)]
  ^^^ NON-EMPTY
CFG mu=2 r=3 s=2 k=2 tops=(0, 2, 3, 2) M=8 degP=7 degQ=24 vars=8 conds=15 | VERDICT dim 4 GB1 c(7)-1   resonant-free: [(0, 0)]
  ^^^ NON-EMPTY
CFG mu=2 r=3 s=2 k=2 tops=(1, 1, 3, 2) M=8 degP=7 degQ=24 vars=8 conds=13 | VERDICT dim -1 GB1 1   resonant-free: [(0, 0)]
CFG mu=2 r=4 s=1 k=2 tops=(0, 1, 3, 2, 2) M=8 degP=7 degQ=24 vars=8 conds=1 | VERDICT dim -1 GB1 1   resonant-free: [(0, 0)]
CFG mu=2 r=5 s=0 k=2 tops=(0, 1, 1, 2, 2, 4) M=10 degP=7 degQ=30 vars=8 conds=1 | VERDICT dim -1 GB1 1   resonant-free: [(0, 0)]
CFG mu=3 r=3 s=5 k=2 tops=(0, 2, 2, 2) M=6 degP=7 degQ=24 vars=9 conds=18 | VERDICT dim -1 GB1 1   resonant-free: [(3, 1), (0, 0)]
CFG mu=3 r=3 s=5 k=2 tops=(1, 2, 1, 2) M=6 degP=7 degQ=24 vars=9 conds=18 | VERDICT dim -1 GB1 1   resonant-free: [(3, 1), (0, 0)]
CFG mu=3 r=3 s=5 k=2 tops=(1, 2, 2, 1) M=6 degP=7 degQ=24 vars=9 conds=13 | VERDICT dim -1 GB1 1   resonant-free: [(3, 1), (0, 0)]
CFG mu=3 r=4 s=4 k=2 tops=(0, 2, 1, 2, 2) M=6 degP=7 degQ=24 vars=10 conds=1 | VERDICT dim -1 GB1 1   resonant-free: [(4, 2), (2, 1), (0, 0)]
CFG mu=3 r=4 s=4 k=2 tops=(0, 2, 2, 1, 2) M=6 degP=7 degQ=24 vars=10 conds=1 | VERDICT dim -1 GB1 1   resonant-free: [(4, 2), (2, 1), (0, 0)]
CFG mu=3 r=4 s=4 k=2 tops=(1, 2, 1, 1, 2) M=6 degP=7 degQ=24 vars=10 conds=1 | VERDICT dim -1 GB1 1   resonant-free: [(4, 2), (2, 1), (0, 0)]
CFG mu=3 r=5 s=3 k=2 tops=(0, 1, 1, 1, 2, 3) M=8 degP=7 degQ=32 vars=8 conds=67 | VERDICT dim -1 GB1 1   resonant-free: [(0, 0)]
CFG mu=3 r=5 s=3 k=2 tops=(0, 2, 1, 1, 2, 2) M=6 degP=7 degQ=24 vars=8 conds=7 | VERDICT dim 4 GB1 c(7)-1   resonant-free: [(0, 0)]
  ^^^ NON-EMPTY
CFG mu=1 r=1 s=0 k=1 tops=(4, 2) M=10 degP=8 degQ=20 vars=8 conds=1 | VERDICT dim -1 GB1 1   resonant-free: [(0, 0)]
CFG mu=2 r=2 s=1 k=1 tops=(0, 3, 3) M=8 degP=8 degQ=24 vars=8 conds=13 | VERDICT dim -1 GB1 1   resonant-free: [(0, 0)]
CFG mu=2 r=2 s=1 k=1 tops=(1, 3, 2) M=8 degP=8 degQ=24 vars=8 conds=11 | VERDICT dim -1 GB1 1   resonant-free: [(0, 0)]
CFG mu=2 r=2 s=1 k=1 tops=(2, 3, 1) M=8 degP=8 degQ=24 vars=8 conds=5 | VERDICT dim -1 GB1 1   resonant-free: [(0, 0)]
CFG mu=2 r=3 s=0 k=1 tops=(0, 3, 1, 3) M=8 degP=8 degQ=24 vars=8 conds=1 | VERDICT dim -1 GB1 1   resonant-free: [(0, 0)]
CFG mu=2 r=3 s=0 k=1 tops=(0, 3, 2, 2) M=8 degP=8 degQ=24 vars=8 conds=1 | VERDICT dim -1 GB1 1   resonant-free: [(0, 0)]
CFG mu=2 r=3 s=0 k=1 tops=(1, 3, 1, 2) M=8 degP=8 degQ=24 vars=8 conds=1 | VERDICT dim -1 GB1 1   resonant-free: [(0, 0)]
CFG mu=3 r=3 s=2 k=1 tops=(2, 1, 1, 2) M=6 degP=8 degQ=24 vars=8 conds=17 | VERDICT dim -1 GB1 1   resonant-free: [(0, 0)]
CFG mu=3 r=3 s=2 k=1 tops=(2, 1, 2, 1) M=6 degP=8 degQ=24 vars=8 conds=7 | VERDICT dim -1 GB1 1   resonant-free: [(0, 0)]
CFG mu=3 r=3 s=2 k=1 tops=(2, 2, 1, 1) M=6 degP=8 degQ=24 vars=8 conds=5 | VERDICT dim -1 GB1 1   resonant-free: [(0, 0)]
CFG mu=3 r=4 s=1 k=1 tops=(0, 1, 1, 2, 3) M=8 degP=8 degQ=32 vars=8 conds=1 | VERDICT dim -1 GB1 1   resonant-free: [(0, 0)]
CFG mu=3 r=4 s=1 k=1 tops=(0, 1, 2, 1, 3) M=8 degP=8 degQ=32 vars=8 conds=1 | VERDICT dim -1 GB1 1   resonant-free: [(0, 0)]
CFG mu=3 r=4 s=1 k=1 tops=(0, 2, 1, 1, 3) M=8 degP=8 degQ=32 vars=8 conds=1 | VERDICT dim -1 GB1 1   resonant-free: [(0, 0)]
CFG mu=3 r=4 s=1 k=1 tops=(1, 1, 1, 1, 3) M=8 degP=8 degQ=32 vars=8 conds=1 | VERDICT dim -1 GB1 1   resonant-free: [(0, 0)]
CFG mu=3 r=4 s=1 k=1 tops=(2, 1, 1, 1, 2) M=6 degP=8 degQ=24 vars=8 conds=1 | VERDICT dim -1 GB1 1   resonant-free: [(0, 0)]
CFG mu=3 r=5 s=0 k=1 tops=(0, 1, 1, 1, 3, 2) M=8 degP=8 degQ=32 vars=8 conds=1 | VERDICT dim -1 GB1 1   resonant-free: [(0, 0)]
CFG mu=1 r=1 s=1 k=2 tops=(4, 2) M=10 degP=8 degQ=20 vars=9 conds=1 | VERDICT dim 8 GB1 c(5)*c(7)*U-1   resonant-free: [(1, 1), (0, 0)]
  ^^^ NON-EMPTY
CFG mu=1 r=2 s=0 k=2 tops=(0, 2, 5) M=12 degP=8 degQ=24 vars=8 conds=1 | VERDICT dim -1 GB1 1   resonant-free: [(0, 0)]
CFG mu=1 r=2 s=0 k=2 tops=(1, 1, 5) M=12 degP=8 degQ=24 vars=8 conds=1 | VERDICT dim -1 GB1 1   resonant-free: [(0, 0)]
CFG mu=1 r=2 s=0 k=2 tops=(4, 1, 2) M=10 degP=8 degQ=20 vars=8 conds=1 | VERDICT dim -1 GB1 1   resonant-free: [(0, 0)]
CFG mu=2 r=2 s=3 k=2 tops=(0, 3, 3) M=8 degP=8 degQ=24 vars=9 conds=15 | VERDICT dim -1 GB1 1   resonant-free: [(2, 1), (0, 0)]
CFG mu=2 r=2 s=3 k=2 tops=(1, 3, 2) M=8 degP=8 degQ=24 vars=9 conds=14 | VERDICT dim -1 GB1 1   resonant-free: [(2, 1), (0, 0)]
CFG mu=2 r=2 s=3 k=2 tops=(2, 3, 1) M=8 degP=8 degQ=24 vars=9 conds=9 | VERDICT dim -1 GB1 1   resonant-free: [(2, 1), (0, 0)]
CFG mu=2 r=3 s=2 k=2 tops=(0, 3, 1, 3) M=8 degP=8 degQ=24 vars=8 conds=30 | VERDICT dim 4 GB1 c(6)-1   resonant-free: [(0, 0)]
  ^^^ NON-EMPTY
CFG mu=2 r=3 s=2 k=2 tops=(0, 3, 2, 2) M=8 degP=8 degQ=24 vars=8 conds=12 | VERDICT dim 4 GB1 c(7)-1   resonant-free: [(0, 0)]
  ^^^ NON-EMPTY
CFG mu=2 r=3 s=2 k=2 tops=(1, 3, 1, 2) M=8 degP=8 degQ=24 vars=8 conds=10 | VERDICT dim -1 GB1 1   resonant-free: [(0, 0)]
CFG mu=2 r=4 s=1 k=2 tops=(0, 1, 1, 2, 4) M=10 degP=8 degQ=30 vars=8 conds=1 | VERDICT dim -1 GB1 1   resonant-free: [(0, 0)]
CFG mu=2 r=4 s=1 k=2 tops=(0, 3, 1, 2, 2) M=8 degP=8 degQ=24 vars=8 conds=1 | VERDICT dim -1 GB1 1   resonant-free: [(0, 0)]
CFG mu=3 r=3 s=5 k=2 tops=(2, 1, 1, 2) M=6 degP=8 degQ=24 vars=9 conds=18 | VERDICT dim -1 GB1 1   resonant-free: [(3, 1), (0, 0)]
CFG mu=3 r=3 s=5 k=2 tops=(2, 1, 2, 1) M=6 degP=8 degQ=24 vars=9 conds=13 | VERDICT dim -1 GB1 1   resonant-free: [(3, 1), (0, 0)]
CFG mu=3 r=3 s=5 k=2 tops=(2, 2, 1, 1) M=6 degP=8 degQ=24 vars=9 conds=8 | VERDICT dim -1 GB1 1   resonant-free: [(3, 1), (0, 0)]
CFG mu=3 r=4 s=4 k=2 tops=(0, 1, 1, 2, 3) M=8 degP=8 degQ=32 vars=10 conds=1 | VERDICT dim -1 GB1 1   resonant-free: [(4, 2), (2, 1), (0, 0)]
CFG mu=3 r=4 s=4 k=2 tops=(0, 1, 2, 1, 3) M=8 degP=8 degQ=32 vars=10 conds=1 | VERDICT dim -1 GB1 1   resonant-free: [(4, 2), (2, 1), (0, 0)]
CFG mu=3 r=4 s=4 k=2 tops=(0, 2, 1, 1, 3) M=8 degP=8 degQ=32 vars=10 conds=1 | VERDICT dim -1 GB1 1   resonant-free: [(4, 2), (2, 1), (0, 0)]
CFG mu=3 r=4 s=4 k=2 tops=(1, 1, 1, 1, 3) M=8 degP=8 degQ=32 vars=10 conds=1 | VERDICT dim -1 GB1 1   resonant-free: [(4, 2), (2, 1), (0, 0)]
CFG mu=3 r=4 s=4 k=2 tops=(2, 1, 1, 1, 2) M=6 degP=8 degQ=24 vars=10 conds=1 | VERDICT dim -1 GB1 1   resonant-free: [(4, 2), (2, 1), (0, 0)]
CFG mu=3 r=5 s=3 k=2 tops=(0, 1, 1, 1, 3, 2) M=8 degP=8 degQ=32 vars=8 conds=27 | VERDICT dim 4 GB1 c(7)-1   resonant-free: [(0, 0)]
  ^^^ NON-EMPTY
CFG mu=1 r=1 s=0 k=1 tops=(1, 5) M=12 degP=9 degQ=24 vars=8 conds=4 | VERDICT dim -1 GB1 1   resonant-free: [(0, 0)]
CFG mu=2 r=2 s=1 k=1 tops=(3, 1, 2) M=8 degP=9 degQ=24 vars=8 conds=3 | VERDICT dim -1 GB1 1   resonant-free: [(0, 0)]
CFG mu=2 r=2 s=1 k=1 tops=(3, 2, 1) M=8 degP=9 degQ=24 vars=8 conds=3 | VERDICT dim 5 GB1 c(2)   resonant-free: [(0, 0)]
  ^^^ NON-EMPTY
CFG mu=2 r=3 s=0 k=1 tops=(0, 1, 2, 4) M=10 degP=9 degQ=30 vars=8 conds=1 | VERDICT dim -1 GB1 1   resonant-free: [(0, 0)]
CFG mu=2 r=3 s=0 k=1 tops=(0, 2, 1, 4) M=10 degP=9 degQ=30 vars=8 conds=1 | VERDICT dim -1 GB1 1   resonant-free: [(0, 0)]
CFG mu=2 r=3 s=0 k=1 tops=(1, 1, 1, 4) M=10 degP=9 degQ=30 vars=8 conds=1 | VERDICT dim -1 GB1 1   resonant-free: [(0, 0)]
CFG mu=2 r=3 s=0 k=1 tops=(3, 1, 1, 2) M=8 degP=9 degQ=24 vars=8 conds=1 | VERDICT dim -1 GB1 1   resonant-free: [(0, 0)]
CFG mu=3 r=3 s=2 k=1 tops=(0, 1, 2, 3) M=8 degP=9 degQ=32 vars=8 conds=23 | VERDICT dim 5 GB1 c(2)   resonant-free: [(0, 0)]
  ^^^ NON-EMPTY
CFG mu=3 r=3 s=2 k=1 tops=(0, 2, 1, 3) M=8 degP=9 degQ=32 vars=8 conds=24 | VERDICT dim 4 GB1 c(4)   resonant-free: [(0, 0)]
  ^^^ NON-EMPTY
CFG mu=3 r=3 s=2 k=1 tops=(1, 1, 1, 3) M=8 degP=9 degQ=32 vars=8 conds=22 | VERDICT dim -1 GB1 1   resonant-free: [(0, 0)]
CFG mu=3 r=4 s=1 k=1 tops=(0, 1, 1, 3, 2) M=8 degP=9 degQ=32 vars=8 conds=1 | VERDICT dim -1 GB1 1   resonant-free: [(0, 0)]
CFG mu=1 r=1 s=1 k=2 tops=(1, 5) M=12 degP=9 degQ=24 vars=9 conds=8 | VERDICT dim -1 GB1 1   resonant-free: [(1, 1), (0, 0)]
CFG mu=1 r=2 s=0 k=2 tops=(0, 5, 2) M=12 degP=9 degQ=24 vars=8 conds=1 | VERDICT dim -1 GB1 1   resonant-free: [(0, 0)]
CFG mu=2 r=2 s=3 k=2 tops=(3, 1, 2) M=8 degP=9 degQ=24 vars=9 conds=11 | VERDICT dim -1 GB1 1   resonant-free: [(2, 1), (0, 0)]
CFG mu=2 r=2 s=3 k=2 tops=(3, 2, 1) M=8 degP=9 degQ=24 vars=9 conds=5 | VERDICT dim 5 GB1 c(2)*c(5)   resonant-free: [(2, 1), (0, 0)]
  ^^^ NON-EMPTY
CFG mu=2 r=3 s=2 k=2 tops=(0, 1, 2, 4) M=10 degP=9 degQ=30 vars=8 conds=53 | VERDICT dim -1 GB1 1   resonant-free: [(0, 0)]
CFG mu=2 r=3 s=2 k=2 tops=(0, 2, 1, 4) M=10 degP=9 degQ=30 vars=8 conds=53 | VERDICT dim -1 GB1 1   resonant-free: [(0, 0)]
CFG mu=2 r=3 s=2 k=2 tops=(1, 1, 1, 4) M=10 degP=9 degQ=30 vars=8 conds=50 | VERDICT dim -1 GB1 1   resonant-free: [(0, 0)]
CFG mu=2 r=3 s=2 k=2 tops=(3, 1, 1, 2) M=8 degP=9 degQ=24 vars=8 conds=5 | VERDICT dim -1 GB1 1   resonant-free: [(0, 0)]
CFG mu=2 r=4 s=1 k=2 tops=(0, 1, 1, 4, 2) M=10 degP=9 degQ=30 vars=8 conds=1 | VERDICT dim -1 GB1 1   resonant-free: [(0, 0)]
CFG mu=3 r=3 s=5 k=2 tops=(0, 1, 2, 3) M=8 degP=9 degQ=32 vars=9 conds=27 | VERDICT dim 5 GB1 c(2)*c(4)   resonant-free: [(3, 1), (0, 0)]
  ^^^ NON-EMPTY
CFG mu=3 r=3 s=5 k=2 tops=(0, 2, 1, 3) M=8 degP=9 degQ=32 vars=9 conds=28 | VERDICT dim 5 GB1 c(4)   resonant-free: [(3, 1), (0, 0)]
  ^^^ NON-EMPTY
CFG mu=3 r=3 s=5 k=2 tops=(1, 1, 1, 3) M=8 degP=9 degQ=32 vars=9 conds=26 | VERDICT dim -1 GB1 1   resonant-free: [(3, 1), (0, 0)]
CFG mu=3 r=4 s=4 k=2 tops=(0, 1, 1, 3, 2) M=8 degP=9 degQ=32 vars=10 conds=1 | VERDICT dim -1 GB1 1   resonant-free: [(4, 2), (2, 1), (0, 0)]
CFG mu=1 r=1 s=0 k=1 tops=(5, 1) M=12 degP=10 degQ=24 vars=8 conds=0 | VERDICT dim 8 GB1 c(6)*c(7)*U-1   resonant-free: [(0, 0)]
  ^^^ NON-EMPTY
CFG mu=2 r=2 s=1 k=1 tops=(0, 2, 4) M=10 degP=10 degQ=30 vars=8 conds=16 | VERDICT dim -1 GB1 1   resonant-free: [(0, 0)]
CFG mu=2 r=2 s=1 k=1 tops=(1, 1, 4) M=10 degP=10 degQ=30 vars=8 conds=15 | VERDICT dim -1 GB1 1   resonant-free: [(0, 0)]
CFG mu=2 r=3 s=0 k=1 tops=(0, 1, 4, 2) M=10 degP=10 degQ=30 vars=8 conds=1 | VERDICT dim -1 GB1 1   resonant-free: [(0, 0)]
CFG mu=3 r=3 s=2 k=1 tops=(0, 1, 3, 2) M=8 degP=10 degQ=32 vars=8 conds=23 | VERDICT dim -1 GB1 1   resonant-free: [(0, 0)]
CFG mu=3 r=3 s=2 k=1 tops=(0, 2, 3, 1) M=8 degP=10 degQ=32 vars=8 conds=13 | VERDICT dim 4 GB1 c(2)*c(4)   resonant-free: [(0, 0)]
  ^^^ NON-EMPTY
CFG mu=3 r=3 s=2 k=1 tops=(1, 1, 3, 1) M=8 degP=10 degQ=32 vars=8 conds=12 | VERDICT dim -1 GB1 1   resonant-free: [(0, 0)]
CFG mu=3 r=4 s=1 k=1 tops=(0, 1, 3, 1, 2) M=8 degP=10 degQ=32 vars=8 conds=1 | VERDICT dim -1 GB1 1   resonant-free: [(0, 0)]
CFG mu=1 r=1 s=1 k=2 tops=(5, 1) M=12 degP=10 degQ=24 vars=9 conds=0 | VERDICT dim 9 GB1 c(6)*c(7)*U-1   resonant-free: [(1, 1), (0, 0)]
  ^^^ NON-EMPTY
CFG mu=1 r=2 s=0 k=2 tops=(0, 1, 6) M=14 degP=10 degQ=28 vars=8 conds=1 | VERDICT dim -1 GB1 1   resonant-free: [(0, 0)]
CFG mu=2 r=2 s=3 k=2 tops=(0, 2, 4) M=10 degP=10 degQ=30 vars=9 conds=20 | VERDICT dim 5 GB1 c(3)   resonant-free: [(2, 1), (0, 0)]
  ^^^ NON-EMPTY
CFG mu=2 r=2 s=3 k=2 tops=(1, 1, 4) M=10 degP=10 degQ=30 vars=9 conds=20 | VERDICT dim -1 GB1 1   resonant-free: [(2, 1), (0, 0)]
CFG mu=2 r=3 s=2 k=2 tops=(0, 1, 4, 2) M=10 degP=10 degQ=30 vars=8 conds=21 | VERDICT dim 4 GB1 c(7)-1   resonant-free: [(0, 0)]
  ^^^ NON-EMPTY
CFG mu=3 r=3 s=5 k=2 tops=(0, 1, 3, 2) M=8 degP=10 degQ=32 vars=9 conds=27 | VERDICT dim -1 GB1 1   resonant-free: [(3, 1), (0, 0)]
CFG mu=3 r=3 s=5 k=2 tops=(0, 2, 3, 1) M=8 degP=10 degQ=32 vars=9 conds=21 | VERDICT dim 5 GB1 c(1)*c(7)*U-1   resonant-free: [(3, 1), (0, 0)]
  ^^^ NON-EMPTY
CFG mu=3 r=3 s=5 k=2 tops=(1, 1, 3, 1) M=8 degP=10 degQ=32 vars=9 conds=20 | VERDICT dim -1 GB1 1   resonant-free: [(3, 1), (0, 0)]
CFG mu=3 r=4 s=4 k=2 tops=(0, 1, 3, 1, 2) M=8 degP=10 degQ=32 vars=10 conds=1 | VERDICT dim -1 GB1 1   resonant-free: [(4, 2), (2, 1), (0, 0)]
CFG mu=1 r=1 s=0 k=1 tops=(0, 6) M=14 degP=11 degQ=28 vars=8 conds=5 | VERDICT dim -1 GB1 1   resonant-free: [(0, 0)]
CFG mu=2 r=2 s=1 k=1 tops=(0, 4, 2) M=10 degP=11 degQ=30 vars=8 conds=13 | VERDICT dim 5 GB1 c(5)^2   resonant-free: [(0, 0)]
  ^^^ NON-EMPTY
CFG mu=2 r=2 s=1 k=1 tops=(1, 4, 1) M=10 degP=11 degQ=30 vars=8 conds=7 | VERDICT dim -1 GB1 1   resonant-free: [(0, 0)]
CFG mu=2 r=3 s=0 k=1 tops=(0, 4, 1, 2) M=10 degP=11 degQ=30 vars=8 conds=1 | VERDICT dim -1 GB1 1   resonant-free: [(0, 0)]
CFG mu=3 r=3 s=2 k=1 tops=(0, 3, 1, 2) M=8 degP=11 degQ=32 vars=8 conds=24 | VERDICT dim -1 GB1 1   resonant-free: [(0, 0)]
CFG mu=3 r=3 s=2 k=1 tops=(0, 3, 2, 1) M=8 degP=11 degQ=32 vars=8 conds=9 | VERDICT dim 4 GB1 c(2)*c(5)   resonant-free: [(0, 0)]
  ^^^ NON-EMPTY
CFG mu=3 r=3 s=2 k=1 tops=(1, 3, 1, 1) M=8 degP=11 degQ=32 vars=8 conds=8 | VERDICT dim -1 GB1 1   resonant-free: [(0, 0)]
CFG mu=3 r=4 s=1 k=1 tops=(0, 3, 1, 1, 2) M=8 degP=11 degQ=32 vars=8 conds=1 | VERDICT dim -1 GB1 1   resonant-free: [(0, 0)]
CFG mu=1 r=1 s=1 k=2 tops=(0, 6) M=14 degP=11 degQ=28 vars=9 conds=5 | VERDICT dim -1 GB1 1   resonant-free: [(1, 1), (0, 0)]
CFG mu=2 r=2 s=3 k=2 tops=(0, 4, 2) M=10 degP=11 degQ=30 vars=9 conds=17 | VERDICT dim 6 GB1 c(4)*c(7)-3*c(5)   resonant-free: [(2, 1), (0, 0)]
  ^^^ NON-EMPTY
CFG mu=2 r=2 s=3 k=2 tops=(1, 4, 1) M=10 degP=11 degQ=30 vars=9 conds=13 | VERDICT dim -1 GB1 1   resonant-free: [(2, 1), (0, 0)]
CFG mu=2 r=3 s=2 k=2 tops=(0, 4, 1, 2) M=10 degP=11 degQ=30 vars=8 conds=14 | VERDICT dim 3 GB1 c(7)-1   resonant-free: [(0, 0)]
  ^^^ NON-EMPTY
CFG mu=3 r=3 s=5 k=2 tops=(0, 3, 1, 2) M=8 degP=11 degQ=32 vars=9 conds=28 | VERDICT dim -1 GB1 1   resonant-free: [(3, 1), (0, 0)]
CFG mu=3 r=3 s=5 k=2 tops=(0, 3, 2, 1) M=8 degP=11 degQ=32 vars=9 conds=15 | VERDICT dim 5 GB1 c(1)*c(7)*U-1   resonant-free: [(3, 1), (0, 0)]
  ^^^ NON-EMPTY
CFG mu=3 r=3 s=5 k=2 tops=(1, 3, 1, 1) M=8 degP=11 degQ=32 vars=9 conds=14 | VERDICT dim -1 GB1 1   resonant-free: [(3, 1), (0, 0)]
CFG mu=3 r=4 s=4 k=2 tops=(0, 3, 1, 1, 2) M=8 degP=11 degQ=32 vars=10 conds=1 | VERDICT dim -1 GB1 1   resonant-free: [(4, 2), (2, 1), (0, 0)]
CFG mu=2 r=2 s=1 k=1 tops=(4, 1, 1) M=10 degP=12 degQ=30 vars=8 conds=4 | VERDICT dim -1 GB1 1   resonant-free: [(0, 0)]
CFG mu=2 r=3 s=0 k=1 tops=(0, 1, 1, 5) M=12 degP=12 degQ=36 vars=8 conds=1 | VERDICT dim -1 GB1 1   resonant-free: [(0, 0)]
CFG mu=3 r=3 s=2 k=1 tops=(3, 1, 1, 1) M=8 degP=12 degQ=32 vars=8 conds=4 | VERDICT dim -1 GB1 1   resonant-free: [(0, 0)]
CFG mu=3 r=4 s=1 k=1 tops=(0, 1, 1, 1, 4) M=10 degP=12 degQ=40 vars=8 conds=1 | VERDICT dim -1 GB1 1   resonant-free: [(0, 0)]
CFG mu=2 r=2 s=3 k=2 tops=(4, 1, 1) M=10 degP=12 degQ=30 vars=9 conds=7 | VERDICT dim -1 GB1 1   resonant-free: [(2, 1), (0, 0)]
CFG mu=2 r=3 s=2 k=2 tops=(0, 1, 1, 5) M=12 degP=12 degQ=36 vars=8 conds=65 | VERDICT dim -1 GB1 1   resonant-free: [(0, 0)]
CFG mu=3 r=3 s=5 k=2 tops=(3, 1, 1, 1) M=8 degP=12 degQ=32 vars=9 conds=10 | VERDICT dim -1 GB1 1   resonant-free: [(3, 1), (0, 0)]
CFG mu=3 r=4 s=4 k=2 tops=(0, 1, 1, 1, 4) M=10 degP=12 degQ=40 vars=10 conds=1 | VERDICT dim -1 GB1 1   resonant-free: [(4, 2), (2, 1), (0, 0)]
CFG mu=2 r=2 s=1 k=1 tops=(0, 1, 5) M=12 degP=13 degQ=36 vars=8 conds=18 | VERDICT dim -1 GB1 1   resonant-free: [(0, 0)]
CFG mu=3 r=3 s=2 k=1 tops=(0, 1, 1, 4) M=10 degP=13 degQ=40 vars=8 conds=29 | VERDICT dim -1 GB1 1   resonant-free: [(0, 0)]
CFG mu=2 r=2 s=3 k=2 tops=(0, 1, 5) M=12 degP=13 degQ=36 vars=9 conds=24 | VERDICT dim -1 GB1 1   resonant-free: [(2, 1), (0, 0)]
CFG mu=3 r=3 s=5 k=2 tops=(0, 1, 1, 4) M=10 degP=13 degQ=40 vars=9 conds=36 | VERDICT dim -1 GB1 1   resonant-free: [(3, 1), (0, 0)]
CFG mu=2 r=2 s=1 k=1 tops=(0, 5, 1) M=12 degP=14 degQ=36 vars=8 conds=8 | VERDICT dim 4 GB1 c(6)^2   resonant-free: [(0, 0)]
  ^^^ NON-EMPTY
CFG mu=3 r=3 s=2 k=1 tops=(0, 1, 4, 1) M=10 degP=14 degQ=40 vars=8 conds=17 | VERDICT dim 4 GB1 c(2)*c(3)   resonant-free: [(0, 0)]
  ^^^ NON-EMPTY
CFG mu=2 r=2 s=3 k=2 tops=(0, 5, 1) M=12 degP=14 degQ=36 vars=9 conds=15 | VERDICT dim 5 GB1 c(1)*c(7)*U-1   resonant-free: [(2, 1), (0, 0)]
  ^^^ NON-EMPTY
CFG mu=3 r=3 s=5 k=2 tops=(0, 1, 4, 1) M=10 degP=14 degQ=40 vars=9 conds=28 | VERDICT dim 5 GB1 c(1)*c(7)*U-1   resonant-free: [(3, 1), (0, 0)]
  ^^^ NON-EMPTY
CFG mu=3 r=3 s=2 k=1 tops=(0, 4, 1, 1) M=10 degP=15 degQ=40 vars=8 conds=11 | VERDICT dim 4 GB1 c(5)*c(6)   resonant-free: [(0, 0)]
  ^^^ NON-EMPTY
CFG mu=3 r=3 s=5 k=2 tops=(0, 4, 1, 1) M=10 degP=15 degQ=40 vars=9 conds=20 | VERDICT dim 5 GB1 c(1)*c(7)*U-1   resonant-free: [(3, 1), (0, 0)]
  ^^^ NON-EMPTY
CFG mu=2 r=5 s=0 k=2 tops=(1, 1, 2, 2, 2, 3) M=8 degP=4 degQ=24 vars=9 conds=1 | VERDICT dim -1 GB1 1   resonant-free: [(0, 0)]
CFG mu=3 r=6 s=2 k=2 tops=(1, 1, 1, 1, 2, 2, 2) M=6 degP=4 degQ=24 vars=9 conds=1 | VERDICT dim -1 GB1 1   resonant-free: [(0, 0)]
CFG mu=3 r=5 s=0 k=1 tops=(1, 1, 1, 2, 2, 2) M=6 degP=5 degQ=24 vars=9 conds=1 | VERDICT dim -1 GB1 1   resonant-free: [(0, 0)]
CFG mu=1 r=2 s=0 k=2 tops=(2, 3, 3) M=8 degP=5 degQ=16 vars=9 conds=1 | VERDICT dim -1 GB1 1   resonant-free: [(0, 0)]
CFG mu=2 r=4 s=1 k=2 tops=(0, 2, 2, 2, 3) M=8 degP=5 degQ=24 vars=9 conds=1 | VERDICT dim -1 GB1 1   resonant-free: [(0, 0)]
CFG mu=2 r=4 s=1 k=2 tops=(1, 1, 2, 2, 3) M=8 degP=5 degQ=24 vars=9 conds=1 | VERDICT dim -1 GB1 1   resonant-free: [(0, 0)]
CFG mu=2 r=4 s=1 k=2 tops=(1, 2, 1, 2, 3) M=8 degP=5 degQ=24 vars=9 conds=1 | VERDICT dim -1 GB1 1   resonant-free: [(0, 0)]
CFG mu=2 r=4 s=1 k=2 tops=(1, 2, 2, 2, 2) M=6 degP=5 degQ=18 vars=9 conds=1 | VERDICT dim -1 GB1 1   resonant-free: [(0, 0)]
CFG mu=2 r=5 s=0 k=2 tops=(0, 1, 2, 2, 3, 3) M=8 degP=5 degQ=24 vars=9 conds=1 | VERDICT dim -1 GB1 1   resonant-free: [(0, 0)]
CFG mu=2 r=5 s=0 k=2 tops=(0, 2, 1, 2, 3, 3) M=8 degP=5 degQ=24 vars=9 conds=1 | VERDICT dim -1 GB1 1   resonant-free: [(0, 0)]
CFG mu=2 r=5 s=0 k=2 tops=(0, 2, 2, 2, 2, 3) M=8 degP=5 degQ=24 vars=9 conds=1 | VERDICT dim -1 GB1 1   resonant-free: [(0, 0)]
CFG mu=2 r=5 s=0 k=2 tops=(1, 1, 1, 2, 3, 3) M=8 degP=5 degQ=24 vars=9 conds=1 | VERDICT dim -1 GB1 1   resonant-free: [(0, 0)]
CFG mu=2 r=5 s=0 k=2 tops=(1, 2, 1, 2, 2, 3) M=8 degP=5 degQ=24 vars=9 conds=1 | VERDICT dim -1 GB1 1   resonant-free: [(0, 0)]
CFG mu=3 r=5 s=3 k=2 tops=(1, 1, 1, 2, 2, 2) M=6 degP=5 degQ=24 vars=9 conds=9 | VERDICT dim -1 GB1 1   resonant-free: [(0, 0)]
CFG mu=3 r=6 s=2 k=2 tops=(0, 1, 1, 2, 2, 2, 2) M=6 degP=5 degQ=24 vars=9 conds=1 | VERDICT dim -1 GB1 1   resonant-free: [(0, 0)]
CFG mu=3 r=7 s=1 k=2 tops=(0, 1, 1, 1, 2, 2, 2, 3) M=8 degP=5 degQ=32 vars=9 conds=1 | VERDICT dim -1 GB1 1   resonant-free: [(0, 0)]
CFG mu=2 r=3 s=0 k=1 tops=(1, 2, 2, 3) M=8 degP=6 degQ=24 vars=9 conds=1 | VERDICT dim -1 GB1 1   resonant-free: [(0, 0)]
CFG mu=2 r=3 s=0 k=1 tops=(2, 1, 2, 3) M=8 degP=6 degQ=24 vars=9 conds=1 | VERDICT dim -1 GB1 1   resonant-free: [(0, 0)]
CFG mu=2 r=3 s=0 k=1 tops=(2, 2, 1, 3) M=8 degP=6 degQ=24 vars=9 conds=1 | VERDICT dim -1 GB1 1   resonant-free: [(0, 0)]
CFG mu=2 r=3 s=0 k=1 tops=(2, 2, 2, 2) M=6 degP=6 degQ=18 vars=9 conds=1 | VERDICT dim -1 GB1 1   resonant-free: [(0, 0)]
CFG mu=3 r=4 s=1 k=1 tops=(1, 1, 2, 2, 2) M=6 degP=6 degQ=24 vars=9 conds=1 | VERDICT dim -1 GB1 1   resonant-free: [(0, 0)]
CFG mu=3 r=5 s=0 k=1 tops=(0, 1, 2, 2, 2, 2) M=6 degP=6 degQ=24 vars=9 conds=1 | VERDICT dim -1 GB1 1   resonant-free: [(0, 0)]
CFG mu=3 r=5 s=0 k=1 tops=(1, 1, 2, 1, 2, 2) M=6 degP=6 degQ=24 vars=9 conds=1 | VERDICT dim -1 GB1 1   resonant-free: [(0, 0)]
CFG mu=1 r=2 s=0 k=2 tops=(1, 3, 4) M=10 degP=6 degQ=20 vars=9 conds=1 | VERDICT dim -1 GB1 1   resonant-free: [(0, 0)]
CFG mu=1 r=2 s=0 k=2 tops=(2, 2, 4) M=10 degP=6 degQ=20 vars=9 conds=1 | VERDICT dim -1 GB1 1   resonant-free: [(0, 0)]
CFG mu=1 r=2 s=0 k=2 tops=(3, 1, 4) M=10 degP=6 degQ=20 vars=9 conds=1 | VERDICT dim -1 GB1 1   resonant-free: [(0, 0)]
CFG mu=1 r=2 s=0 k=2 tops=(3, 2, 3) M=8 degP=6 degQ=16 vars=9 conds=1 | VERDICT dim -1 GB1 1   resonant-free: [(0, 0)]
CFG mu=1 r=2 s=0 k=2 tops=(3, 3, 2) M=8 degP=6 degQ=16 vars=9 conds=1 | VERDICT dim -1 GB1 1   resonant-free: [(0, 0)]
CFG mu=2 r=3 s=2 k=2 tops=(1, 2, 2, 3) M=8 degP=6 degQ=24 vars=9 conds=9 | VERDICT dim -1 GB1 1   resonant-free: [(0, 0)]
CFG mu=2 r=3 s=2 k=2 tops=(2, 1, 2, 3) M=8 degP=6 degQ=24 vars=9 conds=9 | VERDICT dim -1 GB1 1   resonant-free: [(0, 0)]
CFG mu=2 r=3 s=2 k=2 tops=(2, 2, 1, 3) M=8 degP=6 degQ=24 vars=9 conds=9 | VERDICT dim -1 GB1 1   resonant-free: [(0, 0)]
CFG mu=2 r=3 s=2 k=2 tops=(2, 2, 2, 2) M=6 degP=6 degQ=18 vars=9 conds=8 | VERDICT dim -1 GB1 1   resonant-free: [(0, 0)]
CFG mu=2 r=4 s=1 k=2 tops=(0, 1, 2, 3, 3) M=8 degP=6 degQ=24 vars=9 conds=1 | VERDICT dim -1 GB1 1   resonant-free: [(0, 0)]
CFG mu=2 r=4 s=1 k=2 tops=(0, 2, 1, 3, 3) M=8 degP=6 degQ=24 vars=9 conds=1 | VERDICT dim -1 GB1 1   resonant-free: [(0, 0)]
CFG mu=2 r=4 s=1 k=2 tops=(0, 2, 2, 3, 2) M=8 degP=6 degQ=24 vars=9 conds=1 | VERDICT dim -1 GB1 1   resonant-free: [(0, 0)]
CFG mu=2 r=4 s=1 k=2 tops=(1, 1, 1, 3, 3) M=8 degP=6 degQ=24 vars=9 conds=1 | VERDICT dim -1 GB1 1   resonant-free: [(0, 0)]
CFG mu=2 r=4 s=1 k=2 tops=(1, 1, 2, 3, 2) M=8 degP=6 degQ=24 vars=9 conds=1 | VERDICT dim -1 GB1 1   resonant-free: [(0, 0)]
CFG mu=2 r=4 s=1 k=2 tops=(1, 2, 1, 3, 2) M=8 degP=6 degQ=24 vars=9 conds=1 | VERDICT dim -1 GB1 1   resonant-free: [(0, 0)]
CFG mu=2 r=4 s=1 k=2 tops=(2, 1, 1, 2, 3) M=8 degP=6 degQ=24 vars=9 conds=1 | VERDICT dim -1 GB1 1   resonant-free: [(0, 0)]
CFG mu=2 r=4 s=1 k=2 tops=(2, 1, 1, 3, 2) M=8 degP=6 degQ=24 vars=9 conds=1 | VERDICT dim -1 GB1 1   resonant-free: [(0, 0)]
CFG mu=2 r=4 s=1 k=2 tops=(2, 1, 2, 2, 2) M=6 degP=6 degQ=18 vars=9 conds=1 | VERDICT dim -1 GB1 1   resonant-free: [(0, 0)]
CFG mu=2 r=4 s=1 k=2 tops=(2, 2, 1, 2, 2) M=6 degP=6 degQ=18 vars=9 conds=1 | VERDICT dim -1 GB1 1   resonant-free: [(0, 0)]
CFG mu=2 r=5 s=0 k=2 tops=(0, 1, 1, 3, 3, 3) M=8 degP=6 degQ=24 vars=9 conds=1 | VERDICT dim -1 GB1 1   resonant-free: [(0, 0)]
CFG mu=2 r=5 s=0 k=2 tops=(0, 1, 2, 3, 2, 3) M=8 degP=6 degQ=24 vars=9 conds=1 | VERDICT dim -1 GB1 1   resonant-free: [(0, 0)]
CFG mu=2 r=5 s=0 k=2 tops=(0, 2, 1, 3, 2, 3) M=8 degP=6 degQ=24 vars=9 conds=1 | VERDICT dim -1 GB1 1   resonant-free: [(0, 0)]
CFG mu=2 r=5 s=0 k=2 tops=(1, 1, 1, 3, 2, 3) M=8 degP=6 degQ=24 vars=9 conds=1 | VERDICT dim -1 GB1 1   resonant-free: [(0, 0)]
CFG mu=2 r=5 s=0 k=2 tops=(2, 1, 1, 2, 2, 3) M=8 degP=6 degQ=24 vars=9 conds=1 | VERDICT dim -1 GB1 1   resonant-free: [(0, 0)]
CFG mu=3 r=4 s=4 k=2 tops=(1, 1, 2, 2, 2) M=6 degP=6 degQ=24 vars=11 conds=1 | VERDICT dim -1 GB1 1   resonant-free: [(4, 2), (2, 1), (0, 0)]
CFG mu=3 r=5 s=3 k=2 tops=(0, 1, 2, 2, 2, 2) M=6 degP=6 degQ=24 vars=9 conds=12 | VERDICT dim 4 GB1 c(8)-1   resonant-free: [(0, 0)]
  ^^^ NON-EMPTY
CFG mu=3 r=5 s=3 k=2 tops=(1, 1, 2, 1, 2, 2) M=6 degP=6 degQ=24 vars=9 conds=10 | VERDICT dim -1 GB1 1   resonant-free: [(0, 0)]
CFG mu=3 r=6 s=2 k=2 tops=(0, 1, 1, 1, 2, 2, 3) M=8 degP=6 degQ=32 vars=9 conds=1 | VERDICT dim -1 GB1 1   resonant-free: [(0, 0)]
CFG mu=3 r=6 s=2 k=2 tops=(0, 1, 2, 1, 2, 2, 2) M=6 degP=6 degQ=24 vars=9 conds=1 | VERDICT dim -1 GB1 1   resonant-free: [(0, 0)]
CFG mu=1 r=1 s=0 k=1 tops=(3, 4) M=10 degP=7 degQ=20 vars=9 conds=3 | VERDICT dim -1 GB1 1   resonant-free: [(0, 0)]
CFG mu=2 r=2 s=1 k=1 tops=(2, 2, 3) M=8 degP=7 degQ=24 vars=9 conds=13 | VERDICT dim -1 GB1 1   resonant-free: [(0, 0)]
CFG mu=2 r=3 s=0 k=1 tops=(0, 2, 3, 3) M=8 degP=7 degQ=24 vars=9 conds=1 | VERDICT dim -1 GB1 1   resonant-free: [(0, 0)]
CFG mu=2 r=3 s=0 k=1 tops=(1, 1, 3, 3) M=8 degP=7 degQ=24 vars=9 conds=1 | VERDICT dim -1 GB1 1   resonant-free: [(0, 0)]
CFG mu=2 r=3 s=0 k=1 tops=(1, 2, 3, 2) M=8 degP=7 degQ=24 vars=9 conds=1 | VERDICT dim -1 GB1 1   resonant-free: [(0, 0)]
CFG mu=2 r=3 s=0 k=1 tops=(2, 1, 3, 2) M=8 degP=7 degQ=24 vars=9 conds=1 | VERDICT dim -1 GB1 1   resonant-free: [(0, 0)]
CFG mu=3 r=3 s=2 k=1 tops=(1, 2, 2, 2) M=6 degP=7 degQ=24 vars=9 conds=17 | VERDICT dim -1 GB1 1   resonant-free: [(0, 0)]
CFG mu=3 r=4 s=1 k=1 tops=(0, 2, 2, 2, 2) M=6 degP=7 degQ=24 vars=9 conds=1 | VERDICT dim -1 GB1 1   resonant-free: [(0, 0)]
CFG mu=3 r=4 s=1 k=1 tops=(1, 2, 1, 2, 2) M=6 degP=7 degQ=24 vars=9 conds=1 | VERDICT dim -1 GB1 1   resonant-free: [(0, 0)]
CFG mu=3 r=4 s=1 k=1 tops=(1, 2, 2, 1, 2) M=6 degP=7 degQ=24 vars=9 conds=1 | VERDICT dim -1 GB1 1   resonant-free: [(0, 0)]
CFG mu=3 r=5 s=0 k=1 tops=(0, 1, 1, 2, 2, 3) M=8 degP=7 degQ=32 vars=9 conds=1 | VERDICT dim -1 GB1 1   resonant-free: [(0, 0)]
CFG mu=3 r=5 s=0 k=1 tops=(0, 1, 2, 1, 2, 3) M=8 degP=7 degQ=32 vars=9 conds=1 | VERDICT dim -1 GB1 1   resonant-free: [(0, 0)]
CFG mu=3 r=5 s=0 k=1 tops=(0, 2, 1, 1, 2, 3) M=8 degP=7 degQ=32 vars=9 conds=1 | VERDICT dim -1 GB1 1   resonant-free: [(0, 0)]
CFG mu=3 r=5 s=0 k=1 tops=(0, 2, 1, 2, 2, 2) M=6 degP=7 degQ=24 vars=9 conds=1 | VERDICT dim -1 GB1 1   resonant-free: [(0, 0)]
CFG mu=3 r=5 s=0 k=1 tops=(0, 2, 2, 1, 2, 2) M=6 degP=7 degQ=24 vars=9 conds=1 | VERDICT dim -1 GB1 1   resonant-free: [(0, 0)]
CFG mu=3 r=5 s=0 k=1 tops=(1, 1, 1, 1, 2, 3) M=8 degP=7 degQ=32 vars=9 conds=1 | VERDICT dim -1 GB1 1   resonant-free: [(0, 0)]
CFG mu=3 r=5 s=0 k=1 tops=(1, 2, 1, 1, 2, 2) M=6 degP=7 degQ=24 vars=9 conds=1 | VERDICT dim -1 GB1 1   resonant-free: [(0, 0)]
CFG mu=1 r=1 s=1 k=2 tops=(3, 4) M=10 degP=7 degQ=20 vars=10 conds=6 | VERDICT dim -1 GB1 1   resonant-free: [(1, 1), (0, 0)]
CFG mu=1 r=2 s=0 k=2 tops=(0, 4, 4) M=10 degP=7 degQ=20 vars=9 conds=1 | VERDICT dim -1 GB1 1   resonant-free: [(0, 0)]
CFG mu=1 r=2 s=0 k=2 tops=(1, 4, 3) M=10 degP=7 degQ=20 vars=9 conds=1 | VERDICT dim -1 GB1 1   resonant-free: [(0, 0)]
CFG mu=1 r=2 s=0 k=2 tops=(2, 4, 2) M=10 degP=7 degQ=20 vars=9 conds=1 | VERDICT dim -1 GB1 1   resonant-free: [(0, 0)]
CFG mu=2 r=2 s=3 k=2 tops=(2, 2, 3) M=8 degP=7 degQ=24 vars=10 conds=16 | VERDICT dim -1 GB1 1   resonant-free: [(2, 1), (0, 0)]
CFG mu=2 r=3 s=2 k=2 tops=(0, 2, 3, 3) M=8 degP=7 degQ=24 vars=9 conds=32 | VERDICT dim 5 GB1 c(7)-1   resonant-free: [(0, 0)]
  ^^^ NON-EMPTY
CFG mu=2 r=3 s=2 k=2 tops=(1, 1, 3, 3) M=8 degP=7 degQ=24 vars=9 conds=30 | VERDICT dim -1 GB1 1   resonant-free: [(0, 0)]
CFG mu=2 r=3 s=2 k=2 tops=(1, 2, 3, 2) M=8 degP=7 degQ=24 vars=9 conds=15 | VERDICT dim -1 GB1 1   resonant-free: [(0, 0)]
CFG mu=2 r=3 s=2 k=2 tops=(2, 1, 3, 2) M=8 degP=7 degQ=24 vars=9 conds=13 | VERDICT dim -1 GB1 1   resonant-free: [(0, 0)]
CFG mu=2 r=4 s=1 k=2 tops=(0, 1, 3, 2, 3) M=8 degP=7 degQ=24 vars=9 conds=1 | VERDICT dim -1 GB1 1   resonant-free: [(0, 0)]
CFG mu=2 r=4 s=1 k=2 tops=(0, 1, 3, 3, 2) M=8 degP=7 degQ=24 vars=9 conds=1 | VERDICT dim -1 GB1 1   resonant-free: [(0, 0)]
CFG mu=2 r=4 s=1 k=2 tops=(0, 2, 3, 2, 2) M=8 degP=7 degQ=24 vars=9 conds=1 | VERDICT dim -1 GB1 1   resonant-free: [(0, 0)]
CFG mu=2 r=4 s=1 k=2 tops=(1, 1, 3, 2, 2) M=8 degP=7 degQ=24 vars=9 conds=1 | VERDICT dim -1 GB1 1   resonant-free: [(0, 0)]
CFG mu=2 r=5 s=0 k=2 tops=(0, 1, 1, 2, 3, 4) M=10 degP=7 degQ=30 vars=9 conds=1 | VERDICT dim -1 GB1 1   resonant-free: [(0, 0)]
CFG mu=2 r=5 s=0 k=2 tops=(0, 1, 1, 3, 2, 4) M=10 degP=7 degQ=30 vars=9 conds=1 | VERDICT dim -1 GB1 1   resonant-free: [(0, 0)]
CFG mu=2 r=5 s=0 k=2 tops=(0, 1, 2, 2, 2, 4) M=10 degP=7 degQ=30 vars=9 conds=1 | VERDICT dim -1 GB1 1   resonant-free: [(0, 0)]
CFG mu=2 r=5 s=0 k=2 tops=(0, 1, 3, 2, 2, 3) M=8 degP=7 degQ=24 vars=9 conds=1 | VERDICT dim -1 GB1 1   resonant-free: [(0, 0)]
CFG mu=2 r=5 s=0 k=2 tops=(0, 2, 1, 2, 2, 4) M=10 degP=7 degQ=30 vars=9 conds=1 | VERDICT dim -1 GB1 1   resonant-free: [(0, 0)]
CFG mu=2 r=5 s=0 k=2 tops=(1, 1, 1, 2, 2, 4) M=10 degP=7 degQ=30 vars=9 conds=1 | VERDICT dim -1 GB1 1   resonant-free: [(0, 0)]
CFG mu=3 r=3 s=5 k=2 tops=(1, 2, 2, 2) M=6 degP=7 degQ=24 vars=10 conds=18 | VERDICT dim -1 GB1 1   resonant-free: [(3, 1), (0, 0)]
CFG mu=3 r=4 s=4 k=2 tops=(0, 2, 2, 2, 2) M=6 degP=7 degQ=24 vars=11 conds=1 | VERDICT dim -1 GB1 1   resonant-free: [(4, 2), (2, 1), (0, 0)]
CFG mu=3 r=4 s=4 k=2 tops=(1, 2, 1, 2, 2) M=6 degP=7 degQ=24 vars=11 conds=1 | VERDICT dim -1 GB1 1   resonant-free: [(4, 2), (2, 1), (0, 0)]
CFG mu=3 r=4 s=4 k=2 tops=(1, 2, 2, 1, 2) M=6 degP=7 degQ=24 vars=11 conds=1 | VERDICT dim -1 GB1 1   resonant-free: [(4, 2), (2, 1), (0, 0)]
CFG mu=3 r=5 s=3 k=2 tops=(0, 1, 1, 2, 2, 3) M=8 degP=7 degQ=32 vars=9 conds=70 | VERDICT dim -1 GB1 1   resonant-free: [(0, 0)]
CFG mu=3 r=5 s=3 k=2 tops=(0, 1, 2, 1, 2, 3) M=8 degP=7 degQ=32 vars=9 conds=69 | VERDICT dim -1 GB1 1   resonant-free: [(0, 0)]
CFG mu=3 r=5 s=3 k=2 tops=(0, 2, 1, 1, 2, 3) M=8 degP=7 degQ=32 vars=9 conds=70 | VERDICT dim -1 GB1 1   resonant-free: [(0, 0)]
CFG mu=3 r=5 s=3 k=2 tops=(0, 2, 1, 2, 2, 2) M=6 degP=7 degQ=24 vars=9 conds=9 | VERDICT dim 4 GB1 c(8)-1   resonant-free: [(0, 0)]
  ^^^ NON-EMPTY
CFG mu=3 r=5 s=3 k=2 tops=(0, 2, 2, 1, 2, 2) M=6 degP=7 degQ=24 vars=9 conds=12 | VERDICT dim 4 GB1 c(8)-1   resonant-free: [(0, 0)]
  ^^^ NON-EMPTY
CFG mu=3 r=5 s=3 k=2 tops=(1, 1, 1, 1, 2, 3) M=8 degP=7 degQ=32 vars=9 conds=67 | VERDICT dim -1 GB1 1   resonant-free: [(0, 0)]
CFG mu=3 r=5 s=3 k=2 tops=(1, 2, 1, 1, 2, 2) M=6 degP=7 degQ=24 vars=9 conds=8 | VERDICT dim -1 GB1 1   resonant-free: [(0, 0)]
CFG mu=3 r=6 s=2 k=2 tops=(0, 1, 1, 1, 2, 3, 2) M=8 degP=7 degQ=32 vars=9 conds=1 | VERDICT dim -1 GB1 1   resonant-free: [(0, 0)]
CFG mu=3 r=6 s=2 k=2 tops=(0, 2, 1, 1, 2, 2, 2) M=6 degP=7 degQ=24 vars=9 conds=1 | VERDICT dim -1 GB1 1   resonant-free: [(0, 0)]
CFG mu=1 r=1 s=0 k=1 tops=(4, 3) M=10 degP=8 degQ=20 vars=9 conds=2 | VERDICT dim -1 GB1 1   resonant-free: [(0, 0)]
CFG mu=2 r=2 s=1 k=1 tops=(1, 3, 3) M=8 degP=8 degQ=24 vars=9 conds=14 | VERDICT dim -1 GB1 1   resonant-free: [(0, 0)]
CFG mu=2 r=2 s=1 k=1 tops=(2, 3, 2) M=8 degP=8 degQ=24 vars=9 conds=11 | VERDICT dim -1 GB1 1   resonant-free: [(0, 0)]
CFG mu=2 r=3 s=0 k=1 tops=(0, 3, 2, 3) M=8 degP=8 degQ=24 vars=9 conds=1 | VERDICT dim -1 GB1 1   resonant-free: [(0, 0)]
CFG mu=2 r=3 s=0 k=1 tops=(0, 3, 3, 2) M=8 degP=8 degQ=24 vars=9 conds=1 | VERDICT dim -1 GB1 1   resonant-free: [(0, 0)]
CFG mu=2 r=3 s=0 k=1 tops=(1, 3, 1, 3) M=8 degP=8 degQ=24 vars=9 conds=1 | VERDICT dim -1 GB1 1   resonant-free: [(0, 0)]
CFG mu=2 r=3 s=0 k=1 tops=(1, 3, 2, 2) M=8 degP=8 degQ=24 vars=9 conds=1 | VERDICT dim -1 GB1 1   resonant-free: [(0, 0)]
CFG mu=2 r=3 s=0 k=1 tops=(2, 3, 1, 2) M=8 degP=8 degQ=24 vars=9 conds=1 | VERDICT dim -1 GB1 1   resonant-free: [(0, 0)]
CFG mu=3 r=3 s=2 k=1 tops=(2, 1, 2, 2) M=6 degP=8 degQ=24 vars=9 conds=17 | VERDICT dim -1 GB1 1   resonant-free: [(0, 0)]
CFG mu=3 r=3 s=2 k=1 tops=(2, 2, 1, 2) M=6 degP=8 degQ=24 vars=9 conds=17 | VERDICT dim -1 GB1 1   resonant-free: [(0, 0)]
CFG mu=3 r=3 s=2 k=1 tops=(2, 2, 2, 1) M=6 degP=8 degQ=24 vars=9 conds=8 | VERDICT dim -1 GB1 1   resonant-free: [(0, 0)]
CFG mu=3 r=4 s=1 k=1 tops=(0, 1, 2, 2, 3) M=8 degP=8 degQ=32 vars=9 conds=1 | VERDICT dim -1 GB1 1   resonant-free: [(0, 0)]
CFG mu=3 r=4 s=1 k=1 tops=(0, 2, 1, 2, 3) M=8 degP=8 degQ=32 vars=9 conds=1 | VERDICT dim -1 GB1 1   resonant-free: [(0, 0)]
CFG mu=3 r=4 s=1 k=1 tops=(0, 2, 2, 1, 3) M=8 degP=8 degQ=32 vars=9 conds=1 | VERDICT dim -1 GB1 1   resonant-free: [(0, 0)]
CFG mu=3 r=4 s=1 k=1 tops=(1, 1, 1, 2, 3) M=8 degP=8 degQ=32 vars=9 conds=1 | VERDICT dim -1 GB1 1   resonant-free: [(0, 0)]
CFG mu=3 r=4 s=1 k=1 tops=(1, 1, 2, 1, 3) M=8 degP=8 degQ=32 vars=9 conds=1 | VERDICT dim -1 GB1 1   resonant-free: [(0, 0)]
CFG mu=3 r=4 s=1 k=1 tops=(1, 2, 1, 1, 3) M=8 degP=8 degQ=32 vars=9 conds=1 | VERDICT dim -1 GB1 1   resonant-free: [(0, 0)]
CFG mu=3 r=4 s=1 k=1 tops=(2, 1, 1, 1, 3) M=8 degP=8 degQ=32 vars=9 conds=1 | VERDICT dim -1 GB1 1   resonant-free: [(0, 0)]
CFG mu=3 r=4 s=1 k=1 tops=(2, 1, 1, 2, 2) M=6 degP=8 degQ=24 vars=9 conds=1 | VERDICT dim -1 GB1 1   resonant-free: [(0, 0)]
CFG mu=3 r=4 s=1 k=1 tops=(2, 1, 2, 1, 2) M=6 degP=8 degQ=24 vars=9 conds=1 | VERDICT dim -1 GB1 1   resonant-free: [(0, 0)]
CFG mu=3 r=4 s=1 k=1 tops=(2, 2, 1, 1, 2) M=6 degP=8 degQ=24 vars=9 conds=1 | VERDICT dim -1 GB1 1   resonant-free: [(0, 0)]
CFG mu=3 r=5 s=0 k=1 tops=(0, 1, 1, 1, 3, 3) M=8 degP=8 degQ=32 vars=9 conds=1 | VERDICT dim -1 GB1 1   resonant-free: [(0, 0)]
CFG mu=3 r=5 s=0 k=1 tops=(0, 1, 1, 2, 3, 2) M=8 degP=8 degQ=32 vars=9 conds=1 | VERDICT dim -1 GB1 1   resonant-free: [(0, 0)]
CFG mu=3 r=5 s=0 k=1 tops=(0, 1, 2, 1, 3, 2) M=8 degP=8 degQ=32 vars=9 conds=1 | VERDICT dim -1 GB1 1   resonant-free: [(0, 0)]
CFG mu=3 r=5 s=0 k=1 tops=(0, 2, 1, 1, 3, 2) M=8 degP=8 degQ=32 vars=9 conds=1 | VERDICT dim -1 GB1 1   resonant-free: [(0, 0)]
CFG mu=3 r=5 s=0 k=1 tops=(1, 1, 1, 1, 3, 2) M=8 degP=8 degQ=32 vars=9 conds=1 | VERDICT dim -1 GB1 1   resonant-free: [(0, 0)]
CFG mu=3 r=5 s=0 k=1 tops=(2, 1, 1, 1, 2, 2) M=6 degP=8 degQ=24 vars=9 conds=1 | VERDICT dim -1 GB1 1   resonant-free: [(0, 0)]
CFG mu=1 r=1 s=1 k=2 tops=(4, 3) M=10 degP=8 degQ=20 vars=10 conds=5 | VERDICT dim -1 GB1 1   resonant-free: [(1, 1), (0, 0)]
CFG mu=1 r=2 s=0 k=2 tops=(0, 3, 5) M=12 degP=8 degQ=24 vars=9 conds=1 | VERDICT dim -1 GB1 1   resonant-free: [(0, 0)]
CFG mu=1 r=2 s=0 k=2 tops=(1, 2, 5) M=12 degP=8 degQ=24 vars=9 conds=1 | VERDICT dim -1 GB1 1   resonant-free: [(0, 0)]
CFG mu=1 r=2 s=0 k=2 tops=(2, 1, 5) M=12 degP=8 degQ=24 vars=9 conds=1 | VERDICT dim -1 GB1 1   resonant-free: [(0, 0)]
CFG mu=1 r=2 s=0 k=2 tops=(4, 1, 3) M=10 degP=8 degQ=20 vars=9 conds=1 | VERDICT dim -1 GB1 1   resonant-free: [(0, 0)]
CFG mu=1 r=2 s=0 k=2 tops=(4, 2, 2) M=10 degP=8 degQ=20 vars=9 conds=1 | VERDICT dim -1 GB1 1   resonant-free: [(0, 0)]
CFG mu=2 r=2 s=3 k=2 tops=(1, 3, 3) M=8 degP=8 degQ=24 vars=10 conds=17 | VERDICT dim -1 GB1 1   resonant-free: [(2, 1), (0, 0)]
CFG mu=2 r=2 s=3 k=2 tops=(2, 3, 2) M=8 degP=8 degQ=24 vars=10 conds=14 | VERDICT dim -1 GB1 1   resonant-free: [(2, 1), (0, 0)]
CFG mu=2 r=3 s=2 k=2 tops=(0, 3, 2, 3) M=8 degP=8 degQ=24 vars=9 conds=32 | VERDICT dim 5 GB1 c(7)-1   resonant-free: [(0, 0)]
  ^^^ NON-EMPTY
CFG mu=2 r=3 s=2 k=2 tops=(0, 3, 3, 2) M=8 degP=8 degQ=24 vars=9 conds=17 | VERDICT dim 4 GB1 c(8)-1   resonant-free: [(0, 0)]
  ^^^ NON-EMPTY
CFG mu=2 r=3 s=2 k=2 tops=(1, 3, 1, 3) M=8 degP=8 degQ=24 vars=9 conds=30 | VERDICT dim -1 GB1 1   resonant-free: [(0, 0)]
CFG mu=2 r=3 s=2 k=2 tops=(1, 3, 2, 2) M=8 degP=8 degQ=24 vars=9 conds=12 | VERDICT dim -1 GB1 1   resonant-free: [(0, 0)]
CFG mu=2 r=3 s=2 k=2 tops=(2, 3, 1, 2) M=8 degP=8 degQ=24 vars=9 conds=10 | VERDICT dim -1 GB1 1   resonant-free: [(0, 0)]
CFG mu=2 r=4 s=1 k=2 tops=(0, 1, 1, 3, 4) M=10 degP=8 degQ=30 vars=9 conds=1 | VERDICT dim -1 GB1 1   resonant-free: [(0, 0)]
CFG mu=2 r=4 s=1 k=2 tops=(0, 1, 2, 2, 4) M=10 degP=8 degQ=30 vars=9 conds=1 | VERDICT dim -1 GB1 1   resonant-free: [(0, 0)]
CFG mu=2 r=4 s=1 k=2 tops=(0, 2, 1, 2, 4) M=10 degP=8 degQ=30 vars=9 conds=1 | VERDICT dim -1 GB1 1   resonant-free: [(0, 0)]
CFG mu=2 r=4 s=1 k=2 tops=(0, 3, 1, 2, 3) M=8 degP=8 degQ=24 vars=9 conds=1 | VERDICT dim -1 GB1 1   resonant-free: [(0, 0)]
CFG mu=2 r=4 s=1 k=2 tops=(0, 3, 1, 3, 2) M=8 degP=8 degQ=24 vars=9 conds=1 | VERDICT dim -1 GB1 1   resonant-free: [(0, 0)]
CFG mu=2 r=4 s=1 k=2 tops=(0, 3, 2, 2, 2) M=8 degP=8 degQ=24 vars=9 conds=1 | VERDICT dim -1 GB1 1   resonant-free: [(0, 0)]
CFG mu=2 r=4 s=1 k=2 tops=(1, 1, 1, 2, 4) M=10 degP=8 degQ=30 vars=9 conds=1 | VERDICT dim -1 GB1 1   resonant-free: [(0, 0)]
CFG mu=2 r=4 s=1 k=2 tops=(1, 3, 1, 2, 2) M=8 degP=8 degQ=24 vars=9 conds=1 | VERDICT dim -1 GB1 1   resonant-free: [(0, 0)]
CFG mu=2 r=5 s=0 k=2 tops=(0, 1, 1, 2, 4, 3) M=10 degP=8 degQ=30 vars=9 conds=1 | VERDICT dim -1 GB1 1   resonant-free: [(0, 0)]
CFG mu=2 r=5 s=0 k=2 tops=(0, 3, 1, 2, 2, 3) M=8 degP=8 degQ=24 vars=9 conds=1 | VERDICT dim -1 GB1 1   resonant-free: [(0, 0)]
CFG mu=3 r=3 s=5 k=2 tops=(2, 1, 2, 2) M=6 degP=8 degQ=24 vars=10 conds=18 | VERDICT dim -1 GB1 1   resonant-free: [(3, 1), (0, 0)]
CFG mu=3 r=3 s=5 k=2 tops=(2, 2, 1, 2) M=6 degP=8 degQ=24 vars=10 conds=18 | VERDICT dim -1 GB1 1   resonant-free: [(3, 1), (0, 0)]
CFG mu=3 r=3 s=5 k=2 tops=(2, 2, 2, 1) M=6 degP=8 degQ=24 vars=10 conds=13 | VERDICT dim -1 GB1 1   resonant-free: [(3, 1), (0, 0)]
CFG mu=3 r=4 s=4 k=2 tops=(0, 1, 2, 2, 3) M=8 degP=8 degQ=32 vars=11 conds=1 | VERDICT dim -1 GB1 1   resonant-free: [(4, 2), (2, 1), (0, 0)]
CFG mu=3 r=4 s=4 k=2 tops=(0, 2, 1, 2, 3) M=8 degP=8 degQ=32 vars=11 conds=1 | VERDICT dim -1 GB1 1   resonant-free: [(4, 2), (2, 1), (0, 0)]
CFG mu=3 r=4 s=4 k=2 tops=(0, 2, 2, 1, 3) M=8 degP=8 degQ=32 vars=11 conds=1 | VERDICT dim -1 GB1 1   resonant-free: [(4, 2), (2, 1), (0, 0)]
CFG mu=3 r=4 s=4 k=2 tops=(1, 1, 1, 2, 3) M=8 degP=8 degQ=32 vars=11 conds=1 | VERDICT dim -1 GB1 1   resonant-free: [(4, 2), (2, 1), (0, 0)]
CFG mu=3 r=4 s=4 k=2 tops=(1, 1, 2, 1, 3) M=8 degP=8 degQ=32 vars=11 conds=1 | VERDICT dim -1 GB1 1   resonant-free: [(4, 2), (2, 1), (0, 0)]
CFG mu=3 r=4 s=4 k=2 tops=(1, 2, 1, 1, 3) M=8 degP=8 degQ=32 vars=11 conds=1 | VERDICT dim -1 GB1 1   resonant-free: [(4, 2), (2, 1), (0, 0)]
CFG mu=3 r=4 s=4 k=2 tops=(2, 1, 1, 1, 3) M=8 degP=8 degQ=32 vars=11 conds=1 | VERDICT dim -1 GB1 1   resonant-free: [(4, 2), (2, 1), (0, 0)]
CFG mu=3 r=4 s=4 k=2 tops=(2, 1, 1, 2, 2) M=6 degP=8 degQ=24 vars=11 conds=1 | VERDICT dim -1 GB1 1   resonant-free: [(4, 2), (2, 1), (0, 0)]
CFG mu=3 r=4 s=4 k=2 tops=(2, 1, 2, 1, 2) M=6 degP=8 degQ=24 vars=11 conds=1 | VERDICT dim -1 GB1 1   resonant-free: [(4, 2), (2, 1), (0, 0)]
CFG mu=3 r=4 s=4 k=2 tops=(2, 2, 1, 1, 2) M=6 degP=8 degQ=24 vars=11 conds=1 | VERDICT dim -1 GB1 1   resonant-free: [(4, 2), (2, 1), (0, 0)]
CFG mu=3 r=5 s=3 k=2 tops=(0, 1, 1, 1, 3, 3) M=8 degP=8 degQ=32 vars=9 conds=70 | VERDICT dim -1 GB1 1   resonant-free: [(0, 0)]
CFG mu=3 r=5 s=3 k=2 tops=(0, 1, 1, 2, 3, 2) M=8 degP=8 degQ=32 vars=9 conds=29 | VERDICT dim 4 GB1 c(8)-1   resonant-free: [(0, 0)]
  ^^^ NON-EMPTY
CFG mu=3 r=5 s=3 k=2 tops=(0, 1, 2, 1, 3, 2) M=8 degP=8 degQ=32 vars=9 conds=29 | VERDICT dim 4 GB1 c(8)-1   resonant-free: [(0, 0)]
  ^^^ NON-EMPTY
CFG mu=3 r=5 s=3 k=2 tops=(0, 2, 1, 1, 3, 2) M=8 degP=8 degQ=32 vars=9 conds=28 | VERDICT dim 4 GB1 c(8)-1   resonant-free: [(0, 0)]
  ^^^ NON-EMPTY
CFG mu=3 r=5 s=3 k=2 tops=(1, 1, 1, 1, 3, 2) M=8 degP=8 degQ=32 vars=9 conds=27 | VERDICT dim -1 GB1 1   resonant-free: [(0, 0)]
CFG mu=3 r=5 s=3 k=2 tops=(2, 1, 1, 1, 2, 2) M=6 degP=8 degQ=24 vars=9 conds=8 | VERDICT dim -1 GB1 1   resonant-free: [(0, 0)]
CFG mu=3 r=6 s=2 k=2 tops=(0, 1, 1, 1, 3, 2, 2) M=8 degP=8 degQ=32 vars=9 conds=1 | VERDICT dim -1 GB1 1   resonant-free: [(0, 0)]
CFG mu=1 r=1 s=0 k=1 tops=(2, 5) M=12 degP=9 degQ=24 vars=9 conds=4 | VERDICT dim -1 GB1 1   resonant-free: [(0, 0)]
CFG mu=2 r=2 s=1 k=1 tops=(3, 1, 3) M=8 degP=9 degQ=24 vars=9 conds=14 | VERDICT dim -1 GB1 1   resonant-free: [(0, 0)]
CFG mu=2 r=2 s=1 k=1 tops=(3, 2, 2) M=8 degP=9 degQ=24 vars=9 conds=10 | VERDICT dim -1 GB1 1   resonant-free: [(0, 0)]
CFG mu=2 r=2 s=1 k=1 tops=(3, 3, 1) M=8 degP=9 degQ=24 vars=9 conds=5 | VERDICT dim 5 GB1 c(7)   resonant-free: [(0, 0)]
  ^^^ NON-EMPTY
CFG mu=2 r=3 s=0 k=1 tops=(0, 1, 3, 4) M=10 degP=9 degQ=30 vars=9 conds=1 | VERDICT dim -1 GB1 1   resonant-free: [(0, 0)]
CFG mu=2 r=3 s=0 k=1 tops=(0, 2, 2, 4) M=10 degP=9 degQ=30 vars=9 conds=1 | VERDICT dim -1 GB1 1   resonant-free: [(0, 0)]
CFG mu=2 r=3 s=0 k=1 tops=(0, 3, 1, 4) M=10 degP=9 degQ=30 vars=9 conds=1 | VERDICT dim -1 GB1 1   resonant-free: [(0, 0)]
CFG mu=2 r=3 s=0 k=1 tops=(1, 1, 2, 4) M=10 degP=9 degQ=30 vars=9 conds=1 | VERDICT dim -1 GB1 1   resonant-free: [(0, 0)]
CFG mu=2 r=3 s=0 k=1 tops=(1, 2, 1, 4) M=10 degP=9 degQ=30 vars=9 conds=1 | VERDICT dim -1 GB1 1   resonant-free: [(0, 0)]
CFG mu=2 r=3 s=0 k=1 tops=(2, 1, 1, 4) M=10 degP=9 degQ=30 vars=9 conds=1 | VERDICT dim -1 GB1 1   resonant-free: [(0, 0)]
CFG mu=2 r=3 s=0 k=1 tops=(3, 1, 1, 3) M=8 degP=9 degQ=24 vars=9 conds=1 | VERDICT dim -1 GB1 1   resonant-free: [(0, 0)]
CFG mu=2 r=3 s=0 k=1 tops=(3, 1, 2, 2) M=8 degP=9 degQ=24 vars=9 conds=1 | VERDICT dim -1 GB1 1   resonant-free: [(0, 0)]
CFG mu=2 r=3 s=0 k=1 tops=(3, 2, 1, 2) M=8 degP=9 degQ=24 vars=9 conds=1 | VERDICT dim -1 GB1 1   resonant-free: [(0, 0)]
CFG mu=3 r=3 s=2 k=1 tops=(0, 2, 2, 3) M=8 degP=9 degQ=32 vars=9 conds=24 | VERDICT dim 5 GB1 c(7)^2-6*c(8)   resonant-free: [(0, 0)]
  ^^^ NON-EMPTY
CFG mu=3 r=3 s=2 k=1 tops=(1, 1, 2, 3) M=8 degP=9 degQ=32 vars=9 conds=23 | VERDICT dim -1 GB1 1   resonant-free: [(0, 0)]
CFG mu=3 r=3 s=2 k=1 tops=(1, 2, 1, 3) M=8 degP=9 degQ=32 vars=9 conds=24 | VERDICT dim -1 GB1 1   resonant-free: [(0, 0)]
CFG mu=3 r=3 s=2 k=1 tops=(2, 1, 1, 3) M=8 degP=9 degQ=32 vars=9 conds=24 | VERDICT dim -1 GB1 1   resonant-free: [(0, 0)]
CFG mu=3 r=4 s=1 k=1 tops=(0, 1, 1, 3, 3) M=8 degP=9 degQ=32 vars=9 conds=1 | VERDICT dim -1 GB1 1   resonant-free: [(0, 0)]
CFG mu=3 r=4 s=1 k=1 tops=(0, 1, 2, 3, 2) M=8 degP=9 degQ=32 vars=9 conds=1 | VERDICT dim -1 GB1 1   resonant-free: [(0, 0)]
CFG mu=3 r=4 s=1 k=1 tops=(0, 2, 1, 3, 2) M=8 degP=9 degQ=32 vars=9 conds=1 | VERDICT dim -1 GB1 1   resonant-free: [(0, 0)]
CFG mu=3 r=4 s=1 k=1 tops=(1, 1, 1, 3, 2) M=8 degP=9 degQ=32 vars=9 conds=1 | VERDICT dim -1 GB1 1   resonant-free: [(0, 0)]
CFG mu=3 r=5 s=0 k=1 tops=(0, 1, 1, 3, 2, 2) M=8 degP=9 degQ=32 vars=9 conds=1 | VERDICT dim -1 GB1 1   resonant-free: [(0, 0)]
CFG mu=1 r=1 s=1 k=2 tops=(2, 5) M=12 degP=9 degQ=24 vars=10 conds=8 | VERDICT dim -1 GB1 1   resonant-free: [(1, 1), (0, 0)]
CFG mu=1 r=2 s=0 k=2 tops=(0, 5, 3) M=12 degP=9 degQ=24 vars=9 conds=1 | VERDICT dim -1 GB1 1   resonant-free: [(0, 0)]
CFG mu=1 r=2 s=0 k=2 tops=(1, 5, 2) M=12 degP=9 degQ=24 vars=9 conds=1 | VERDICT dim -1 GB1 1   resonant-free: [(0, 0)]
CFG mu=2 r=2 s=3 k=2 tops=(3, 1, 3) M=8 degP=9 degQ=24 vars=10 conds=17 | VERDICT dim -1 GB1 1   resonant-free: [(2, 1), (0, 0)]
CFG mu=2 r=2 s=3 k=2 tops=(3, 2, 2) M=8 degP=9 degQ=24 vars=10 conds=11 | VERDICT dim -1 GB1 1   resonant-free: [(2, 1), (0, 0)]
CFG mu=2 r=2 s=3 k=2 tops=(3, 3, 1) M=8 degP=9 degQ=24 vars=10 conds=9 | VERDICT dim 5 GB1 c(7)   resonant-free: [(2, 1), (0, 0)]
  ^^^ NON-EMPTY
CFG mu=2 r=3 s=2 k=2 tops=(0, 1, 3, 4) M=10 degP=9 degQ=30 vars=9 conds=56 | VERDICT dim -1 GB1 1   resonant-free: [(0, 0)]
CFG mu=2 r=3 s=2 k=2 tops=(0, 2, 2, 4) M=10 degP=9 degQ=30 vars=9 conds=55 | VERDICT dim -1 GB1 1   resonant-free: [(0, 0)]
CFG mu=2 r=3 s=2 k=2 tops=(0, 3, 1, 4) M=10 degP=9 degQ=30 vars=9 conds=55 | VERDICT dim -1 GB1 1   resonant-free: [(0, 0)]
CFG mu=2 r=3 s=2 k=2 tops=(1, 1, 2, 4) M=10 degP=9 degQ=30 vars=9 conds=53 | VERDICT dim -1 GB1 1   resonant-free: [(0, 0)]
CFG mu=2 r=3 s=2 k=2 tops=(1, 2, 1, 4) M=10 degP=9 degQ=30 vars=9 conds=53 | VERDICT dim -1 GB1 1   resonant-free: [(0, 0)]
CFG mu=2 r=3 s=2 k=2 tops=(2, 1, 1, 4) M=10 degP=9 degQ=30 vars=9 conds=52 | VERDICT dim -1 GB1 1   resonant-free: [(0, 0)]
CFG mu=2 r=3 s=2 k=2 tops=(3, 1, 1, 3) M=8 degP=9 degQ=24 vars=9 conds=9 | VERDICT dim -1 GB1 1   resonant-free: [(0, 0)]
CFG mu=2 r=3 s=2 k=2 tops=(3, 1, 2, 2) M=8 degP=9 degQ=24 vars=9 conds=9 | VERDICT dim -1 GB1 1   resonant-free: [(0, 0)]
CFG mu=2 r=3 s=2 k=2 tops=(3, 2, 1, 2) M=8 degP=9 degQ=24 vars=9 conds=8 | VERDICT dim -1 GB1 1   resonant-free: [(0, 0)]
CFG mu=2 r=4 s=1 k=2 tops=(0, 1, 1, 4, 3) M=10 degP=9 degQ=30 vars=9 conds=1 | VERDICT dim -1 GB1 1   resonant-free: [(0, 0)]
CFG mu=2 r=4 s=1 k=2 tops=(0, 1, 2, 4, 2) M=10 degP=9 degQ=30 vars=9 conds=1 | VERDICT dim -1 GB1 1   resonant-free: [(0, 0)]
CFG mu=2 r=4 s=1 k=2 tops=(0, 2, 1, 4, 2) M=10 degP=9 degQ=30 vars=9 conds=1 | VERDICT dim -1 GB1 1   resonant-free: [(0, 0)]
CFG mu=2 r=4 s=1 k=2 tops=(1, 1, 1, 4, 2) M=10 degP=9 degQ=30 vars=9 conds=1 | VERDICT dim -1 GB1 1   resonant-free: [(0, 0)]
CFG mu=2 r=4 s=1 k=2 tops=(3, 1, 1, 2, 2) M=8 degP=9 degQ=24 vars=9 conds=1 | VERDICT dim -1 GB1 1   resonant-free: [(0, 0)]
CFG mu=2 r=5 s=0 k=2 tops=(0, 1, 1, 4, 2, 3) M=10 degP=9 degQ=30 vars=9 conds=1 | VERDICT dim -1 GB1 1   resonant-free: [(0, 0)]
CFG mu=3 r=3 s=5 k=2 tops=(0, 2, 2, 3) M=8 degP=9 degQ=32 vars=10 conds=28 | VERDICT dim 5 GB1 c(1)*c(8)*U-1   resonant-free: [(3, 1), (0, 0)]
  ^^^ NON-EMPTY
CFG mu=3 r=3 s=5 k=2 tops=(1, 1, 2, 3) M=8 degP=9 degQ=32 vars=10 conds=27 | VERDICT dim -1 GB1 1   resonant-free: [(3, 1), (0, 0)]
CFG mu=3 r=3 s=5 k=2 tops=(1, 2, 1, 3) M=8 degP=9 degQ=32 vars=10 conds=28 | VERDICT dim -1 GB1 1   resonant-free: [(3, 1), (0, 0)]
CFG mu=3 r=3 s=5 k=2 tops=(2, 1, 1, 3) M=8 degP=9 degQ=32 vars=10 conds=28 | VERDICT dim -1 GB1 1   resonant-free: [(3, 1), (0, 0)]
CFG mu=3 r=4 s=4 k=2 tops=(0, 1, 1, 3, 3) M=8 degP=9 degQ=32 vars=11 conds=1 | VERDICT dim -1 GB1 1   resonant-free: [(4, 2), (2, 1), (0, 0)]
CFG mu=3 r=4 s=4 k=2 tops=(0, 1, 2, 3, 2) M=8 degP=9 degQ=32 vars=11 conds=1 | VERDICT dim -1 GB1 1   resonant-free: [(4, 2), (2, 1), (0, 0)]
CFG mu=3 r=4 s=4 k=2 tops=(0, 2, 1, 3, 2) M=8 degP=9 degQ=32 vars=11 conds=1 | VERDICT dim -1 GB1 1   resonant-free: [(4, 2), (2, 1), (0, 0)]
CFG mu=3 r=4 s=4 k=2 tops=(1, 1, 1, 3, 2) M=8 degP=9 degQ=32 vars=11 conds=1 | VERDICT dim -1 GB1 1   resonant-free: [(4, 2), (2, 1), (0, 0)]
CFG mu=3 r=5 s=3 k=2 tops=(0, 1, 1, 3, 2, 2) M=8 degP=9 degQ=32 vars=9 conds=16 | VERDICT dim 4 GB1 c(8)-1   resonant-free: [(0, 0)]
  ^^^ NON-EMPTY
CFG mu=1 r=1 s=0 k=1 tops=(5, 2) M=12 degP=10 degQ=24 vars=9 conds=1 | VERDICT dim -1 GB1 1   resonant-free: [(0, 0)]
CFG mu=2 r=2 s=1 k=1 tops=(0, 3, 4) M=10 degP=10 degQ=30 vars=9 conds=17 | VERDICT dim -1 GB1 1   resonant-free: [(0, 0)]
CFG mu=2 r=2 s=1 k=1 tops=(1, 2, 4) M=10 degP=10 degQ=30 vars=9 conds=17 | VERDICT dim -1 GB1 1   resonant-free: [(0, 0)]
CFG mu=2 r=2 s=1 k=1 tops=(2, 1, 4) M=10 degP=10 degQ=30 vars=9 conds=17 | VERDICT dim -1 GB1 1   resonant-free: [(0, 0)]
CFG mu=2 r=3 s=0 k=1 tops=(0, 1, 4, 3) M=10 degP=10 degQ=30 vars=9 conds=1 | VERDICT dim -1 GB1 1   resonant-free: [(0, 0)]
CFG mu=2 r=3 s=0 k=1 tops=(0, 2, 4, 2) M=10 degP=10 degQ=30 vars=9 conds=1 | VERDICT dim -1 GB1 1   resonant-free: [(0, 0)]
CFG mu=2 r=3 s=0 k=1 tops=(1, 1, 4, 2) M=10 degP=10 degQ=30 vars=9 conds=1 | VERDICT dim -1 GB1 1   resonant-free: [(0, 0)]
CFG mu=3 r=3 s=2 k=1 tops=(0, 1, 3, 3) M=8 degP=10 degQ=32 vars=9 conds=24 | VERDICT dim 5 GB1 c(7)^2-6*c(8)   resonant-free: [(0, 0)]
  ^^^ NON-EMPTY
CFG mu=3 r=3 s=2 k=1 tops=(0, 2, 3, 2) M=8 degP=10 degQ=32 vars=9 conds=24 | VERDICT dim -1 GB1 1   resonant-free: [(0, 0)]
CFG mu=3 r=3 s=2 k=1 tops=(1, 1, 3, 2) M=8 degP=10 degQ=32 vars=9 conds=23 | VERDICT dim -1 GB1 1   resonant-free: [(0, 0)]
CFG mu=3 r=3 s=2 k=1 tops=(1, 2, 3, 1) M=8 degP=10 degQ=32 vars=9 conds=13 | VERDICT dim -1 GB1 1   resonant-free: [(0, 0)]
CFG mu=3 r=3 s=2 k=1 tops=(2, 1, 3, 1) M=8 degP=10 degQ=32 vars=9 conds=12 | VERDICT dim -1 GB1 1   resonant-free: [(0, 0)]
CFG mu=3 r=4 s=1 k=1 tops=(0, 1, 3, 1, 3) M=8 degP=10 degQ=32 vars=9 conds=1 | VERDICT dim -1 GB1 1   resonant-free: [(0, 0)]
CFG mu=3 r=4 s=1 k=1 tops=(0, 1, 3, 2, 2) M=8 degP=10 degQ=32 vars=9 conds=1 | VERDICT dim -1 GB1 1   resonant-free: [(0, 0)]
CFG mu=3 r=4 s=1 k=1 tops=(0, 2, 3, 1, 2) M=8 degP=10 degQ=32 vars=9 conds=1 | VERDICT dim -1 GB1 1   resonant-free: [(0, 0)]
CFG mu=3 r=4 s=1 k=1 tops=(1, 1, 3, 1, 2) M=8 degP=10 degQ=32 vars=9 conds=1 | VERDICT dim -1 GB1 1   resonant-free: [(0, 0)]
CFG mu=3 r=5 s=0 k=1 tops=(0, 1, 3, 1, 2, 2) M=8 degP=10 degQ=32 vars=9 conds=1 | VERDICT dim -1 GB1 1   resonant-free: [(0, 0)]
CFG mu=1 r=1 s=1 k=2 tops=(5, 2) M=12 degP=10 degQ=24 vars=10 conds=1 | VERDICT dim 9 GB1 c(6)*c(8)*U-1   resonant-free: [(1, 1), (0, 0)]
  ^^^ NON-EMPTY
CFG mu=1 r=2 s=0 k=2 tops=(0, 2, 6) M=14 degP=10 degQ=28 vars=9 conds=1 | VERDICT dim -1 GB1 1   resonant-free: [(0, 0)]
CFG mu=1 r=2 s=0 k=2 tops=(1, 1, 6) M=14 degP=10 degQ=28 vars=9 conds=1 | VERDICT dim -1 GB1 1   resonant-free: [(0, 0)]
CFG mu=1 r=2 s=0 k=2 tops=(5, 1, 2) M=12 degP=10 degQ=24 vars=9 conds=1 | VERDICT dim -1 GB1 1   resonant-free: [(0, 0)]
CFG mu=2 r=2 s=3 k=2 tops=(0, 3, 4) M=10 degP=10 degQ=30 vars=10 conds=21 | VERDICT dim 5 GB1 c(7)^2+6399*c(6)*c(8)   resonant-free: [(2, 1), (0, 0)]
  ^^^ NON-EMPTY
CFG mu=2 r=2 s=3 k=2 tops=(1, 2, 4) M=10 degP=10 degQ=30 vars=10 conds=22 | VERDICT dim -1 GB1 1   resonant-free: [(2, 1), (0, 0)]
CFG mu=2 r=2 s=3 k=2 tops=(2, 1, 4) M=10 degP=10 degQ=30 vars=10 conds=22 | VERDICT dim -1 GB1 1   resonant-free: [(2, 1), (0, 0)]
CFG mu=2 r=3 s=2 k=2 tops=(0, 1, 4, 3) M=10 degP=10 degQ=30 vars=9 conds=47 | VERDICT dim 5 GB1 c(7)-1   resonant-free: [(0, 0)]
  ^^^ NON-EMPTY
CFG mu=2 r=3 s=2 k=2 tops=(0, 2, 4, 2) M=10 degP=10 degQ=30 vars=9 conds=23 | VERDICT dim 4 GB1 c(8)-1   resonant-free: [(0, 0)]
  ^^^ NON-EMPTY
CFG mu=2 r=3 s=2 k=2 tops=(1, 1, 4, 2) M=10 degP=10 degQ=30 vars=9 conds=21 | VERDICT dim -1 GB1 1   resonant-free: [(0, 0)]
CFG mu=2 r=4 s=1 k=2 tops=(0, 1, 4, 2, 2) M=10 degP=10 degQ=30 vars=9 conds=1 | VERDICT dim -1 GB1 1   resonant-free: [(0, 0)]
CFG mu=2 r=5 s=0 k=2 tops=(0, 1, 1, 2, 2, 5) M=12 degP=10 degQ=36 vars=9 conds=1 | VERDICT dim -1 GB1 1   resonant-free: [(0, 0)]
CFG mu=3 r=3 s=5 k=2 tops=(0, 1, 3, 3) M=8 degP=10 degQ=32 vars=10 conds=28 | VERDICT dim 5 GB1 c(1)*c(8)*U-1   resonant-free: [(3, 1), (0, 0)]
  ^^^ NON-EMPTY
CFG mu=3 r=3 s=5 k=2 tops=(0, 2, 3, 2) M=8 degP=10 degQ=32 vars=10 conds=28 | VERDICT dim -1 GB1 1   resonant-free: [(3, 1), (0, 0)]
CFG mu=3 r=3 s=5 k=2 tops=(1, 1, 3, 2) M=8 degP=10 degQ=32 vars=10 conds=27 | VERDICT dim -1 GB1 1   resonant-free: [(3, 1), (0, 0)]
CFG mu=3 r=3 s=5 k=2 tops=(1, 2, 3, 1) M=8 degP=10 degQ=32 vars=10 conds=21 | VERDICT dim -1 GB1 1   resonant-free: [(3, 1), (0, 0)]
CFG mu=3 r=3 s=5 k=2 tops=(2, 1, 3, 1) M=8 degP=10 degQ=32 vars=10 conds=21 | VERDICT dim -1 GB1 1   resonant-free: [(3, 1), (0, 0)]
CFG mu=3 r=4 s=4 k=2 tops=(0, 1, 3, 1, 3) M=8 degP=10 degQ=32 vars=11 conds=1 | VERDICT dim -1 GB1 1   resonant-free: [(4, 2), (2, 1), (0, 0)]
CFG mu=3 r=4 s=4 k=2 tops=(0, 1, 3, 2, 2) M=8 degP=10 degQ=32 vars=11 conds=1 | VERDICT dim -1 GB1 1   resonant-free: [(4, 2), (2, 1), (0, 0)]
CFG mu=3 r=4 s=4 k=2 tops=(0, 2, 3, 1, 2) M=8 degP=10 degQ=32 vars=11 conds=1 | VERDICT dim -1 GB1 1   resonant-free: [(4, 2), (2, 1), (0, 0)]
CFG mu=3 r=4 s=4 k=2 tops=(1, 1, 3, 1, 2) M=8 degP=10 degQ=32 vars=11 conds=1 | VERDICT dim -1 GB1 1   resonant-free: [(4, 2), (2, 1), (0, 0)]
CFG mu=3 r=5 s=3 k=2 tops=(0, 1, 3, 1, 2, 2) M=8 degP=10 degQ=32 vars=9 conds=16 | VERDICT dim 4 GB1 c(8)-1   resonant-free: [(0, 0)]
  ^^^ NON-EMPTY
CFG mu=1 r=1 s=0 k=1 tops=(1, 6) M=14 degP=11 degQ=28 vars=9 conds=5 | VERDICT dim -1 GB1 1   resonant-free: [(0, 0)]
CFG mu=2 r=2 s=1 k=1 tops=(0, 4, 3) M=10 degP=11 degQ=30 vars=9 conds=17 | VERDICT dim -1 GB1 1   resonant-free: [(0, 0)]
CFG mu=2 r=2 s=1 k=1 tops=(1, 4, 2) M=10 degP=11 degQ=30 vars=9 conds=14 | VERDICT dim -1 GB1 1   resonant-free: [(0, 0)]
CFG mu=2 r=2 s=1 k=1 tops=(2, 4, 1) M=10 degP=11 degQ=30 vars=9 conds=7 | VERDICT dim -1 GB1 1   resonant-free: [(0, 0)]
CFG mu=2 r=3 s=0 k=1 tops=(0, 4, 1, 3) M=10 degP=11 degQ=30 vars=9 conds=1 | VERDICT dim -1 GB1 1   resonant-free: [(0, 0)]
CFG mu=2 r=3 s=0 k=1 tops=(0, 4, 2, 2) M=10 degP=11 degQ=30 vars=9 conds=1 | VERDICT dim -1 GB1 1   resonant-free: [(0, 0)]
CFG mu=2 r=3 s=0 k=1 tops=(1, 4, 1, 2) M=10 degP=11 degQ=30 vars=9 conds=1 | VERDICT dim -1 GB1 1   resonant-free: [(0, 0)]
CFG mu=3 r=3 s=2 k=1 tops=(0, 3, 1, 3) M=8 degP=11 degQ=32 vars=9 conds=26 | VERDICT dim 4 GB1 c(5)   resonant-free: [(0, 0)]
  ^^^ NON-EMPTY
CFG mu=3 r=3 s=2 k=1 tops=(0, 3, 2, 2) M=8 degP=11 degQ=32 vars=9 conds=24 | VERDICT dim -1 GB1 1   resonant-free: [(0, 0)]
CFG mu=3 r=3 s=2 k=1 tops=(0, 3, 3, 1) M=8 degP=11 degQ=32 vars=9 conds=14 | VERDICT dim 4 GB1 c(2)*c(5)   resonant-free: [(0, 0)]
  ^^^ NON-EMPTY
CFG mu=3 r=3 s=2 k=1 tops=(1, 3, 1, 2) M=8 degP=11 degQ=32 vars=9 conds=24 | VERDICT dim -1 GB1 1   resonant-free: [(0, 0)]
CFG mu=3 r=3 s=2 k=1 tops=(1, 3, 2, 1) M=8 degP=11 degQ=32 vars=9 conds=9 | VERDICT dim -1 GB1 1   resonant-free: [(0, 0)]
CFG mu=3 r=3 s=2 k=1 tops=(2, 3, 1, 1) M=8 degP=11 degQ=32 vars=9 conds=8 | VERDICT dim -1 GB1 1   resonant-free: [(0, 0)]
CFG mu=3 r=4 s=1 k=1 tops=(0, 3, 1, 1, 3) M=8 degP=11 degQ=32 vars=9 conds=1 | VERDICT dim -1 GB1 1   resonant-free: [(0, 0)]
CFG mu=3 r=4 s=1 k=1 tops=(0, 3, 1, 2, 2) M=8 degP=11 degQ=32 vars=9 conds=1 | VERDICT dim -1 GB1 1   resonant-free: [(0, 0)]
CFG mu=3 r=4 s=1 k=1 tops=(0, 3, 2, 1, 2) M=8 degP=11 degQ=32 vars=9 conds=1 | VERDICT dim -1 GB1 1   resonant-free: [(0, 0)]
CFG mu=3 r=4 s=1 k=1 tops=(1, 3, 1, 1, 2) M=8 degP=11 degQ=32 vars=9 conds=1 | VERDICT dim -1 GB1 1   resonant-free: [(0, 0)]
CFG mu=3 r=5 s=0 k=1 tops=(0, 1, 1, 1, 2, 4) M=10 degP=11 degQ=40 vars=9 conds=1 | VERDICT dim -1 GB1 1   resonant-free: [(0, 0)]
CFG mu=3 r=5 s=0 k=1 tops=(0, 3, 1, 1, 2, 2) M=8 degP=11 degQ=32 vars=9 conds=1 | VERDICT dim -1 GB1 1   resonant-free: [(0, 0)]
CFG mu=1 r=1 s=1 k=2 tops=(1, 6) M=14 degP=11 degQ=28 vars=10 conds=10 | VERDICT dim -1 GB1 1   resonant-free: [(1, 1), (0, 0)]
CFG mu=1 r=2 s=0 k=2 tops=(0, 6, 2) M=14 degP=11 degQ=28 vars=9 conds=1 | VERDICT dim -1 GB1 1   resonant-free: [(0, 0)]
CFG mu=2 r=2 s=3 k=2 tops=(0, 4, 3) M=10 degP=11 degQ=30 vars=10 conds=21 | VERDICT dim -1 GB1 1   resonant-free: [(2, 1), (0, 0)]
CFG mu=2 r=2 s=3 k=2 tops=(1, 4, 2) M=10 degP=11 degQ=30 vars=10 conds=19 | VERDICT dim -1 GB1 1   resonant-free: [(2, 1), (0, 0)]
CFG mu=2 r=2 s=3 k=2 tops=(2, 4, 1) M=10 degP=11 degQ=30 vars=10 conds=13 | VERDICT dim -1 GB1 1   resonant-free: [(2, 1), (0, 0)]
CFG mu=2 r=3 s=2 k=2 tops=(0, 4, 1, 3) M=10 degP=11 degQ=30 vars=9 conds=37 | VERDICT dim 4 GB1 c(7)-1   resonant-free: [(0, 0)]
  ^^^ NON-EMPTY
CFG mu=2 r=3 s=2 k=2 tops=(0, 4, 2, 2) M=10 degP=11 degQ=30 vars=9 conds=16 | VERDICT dim 4 GB1 c(8)-1   resonant-free: [(0, 0)]
  ^^^ NON-EMPTY
CFG mu=2 r=3 s=2 k=2 tops=(1, 4, 1, 2) M=10 degP=11 degQ=30 vars=9 conds=14 | VERDICT dim -1 GB1 1   resonant-free: [(0, 0)]
CFG mu=2 r=4 s=1 k=2 tops=(0, 1, 1, 2, 5) M=12 degP=11 degQ=36 vars=9 conds=1 | VERDICT dim -1 GB1 1   resonant-free: [(0, 0)]
CFG mu=2 r=4 s=1 k=2 tops=(0, 4, 1, 2, 2) M=10 degP=11 degQ=30 vars=9 conds=1 | VERDICT dim -1 GB1 1   resonant-free: [(0, 0)]
CFG mu=3 r=3 s=5 k=2 tops=(0, 3, 1, 3) M=8 degP=11 degQ=32 vars=10 conds=30 | VERDICT dim 5 GB1 c(5)   resonant-free: [(3, 1), (0, 0)]
  ^^^ NON-EMPTY
CFG mu=3 r=3 s=5 k=2 tops=(0, 3, 2, 2) M=8 degP=11 degQ=32 vars=10 conds=28 | VERDICT dim -1 GB1 1   resonant-free: [(3, 1), (0, 0)]
CFG mu=3 r=3 s=5 k=2 tops=(0, 3, 3, 1) M=8 degP=11 degQ=32 vars=10 conds=22 | VERDICT dim 5 GB1 c(1)*c(8)*U-1   resonant-free: [(3, 1), (0, 0)]
  ^^^ NON-EMPTY
CFG mu=3 r=3 s=5 k=2 tops=(1, 3, 1, 2) M=8 degP=11 degQ=32 vars=10 conds=28 | VERDICT dim -1 GB1 1   resonant-free: [(3, 1), (0, 0)]
CFG mu=3 r=3 s=5 k=2 tops=(1, 3, 2, 1) M=8 degP=11 degQ=32 vars=10 conds=15 | VERDICT dim -1 GB1 1   resonant-free: [(3, 1), (0, 0)]
CFG mu=3 r=3 s=5 k=2 tops=(2, 3, 1, 1) M=8 degP=11 degQ=32 vars=10 conds=14 | VERDICT dim -1 GB1 1   resonant-free: [(3, 1), (0, 0)]
CFG mu=3 r=4 s=4 k=2 tops=(0, 3, 1, 1, 3) M=8 degP=11 degQ=32 vars=11 conds=1 | VERDICT dim -1 GB1 1   resonant-free: [(4, 2), (2, 1), (0, 0)]
CFG mu=3 r=4 s=4 k=2 tops=(0, 3, 1, 2, 2) M=8 degP=11 degQ=32 vars=11 conds=1 | VERDICT dim -1 GB1 1   resonant-free: [(4, 2), (2, 1), (0, 0)]
CFG mu=3 r=4 s=4 k=2 tops=(0, 3, 2, 1, 2) M=8 degP=11 degQ=32 vars=11 conds=1 | VERDICT dim -1 GB1 1   resonant-free: [(4, 2), (2, 1), (0, 0)]
CFG mu=3 r=4 s=4 k=2 tops=(1, 3, 1, 1, 2) M=8 degP=11 degQ=32 vars=11 conds=1 | VERDICT dim -1 GB1 1   resonant-free: [(4, 2), (2, 1), (0, 0)]
CFG mu=3 r=5 s=3 k=2 tops=(0, 1, 1, 1, 2, 4) M=10 degP=11 degQ=40 vars=9 conds=88 | VERDICT dim -1 GB1 1   resonant-free: [(0, 0)]
CFG mu=3 r=5 s=3 k=2 tops=(0, 3, 1, 1, 2, 2) M=8 degP=11 degQ=32 vars=9 conds=9 | VERDICT dim 4 GB1 c(8)-1   resonant-free: [(0, 0)]
  ^^^ NON-EMPTY
CFG mu=1 r=1 s=0 k=1 tops=(6, 1) M=14 degP=12 degQ=28 vars=9 conds=0 | VERDICT dim 9 GB1 c(7)*c(8)*U-1   resonant-free: [(0, 0)]
  ^^^ NON-EMPTY
CFG mu=2 r=2 s=1 k=1 tops=(4, 1, 2) M=10 degP=12 degQ=30 vars=9 conds=4 | VERDICT dim -1 GB1 1   resonant-free: [(0, 0)]
CFG mu=2 r=2 s=1 k=1 tops=(4, 2, 1) M=10 degP=12 degQ=30 vars=9 conds=4 | VERDICT dim -1 GB1 1   resonant-free: [(0, 0)]
CFG mu=2 r=3 s=0 k=1 tops=(0, 1, 2, 5) M=12 degP=12 degQ=36 vars=9 conds=1 | VERDICT dim -1 GB1 1   resonant-free: [(0, 0)]
CFG mu=2 r=3 s=0 k=1 tops=(0, 2, 1, 5) M=12 degP=12 degQ=36 vars=9 conds=1 | VERDICT dim -1 GB1 1   resonant-free: [(0, 0)]
CFG mu=2 r=3 s=0 k=1 tops=(1, 1, 1, 5) M=12 degP=12 degQ=36 vars=9 conds=1 | VERDICT dim -1 GB1 1   resonant-free: [(0, 0)]
CFG mu=2 r=3 s=0 k=1 tops=(4, 1, 1, 2) M=10 degP=12 degQ=30 vars=9 conds=1 | VERDICT dim -1 GB1 1   resonant-free: [(0, 0)]
CFG mu=3 r=3 s=2 k=1 tops=(3, 1, 1, 2) M=8 degP=12 degQ=32 vars=9 conds=23 | VERDICT dim -1 GB1 1   resonant-free: [(0, 0)]
CFG mu=3 r=3 s=2 k=1 tops=(3, 1, 2, 1) M=8 degP=12 degQ=32 vars=9 conds=8 | VERDICT dim -1 GB1 1   resonant-free: [(0, 0)]
CFG mu=3 r=3 s=2 k=1 tops=(3, 2, 1, 1) M=8 degP=12 degQ=32 vars=9 conds=6 | VERDICT dim -1 GB1 1   resonant-free: [(0, 0)]
CFG mu=3 r=4 s=1 k=1 tops=(0, 1, 1, 2, 4) M=10 degP=12 degQ=40 vars=9 conds=1 | VERDICT dim -1 GB1 1   resonant-free: [(0, 0)]
CFG mu=3 r=4 s=1 k=1 tops=(0, 1, 2, 1, 4) M=10 degP=12 degQ=40 vars=9 conds=1 | VERDICT dim -1 GB1 1   resonant-free: [(0, 0)]
CFG mu=3 r=4 s=1 k=1 tops=(0, 2, 1, 1, 4) M=10 degP=12 degQ=40 vars=9 conds=1 | VERDICT dim -1 GB1 1   resonant-free: [(0, 0)]
CFG mu=3 r=4 s=1 k=1 tops=(1, 1, 1, 1, 4) M=10 degP=12 degQ=40 vars=9 conds=1 | VERDICT dim -1 GB1 1   resonant-free: [(0, 0)]
CFG mu=3 r=4 s=1 k=1 tops=(3, 1, 1, 1, 2) M=8 degP=12 degQ=32 vars=9 conds=1 | VERDICT dim -1 GB1 1   resonant-free: [(0, 0)]
CFG mu=3 r=5 s=0 k=1 tops=(0, 1, 1, 1, 4, 2) M=10 degP=12 degQ=40 vars=9 conds=1 | VERDICT dim -1 GB1 1   resonant-free: [(0, 0)]
CFG mu=1 r=1 s=1 k=2 tops=(6, 1) M=14 degP=12 degQ=28 vars=10 conds=0 | VERDICT dim 10 GB1 c(7)*c(8)*U-1   resonant-free: [(1, 1), (0, 0)]
  ^^^ NON-EMPTY
CFG mu=1 r=2 s=0 k=2 tops=(0, 1, 7) M=16 degP=12 degQ=32 vars=9 conds=1 | VERDICT dim -1 GB1 1   resonant-free: [(0, 0)]
CFG mu=2 r=2 s=3 k=2 tops=(4, 1, 2) M=10 degP=12 degQ=30 vars=10 conds=14 | VERDICT dim -1 GB1 1   resonant-free: [(2, 1), (0, 0)]
CFG mu=2 r=2 s=3 k=2 tops=(4, 2, 1) M=10 degP=12 degQ=30 vars=10 conds=7 | VERDICT dim -1 GB1 1   resonant-free: [(2, 1), (0, 0)]
CFG mu=2 r=3 s=2 k=2 tops=(0, 1, 2, 5) M=12 degP=12 degQ=36 vars=9 conds=68 | VERDICT dim -1 GB1 1   resonant-free: [(0, 0)]
CFG mu=2 r=3 s=2 k=2 tops=(0, 2, 1, 5) M=12 degP=12 degQ=36 vars=9 conds=68 | VERDICT dim -1 GB1 1   resonant-free: [(0, 0)]
CFG mu=2 r=3 s=2 k=2 tops=(1, 1, 1, 5) M=12 degP=12 degQ=36 vars=9 conds=65 | VERDICT dim -1 GB1 1   resonant-free: [(0, 0)]
CFG mu=2 r=3 s=2 k=2 tops=(4, 1, 1, 2) M=10 degP=12 degQ=30 vars=9 conds=6 | VERDICT dim -1 GB1 1   resonant-free: [(0, 0)]
CFG mu=2 r=4 s=1 k=2 tops=(0, 1, 1, 5, 2) M=12 degP=12 degQ=36 vars=9 conds=1 | VERDICT dim -1 GB1 1   resonant-free: [(0, 0)]
CFG mu=3 r=3 s=5 k=2 tops=(3, 1, 1, 2) M=8 degP=12 degQ=32 vars=10 conds=27 | VERDICT dim -1 GB1 1   resonant-free: [(3, 1), (0, 0)]
CFG mu=3 r=3 s=5 k=2 tops=(3, 1, 2, 1) M=8 degP=12 degQ=32 vars=10 conds=14 | VERDICT dim -1 GB1 1   resonant-free: [(3, 1), (0, 0)]
CFG mu=3 r=3 s=5 k=2 tops=(3, 2, 1, 1) M=8 degP=12 degQ=32 vars=10 conds=10 | VERDICT dim -1 GB1 1   resonant-free: [(3, 1), (0, 0)]
CFG mu=3 r=4 s=4 k=2 tops=(0, 1, 1, 2, 4) M=10 degP=12 degQ=40 vars=11 conds=1 | VERDICT dim -1 GB1 1   resonant-free: [(4, 2), (2, 1), (0, 0)]
CFG mu=3 r=4 s=4 k=2 tops=(0, 1, 2, 1, 4) M=10 degP=12 degQ=40 vars=11 conds=1 | VERDICT dim -1 GB1 1   resonant-free: [(4, 2), (2, 1), (0, 0)]
CFG mu=3 r=4 s=4 k=2 tops=(0, 2, 1, 1, 4) M=10 degP=12 degQ=40 vars=11 conds=1 | VERDICT dim -1 GB1 1   resonant-free: [(4, 2), (2, 1), (0, 0)]
CFG mu=3 r=4 s=4 k=2 tops=(1, 1, 1, 1, 4) M=10 degP=12 degQ=40 vars=11 conds=1 | VERDICT dim -1 GB1 1   resonant-free: [(4, 2), (2, 1), (0, 0)]
CFG mu=3 r=4 s=4 k=2 tops=(3, 1, 1, 1, 2) M=8 degP=12 degQ=32 vars=11 conds=1 | VERDICT dim -1 GB1 1   resonant-free: [(4, 2), (2, 1), (0, 0)]
CFG mu=3 r=5 s=3 k=2 tops=(0, 1, 1, 1, 4, 2) M=10 degP=12 degQ=40 vars=9 conds=46 | VERDICT dim 4 GB1 c(8)-1   resonant-free: [(0, 0)]
  ^^^ NON-EMPTY
