// ** redefining sat1 (LIB "triang.lib"; LIB "primdec.lib";) e1_points.sing:1
// ** redefining sat2 (LIB "triang.lib"; LIB "primdec.lib";) e1_points.sing:1
// ** redefining minSat (LIB "triang.lib"; LIB "primdec.lib";) e1_points.sing:1
// ** redefining minSat (LIB "triang.lib"; LIB "primdec.lib";) e1_points.sing:1
// ** redefining quotMin (LIB "triang.lib"; LIB "primdec.lib";) e1_points.sing:1
// ** redefining testFactor (LIB "triang.lib"; LIB "primdec.lib";) e1_points.sing:1
// ** redefining factor (LIB "triang.lib"; LIB "primdec.lib";) e1_points.sing:1
// ** redefining idealsEqual (LIB "triang.lib"; LIB "primdec.lib";) e1_points.sing:1
// ** redefining idealsEqual (LIB "triang.lib"; LIB "primdec.lib";) e1_points.sing:1
// ** redefining specialIdealsEqual (LIB "triang.lib"; LIB "primdec.lib";) e1_points.sing:1
// ** redefining stdIdealsEqual (LIB "triang.lib"; LIB "primdec.lib";) e1_points.sing:1
// ** redefining primaryTest (LIB "triang.lib"; LIB "primdec.lib";) e1_points.sing:1
// ** redefining primaryTest (LIB "triang.lib"; LIB "primdec.lib";) e1_points.sing:1
// ** redefining gcdTest (LIB "triang.lib"; LIB "primdec.lib";) e1_points.sing:1
// ** redefining gcdTest (LIB "triang.lib"; LIB "primdec.lib";) e1_points.sing:1
// ** redefining splitPrimary (LIB "triang.lib"; LIB "primdec.lib";) e1_points.sing:1
// ** redefining splitCharp (LIB "triang.lib"; LIB "primdec.lib";) e1_points.sing:1
// ** redefining zero_decomp (LIB "triang.lib"; LIB "primdec.lib";) e1_points.sing:1
// ** redefining zero_decomp (LIB "triang.lib"; LIB "primdec.lib";) e1_points.sing:1
// ** redefining extF (LIB "triang.lib"; LIB "primdec.lib";) e1_points.sing:1
// ** redefining extF (LIB "triang.lib"; LIB "primdec.lib";) e1_points.sing:1
// ** redefining zeroSp (LIB "triang.lib"; LIB "primdec.lib";) e1_points.sing:1
// ** redefining zeroSp (LIB "triang.lib"; LIB "primdec.lib";) e1_points.sing:1
// ** redefining zeroSepClos (LIB "triang.lib"; LIB "primdec.lib";) e1_points.sing:1
// ** redefining zeroSepClos (LIB "triang.lib"; LIB "primdec.lib";) e1_points.sing:1
// ** redefining insepDecomp_i (LIB "triang.lib"; LIB "primdec.lib";) e1_points.sing:1
// ** redefining insepDecomp_i (LIB "triang.lib"; LIB "primdec.lib";) e1_points.sing:1
// ** redefining clearSB (LIB "triang.lib"; LIB "primdec.lib";) e1_points.sing:1
// ** redefining clearSBNeu (LIB "triang.lib"; LIB "primdec.lib";) e1_points.sing:1
// ** redefining teilt (LIB "triang.lib"; LIB "primdec.lib";) e1_points.sing:1
// ** redefining independSet (LIB "triang.lib"; LIB "primdec.lib";) e1_points.sing:1
// ** redefining maxIndependSet (LIB "triang.lib"; LIB "primdec.lib";) e1_points.sing:1
// ** redefining prepareQuotientring (LIB "triang.lib"; LIB "primdec.lib";) e1_points.sing:1
// ** redefining cleanPrimary (LIB "triang.lib"; LIB "primdec.lib";) e1_points.sing:1
// ** redefining minAssPrimesoldE (LIB "triang.lib"; LIB "primdec.lib";) e1_points.sing:1
// ** redefining minAssPrimesoldE (LIB "triang.lib"; LIB "primdec.lib";) e1_points.sing:1
// ** redefining minAssPrimesold (LIB "triang.lib"; LIB "primdec.lib";) e1_points.sing:1
// ** redefining minAssPrimesold (LIB "triang.lib"; LIB "primdec.lib";) e1_points.sing:1
// ** redefining minAssPrimesold_i (LIB "triang.lib"; LIB "primdec.lib";) e1_points.sing:1
// ** redefining primT (LIB "triang.lib"; LIB "primdec.lib";) e1_points.sing:1
// ** redefining minAssPrimesE (LIB "triang.lib"; LIB "primdec.lib";) e1_points.sing:1
// ** redefining minAssPrimes (LIB "triang.lib"; LIB "primdec.lib";) e1_points.sing:1
// ** redefining minAssPrimes_i (LIB "triang.lib"; LIB "primdec.lib";) e1_points.sing:1
// ** redefining union (LIB "triang.lib"; LIB "primdec.lib";) e1_points.sing:1
// ** redefining equidim (LIB "triang.lib"; LIB "primdec.lib";) e1_points.sing:1
// ** redefining equidim (LIB "triang.lib"; LIB "primdec.lib";) e1_points.sing:1
// ** redefining equidimMax (LIB "triang.lib"; LIB "primdec.lib";) e1_points.sing:1
// ** redefining equidimMax (LIB "triang.lib"; LIB "primdec.lib";) e1_points.sing:1
// ** redefining islp (LIB "triang.lib"; LIB "primdec.lib";) e1_points.sing:1
// ** redefining algeDecoE (LIB "triang.lib"; LIB "primdec.lib";) e1_points.sing:1
// ** redefining algeDecoE (LIB "triang.lib"; LIB "primdec.lib";) e1_points.sing:1
// ** redefining algeDeco (LIB "triang.lib"; LIB "primdec.lib";) e1_points.sing:1
// ** redefining algeDeco (LIB "triang.lib"; LIB "primdec.lib";) e1_points.sing:1
// ** redefining algeDeco_i (LIB "triang.lib"; LIB "primdec.lib";) e1_points.sing:1
// ** redefining prepare_absprimdec (LIB "triang.lib"; LIB "primdec.lib";) e1_points.sing:1
// ** redefining decompE (LIB "triang.lib"; LIB "primdec.lib";) e1_points.sing:1
// ** redefining decomp (LIB "triang.lib"; LIB "primdec.lib";) e1_points.sing:1
// ** redefining decomp_i (LIB "triang.lib"; LIB "primdec.lib";) e1_points.sing:1
// ** redefining powerCoeffs (LIB "triang.lib"; LIB "primdec.lib";) e1_points.sing:1
// ** redefining sep (LIB "triang.lib"; LIB "primdec.lib";) e1_points.sing:1
// ** redefining sep (LIB "triang.lib"; LIB "primdec.lib";) e1_points.sing:1
// ** redefining zeroRad (LIB "triang.lib"; LIB "primdec.lib";) e1_points.sing:1
// ** redefining zeroRad (LIB "triang.lib"; LIB "primdec.lib";) e1_points.sing:1
// ** redefining algeRad (LIB "triang.lib"; LIB "primdec.lib";) e1_points.sing:1
// ** redefining radicalEHV (LIB "triang.lib"; LIB "primdec.lib";) e1_points.sing:1
// ** redefining radicalEHV (LIB "triang.lib"; LIB "primdec.lib";) e1_points.sing:1
// ** redefining Ann (LIB "triang.lib"; LIB "primdec.lib";) e1_points.sing:1
// ** redefining Ann (LIB "triang.lib"; LIB "primdec.lib";) e1_points.sing:1
// ** redefining int_ass_primary_e (LIB "triang.lib"; LIB "primdec.lib";) e1_points.sing:1
// ** redefining AnnExt_R (LIB "triang.lib"; LIB "primdec.lib";) e1_points.sing:1
// ** redefining analyze (LIB "triang.lib"; LIB "primdec.lib";) e1_points.sing:1
// ** redefining simplifyIdeal (LIB "triang.lib"; LIB "primdec.lib";) e1_points.sing:1
// ** redefining ini_mod (LIB "triang.lib"; LIB "primdec.lib";) e1_points.sing:1
// ** redefining min_ass_prim_charsets_i (LIB "triang.lib"; LIB "primdec.lib";) e1_points.sing:1
// ** redefining min_ass_prim_charsets0_i (LIB "triang.lib"; LIB "primdec.lib";) e1_points.sing:1
// ** redefining min_ass_prim_charsets1_i (LIB "triang.lib"; LIB "primdec.lib";) e1_points.sing:1
// ** redefining prim_dec_i (LIB "triang.lib"; LIB "primdec.lib";) e1_points.sing:1
// ** redefining pseudo_prim_dec_charsets_i (LIB "triang.lib"; LIB "primdec.lib";) e1_points.sing:1
// ** redefining pseudo_prim_dec_special_charsets_i (LIB "triang.lib"; LIB "primdec.lib";) e1_points.sing:1
// ** redefining pseudo_prim_dec_i_i (LIB "triang.lib"; LIB "primdec.lib";) e1_points.sing:1
// ** redefining extraction (LIB "triang.lib"; LIB "primdec.lib";) e1_points.sing:1
// ** redefining minsat (LIB "triang.lib"; LIB "primdec.lib";) e1_points.sing:1
// ** redefining minsat_ppd (LIB "triang.lib"; LIB "primdec.lib";) e1_points.sing:1
// ** redefining minquot (LIB "triang.lib"; LIB "primdec.lib";) e1_points.sing:1
// ** redefining special_ideals_equal (LIB "triang.lib"; LIB "primdec.lib";) e1_points.sing:1
// ** redefining convList (LIB "triang.lib"; LIB "primdec.lib";) e1_points.sing:1
// ** redefining reconvList (LIB "triang.lib"; LIB "primdec.lib";) e1_points.sing:1
// ** redefining primdecGTZE (LIB "triang.lib"; LIB "primdec.lib";) e1_points.sing:1
// ** redefining primdecGTZE (LIB "triang.lib"; LIB "primdec.lib";) e1_points.sing:1
// ** redefining primdecGTZ (LIB "triang.lib"; LIB "primdec.lib";) e1_points.sing:1
// ** redefining primdecGTZ (LIB "triang.lib"; LIB "primdec.lib";) e1_points.sing:1
// ** redefining primdecGTZ_i (LIB "triang.lib"; LIB "primdec.lib";) e1_points.sing:1
// ** redefining absPrimdecGTZE (LIB "triang.lib"; LIB "primdec.lib";) e1_points.sing:1
// ** redefining absPrimdecGTZE (LIB "triang.lib"; LIB "primdec.lib";) e1_points.sing:1
// ** redefining absPrimdecGTZ (LIB "triang.lib"; LIB "primdec.lib";) e1_points.sing:1
// ** redefining absPrimdecGTZ (LIB "triang.lib"; LIB "primdec.lib";) e1_points.sing:1
// ** redefining absPrimdecGTZ_i (LIB "triang.lib"; LIB "primdec.lib";) e1_points.sing:1
// ** redefining primdecSYE (LIB "triang.lib"; LIB "primdec.lib";) e1_points.sing:1
// ** redefining primdecSYE (LIB "triang.lib"; LIB "primdec.lib";) e1_points.sing:1
// ** redefining primdecSY (LIB "triang.lib"; LIB "primdec.lib";) e1_points.sing:1
// ** redefining primdecSY (LIB "triang.lib"; LIB "primdec.lib";) e1_points.sing:1
// ** redefining primdecSY_i (LIB "triang.lib"; LIB "primdec.lib";) e1_points.sing:1
// ** redefining minAssGTZE (LIB "triang.lib"; LIB "primdec.lib";) e1_points.sing:1
// ** redefining minAssGTZE (LIB "triang.lib"; LIB "primdec.lib";) e1_points.sing:1
// ** redefining minAssGTZ (LIB "triang.lib"; LIB "primdec.lib";) e1_points.sing:1
// ** redefining minAssGTZ (LIB "triang.lib"; LIB "primdec.lib";) e1_points.sing:1
// ** redefining minAssGTZ_i (LIB "triang.lib"; LIB "primdec.lib";) e1_points.sing:1
// ** redefining minAssCharE (LIB "triang.lib"; LIB "primdec.lib";) e1_points.sing:1
// ** redefining minAssCharE (LIB "triang.lib"; LIB "primdec.lib";) e1_points.sing:1
// ** redefining minAssChar (LIB "triang.lib"; LIB "primdec.lib";) e1_points.sing:1
// ** redefining minAssChar (LIB "triang.lib"; LIB "primdec.lib";) e1_points.sing:1
// ** redefining minAssChar_i (LIB "triang.lib"; LIB "primdec.lib";) e1_points.sing:1
// ** redefining minAssChar_i (LIB "triang.lib"; LIB "primdec.lib";) e1_points.sing:1
// ** redefining equiRadical (LIB "triang.lib"; LIB "primdec.lib";) e1_points.sing:1
// ** redefining equiRadical (LIB "triang.lib"; LIB "primdec.lib";) e1_points.sing:1
// ** redefining radical (LIB "triang.lib"; LIB "primdec.lib";) e1_points.sing:1
// ** redefining radical (LIB "triang.lib"; LIB "primdec.lib";) e1_points.sing:1
// ** redefining radicalKL (LIB "triang.lib"; LIB "primdec.lib";) e1_points.sing:1
// ** redefining radicalSL (LIB "triang.lib"; LIB "primdec.lib";) e1_points.sing:1
// ** redefining radicalReduction (LIB "triang.lib"; LIB "primdec.lib";) e1_points.sing:1
// ** redefining radicalSLIteration (LIB "triang.lib"; LIB "primdec.lib";) e1_points.sing:1
// ** redefining newMaxIndependSetDp (LIB "triang.lib"; LIB "primdec.lib";) e1_points.sing:1
// ** redefining newMaxIndependSetDp (LIB "triang.lib"; LIB "primdec.lib";) e1_points.sing:1
// ** redefining prepareAss (LIB "triang.lib"; LIB "primdec.lib";) e1_points.sing:1
// ** redefining prepareAss (LIB "triang.lib"; LIB "primdec.lib";) e1_points.sing:1
// ** redefining equidimMaxEHV (LIB "triang.lib"; LIB "primdec.lib";) e1_points.sing:1
// ** redefining equidimMaxEHV (LIB "triang.lib"; LIB "primdec.lib";) e1_points.sing:1
// ** redefining testPrimaryE (LIB "triang.lib"; LIB "primdec.lib";) e1_points.sing:1
// ** redefining testPrimaryE (LIB "triang.lib"; LIB "primdec.lib";) e1_points.sing:1
// ** redefining testPrimary (LIB "triang.lib"; LIB "primdec.lib";) e1_points.sing:1
// ** redefining testPrimary (LIB "triang.lib"; LIB "primdec.lib";) e1_points.sing:1
// ** redefining testPrimary_i (LIB "triang.lib"; LIB "primdec.lib";) e1_points.sing:1
// ** redefining zerodec (LIB "triang.lib"; LIB "primdec.lib";) e1_points.sing:1
// ** redefining zerodec (LIB "triang.lib"; LIB "primdec.lib";) e1_points.sing:1
// ** redefining newDecompStepE (LIB "triang.lib"; LIB "primdec.lib";) e1_points.sing:1
// ** redefining newDecompStep (LIB "triang.lib"; LIB "primdec.lib";) e1_points.sing:1
// ** redefining newDecompStep_i (LIB "triang.lib"; LIB "primdec.lib";) e1_points.sing:1
// ** redefining newReduction (LIB "triang.lib"; LIB "primdec.lib";) e1_points.sing:1
// ** redefining minAssE (LIB "triang.lib"; LIB "primdec.lib";) e1_points.sing:1
// ** redefining minAssE (LIB "triang.lib"; LIB "primdec.lib";) e1_points.sing:1
// ** redefining minAss (LIB "triang.lib"; LIB "primdec.lib";) e1_points.sing:1
// ** redefining minAss (LIB "triang.lib"; LIB "primdec.lib";) e1_points.sing:1
// ** redefining minAss_i (LIB "triang.lib"; LIB "primdec.lib";) e1_points.sing:1
// ** redefining minAssSL (LIB "triang.lib"; LIB "primdec.lib";) e1_points.sing:1
// ** redefining minAssSLIteration (LIB "triang.lib"; LIB "primdec.lib";) e1_points.sing:1
// ** redefining newMaxIndependSetLp (LIB "triang.lib"; LIB "primdec.lib";) e1_points.sing:1
// ** redefining newMaxIndependSetLp (LIB "triang.lib"; LIB "primdec.lib";) e1_points.sing:1
// ** redefining newZero_decomp (LIB "triang.lib"; LIB "primdec.lib";) e1_points.sing:1
// ** redefining newZero_decomp (LIB "triang.lib"; LIB "primdec.lib";) e1_points.sing:1
// ** redefining check_variables (LIB "triang.lib"; LIB "primdec.lib";) e1_points.sing:1
// ** redefining prep_decomp (LIB "triang.lib"; LIB "primdec.lib";) e1_points.sing:1
// ** redefining I (ideal I =) e1_points.sing:4
dim 0  vdim 35
lex GB size 7
triangular components: 1
--- comp 1
_[1]=F7-1
_[2]=F6^35-1464*F6^28+10358*F6^21+5742*F6^14+4712*F6^7+3114
_[3]=F5-4145*F6^30+3115*F6^23-9183*F6^16-12013*F6^9-1365*F6^2
_[4]=F4-10691*F6^31-3256*F6^24-835*F6^17+5133*F6^10+7173*F6^3
_[5]=F3-2619*F6^32+2520*F6^25-8128*F6^18-4032*F6^11-8425*F6^4
_[6]=F2-11192*F6^33+10136*F6^26+11238*F6^19-113*F6^12-8508*F6^5
_[7]=F1-13715*F6^34+9278*F6^27+4214*F6^20-4231*F6^13-12886*F6^6
