=====================================================================
PROBE 5a  THE (5,2) SKELETON, EXACT AND COMPLETE
          B = p^5 / (w r^2),  deg p = 1, deg r = 2, Belyi degree 5.
          Normalisation: the scaling orbit w -> mu*w is fixed by p(0)=1.
=====================================================================
   p            = w+1
   r            = w2+5/2w+15/8
   p^5 - w r^2  = 5/8w2+95/64w+1
   deg(p^5 - w r^2) = 2   (must equal delta = 2)
   chain degree D = N - delta = 3

   non-degeneracy:
     disc(r) = -5/4  (nonzero => r squarefree)
     p(0) = 1    r(0) = 15/8    (nonzero => gcd(p, w r) = 1)
     r(-1) = 3/8   (nonzero => gcd(p, r) = 1)
     disc(p^5 - w r^2) = -1215  (nonzero => the cubic
          residue is squarefree, so the fiber over 1 is generic)

   RAMIFICATION (Riemann-Hurwitz for a degree-5 map of P^1):
     over 0  : p^5 -> one point (w = -1) of multiplicity 5   -> ram 4
     over inf: w r^2 -> w = 0 simple, 2 roots of r doubled   -> ram 2
     over 1  : p^5 - w r^2 has degree 2, so 2 simple finite
               points plus w = infinity of multiplicity 5-2 = 3 -> ram 2
     total ramification 4 + 2 + 2 = 8 = 2*5 - 2.  Consistent.
   profile:  1x5  /  1 + 2x2  /  1x3 + 2x1
   The chain degree D = 3 IS the multiplicity of w = infinity in the
   fiber over 1 - exactly as D = 13 was for Borisov's degree-16 map.

=====================================================================
PROBE 5b  THE POLE-FIBER TEST - does the D >= 13 lock relax at D = 3?
          For each (D, k): is there an endgame solution with c != 0
          whose pole at v = -1 has order EXACTLY D, as the pole-fiber
          argument demands of any finite pole?
=====================================================================
    s    D    k  |  solution with pole order exactly D at v = -1, c != 0 ?
    3   13   4   |  no       D = k : 0  (0 = no, 1 = yes)
    3   23   4   |  no       D = k : 0  (0 = no, 1 = yes)
    3   7   4   |  no       D = k : 0  (0 = no, 1 = yes)
    3   4   4   |  YES      D = k : yes
    2   3   3   |  YES      D = k : yes
    2   5   5   |  YES      D = k : yes

   READING.  A finite pole is admissible exactly when D = k.  At
   D = 13, k = 4 the pole-fiber argument demands order 13 while the
   endgame admits only order 4, so the pole is forced out to
   v = infinity - that step, and only that step, is what makes R a
   polynomial and closes the First Framework.  At D = 3, k = 3 the two
   demands AGREE.  The lock relaxes.

=====================================================================
PROBE 5c  THE DIRECT SOLVER AT D = 3 - the Keller constant
=====================================================================
   unlocking numerator A(v) = -16/3*v^3-8*v^2-2*v+1/3
   R = A(v)/(v+1)^3,  normalised to c = 1
   A(-1) = -1/3  (nonzero => pole order exactly 3)
   endgame residual, cleared:  2 v (A'(v+1) - 3A) - 3A + 1  = 0   (must be 0)

   critical data of R (it must realize a degree-3 Belyi map):
     critical-point polynomial = -8*v^2-12*v-3   degree 2
     distinct finite critical values = 2   plus the pole =>  3 critical values in all
     profile 3 / 2+1 / 2+1 : total ramification 2+1+1 = 4 = 2*3-2.
     Both degree-3 Belyi profiles carry a totally ramified point, so
     the pole-fiber demand is satisfiable here - unlike at D >= 4.

   => c != 0 is attained.  Within every layer this campaign can
      derive, the D = 3 window is OPEN.

=====================================================================
WHAT THIS IS AND IS NOT
=====================================================================
   IS:  the first point in the campaign where the Session-18
        mechanism does not close, with the obstruction identified
        exactly (D = k) and the Keller constant produced explicitly.

   IS NOT: a counterexample, and not a candidate for one.
     1. The endgame is the LAST gate of the decision system, not the
        whole of it.  Box caps, the divisibility ladder, boundary
        rigidity and the Keller block were derived in Sessions 8-15
        for the (2,3) cusp only.  None of them has been redone for
        (5,2), so the other gates are untested, not passed.
     2. The contact exponent k = 3 used here is an ASSUMPTION.  For
        the (2,3) cusp k = 4; that k = D = 3 for (5,2) is what the
        window needs, not what has been derived.  Deriving k for a
        new cusp type means redoing the Y-side geometry.
     3. Degrees.  In the (2,3) family the near-miss template gives
        deg y1 = 3 + 12 deg p and deg y2 = 6 + 12 deg r, which at
        (deg p, deg r) = (8,5) returns Borisov's (99,66) - the pair
        sitting just past Moh's proven bound of 100.  Here
        (deg p, deg r) = (1,2), an order of magnitude smaller.  Any
        map this skeleton could carry lands far inside the range
        where the plane Jacobian conjecture is already a THEOREM.
        So a counterexample cannot live here, and the correct
        inference from c != 0 is that one of the untested gates in
        (1) must close it.  Finding which is the open task.
