
Plane Jacobian campaign - Session 21
THE D = 3 WINDOW: THE POLE-FIBER LOCK RELAXES, AND WHY THAT IS STILL
NOT A COUNTEREXAMPLE.

Session 20 left exactly one window open - chain degree D <= 3 - and
flagged the open question: does the pole-fiber theorem, the single
load-bearing hypothesis of the Session-18 emptiness proof, still close
the endgame down there?  This session instantiates the smallest rigid
skeleton in the window and answers it.

RESULT 1 (the geometry, exact).  The skeleton
    cusp type (m,n) = (5,2), delta = 2, Belyi degree N = 5,
    p = w + 1,   r = w^2 + (5/2) w + 15/8,
    p^5 - w r^2 = (5/8) w^2 + (95/64) w + 1     (degree 2 = delta)
is non-degenerate and Riemann-Hurwitz consistent, with profile
1x5 / 1 + 2x2 / 1x3 + 2x1.  The chain degree D = 3 is the multiplicity
of w = infinity in the fiber over 1 - structurally the same slot that
carried D = 13 in Borisov's degree-16 map.  Every object fits on one
screen; nothing is approximated.

RESULT 2 (the pole-fiber lock, and exactly when it engages).  The
argument runs, in any degree: R's finite poles sit in a set of at most
two points and R realizes a degree-D Belyi map; the only fiber of a
Belyi map with at most two points is the totally ramified one; so a
finite pole of R is a single point of order EXACTLY D.  The endgame
independently forces pole order EXACTLY k.  Compatible

    if and only if   D = k.

At D = 13 (k = 4) the two demands collide, the pole is forced out to
v = infinity, R becomes a polynomial, and the framework dies - that
step, and only that step, is Session 18's proof.  At D = 3 with k = 3
they agree.  THE LOCK RELAXES.  This is the first point in the campaign
where the Session-18 mechanism does not close.

RESULT 3 (the Keller constant, explicitly).  At (k,s,D) = (3,2,3),

    R = A(v)/(v+1)^3,   A = -(16/3)v^3 - 8v^2 - 2v + 1/3,   c = 1,

solves the endgame exactly, has a pole of order exactly 3 at v = -1,
map-degree exactly 3, and is a genuine degree-3 Belyi map with profile
3 / 2+1 / 2+1.  Both degree-3 Belyi profiles carry a totally ramified
point, so the pole-fiber demand is satisfiable here in a way it is not
at any D >= 4.  Within every layer this campaign can derive, the D = 3
window is OPEN.

RESULT 4 (what that is not).  It is NOT a counterexample and NOT a
candidate for one, for three independent reasons, each recorded below:

  (a) The endgame is the LAST gate of the decision system, not the whole
      of it.  Box caps, the divisibility ladder, boundary rigidity and
      the Keller block were derived in Sessions 8-15 for the (2,3) cusp
      only.  None has been redone for (5,2).  Those gates are UNTESTED,
      not passed.
  (b) k = 3 is an ASSUMPTION here, not a derivation.  For the (2,3)
      cusp k = 4.  That k = D = 3 for (5,2) is what the window needs;
      deriving k for a new cusp type means redoing the Y-side geometry.
  (c) DEGREES.  In the (2,3) family the near-miss template gives
          deg y1 = 3 + 12 deg p,      deg y2 = 6 + 12 deg r,
      verified below, and at (deg p, deg r) = (8,5) it returns exactly
      Borisov's (99,66) - the pair sitting just past Moh's proven bound
      of 100.  That is why the First Framework lives at D = 13.  Here
      (deg p, deg r) = (1,2), an order of magnitude smaller, so any map
      this skeleton could carry lands FAR INSIDE the range where the
      plane Jacobian conjecture is already a theorem.  A counterexample
      cannot live at D = 3.

  So the correct inference from c != 0 is not "counterexample" but
  "one of the untested gates in (a) must close it".  Finding which one
  is the open task this session hands forward.

RESULT 5 (scope correction on the sweep).  The Belyi gate closes every
D >= 4 with NO upper bound - the unlocking R has D-1 simple critical
points with D-1 distinct critical values for every D, so it is never
affine-equivalent to a Belyi map.  There is no need for, and no meaning
to, a ceiling like D = 225; the argument is uniform in D.  Verified
below for D = 4..25 and structurally uniform beyond.

All arithmetic below is exact.  Companion Singular routine:
    ../singular/d3_instantiation.sing

======================================================================
RESULT 1  the (5,2) skeleton at chain degree 3, exact
======================================================================
   p = w + 1
   r = w**2 + 5*w/2 + 15/8
   p^5 - w r^2 = 5*w**2/8 + 95*w/64 + 1
  [PASS] deg(p^5 - w r^2) == 2 == delta
  [PASS] chain degree D = N - delta == 3
  [PASS] r squarefree
  [PASS] gcd(p, w r) = 1  (p(0), r(0), r(-1) all nonzero)
  [PASS] the fiber over 1 is generic (the residue is squarefree)
  [PASS] Riemann-Hurwitz 4 + 2 + 2 == 2*5 - 2
   profile 1x5 / 1 + 2x2 / 1x3 + 2x1;  D = 3 is the multiplicity
   of w = infinity in the fiber over 1, the same slot that held
   D = 13 in Borisov's degree-16 map.

======================================================================
RESULT 2  the pole-fiber lock engages exactly when D != k
======================================================================
   a finite pole must be a single point of order exactly D (Belyi),
   while the endgame admits pole order exactly k

     s    D    k  | finite pole of order D admissible? | D == k
     3    13    4  |  no                               | False
     3    23    4  |  no                               | False
     3     7    4  |  no                               | False
     3    19    4  |  no                               | False
     3     4    4  |  YES                              | True
     2     3    3  |  YES                              | True
     2     5    5  |  YES                              | True
     4     3    3  |  YES                              | True
     5     3    3  |  YES                              | True
     2     7    7  |  YES                              | True
  [PASS] a finite pole is admissible if and only if D == k

   => at D = 13 the pole is forced to v = infinity, which is what
      makes R a polynomial and closes the First Framework.
      At D = 3 with k = 3 nothing forces that.  THE LOCK RELAXES.

======================================================================
RESULT 3  the D = 3 Keller constant, explicitly
======================================================================
   A(v) = -16*v**3/3 - 8*v**2 - 2*v + 1/3
   R    = (-16*v**3 - 24*v**2 - 6*v + 1)/(3*v**3 + 9*v**2 + 9*v + 3)
  [PASS] R solves the endgame exactly (residual 0)
  [PASS] pole order at v = -1 is exactly 3
  [PASS] map-degree of R is exactly 3
   critical-point polynomial = -3*(8*v**2 + 12*v + 3)
   distinct critical values: 2 finite + 1 pole = 3
  [PASS] R has exactly 3 critical values, i.e. it IS a Belyi map
  [PASS] its critical points are simple (profile 3 / 2+1 / 2+1)
  [PASS] Riemann-Hurwitz for R: 2 + 1 + 1 == 2*3 - 2

   all degree-3 Belyi profiles: [((1, 1, 1), (3,), (3,)), ((2, 1), (2, 1), (3,))]
  [PASS] every degree-3 Belyi profile has a totally ramified point, so the pole-fiber demand is satisfiable at D = 3

======================================================================
RESULT 4c  degrees: why D = 3 cannot host a counterexample
======================================================================
   the (2,3) near-miss template, degrees as a function of deg p, deg r

      deg p | deg y1 | 3 + 12 deg p        deg r | deg y2 | 6 + 12 deg r
          1 |     15 |          15            1 |     18 |           18
          2 |     27 |          27            2 |     30 |           30
          3 |     39 |          39            3 |     42 |           42
  [PASS] deg y1 = 3 + 12 deg p and deg y2 = 6 + 12 deg r
  [PASS] at (deg p, deg r) = (8,5) the formula returns Borisov's (99,66)

   Borisov's (99,66) sits just past Moh's proven bound of 100 -
   that is why the First Framework lives at D = 13.  The D = 3
   skeleton has (deg p, deg r) = (1,2); the same template would
   give (15, 30), an order of magnitude smaller.
   (The (5,2) template itself is NOT derived here - only the
   scale is being compared, and it is not close.)
  [PASS] the D = 3 degree scale is far inside Moh's proven range

======================================================================
RESULT 5  the Belyi gate closes every D >= 4, with no ceiling
======================================================================
  [PASS] no (s, D) with D in 4..25 clears the Belyi gate
   the count is D-1 distinct critical values for every D, so the
   argument is uniform in D: there is no ceiling such as D = 225,
   and none is needed.

======================================================================
18/18 certifications passed.
======================================================================

THE FORK, ANSWERED HONESTLY.

  c != 0 was obtained.  That does NOT yield a counterexample, because:
    - the endgame is one gate of many, and the other gates have not been
      rebuilt for the (5,2) cusp - they are untested, not passed;
    - the contact exponent k = 3 is assumed, not derived;
    - D = 3 corresponds to degrees an order of magnitude below (99,66),
      i.e. inside the range where the conjecture is already a theorem,
      so no counterexample can live there.
  The right reading is: some gate not yet rebuilt must close D = 3, and
  identifying it is the next piece of work.

  Nor would c = 0 have "proved the conjecture across the family".
  Closing every gate kills the published constructive candidates; it
  leaves the plane Jacobian conjecture itself untouched.  Sessions 16-18
  drew that line explicitly and it still holds.

  What IS now established: the Session-18 mechanism closes every chain
  degree D >= 4, uniformly and with no ceiling, and fails to close
  D <= 3 for a reason that is exactly identified (D = k).  The
  campaign's remaining uncertainty is a single small-degree corner,
  and it is a corner where the conjecture is already known.

