=== d=5: cascade structure verified on 10 rows: True
    a9 = -30*b4/301 + 19*sqrt(15)*b4/301...
    a8 = -5*b3/44 + 3*sqrt(15)*b3/44 - 229563*b4**2/3986444 + 34248*sqrt(15)*b4**2/996611...
    a7 = -30*b2/229 + 17*sqrt(15)*b2/229 - 204443*b3*b4/1516438 + 114561*sqrt(15)*b3*b4/1516438 - 1...
  {"d": 5, "root": "-3/68 + sqrt(15)/34", "orig_eqs": 26, "orig_unknowns": 20, "reduced_eqs": 15, "reduced_unknowns": 9, "free": ["b0", "b1", "b2", "b3", "b4", "mu0", "mu1", "mu2", "mu3"], "max_total_degree": 21, "round_trip": true, "secs": 30.0}
    a9 = -19*sqrt(15)*b4/301 - 30*b4/301...
    a8 = -3*sqrt(15)*b3/44 - 5*b3/44 - 34248*sqrt(15)*b4**2/996611 - 229563*b4**2/3986444...
    a7 = -17*sqrt(15)*b2/229 - 30*b2/229 - 114561*sqrt(15)*b3*b4/1516438 - 204443*b3*b4/1516438 - 4...
  {"d": 5, "root": "-sqrt(15)/34 - 3/68", "orig_eqs": 26, "orig_unknowns": 20, "reduced_eqs": 15, "reduced_unknowns": 9, "free": ["b0", "b1", "b2", "b3", "b4", "mu0", "mu1", "mu2", "mu3"], "max_total_degree": 21, "round_trip": true, "secs": 59.8}
=== d=6: cascade structure verified on 12 rows: True
    a11 = -36*b5/457 + 69*sqrt(2)*b5/457...
    a10 = -9*b4/103 + 33*sqrt(2)*b4/206 - 3792549*b5**2/86045788 + 3463551*sqrt(2)*b5**2/43022894...
    a9 = -4*b3/41 + 7*sqrt(2)*b3/41 - 191813*b4*b5/1929911 + 333100*sqrt(2)*b4*b5/1929911 - 1986410...
  {"d": 6, "root": "-1/28 + sqrt(2)/14", "orig_eqs": 30, "orig_unknowns": 23, "reduced_eqs": 17, "reduced_unknowns": 10, "free": ["b0", "b1", "b2", "b3", "b4", "b5", "mu0", "mu1", "mu2", "mu3"], "max_total_degree": 25, "round_trip": true, "secs": 85.1}
    a11 = -69*sqrt(2)*b5/457 - 36*b5/457...
    a10 = -33*sqrt(2)*b4/206 - 9*b4/103 - 3463551*sqrt(2)*b5**2/43022894 - 3792549*b5**2/86045788...
    a9 = -7*sqrt(2)*b3/41 - 4*b3/41 - 333100*sqrt(2)*b4*b5/1929911 - 191813*b4*b5/1929911 - 1929298...
  {"d": 6, "root": "-sqrt(2)/14 - 1/28", "orig_eqs": 30, "orig_unknowns": 23, "reduced_eqs": 17, "reduced_unknowns": 10, "free": ["b0", "b1", "b2", "b3", "b4", "b5", "mu0", "mu1", "mu2", "mu3"], "max_total_degree": 25, "round_trip": true, "secs": 173.5}
=== d=7: cascade structure verified on 14 rows: True
    a13 = -14*b6/215 + 9*sqrt(21)*b6/215...
    a12 = -21*b5/296 + 13*sqrt(21)*b5/296 - 122099*b6**2/3420650 + 452279*sqrt(21)*b6**2/20523900...
    a11 = -42*b4/541 + 25*sqrt(21)*b4/541 - 1353943*b5*b6/17214620 + 801423*sqrt(21)*b5*b6/17214620 ...
  {"d": 7, "root": "-3/100 + sqrt(21)/50", "orig_eqs": 34, "orig_unknowns": 26, "reduced_eqs": 19, "reduced_unknowns": 11, "free": ["b0", "b1", "b2", "b3", "b4", "b5", "b6", "mu0", "mu1", "mu2", "mu3"], "max_total_degree": 29, "round_trip": true, "secs": 262.9}
    a13 = -9*sqrt(21)*b6/215 - 14*b6/215...
    a12 = -13*sqrt(21)*b5/296 - 21*b5/296 - 452279*sqrt(21)*b6**2/20523900 - 122099*b6**2/3420650...
    a11 = -25*sqrt(21)*b4/541 - 42*b4/541 - 801423*sqrt(21)*b5*b6/17214620 - 1353943*b5*b6/17214620 ...
  {"d": 7, "root": "-sqrt(21)/50 - 3/100", "orig_eqs": 34, "orig_unknowns": 26, "reduced_eqs": 19, "reduced_unknowns": 11, "free": ["b0", "b1", "b2", "b3", "b4", "b5", "b6", "mu0", "mu1", "mu2", "mu3"], "max_total_degree": 29, "round_trip": true, "secs": 509.4}
