
=== sweep start, 160 candidates, timeout 60s each ===
*** NONEMPTY LEAD campaign/d23_borisov/ff_h_system.ms  (13v 13eq char 0) dim=0
EMPTY     wave5/ms/m16_d3_p1000003.ms  (8v 10eq char 1000003)
EMPTY     wave5/ms/m16_d3_p1000033.ms  (8v 10eq char 1000033)
NOVERDICT wave6/bottomedge/be_free_q.ms  (18v 17eq char 0)

=== sweep start, 160 candidates, timeout 90s each ===
*** NONEMPTY LEAD campaign/d23_borisov/ff_h_system.ms  (13v 13eq char 0) dim=0
EMPTY     wave5/ms/m16_d3_p1000003.ms  (8v 10eq char 1000003)
EMPTY     wave5/ms/m16_d3_p1000033.ms  (8v 10eq char 1000033)
NOVERDICT wave6/bottomedge/be_free_q.ms  (18v 17eq char 0)
NOVERDICT wave6/bottomedge/be_c2is1_p999961.ms  (18v 18eq char 999961)
NOVERDICT wave6/bottomedge/be_c2is1_p999979.ms  (18v 18eq char 999979)
NOVERDICT wave6/bottomedge/be_c2is1_p999983.ms  (18v 18eq char 999983)
NOVERDICT wave6/bottomedge/be_c2is1_p1000033.ms  (18v 18eq char 1000033)
NOVERDICT wave6/bottomedge/be_c2is1_p1000039.ms  (18v 18eq char 1000039)
NOVERDICT wave6/bottomedge/be_c2is1_p1000081.ms  (18v 18eq char 1000081)
NOVERDICT wave6/bottomedge/be_c2is1_p1000117.ms  (18v 18eq char 1000117)
NOVERDICT wave6/bottomedge/be_c2is1_p1000121.ms  (18v 18eq char 1000121)
NOVERDICT wave6/bottomedge/be_c2is1_p1000133.ms  (18v 18eq char 1000133)
NOVERDICT wave6/bottomedge/be_c2is1_p1000151.ms  (18v 18eq char 1000151)
NOVERDICT wave6/bottomedge/be_c2is1_p1000159.ms  (18v 18eq char 1000159)
NOVERDICT wave6/bottomedge/be_c2is1_p1000171.ms  (18v 18eq char 1000171)
NOVERDICT wave6/bottomedge/be_c2is0_q.ms  (19v 19eq char 0)
EMPTY     wave5/ms/b16_d2_q.ms  (12v 15eq char 0)
EMPTY     wave5/ms/b16_d2_p1000033.ms  (12v 15eq char 1000033)
EMPTY     wave5/ms/b16_d2_p1000039.ms  (12v 15eq char 1000039)
NOVERDICT campaign/d23_borisov/sf_h_system.ms  (23v 23eq char 0)
EMPTY     wave5/ms/m16_d4_p1000003.ms  (11v 14eq char 1000003)
EMPTY     wave5/ms/m16_d4_p1000033.ms  (11v 14eq char 1000033)
NOVERDICT wave4/artifacts/c2_w4_one_real_p1000003.ms  (20v 19eq char 1000003)
NOVERDICT wave4/artifacts/probe_w4m4_real_p1000003.ms  (20v 19eq char 1000003)
EMPTY     wave5/ms/b16_d3_q.ms  (15v 19eq char 0)
EMPTY     wave5/ms/b16_d3_p1000033.ms  (15v 19eq char 1000033)
EMPTY     wave5/ms/b16_d3_p1000039.ms  (15v 19eq char 1000039)
EMPTY     wave5/ms2/b16r_d5_B_q.ms  (14v 20eq char 0)
EMPTY     wave5/ms2/b16r_d5_B_p1000033.ms  (14v 20eq char 1000033)
EMPTY     wave5/ms2/b16r_d5_B_p1000039.ms  (14v 20eq char 1000039)
EMPTY     wave5/ms/m16_d5_p1000003.ms  (14v 18eq char 1000003)
EMPTY     wave5/ms/m16_d5_p1000033.ms  (14v 18eq char 1000033)
NOVERDICT wave5/ms2/b16r_d5_A_q.ms  (15v 20eq char 0)
EMPTY     wave5/ms2/b16r_d5_A_p1000033.ms  (15v 20eq char 1000033)
EMPTY     wave5/ms2/b16r_d5_A_p1000039.ms  (15v 20eq char 1000039)
EMPTY     wave5/ms/b16_d4_q.ms  (18v 23eq char 0)
EMPTY     wave5/ms/b16_d4_p1000033.ms  (18v 23eq char 1000033)
EMPTY     wave5/ms/b16_d4_p1000039.ms  (18v 23eq char 1000039)
EMPTY     wave5/ms2/b16r_d6_B_q.ms  (17v 24eq char 0)
EMPTY     wave5/ms2/b16r_d6_B_p1000033.ms  (17v 24eq char 1000033)
EMPTY     wave5/ms2/b16r_d6_B_p1000039.ms  (17v 24eq char 1000039)
NOVERDICT wave5/ms/m16_d6_p1000003.ms  (17v 22eq char 1000003)
NOVERDICT wave5/ms/m16_d6_p1000033.ms  (17v 22eq char 1000033)
NOVERDICT wave5/ms2/b16r_d6_A_q.ms  (18v 24eq char 0)
NOVERDICT wave5/ms2/b16r_d6_A_p1000033.ms  (18v 24eq char 1000033)
NOVERDICT wave5/ms2/b16r_d6_A_p1000039.ms  (18v 24eq char 1000039)
EMPTY     wave5/ms/g16_d5_p1000003.ms  (19v 26eq char 1000003)
EMPTY     wave5/ms/g16_d5_p1000033.ms  (19v 26eq char 1000033)
EMPTY     wave5/ms/g16_d5_p1000039.ms  (19v 26eq char 1000039)
EMPTY     wave5/ms2/b16r_d7_B_q.ms  (20v 28eq char 0)
EMPTY     wave5/ms2/b16r_d7_B_p1000033.ms  (20v 28eq char 1000033)
EMPTY     wave5/ms2/b16r_d7_B_p1000039.ms  (20v 28eq char 1000039)
NOVERDICT wave5/ms/u16_d7_q.ms  (19v 25eq char 0)
NOVERDICT wave5/ms/m16_d7_p1000033.ms  (20v 26eq char 1000033)
NOVERDICT wave5/ms2/b16r_d7_A_q.ms  (21v 28eq char 0)
NOVERDICT wave5/ms2/b16r_d7_A_p1000033.ms  (21v 28eq char 1000033)
NOVERDICT wave5/ms2/b16r_d7_A_p1000039.ms  (21v 28eq char 1000039)
NOVERDICT wave5/ms/g16_d6_p1000003.ms  (22v 30eq char 1000003)
NOVERDICT wave5/ms/g16_d6_p1000033.ms  (22v 30eq char 1000033)
NOVERDICT wave5/ms/g16_d6_p1000039.ms  (22v 30eq char 1000039)
NOVERDICT wave5/ms/m16_d8_q.ms  (23v 30eq char 0)
NOVERDICT wave5/ms/m16_d8_p1000003.ms  (23v 30eq char 1000003)
NOVERDICT wave5/ms/m16_d8_p1000033.ms  (23v 30eq char 1000033)
NOVERDICT wave5/ms2/b16s_d8_N_p1000003.ms  (26v 33eq char 1000003)
NOVERDICT wave5/ms2/b16seedN_d8_r0_p65521.ms  (25v 32eq char 65521)
NOVERDICT wave5/ms2/b16seedN_d8_r1_p65521.ms  (25v 32eq char 65521)
NOVERDICT wave5/ms2/b16nosplit_d8_r1_p1000003.ms  (24v 31eq char 1000003)
NOVERDICT wave5/ms2/b16nosplit_d8_r0_p1000003.ms  (24v 31eq char 1000003)
NOVERDICT wave5/ms2/b16seedN_d8_r1_p1000003.ms  (25v 32eq char 1000003)
NOVERDICT wave5/ms2/b16seedN_d8_r0_p1000003.ms  (25v 32eq char 1000003)
NOVERDICT wave5/ms2/b16seedN_d8_r0_p1000033.ms  (25v 32eq char 1000033)
NOVERDICT wave5/ms2/b16seedN_d8_r1_p1000033.ms  (25v 32eq char 1000033)
NOVERDICT wave5/ms/g16_d7_q.ms  (25v 34eq char 0)
NOVERDICT wave5/ms/g16_d7_p1000003.ms  (25v 34eq char 1000003)
NOVERDICT wave5/ms/g16_d7_p1000033.ms  (25v 34eq char 1000033)
NOVERDICT wave5/ms/g16_d7_p1000039.ms  (25v 34eq char 1000039)
NOVERDICT wave5/ms/b16_d7_q.ms  (27v 35eq char 0)
NOVERDICT wave5/ms/b16_d7_p1000003.ms  (27v 35eq char 1000003)
NOVERDICT wave5/ms/b16_d7_p1000033.ms  (27v 35eq char 1000033)
NOVERDICT wave5/ms/b16_d7_p1000039.ms  (27v 35eq char 1000039)
EMPTY     wave5/ms2/b16s_d9_Z_p1000003.ms  (27v 36eq char 1000003)
NOVERDICT campaign/audit_tracks/trackB_edgeQ.ms  (7v 7eq char 0)
NOVERDICT campaign/audit_tracks/trackD_calib_case2_p65521.ms  (73v 93eq char 65521)
