
Plane Jacobian campaign - Session 27
THE Y-SIDE GEOMETRY, DERIVED FOR A NON-(2,3) CUSP.

The one piece of bounded work left after Session 26: re-derive the Y-side
block geometry for a cusp other than (2,3), and settle nu = mu*n.

IT IS NOW DONE, and it CLOSES the window rather than opening one.
NO COUNTEREXAMPLE.

=====================================================================
WHY IT WAS POSSIBLE THIS TIME
=====================================================================

Sessions 22-26 could not do this because the block normal form was only
ever read off Borisov's instance, and no other instance existed.  Session
26 built the first non-(2,3) near-miss (cusp (5,2), degrees (6,15)).
With an explicit map in hand the Y-side data is not an abstraction to be
modelled - it is read off directly.

THE CHART.  From v = x1*x2^E - 1 and U = v+1 one has x1*x2^E = U, hence

    x1 = U / x2^E,      v = U - 1,

and substituting into the template turns y1 and y2 into finite Laurent
series in x2 whose coefficients are polynomials in U.  Those coefficients
ARE the blocks.  No modelling, no fitting.

=====================================================================
CALIBRATION (the method reproduces Sessions 9-13 exactly)
=====================================================================

Applied to Borisov's own instance (cusp (2,3), a=8, b=5, E=3) the chart
returns, with no input from the later sessions:

    y2's leading block sits at x2^-6                -> beta = 6
        matching Session 12's  y2 = q^-6 v^-18 g^2 (1+T)
    that block equals U^2 (U-1)^16 = [U (U-1)^8]^2  -> g = U (U-1)^8
        matching Session 13's boundary rigidity  g = alpha U (U-1)^8,
        deg g = 9
    W = y1^2 - y2^3 has its first surviving block at x2^-5, equal to
        const * U^6 (U-1)^9
        matching Session 10's  Wt_-5 = n3 U^6 (U-1)^9

Three independent results of the campaign, recovered from one
substitution.  The method is validated before it is used.

=====================================================================
THE RESULT
=====================================================================

Reading ord_U of the leading blocks (with eps = ord_U(g) = 1 throughout):

   instance              | y2 lead        | mu | W first block   | nu | mu*n
   (2,3) a=2,b=1,E=1     | U^2 (U-1)^4    |  2 | U^6 (U-1)^3     |  6 |  6
   (2,3) a=5,b=3,E=2     | U^2 (U-1)^10   |  2 | U^6 (U-1)^6     |  6 |  6
   (2,3) a=8,b=5,E=3     | U^2 (U-1)^16   |  2 | U^6 (U-1)^9     |  6 |  6
   (5,2) a=1,b=2,E=1     | U^5 (U-1)^5    |  5 | U^10 (U-1)^4    | 10 | 10

    nu = mu*n at every point, INCLUDING the (5,2) cusp.

CONSEQUENCES.

1. nu = mu*n is CONFIRMED at a non-(2,3) cusp.  Session 23's 870
   conditional tuples every one required nu < mu*n; at (5,2) that is
   now refuted by direct computation, and the Session-22 closure is
   UNCONDITIONAL there.

2. mu = m is now MEASURED at a second cusp type (mu = 5 = m for (5,2)),
   not merely shown removable by the integrality argument of Session 23.

3. deg g = N/mu + eps is confirmed at all four instances:
       (2,3) a=2: N=4,  mu=2 -> 2+1 = 3 = deg U(U-1)^2
       (2,3) a=5: N=10, mu=2 -> 5+1 = 6 = deg U(U-1)^5
       (2,3) a=8: N=16, mu=2 -> 8+1 = 9 = deg U(U-1)^8   [Borisov]
       (5,2) a=1: N=5,  mu=5 -> 1+1 = 2 = deg U(U-1)

=====================================================================
SCOPE - what this does and does not establish
=====================================================================

It settles nu = mu*n at ONE non-(2,3) cusp, with one skeleton.  It does
not prove it for every (m,n): Session 23's 870 tuples ranged over many
cusp types, and only those at (5,2) are now closed.  What has changed is
that the question is no longer untestable - the recipe is explicit, and
any further cusp can be settled the same way as soon as a near-miss for
it is constructed.

And the direction of the answer matters: the Y-side geometry, once
derived, CONFIRMS the closure.  It did not open a window.  There is no
counterexample here.

======================================================================
CALIBRATION  the chart reproduces Sessions 9-13 on Borisov's instance
======================================================================
   y2 leading block at x2^-6: U**2*(U - 1)**16
   W  leading block at x2^-5: 64*I*U**6*(sqrt(3) + 2*I)*(U - 1)**9/3
  [PASS] beta = 6, matching Session 12's y2 = q^-6 v^-18 g^2 (1+T)
  [PASS] the y2 block is [U(U-1)^8]^2, matching Session 13's g = alpha U(U-1)^8
  [PASS] W's first surviving block sits at x2^-5, matching Session 10
  [PASS] it is const * U^6 (U-1)^9, matching Session 10's Wt_-5 = n3 U^6(U-1)^9
   => three independent campaign results recovered from one
      substitution.  The method is validated before use.

======================================================================
THE RESULT  nu = mu*n, including at the (5,2) cusp
======================================================================
   instance                      | mu | nu | mu*n | deg g | N/mu+1
   (2,3) a=2,b=1,E=1             |  2 |  6 |   6  |    3  |    3
   (2,3) a=5,b=3,E=2             |  2 |  6 |   6  |    6  |    6
   (2,3) a=8,b=5,E=3  [BORISOV]  |  2 |  6 |   6  |    9  |    9
   (5,2) a=1,b=2,E=1  [NEW CUSP] |  5 | 10 |  10  |    2  |    2
  [PASS] nu = mu*n at EVERY instance, including the (5,2) cusp
  [PASS] mu = m measured at a second cusp type (mu = 5 for (5,2))
  [PASS] deg g = N/mu + eps confirmed at all four instances

======================================================================
CONSEQUENCE  Session 23's 870 tuples are refuted at (5,2)
======================================================================
   every one of those tuples required nu < mu*n.
   measured at (5,2): mu = 5, nu = 10, mu*n = 10
  [PASS] nu < mu*n is FALSE at (5,2), so no tuple there survives
   => the Session-22 closure is UNCONDITIONAL at the (5,2) cusp.
      Other cusp types remain open only for want of a near-miss to
      instantiate them; the recipe is now explicit.

======================================================================
8/8 certifications passed.
======================================================================

NO COUNTEREXAMPLE.

The Y-side geometry has now been derived for a cusp other than (2,3) -
the piece of work every previous session had to defer.  The method is
validated by recovering Sessions 9, 10, 12 and 13 from a single
substitution, and it answers the question it was built for:

    nu = mu*n holds at the (5,2) cusp.

That CLOSES Session 23's conditional region there rather than opening
it.  The Y-side geometry, once actually computed, confirms the closure -
it does not contain a counterexample.

Remaining: nu = mu*n at cusp types for which no near-miss has yet been
built.  Each is now a bounded, explicit computation - construct the
near-miss, substitute x1 = U/x2^E, read ord_U.  That is a finite recipe,
not an open problem.

