
Plane Jacobian campaign - Session 32
THE h-BRANCH: A CENSUS, A ROOT-DROP, AND WHERE IT ACTUALLY SITS.

Asked to close the h-branch at sweep order k >= 4.  It is NOT closed
here, and this session establishes WHY that is - the obstruction is
identified rather than merely met.  NO PLANE COUNTEREXAMPLE.

=====================================================================
RESULT 1  bounded-degree census: empty everywhere computed
=====================================================================

The live branch is C_k = (0, alpha h^k), C_(k-1) = (beta h^(k-1), q),
everything else free.  Inverting (Jacobian constant)*alpha*beta so that
a Groebner basis of {1} means NO SOLUTION:

    k=4, h=t                        deg<=1:  17 eqs,  16 unk   EMPTY
    k=4, h=t                        deg<=2:  26 eqs,  23 unk   EMPTY
    k=4, h=t^2  (non-squarefree)    deg<=1:  21 eqs,  16 unk   EMPTY
    k=4, h=t(t-1) (squarefree quad) deg<=1:  34 eqs,  16 unk   EMPTY
    k=5, h=t                        deg<=1:  24 eqs,  20 unk   EMPTY
    k=5, h=t                        deg<=2:  39 eqs,  29 unk   EMPTY
    k=6, h=t                        deg<=1:  31 eqs,  24 unk   EMPTY

Seven cases, three orders, three shapes of h including a non-squarefree
one.  All empty.  Evidence, not a theorem - see Result 3.

WHERE THE CENSUS STOPS, AND WHY.  Coefficient degree 3 at k = 4 was
attempted twice and returned no verdict either time: over Q it exceeded
a 3000 s budget, and over F_32003 it exceeded ~560 s.  The boundary at
degree 2 is therefore COMPUTATIONAL, not a choice - sympy's Groebner
engine does not reach degree 3 on this system.  Recorded so the attempt
is not silently repeated.  (The mod-p run did reproduce degree <= 2 as
EMPTY in 37 s, an independent corroboration of the rational result in
different arithmetic.)

=====================================================================
RESULT 2  a root-drop of two
=====================================================================

Let r be a root of h with h squarefree.  Then a = alpha h^k gives
a(r) = a'(r) = 0 for k >= 2; p_(k-1) = beta h^(k-1) gives
p(r) = p'(r) = 0 for k >= 3; and the Session-31 ladder gives h | q_(k-1),
so q_(k-1)(r) = 0 as well.  Hence at t = r BOTH components lose two
s-degrees at once:

    deg_s Phi_1(r, .) <= k-2,     deg_s Phi_2(r, .) <= k-2.

Verified on h = t at k = 4 and k = 5 (both attain the bound exactly).
So every root of h is a point where the sweep degenerates by two orders
- a strong local constraint, and the reason the census keeps coming back
empty.

=====================================================================
RESULT 3  where the h-branch actually sits - the real obstruction
=====================================================================

Session 30's descent gives min(deg_s Phi_1, deg_s Phi_2) <= k-1, and the
campaign's own Sessions 2-5 theorem closes min deg_y <= 2.  So the first
uncovered order is k = 4, sitting at min deg_s = 3 exactly.

Sessions 3 and 6 of this repo describe the y-degree-3 slice, in their own
words, as "the first slice the collapse machinery does not decide".
Therefore:

    closing the h-branch at k = 4  ==  deciding the deg_y = 3 slice.

That is not a gap in this session's reasoning.  It is the campaign's own
unresolved frontier, reached from the opposite direction: Sessions 3-6
walked into it from the y-degree side and stopped, and the sweep cascade
walks into the same wall from the sweep side.  Two independent routes
terminating at the same slice is informative - it says the deg-3 slice is
the genuine content, not an artefact of either approach.

Short of solving that slice, bounded-degree Groebner runs are what is
available, and Result 1 is exactly that.

=====================================================================
STATUS
=====================================================================

CLOSED (by proof, Sessions 29-30): the sweep mechanism's defining
feature - a degenerate but non-constant direction field - is unavailable
in the plane at every order k.

CLOSED (by proof, Sessions 29-31): orders k <= 3 entirely; the
first two cascade steps for all k; the divisibility ladder.

NOT CLOSED: the h-branch at k >= 4, which is the deg_y = 3 slice.
Empty everywhere computed, but not proved empty.

NO COUNTEREXAMPLE, at any point in this campaign.

======================================================================
RESULT 1  bounded-degree census of the h-branch
======================================================================
   (Jacobian const)*alpha*beta inverted; GB = {1} means EMPTY
   k=4, h=t                         deg<=1:  17 eqs,  16 unk -> EMPTY
   k=4, h=t                         deg<=2:  26 eqs,  23 unk -> EMPTY
   k=4, h=t^2 (non-squarefree)      deg<=1:  21 eqs,  16 unk -> EMPTY
   k=4, h=t(t-1) (squarefree quadratic) deg<=1:  34 eqs,  16 unk -> EMPTY
   k=5, h=t                         deg<=1:  24 eqs,  20 unk -> EMPTY
   k=5, h=t                         deg<=2:  39 eqs,  29 unk -> EMPTY
   k=6, h=t                         deg<=1:  31 eqs,  24 unk -> EMPTY
  [PASS] every computed case of the h-branch is empty

======================================================================
RESULT 2  at a root of h, both components drop two s-degrees
======================================================================
   a(r) = a'(r) = 0 (k>=2); p(r) = p'(r) = 0 (k>=3);
   q_(k-1)(r) = 0 by the Session-31 ladder.
   k=4, h=t: deg_s Phi_1(0,s) = 2, deg_s Phi_2(0,s) = 2   (bound k-2 = 2)  -> True
   k=5, h=t: deg_s Phi_1(0,s) = 3, deg_s Phi_2(0,s) = 3   (bound k-2 = 3)  -> True
  [PASS] both components drop to s-degree <= k-2 at a root of h

======================================================================
RESULT 3  the h-branch IS the campaign's own deg_y = 3 frontier
======================================================================
   Session 30 descent:      min(deg_s Phi_1, deg_s Phi_2) <= k-1
   Sessions 2-5 theorem:    min deg_y <= 2  =>  TAME
     k = 1: min deg_s <= 1  ->  closed by Sessions 2-5
     k = 2: min deg_s <= 1  ->  closed by Sessions 2-5
     k = 3: min deg_s <= 2  ->  closed by Sessions 2-5
     k = 4: min deg_s <= 3  ->  open, needs deg 3+
     k = 5: min deg_s <= 4  ->  open, needs deg 3+
  [PASS] the first uncovered order is k = 4, at min deg_s = 3 exactly

   Sessions 3 and 6 call the y-degree-3 slice 'the first slice the
   collapse machinery does not decide'.  So closing the h-branch at
   k = 4 IS deciding that slice - the campaign's own open frontier,
   reached from the opposite direction.  Two independent routes
   ending at the same slice says the slice is the real content.

======================================================================
3/3 certifications passed.
======================================================================

THE h-BRANCH IS NOT CLOSED, AND NOW IT IS CLEAR WHY.

  Closing it at k = 4 is exactly the deg_y = 3 slice that Sessions 3-6
  of this campaign identified as undecided and did not resolve.  The
  sweep cascade walks into the same wall from the other side.  That is
  a placement of the obstruction, not a closure of it, and it is stated
  as such.

  What IS closed, by proof: the mechanism's defining feature at every
  order, and orders k <= 3 entirely.
  What is empty everywhere computed but unproved: k >= 4.

  NO COUNTEREXAMPLE - not here, and not anywhere in this campaign.

