
Plane Jacobian campaign - Session 25
THE TEMPLATE EXPONENT IS NOT FIXED - AND THE DEGREE FORMULA WAS WRONG.

Run to attack the (72,108) target named in Session 24.  NO COUNTEREXAMPLE
was found: (72,108) is not reachable by this campaign's family.  But the
attack exposed two errors in Sessions 21-24 that matter more than the
target did.

=====================================================================
WHAT WENT WRONG, AND WHAT IS TRUE
=====================================================================

Sessions 21-24 treated the exponent in Session 7's near-miss

    v = x1 * x2^3 - 1,   y1 = x1^3 x2^a p(v^3/x2),
                         y2 = x1^2 x2^b v r(v^3/x2)

as FIXED at 3, and read off deg y1 = 3 + 12a, deg y2 = 6 + 12b.

CORRECTION 1 (the exponent is a parameter, and it is determined).
Writing v = x1*x2^E - 1 and sweeping E, the Jacobian collapses to a
MONOMIAL - the near-miss condition - at exactly one value of E per
Belyi datum, and it is not always 3:

      (deg p, deg r) = (2,1)  ->  monomial at E = 1
      (deg p, deg r) = (5,3)  ->  monomial at E = 2
      (deg p, deg r) = (8,5)  ->  monomial at E = 3   [Session 7]

Three independent data points give  E = a - b, and with the Belyi
relation 2a = 3b+1 that is E = (a+1)/3, forcing a = 2 (mod 3).

CORRECTION 2 (the degree formula is quadratic, not linear).
With E = (a+1)/3,

      deg y1 = (a+1)(a+3),      deg y2 = (2/3)(a+1)(a+3),

so the family's reachable degree pairs are

      a= 2: (15,10)     a= 5: (48,32)     a= 8: (99,66)  [Borisov]
      a=11: (168,112)   a=14: (255,170)   a=17: (360,240)

NOT the linear list (27,18), (63,42), (99,66), (135,90), (171,114)
published in Session 23.  Only the Borisov entry was ever right - the
linear formula happened to agree at a = 8, which is why it survived.

CORRECTION 3 (Session 24's centrepiece is void).  Session 24 ranked
(72,108) as the nearest target on the grounds that the template reaches
g = 1 (mod 4) while (72,108) needs g = 36 = 0 (mod 4).  The true g
values are 5, 16, 33, 56, 85, 120 - they ALTERNATE between both classes.
There is no mod-4 obstruction.  The ranking's stated reason was wrong.

=====================================================================
WHY (72,108) IS STILL UNREACHABLE
=====================================================================

deg y1 = 108 requires (a+1)(a+3) = 108, i.e. a^2 + 4a - 105 = 0, whose
roots are not integers.  Equivalently g = 36 requires a(a+4) = 105.
So (72,108) is outside the family - the ANSWER in Sessions 23-24 was
right, for a reason that had nothing to do with congruences.

=====================================================================
WHAT SURVIVES UNCHANGED
=====================================================================

The chain degrees D = a + b = 3, 8, 13, 18, 23, 28 are untouched by any
of this - only the degree pairs attached to them moved.  So every gate
conclusion of Sessions 20-22 stands: D >= 4 closed by the Belyi gate,
D <= 3 closed by the contact exponent.

The GGHV comparison survives with corrected numbers:
    (15,10), (48,32), (99,66)     max < 125, cleared by GGHV
    (168,112), (255,170), ...     beyond GGHV, killed by the Belyi gate
so the campaign's marginal contribution is still the high-degree tail,
now correctly located.

=====================================================================
NEW ARTIFACT
=====================================================================

The smallest member of the family, previously never written down:

    a = 2, b = 1, E = 1, N = 4, delta = 1, D = 3
    p = w^2 + (3/2)w + 3/8,   r = w + 1,   p^2 - w r^3 = w/8 + 9/64
    v = x1*x2 - 1,  degrees (15,10),  Jacobian a single monomial.

It is a genuine near-miss, verified below, and it is the cheapest object
on which to test any future claim about this family.

======================================================================
CORRECTION 1  the monomial locus in E, at three Belyi data
======================================================================
     (a,b) |  E  | degrees      | # monomials of J
     (2, 1)  |  1  | ( 15, 10)    | 1  <- MONOMIAL
     (2, 1)  |  2  | ( 21, 14)    | 2
     (2, 1)  |  3  | ( 27, 18)    | 2
     (2, 1)  |  4  | ( 33, 22)    | 2

     (5, 3)  |  1  | ( 33, 22)    | 2
     (5, 3)  |  2  | ( 48, 32)    | 1  <- MONOMIAL
     (5, 3)  |  3  | ( 63, 42)    | 2
     (5, 3)  |  4  | ( 78, 52)    | 2

  [PASS] (2,1) is a near-miss exactly at E = 1 = a - b
  [PASS] (5,3) is a near-miss exactly at E = 2 = a - b
  [PASS] Session 7's (8,5) sits at E = 3 = a - b
  [PASS] E = a - b equals (a+1)/3 under the Belyi relation 2a = 3b+1
======================================================================
CORRECTION 2  the degree formula is quadratic
======================================================================
      a |  b |  E | D=a+b | deg y1 | deg y2 |   g | Session-23 claim
      2 |  1 |  1 |     3 |     15 |     10 |   5 | (linear said 27)
      5 |  3 |  2 |     8 |     48 |     32 |  16 | (linear said 63)
      8 |  5 |  3 |    13 |     99 |     66 |  33 | (linear said 99)
     11 |  7 |  4 |    18 |    168 |    112 |  56 | (linear said 135)
     14 |  9 |  5 |    23 |    255 |    170 |  85 | (linear said 171)
     17 | 11 |  6 |    28 |    360 |    240 | 120 | (linear said 207)
  [PASS] the closed form (a+1)(a+3) reproduces the measured degrees
  [PASS] it returns Borisov's 99 at a = 8
  [PASS] the Session-23 linear formula 3+12a agrees ONLY at a = 8

======================================================================
CORRECTION 3  there is no mod-4 obstruction
======================================================================
   g values: [5, 16, 33, 56, 85, 120]
   g mod 4 : [1, 0, 1, 0, 1, 0]
  [PASS] g takes both residues mod 4, so Session 24's ranking reason is void

======================================================================
(72,108) IS STILL UNREACHABLE - for the corrected reason
======================================================================
   (a+1)(a+3) = 108  <=>  a^2 + 4a - 105 = 0,  roots [-2 + sqrt(109), -sqrt(109) - 2]
  [PASS] no positive integer a gives deg y1 = 108
  [PASS] (72,108) is not in the corrected reachable list

======================================================================
WHAT SURVIVES: the chain degrees, hence every gate conclusion
======================================================================
   D = a+b values: [3, 8, 13, 18, 23, 28]
  [PASS] every reachable D except the smallest is >= 4, so the Belyi gate still closes them
   GGHV comparison, corrected:
     (15,10) D =  3 : cleared by GGHV
     (48,32) D =  8 : cleared by GGHV
     (99,66) D = 13 : cleared by GGHV
     (168,112) D = 18 : beyond GGHV, killed by the Belyi gate
     (255,170) D = 23 : beyond GGHV, killed by the Belyi gate
     (360,240) D = 28 : beyond GGHV, killed by the Belyi gate

======================================================================
NEW ARTIFACT: the smallest near-miss in the family, (15,10)
======================================================================
   p = w**2 + 3*w/2 + 3/8,  r = w + 1
   p^2 - w r^3 = w/8 + 9/64   (degree 1 = delta)
   v = x1*x2 - 1,  degrees (15,10),  J has 1 monomial
  [PASS] p is squarefree and p(0), r(0) nonzero
  [PASS] its Jacobian is a single monomial (a genuine near-miss)

======================================================================
13/13 certifications passed.
======================================================================

RESULT.  No counterexample.  (72,108) is not reachable by this family,
which is what Sessions 23-24 concluded - but the reason they gave was
wrong, and so was the degree formula underneath it.  Corrected here, with
the near-miss exponent E = a - b established at three data points and the
degree law (a+1)(a+3) replacing the linear 3+12a.

Every gate conclusion survives untouched, because the chain degrees never
depended on the broken formula.  What does not survive is Session 24's
ranking: (72,108) is not "one congruence class away", it is simply not in
the family, and the campaign has no privileged next target.

