
Plane Jacobian campaign - Session 37, adversarial audit of the WP-B count
THE SECTION-5 CONTROL, THE SATURATION CHALLENGE, AND THE PROVENANCE OF 17.

Three objections were raised against the WP-B verdict.  All three are tested
here.  ONE IS CORRECT AND WAS A REAL GAP; the other two do not survive, but
both were reasonable and both are now settled by computation rather than by
argument.

NO COUNTEREXAMPLE.

=====================================================================
OBJECTION 1 (CORRECT, AND IT WAS MISSING)  the section-5 control
=====================================================================

"Run the identical count on (5.9) under (5.10).  If section 5 - a case GGHV
closed - also scores ~8.5x, the metric was never discriminating."

This was the right demand and it had not been run.  Running it:

    section 5 (9,27), CLOSED by GGHV:   157 equations / 39 unknowns = 4.03x
    (8,28),           OPEN:             626 equations / 74 unknowns = 8.46x

Same method, same two-sided bounds, same quasi-homogeneous window.  The metric
DISCRIMINATES: the open case is 2.1x more overdetermined than a case that was
successfully closed.  So the ratio is not a constant of the construction, and
the WP-B reading survives the control - but it survives it as a calibrated
statement rather than an uncalibrated one, which it was before.

Section 5 detail: L = 3, rho = 17, rho' = 13, weight 39.
    d1 : w=2, ord >= 26, deg <= 34 ->  9
    d0 : w=3, ord >= 39, deg <= 51 -> 13
    dm1: w=4, ord >= 52, deg <= 68 -> 17
                                      --
                                      39 unknowns
    relation window [13*39, 17*39] = [507, 663] -> 157 equations.

=====================================================================
OBJECTION 2 (DOES NOT HOLD)  "saturate by d_{-1} and recount"
=====================================================================

"You found R_0 = d_{-1}^21 S.  The weights confirm R_0 is the full-weight
object ... So d_{-1}^21 divides the relation, and d_{-1} != 0 is a known
non-vanishing condition.  That factor is spurious content."

The inference does not go through.  R_0 is the F-FREE PART of R, not R.  In a
quasi-homogeneous polynomial EVERY part has the full weight - that is what
quasi-homogeneity means - so "R_0 has weight 125" carries no information about
divisibility of R.  And the witness is explicit:

    R |_{d_{-1} = 0}  =  -8192 d1^2 F^7 W^7   !=  0

so d_{-1} does not divide R, let alone d_{-1}^21.  Singular's factorize
confirms the full relation is IRREDUCIBLE.  There is nothing to saturate, and
the count on R stands.

WHAT WAS RIGHT INSIDE OBJECTION 2.  The remark that equations below the
relation's y-adic order are identically 0 = 0 is correct, and it is exactly
why the crude WP-B figure of 1876 was superseded within the same session by
the refined figure of 626: the refined count uses the window
[ord, deg] = [1250, 1875] rather than [0, 1875].  The 1050 vacuous rows the
objection identifies had already been removed before it was raised.  Both
figures appear in the record, which is what made the objection natural.

=====================================================================
OBJECTION 3 (DOES NOT HOLD)  "where did the 17 come from?"
=====================================================================

"17 is section 5's rho (2*9-1), and (8,28)'s is 15.  A 17 surfacing in
(8,28)'s weight vector is the same shape as the defect you just repaired."

A fair worry, given the session's history, and it is settled by provenance.
The weight vector was obtained as the nullspace of the exponent lattice of the
(8,28) relation's own 102 monomials.  That nullspace is ONE-dimensional, so the
weights are uniquely determined by (8,28)'s own data; no section-5 quantity
enters the computation at any point.

Moreover 17 has an independent derivation.  In both cases

    w(F*W)  =  5L - 1 - m       for  [P,Q] = x^m

    section 5: 5*3 - 1 - 1 = 13,   and the relation gives w(F*W) = 13
    (8,28):    5*4 - 1 - 2 = 17,   and the nullspace gives w(F*W) = 17

and 5L-1-m is exactly the order of the residual scaling group computed
independently in WP-C from the chain rule (mu_13 and mu_17).  Two unrelated
computations agree in both cases.

Section 5's rho = 2*deg(C_3) - 1 = 17 is a numerical coincidence with
(8,28)'s w(F*W) = 17.  They are different quantities: for section 5,
rho = 17 while w(F*W) = 13.

(Note: section 5's relation has only 3 monomials, so its own nullspace is
2-dimensional and does not pin its weights; the structural w(d_i) = L-i must be
imposed there.  (8,28), with 102 monomials, needs no such input.)

=====================================================================
NET EFFECT ON THE SESSION'S READING
=====================================================================

Unchanged: 626 equations against 74 unknowns, factor 8.46.
Newly calibrated: the closed control scores 4.03, so the factor is meaningful
rather than an artefact of the construction.
Newly derived: w(F*W) = 5L-1-m, tying the weight vector to the residual
symmetry and removing the last unexplained constant.

The decision-table branch remains "strongly overdetermined -> expect EMPTY",
now with a control behind it.  It remains a prior, not a proof.

ADOPTED FROM THE OBJECTION - the running order for WP-E:
   1. the congruence d = chi(C_L) mod 3, now that T7 is PROVED - it needs no
      ideal at all and is independent of GGHV's normalisation entirely;
   2. the (y+1)-adic ladder 21a + b >= 31;
   3. the top-degree slice of S, not of R_0;
   4. the full expansion last.

==========================================================================
OBJECTION 1  the section-5 control  [CORRECT - it was missing]
==========================================================================
   section 5 (9,27), CLOSED by GGHV :  157 eqs /  39 unknowns = 4.03x
   (8,28),           OPEN           :  626 eqs /  74 unknowns = 8.46x
  [PASS] the section-5 control runs and gives 157/39
  [PASS] (8,28) gives 626/74, unchanged
  [PASS] the metric DISCRIMINATES - the closed case scores far lower, so the ratio is not a constant of the construction

==========================================================================
OBJECTION 2  'd_{-1}^21 divides the relation, saturate and recount'
==========================================================================
   R |_(dm1 = 0)  =  -8192*d1^2*F^7*W^7
  [PASS] dm1 does NOT divide the full relation - the F^7 W^7 term is the witness
  [PASS] and factorize reports the full relation IRREDUCIBLE (unit + itself)
  [PASS] so there is nothing to saturate; R_0 having full weight 125 says nothing about R, since EVERY part of a quasi-homogeneous polynomial has the full weight
   The objection's y-adic point WAS right and had already been applied:
     crude WP-B figure 1876 = deg+1;  refined figure 626 = deg - ord + 1, window [1250, 1875]
  [PASS] the ~1050 vacuous rows were removed within the session, before the objection

==========================================================================
OBJECTION 3  'where did the 17 come from - derived or inherited?'
==========================================================================
   (8,28): 102 monomials, nullspace dimension 1
   weights (d2,d1,d0,dm1,F*W ; total) = [1, 3/2, 2, 5/2, 17/2, 125/2]
  [PASS] the weights are UNIQUELY pinned by (8,28)'s own exponent lattice (nullspace dimension 1) - no section-5 quantity enters
  [PASS] giving (2,3,4,5,17) with total 125
   independent derivation:  w(F*W) = 5L - 1 - m  for [P,Q] = x^m
     section 5: 5*3-1-1 = 13, relation gives 13, WP-C symmetry order mu_13
     (8,28)  : 5*4-1-2 = 17, relation gives 17, WP-C symmetry order mu_17
  [PASS] w(F*W) = 5L-1-m matches the relation in BOTH cases, and equals the residual symmetry order computed independently in WP-C from the chain rule
  [PASS] section 5's rho = 2*deg(C_3)-1 = 17 is a coincidence: for section 5, rho = 17 while w(F*W) = 13 - different quantities

==========================================================================
11/11 certifications passed.
==========================================================================

AUDIT RESULT.

  Objection 1 was CORRECT and the gap was real: the section-5 control had not
  been run, so the 8.46x figure rested on nothing comparative.  It has now been
  run, and the closed case scores 4.03x.  The metric discriminates by a factor
  of 2.1, so the WP-B reading survives - but as a calibrated statement, which
  it was not before.

  Objection 2 does not hold: R_0 is the F-free PART of R, every part of a
  quasi-homogeneous polynomial carries the full weight, and R itself is
  irreducible with R|_(dm1=0) = -8192 d1^2 F^7 W^7 != 0.  Nothing to saturate.
  Its y-adic sub-point was right and had already been applied.

  Objection 3 does not hold: the weight vector is the unique nullspace of
  (8,28)'s own 102-monomial exponent lattice, and w(F*W) = 5L-1-m independently
  reproduces it in both cases while matching WP-C's symmetry order.

  NO COUNTEREXAMPLE.  The reading is unchanged and now better supported:
  strongly overdetermined, expect EMPTY, still a prior rather than a proof.

