W=   3 eqs  18 unk  19 rank  17 newparams 2 newconds  0 (deg<=0)  params 2 conds 0
W=   2 eqs  19 unk  21 rank  18 newparams 3 newconds  0 (deg<=0)  params 5 conds 0
W=   1 eqs  20 unk  21 rank  18 newparams 3 newconds  0 (deg<=0)  params 8 conds 0
W=   0 eqs  20 unk  19 rank  18 newparams 1 newconds  2 (deg<=4)  params 9 conds 2
W=  -1 eqs  21 unk  17 rank  17 newparams 0 newconds  2 (deg<=5)  params 9 conds 4
W=  -2 eqs  20 unk  15 rank  15 newparams 0 newconds  4 (deg<=6)  params 9 conds 8
W=  -3 eqs  19 unk  13 rank  13 newparams 0 newconds  5 (deg<=7)  params 9 conds 13
W=  -4 eqs  18 unk  11 rank  11 newparams 0 newconds  6 (deg<=8)  params 9 conds 19
W=  -5 eqs  17 unk   9 rank   9 newparams 0 newconds  7 (deg<=9)  params 9 conds 26
W=  -6 eqs  16 unk   7 rank   7 newparams 0 newconds  8 (deg<=10)  params 9 conds 34
W=  -7 eqs  15 unk   5 rank   5 newparams 0 newconds  9 (deg<=11)  params 9 conds 43
W=  -8 eqs  14 unk   4 rank   4 newparams 0 newconds  9 (deg<=12)  params 9 conds 52
W=  -9 eqs  13 unk   3 rank   3 newparams 0 newconds  9 (deg<=13)  params 9 conds 61
W= -10 eqs  12 unk   2 rank   2 newparams 0 newconds  9 (deg<=14)  params 9 conds 70
W= -11 eqs  11 unk   1 rank   1 newparams 0 newconds  9 (deg<=15)  params 9 conds 79
W= -12 eqs  10 unk   0 rank   0 newparams 0 newconds  9 (deg<=16)  params 9 conds 88
W= -13 eqs   9 unk   0 rank   0 newparams 0 newconds  8 (deg<=17)  params 9 conds 96
W= -14 eqs   8 unk   0 rank   0 newparams 0 newconds  7 (deg<=18)  params 9 conds 103
W= -15 eqs   7 unk   0 rank   0 newparams 0 newconds  6 (deg<=19)  params 9 conds 109
W= -16 eqs   6 unk   0 rank   0 newparams 0 newconds  5 (deg<=20)  params 9 conds 114
