=== p=5441 cover 0/5  f=[1, 1844, 3390, 4326, 595, 1247, 4465, 1]
  P(0,8)    slice w=-8   coeff k=0 : 275 terms, degree 10
  P(8,16)   slice w=0    coeff k=8 : 2 terms, degree 2
  Q(0,12)   slice w=-12  coeff k=0 : 1281 terms, degree 15
  Q(12,24)  slice w=0    coeff k=12 : 2 terms, degree 3
conditions: 88
time 6  components 1
VERDICT: EMPTY -- no non-degenerate solution over the algebraic closure of F_5441 for this face point

=== p=5441 cover 1/5  f=[1, 4744, 3377, 130, 577, 5436, 2842, 1]
  P(0,8)    slice w=-8   coeff k=0 : 275 terms, degree 10
  P(8,16)   slice w=0    coeff k=8 : 2 terms, degree 2
  Q(0,12)   slice w=-12  coeff k=0 : 1281 terms, degree 15
  Q(12,24)  slice w=0    coeff k=12 : 2 terms, degree 3
conditions: 88
time 7  components 1
VERDICT: EMPTY -- no non-degenerate solution over the algebraic closure of F_5441 for this face point

=== p=5441 cover 2/5  f=[1, 2887, 3327, 2375, 2508, 5213, 1102, 1]
  P(0,8)    slice w=-8   coeff k=0 : 275 terms, degree 10
  P(8,16)   slice w=0    coeff k=8 : 2 terms, degree 2
  Q(0,12)   slice w=-12  coeff k=0 : 1282 terms, degree 15
  Q(12,24)  slice w=0    coeff k=12 : 2 terms, degree 3
conditions: 88
time 7  components 1
VERDICT: EMPTY -- no non-degenerate solution over the algebraic closure of F_5441 for this face point

=== p=5441 cover 3/5  f=[1, 2661, 5435, 2969, 1169, 3173, 2259, 1]
  P(0,8)    slice w=-8   coeff k=0 : 275 terms, degree 10
  P(8,16)   slice w=0    coeff k=8 : 2 terms, degree 2
  Q(0,12)   slice w=-12  coeff k=0 : 1282 terms, degree 15
  Q(12,24)  slice w=0    coeff k=12 : 2 terms, degree 3
conditions: 88
time 7  components 1
VERDICT: EMPTY -- no non-degenerate solution over the algebraic closure of F_5441 for this face point

=== p=5441 cover 4/5  f=[1, 3800, 513, 3097, 1475, 4777, 3189, 1]
  P(0,8)    slice w=-8   coeff k=0 : 275 terms, degree 10
  P(8,16)   slice w=0    coeff k=8 : 2 terms, degree 2
  Q(0,12)   slice w=-12  coeff k=0 : 1282 terms, degree 15
  Q(12,24)  slice w=0    coeff k=12 : 2 terms, degree 3
conditions: 88
time 7  components 1
VERDICT: EMPTY -- no non-degenerate solution over the algebraic closure of F_5441 for this face point

