=== p=5189 cover 0/5  f=[1, 2369, 3725, 4260, 1614, 4694, 1747, 1]
  P(0,8)    slice w=-8   coeff k=0 : 275 terms, degree 10
  P(8,16)   slice w=0    coeff k=8 : 2 terms, degree 2
  Q(0,12)   slice w=-12  coeff k=0 : 1282 terms, degree 15
  Q(12,24)  slice w=0    coeff k=12 : 2 terms, degree 3
conditions: 88
time 7  components 1
VERDICT: EMPTY -- no non-degenerate solution over the algebraic closure of F_5189 for this face point

=== p=5189 cover 1/5  f=[1, 2538, 2695, 3578, 5138, 2850, 2938, 1]
  P(0,8)    slice w=-8   coeff k=0 : 275 terms, degree 10
  P(8,16)   slice w=0    coeff k=8 : 2 terms, degree 2
  Q(0,12)   slice w=-12  coeff k=0 : 1282 terms, degree 15
  Q(12,24)  slice w=0    coeff k=12 : 2 terms, degree 3
conditions: 88
time 7  components 1
VERDICT: EMPTY -- no non-degenerate solution over the algebraic closure of F_5189 for this face point

=== p=5189 cover 2/5  f=[1, 3564, 3168, 1468, 4363, 2551, 2781, 1]
  P(0,8)    slice w=-8   coeff k=0 : 275 terms, degree 10
  P(8,16)   slice w=0    coeff k=8 : 2 terms, degree 2
  Q(0,12)   slice w=-12  coeff k=0 : 1282 terms, degree 15
  Q(12,24)  slice w=0    coeff k=12 : 2 terms, degree 3
conditions: 88
time 7  components 1
VERDICT: EMPTY -- no non-degenerate solution over the algebraic closure of F_5189 for this face point

=== p=5189 cover 3/5  f=[1, 1038, 3874, 3816, 3926, 4922, 3766, 1]
  P(0,8)    slice w=-8   coeff k=0 : 275 terms, degree 10
  P(8,16)   slice w=0    coeff k=8 : 2 terms, degree 2
  Q(0,12)   slice w=-12  coeff k=0 : 1282 terms, degree 15
  Q(12,24)  slice w=0    coeff k=12 : 2 terms, degree 3
conditions: 88
time 7  components 1
VERDICT: EMPTY -- no non-degenerate solution over the algebraic closure of F_5189 for this face point

=== p=5189 cover 4/5  f=[1, 2157, 3720, 83, 3072, 1088, 1649, 1]
  P(0,8)    slice w=-8   coeff k=0 : 275 terms, degree 10
  P(8,16)   slice w=0    coeff k=8 : 2 terms, degree 2
  Q(0,12)   slice w=-12  coeff k=0 : 1282 terms, degree 15
  Q(12,24)  slice w=0    coeff k=12 : 2 terms, degree 3
conditions: 88
time 6  components 1
VERDICT: EMPTY -- no non-degenerate solution over the algebraic closure of F_5189 for this face point

