[0, [1000133, 
19, 
1144, 
['c1', 'c2', 'c3', 'c4', 'c5', 'c6', 'c7', 'c8', 'd10', 'd11', 'd12', 'd3', 'd4', 'd5', 'd6', 'd7', 'd8', 'd9', 'A'],
[33,-119,-115,-86,105,80,-34,17,61,121,124,40,98,-110,-111,120,-85,-59,-83],
[1,
[[9,
[481507, 576347, 808492, 109795, 770138, 282489, 567660, 207798, 150761, 1]],
[0,
[1]],
[
[[0,
[1000132]]],
[[0,
[1000132]]],
[[8,
[309359, 646353, 625328, 470369, 740976, 877474, 555662, 386030, 384862]]],
[[8,
[710823, 511068, 113340, 322432, 353747, 601679, 388529, 232473, 495159]]],
[[8,
[436321, 955530, 766939, 437389, 176902, 546881, 932979, 300962, 359941]]],
[[8,
[374313, 599869, 472367, 554349, 534729, 41638, 42648, 730343, 441015]]],
[[8,
[588634, 353290, 960829, 693796, 619824, 898146, 190486, 472660, 729466]]],
[[8,
[375193, 470661, 914072, 169007, 457279, 507710, 47177, 206364, 694503]]],
[[8,
[698263, 966938, 875744, 831591, 885726, 962172, 377921, 128051, 620283]]],
[[8,
[920882, 482475, 848317, 494824, 23123, 395453, 428950, 911213, 233912]]],
[[8,
[869673, 307446, 413449, 435193, 876822, 894515, 7030, 880519, 804613]]],
[[0,
[333377]]],
[[8,
[309359, 646353, 625328, 470369, 740976, 877474, 555662, 386030, 384862]]],
[[8,
[669493, 869830, 701036, 654246, 118530, 544757, 301157, 837188, 565896]]],
[[8,
[935675, 965673, 212897, 431847, 531583, 283302, 827026, 578673, 740581]]],
[[8,
[685761, 302890, 291803, 19917, 310069, 934859, 124466, 273136, 74524]]],
[[8,
[555648, 992148, 789097, 962129, 482212, 980286, 58147, 695819, 489877]]],
[[8,
[228318, 271219, 412301, 696774, 436510, 646195, 232788, 24730, 893616]]]
]]]]]:
