[0, [1000159, 
19, 
1144, 
['c1', 'c2', 'c3', 'c4', 'c5', 'c6', 'c7', 'c8', 'd10', 'd11', 'd12', 'd3', 'd4', 'd5', 'd6', 'd7', 'd8', 'd9', 'A'],
[111,34,-9,79,65,3,57,88,-59,44,127,-1,57,74,-33,-14,80,37,-91],
[1,
[[9,
[286411, 758641, 789527, 626964, 471748, 928163, 391825, 864965, 782291, 1]],
[0,
[1]],
[
[[0,
[1000158]]],
[[0,
[1000158]]],
[[8,
[779471, 757733, 771371, 274668, 382816, 129649, 906261, 909996, 770400]]],
[[8,
[827460, 926584, 267539, 264342, 411546, 398423, 921256, 211352, 138270]]],
[[8,
[28040, 763362, 262341, 754895, 436439, 880428, 918398, 834467, 917821]]],
[[8,
[652336, 806271, 535120, 967551, 877810, 469188, 51602, 709711, 138319]]],
[[8,
[948038, 235716, 428782, 313191, 329345, 426286, 241947, 565373, 708308]]],
[[8,
[921316, 488538, 478189, 221363, 964128, 791631, 623869, 691050, 21698]]],
[[8,
[320606, 119040, 35338, 155900, 802511, 349691, 903957, 370636, 48577]]],
[[8,
[19448, 146041, 442150, 374935, 806874, 65864, 476382, 734180, 652933]]],
[[8,
[379015, 624523, 47323, 695215, 933292, 294427, 845897, 164043, 790434]]],
[[0,
[666772]]],
[[8,
[779471, 757733, 771371, 274668, 382816, 129649, 906261, 909996, 770400]]],
[[8,
[517029, 201674, 162879, 444985, 756098, 26701, 52705, 384425, 15143]]],
[[8,
[856754, 372225, 383793, 397543, 868439, 924771, 705086, 493242, 651027]]],
[[8,
[25431, 570796, 893628, 397016, 707314, 421909, 612681, 988935, 30121]]],
[[8,
[762327, 165660, 385640, 570510, 222978, 550888, 43844, 951232, 860058]]],
[[8,
[982628, 578296, 961808, 437656, 17188, 201597, 43426, 96545, 987319]]]
]]]]]:
