[0, [1000033, 
19, 
1144, 
['c1', 'c2', 'c3', 'c4', 'c5', 'c6', 'c7', 'c8', 'd10', 'd11', 'd12', 'd3', 'd4', 'd5', 'd6', 'd7', 'd8', 'd9', 'A'],
[51,29,-40,-26,-2,-23,-121,-95,-6,127,-102,18,6,58,65,-89,47,11,-89],
[1,
[[9,
[83214, 193741, 10853, 267739, 436191, 835337, 243998, 205923, 314455, 1]],
[0,
[1]],
[
[[0,
[1000032]]],
[[0,
[1000032]]],
[[8,
[746968, 542961, 969476, 924995, 512865, 954453, 292044, 927084, 499091]]],
[[8,
[334104, 314183, 508934, 241241, 508064, 292187, 531870, 127459, 667802]]],
[[8,
[334372, 911970, 711901, 579555, 755750, 315704, 829078, 247632, 556271]]],
[[8,
[735657, 640255, 327707, 788933, 242126, 31936, 77500, 549586, 986948]]],
[[8,
[921202, 380935, 363260, 155967, 36391, 670621, 499597, 727034, 126393]]],
[[8,
[864340, 711132, 341794, 646210, 422475, 85830, 237497, 983814, 384051]]],
[[8,
[591130, 941329, 480388, 233547, 821379, 880166, 838197, 327039, 448466]]],
[[8,
[981615, 153196, 540960, 24388, 680929, 58779, 116153, 307342, 445948]]],
[[8,
[928040, 334931, 901974, 717508, 327815, 607654, 549917, 916586, 49870]]],
[[0,
[666688]]],
[[8,
[746968, 542961, 969476, 924995, 512865, 954453, 292044, 927084, 499091]]],
[[8,
[524695, 644790, 438777, 275704, 152059, 333928, 36404, 574253, 48893]]],
[[8,
[17321, 844225, 912012, 623895, 564106, 91789, 471497, 305492, 178749]]],
[[8,
[34151, 449001, 28598, 420026, 39422, 165841, 910987, 914385, 576597]]],
[[8,
[349952, 76034, 155331, 700728, 580551, 251894, 184553, 828346, 690768]]],
[[8,
[347270, 208726, 570450, 425229, 262812, 553758, 838223, 372814, 678134]]]
]]]]]:
