[0, [1000081, 
19, 
1144, 
['c1', 'c2', 'c3', 'c4', 'c5', 'c6', 'c7', 'c8', 'd10', 'd11', 'd12', 'd3', 'd4', 'd5', 'd6', 'd7', 'd8', 'd9', 'A'],
[2,-106,43,11,-120,11,101,-53,-87,36,3,-125,-69,122,127,114,-40,98,-42],
[1,
[[9,
[917232, 385871, 530516, 452167, 894281, 744262, 346353, 633158, 893673, 1]],
[0,
[1]],
[
[[0,
[1000080]]],
[[0,
[1000080]]],
[[8,
[706185, 87, 531999, 240299, 177664, 777634, 691340, 982511, 763888]]],
[[8,
[544272, 913548, 461428, 407485, 463675, 451074, 861512, 475981, 536778]]],
[[8,
[109863, 711165, 634236, 596770, 57706, 706061, 523872, 783094, 475069]]],
[[8,
[227091, 700921, 108072, 204384, 60286, 138092, 862841, 49245, 527046]]],
[[8,
[922649, 644047, 598691, 318159, 377823, 47354, 38338, 458797, 847012]]],
[[8,
[745670, 694473, 458831, 180549, 154870, 322514, 894133, 465930, 362320]]],
[[8,
[572683, 624828, 462369, 57416, 445004, 659694, 872127, 662933, 938980]]],
[[8,
[745309, 189417, 606936, 3359, 951038, 835624, 373581, 84797, 72335]]],
[[8,
[467840, 226893, 484397, 558613, 175996, 437791, 319346, 931260, 256190]]],
[[0,
[666720]]],
[[8,
[706185, 87, 531999, 240299, 177664, 777634, 691340, 982511, 763888]]],
[[8,
[193419, 472580, 670215, 37091, 672783, 86907, 555979, 686847, 899198]]],
[[8,
[282394, 649361, 727841, 308813, 494070, 791692, 914358, 955384, 924040]]],
[[8,
[59371, 158048, 626018, 523766, 498881, 661100, 78986, 689229, 806780]]],
[[8,
[253072, 856802, 2182, 730281, 445446, 642645, 252885, 868253, 191409]]],
[[8,
[257296, 176908, 632532, 862544, 386908, 173155, 908400, 213905, 120294]]]
]]]]]:
