[0, [1000039, 
19, 
1144, 
['c1', 'c2', 'c3', 'c4', 'c5', 'c6', 'c7', 'c8', 'd10', 'd11', 'd12', 'd3', 'd4', 'd5', 'd6', 'd7', 'd8', 'd9', 'A'],
[-98,-25,-94,-60,-68,-122,86,-5,32,-81,6,83,62,-50,-25,8,-89,-102,-93],
[1,
[[9,
[55182, 13644, 394029, 768200, 523462, 530505, 665966, 462302, 616319, 1]],
[0,
[1]],
[
[[0,
[1000038]]],
[[0,
[1000038]]],
[[8,
[110755, 908805, 758528, 81085, 815826, 911160, 916620, 68557, 348155]]],
[[8,
[468353, 888008, 20466, 867799, 638265, 194623, 480740, 163487, 987700]]],
[[8,
[936654, 166115, 934372, 233624, 28143, 373855, 807700, 491634, 75404]]],
[[8,
[44049, 365720, 975059, 426030, 644049, 838591, 212627, 201927, 523581]]],
[[8,
[216697, 109087, 418906, 836735, 74924, 27122, 415749, 563815, 898287]]],
[[8,
[253978, 314953, 313204, 873448, 720406, 119147, 749116, 274298, 418663]]],
[[8,
[509148, 836224, 345350, 745252, 862375, 665421, 881556, 877054, 667207]]],
[[8,
[908221, 321197, 274715, 792910, 747237, 555625, 831700, 445214, 314076]]],
[[8,
[306162, 140872, 585164, 144444, 141912, 944618, 501297, 785854, 428149]]],
[[0,
[666692]]],
[[8,
[110755, 908805, 758528, 81085, 815826, 911160, 916620, 68557, 348155]]],
[[8,
[820986, 157690, 880566, 134594, 586583, 365289, 120829, 329705, 128761]]],
[[8,
[794598, 684520, 407808, 706566, 966850, 587272, 606849, 199737, 2651]]],
[[8,
[437605, 44379, 749489, 633, 931963, 642444, 569503, 288456, 877276]]],
[[8,
[39320, 226552, 677323, 692692, 430897, 378722, 842943, 390950, 95227]]],
[[8,
[290662, 816890, 434103, 544383, 916587, 584574, 246568, 105920, 541913]]]
]]]]]:
