[0, [999961, 
19, 
1144, 
['c1', 'c2', 'c3', 'c4', 'c5', 'c6', 'c7', 'c8', 'd10', 'd11', 'd12', 'd3', 'd4', 'd5', 'd6', 'd7', 'd8', 'd9', 'A'],
[90,49,80,-94,-6,65,-68,1,-43,-90,87,126,113,85,-82,41,-36,-114,105],
[1,
[[9,
[863564, 865876, 439447, 577511, 910745, 728886, 824212, 783416, 376622, 1]],
[0,
[1]],
[
[[0,
[999960]]],
[[0,
[999960]]],
[[8,
[581706, 303007, 611279, 547802, 494926, 408803, 152010, 641033, 248223]]],
[[8,
[808711, 743485, 572971, 523000, 342224, 231458, 909696, 215049, 202400]]],
[[8,
[772508, 193031, 298041, 294394, 107816, 399251, 365604, 2005, 598092]]],
[[8,
[628632, 713764, 933594, 891005, 143654, 895125, 677181, 233045, 634676]]],
[[8,
[95327, 898969, 923940, 604252, 267458, 211979, 51542, 950928, 385004]]],
[[8,
[318237, 521865, 336430, 702873, 721129, 903780, 710514, 656115, 365151]]],
[[8,
[921969, 281285, 948840, 876379, 586752, 349645, 252658, 349141, 619080]]],
[[8,
[646428, 307671, 200534, 927316, 772485, 450487, 459359, 811804, 102388]]],
[[8,
[599537, 566717, 778053, 427808, 910211, 735303, 283471, 345603, 972545]]],
[[0,
[666640]]],
[[8,
[581706, 303007, 611279, 547802, 494926, 408803, 152010, 641033, 248223]]],
[[8,
[638538, 563994, 654824, 26308, 105410, 407375, 896801, 674325, 659869]]],
[[8,
[554919, 575615, 873748, 749296, 721445, 243347, 846177, 417640, 874279]]],
[[8,
[268103, 104789, 827159, 157436, 137079, 829613, 697048, 510324, 391002]]],
[[8,
[901685, 789914, 754399, 285185, 357413, 289913, 766163, 133016, 655754]]],
[[8,
[166248, 64355, 939736, 3353, 22496, 790030, 159186, 121337, 546753]]]
]]]]]:
