[0, [999979, 
19, 
1144, 
['c1', 'c2', 'c3', 'c4', 'c5', 'c6', 'c7', 'c8', 'd10', 'd11', 'd12', 'd3', 'd4', 'd5', 'd6', 'd7', 'd8', 'd9', 'A'],
[-19,1,103,66,97,-110,47,63,-2,-99,-76,-57,-118,61,-124,41,7,-121,36],
[1,
[[9,
[985263, 853827, 551128, 134947, 246825, 415803, 904311, 738949, 985871, 1]],
[0,
[1]],
[
[[0,
[999978]]],
[[0,
[999978]]],
[[8,
[924058, 305716, 798379, 295493, 824291, 97633, 711192, 941769, 934276]]],
[[8,
[961860, 163872, 28650, 763374, 830163, 896461, 189366, 34063, 385769]]],
[[8,
[184273, 374329, 419193, 231496, 446632, 891570, 402170, 340894, 941588]]],
[[8,
[510949, 207270, 764883, 612626, 80686, 111773, 576130, 818855, 994074]]],
[[8,
[623674, 686641, 758215, 79595, 191859, 53329, 263921, 32701, 854190]]],
[[8,
[728627, 86199, 495596, 634133, 849366, 826698, 263299, 46048, 385573]]],
[[8,
[481923, 294750, 874335, 481687, 947320, 309178, 281175, 137552, 760887]]],
[[8,
[305889, 243978, 172237, 403099, 666018, 123754, 419136, 180863, 41483]]],
[[8,
[568069, 663130, 473498, 984075, 244842, 860914, 547543, 411805, 271958]]],
[[0,
[666652]]],
[[8,
[924058, 305716, 798379, 295493, 824291, 97633, 711192, 941769, 934276]]],
[[8,
[527852, 901553, 175597, 443865, 234487, 167402, 930689, 896054, 583733]]],
[[8,
[445167, 743650, 223980, 379629, 31339, 397518, 977064, 464105, 851003]]],
[[8,
[429228, 997099, 601494, 558087, 236979, 431567, 463712, 935076, 30423]]],
[[8,
[953698, 863017, 9952, 42641, 171752, 626491, 669671, 962060, 824807]]],
[[8,
[102154, 793418, 761807, 497745, 870237, 637830, 827272, 134343, 79972]]]
]]]]]:
