[0, [1000121, 
19, 
1144, 
['c1', 'c2', 'c3', 'c4', 'c5', 'c6', 'c7', 'c8', 'd10', 'd11', 'd12', 'd3', 'd4', 'd5', 'd6', 'd7', 'd8', 'd9', 'A'],
[-18,24,20,-28,82,87,-22,-92,77,10,-56,93,23,79,-32,-128,86,-85,54],
[1,
[[9,
[163772, 371689, 537736, 713222, 181133, 781531, 43383, 917762, 671906, 1]],
[0,
[1]],
[
[[0,
[1000120]]],
[[0,
[1000120]]],
[[8,
[921912, 925649, 305086, 878383, 189647, 917189, 957379, 502353, 393961]]],
[[8,
[21835, 808919, 70198, 263602, 178841, 138391, 565539, 791282, 746004]]],
[[8,
[282921, 834725, 256877, 533579, 314852, 445666, 754442, 272177, 306155]]],
[[8,
[22407, 240652, 285536, 264252, 335020, 234112, 835517, 547414, 353931]]],
[[8,
[785735, 213602, 585036, 713596, 119587, 698706, 540583, 566782, 235997]]],
[[8,
[835135, 725197, 455072, 731835, 916960, 953788, 827881, 864876, 409575]]],
[[8,
[822784, 648660, 117840, 23641, 515170, 444341, 995175, 614784, 430295]]],
[[8,
[270094, 816839, 41081, 662315, 758875, 508130, 69297, 162546, 963362]]],
[[8,
[328887, 125278, 513330, 522841, 549153, 446838, 50085, 360022, 578651]]],
[[0,
[333373]]],
[[8,
[921912, 925649, 305086, 878383, 189647, 917189, 957379, 502353, 393961]]],
[[8,
[596452, 638730, 651724, 158385, 633013, 443910, 217707, 475699, 852576]]],
[[8,
[169747, 974903, 400243, 537471, 918960, 176979, 343914, 603240, 455750]]],
[[8,
[790883, 551456, 441148, 202304, 442934, 502553, 201209, 535585, 37351]]],
[[8,
[45318, 978557, 428159, 254500, 451676, 54510, 394842, 52535, 651181]]],
[[8,
[400701, 553449, 389367, 406835, 757456, 404743, 8484, 110579, 510805]]]
]]]]]:
