[0, [1000117, 
19, 
1144, 
['c1', 'c2', 'c3', 'c4', 'c5', 'c6', 'c7', 'c8', 'd10', 'd11', 'd12', 'd3', 'd4', 'd5', 'd6', 'd7', 'd8', 'd9', 'A'],
[116,-23,54,127,45,11,97,-80,121,-20,-118,25,113,-127,90,-26,-97,-41,-114],
[1,
[[9,
[954012, 778003, 606189, 251753, 208094, 306044, 149544, 526306, 335511, 1]],
[0,
[1]],
[
[[0,
[1000116]]],
[[0,
[1000116]]],
[[8,
[498260, 320318, 491423, 344393, 222495, 50283, 725710, 564461, 544275]]],
[[8,
[770973, 882682, 193406, 383273, 526644, 288103, 528884, 116197, 164108]]],
[[8,
[437117, 684339, 586608, 238539, 334012, 789404, 338366, 103198, 874239]]],
[[8,
[289524, 257148, 292486, 414555, 29217, 369401, 612074, 208897, 267711]]],
[[8,
[871546, 349400, 975852, 632741, 50462, 575557, 76677, 640615, 745120]]],
[[8,
[943434, 295615, 326929, 654448, 619924, 205165, 475187, 408758, 388671]]],
[[8,
[549501, 382295, 1552, 765563, 615676, 218987, 204661, 28617, 979792]]],
[[8,
[221661, 444860, 961772, 490827, 426075, 567182, 340830, 905304, 75671]]],
[[8,
[196181, 74171, 646163, 457962, 755960, 2298, 146426, 60768, 435576]]],
[[0,
[666744]]],
[[8,
[498260, 320318, 491423, 344393, 222495, 50283, 725710, 564461, 544275]]],
[[8,
[881112, 437284, 649657, 723774, 459005, 900756, 461565, 704292, 187552]]],
[[8,
[25455, 747308, 789500, 399506, 810975, 963442, 791334, 390057, 18734]]],
[[8,
[834310, 334756, 161244, 519401, 627762, 462652, 90853, 878647, 998038]]],
[[8,
[134897, 422729, 433943, 461128, 123063, 488557, 99594, 46524, 149183]]],
[[8,
[322402, 342955, 358848, 245831, 924402, 872300, 243206, 948556, 470095]]]
]]]]]:
