[0, [1000003, 
19, 
1144, 
['c1', 'c2', 'c3', 'c4', 'c5', 'c6', 'c7', 'c8', 'd10', 'd11', 'd12', 'd3', 'd4', 'd5', 'd6', 'd7', 'd8', 'd9', 'A'],
[61,-102,-9,10,61,100,98,68,-66,-107,85,-77,56,49,-7,37,-98,-100,-24],
[1,
[[9,
[391157, 725249, 584826, 179686, 775205, 150541, 735744, 870979, 810141, 1]],
[0,
[1]],
[
[[0,
[1000002]]],
[[0,
[1000002]]],
[[8,
[115325, 92554, 304543, 481778, 616419, 730300, 626549, 934131, 354543]]],
[[8,
[105530, 786694, 59206, 35087, 793152, 364230, 53283, 747232, 555617]]],
[[8,
[231392, 763985, 839430, 838788, 736364, 544934, 560794, 271086, 136906]]],
[[8,
[530429, 197164, 434684, 155848, 377577, 425061, 283034, 802180, 450858]]],
[[8,
[503267, 440269, 485779, 371246, 572079, 801779, 466882, 732518, 357405]]],
[[8,
[783399, 963971, 437499, 377091, 929176, 949305, 544657, 476250, 935713]]],
[[8,
[481249, 615736, 647464, 551777, 589012, 326485, 396827, 140859, 87640]]],
[[8,
[647929, 146002, 690913, 262214, 984928, 632119, 219751, 629497, 932785]]],
[[8,
[341193, 537537, 734186, 608182, 700728, 190833, 257852, 490229, 160160]]],
[[0,
[666668]]],
[[8,
[115325, 92554, 304543, 481778, 616419, 730300, 626549, 934131, 354543]]],
[[8,
[692036, 184791, 67664, 182957, 49314, 701978, 346610, 996837, 920706]]],
[[8,
[610773, 863592, 444486, 695911, 168803, 719669, 902452, 59485, 245686]]],
[[8,
[985284, 893933, 430637, 64858, 678965, 335428, 805190, 821742, 682505]]],
[[8,
[608455, 402080, 314549, 903003, 577125, 794644, 206171, 445389, 615505]]],
[[8,
[162630, 973438, 909928, 709899, 109245, 207712, 817508, 95033, 296601]]]
]]]]]:
