[0, [1000171, 
19, 
1144, 
['c1', 'c2', 'c3', 'c4', 'c5', 'c6', 'c7', 'c8', 'd10', 'd11', 'd12', 'd3', 'd4', 'd5', 'd6', 'd7', 'd8', 'd9', 'A'],
[-82,-24,-79,-56,-23,79,-113,-75,98,-33,35,72,-20,105,-93,122,49,66,51],
[1,
[[9,
[223543, 194530, 239604, 249554, 560415, 812803, 731217, 116918, 882301, 1]],
[0,
[1]],
[
[[0,
[1000170]]],
[[0,
[1000170]]],
[[8,
[872398, 689657, 266770, 382607, 611866, 770113, 657787, 154412, 642804]]],
[[8,
[961686, 311897, 493336, 122363, 615885, 392424, 631455, 172552, 547496]]],
[[8,
[429829, 608509, 825459, 253643, 81043, 969014, 907454, 682255, 873289]]],
[[8,
[22763, 242907, 950775, 807127, 492451, 810511, 803424, 15786, 272925]]],
[[8,
[113885, 358592, 956376, 160384, 709384, 320086, 910068, 897649, 512612]]],
[[8,
[509051, 475598, 399254, 952810, 214878, 31873, 306199, 690574, 534752]]],
[[8,
[151555, 999092, 344853, 200231, 347016, 35155, 323104, 939074, 104156]]],
[[8,
[718315, 782260, 729642, 411454, 193092, 188782, 289204, 219548, 594106]]],
[[8,
[736438, 797525, 259233, 980216, 601206, 430790, 794771, 509341, 826864]]],
[[0,
[666780]]],
[[8,
[872398, 689657, 266770, 382607, 611866, 770113, 657787, 154412, 642804]]],
[[8,
[670425, 927980, 420931, 282725, 560987, 305603, 7255, 625847, 197065]]],
[[8,
[503840, 3746, 95873, 982544, 115200, 318412, 741518, 752628, 191097]]],
[[8,
[26874, 595795, 371463, 929752, 320328, 211152, 62746, 288570, 693932]]],
[[8,
[953010, 990965, 840787, 473154, 682062, 114380, 890290, 808516, 631902]]],
[[8,
[710755, 945967, 141502, 744308, 635482, 559058, 312825, 901140, 981376]]]
]]]]]:
