[0, [999983, 
19, 
1144, 
['c1', 'c2', 'c3', 'c4', 'c5', 'c6', 'c7', 'c8', 'd10', 'd11', 'd12', 'd3', 'd4', 'd5', 'd6', 'd7', 'd8', 'd9', 'A'],
[32,10,-47,-47,-109,71,95,112,-25,-26,-107,-6,15,-38,-61,113,87,35,-88],
[1,
[[9,
[329848, 53137, 101772, 685464, 713451, 887404, 694818, 131481, 810284, 1]],
[0,
[1]],
[
[[0,
[999982]]],
[[0,
[999982]]],
[[8,
[975120, 654214, 510970, 422674, 898628, 722733, 876659, 366178, 489254]]],
[[8,
[582591, 599108, 319368, 123744, 210284, 491729, 81291, 43873, 411993]]],
[[8,
[529841, 505880, 863742, 45961, 640442, 96016, 647637, 200518, 366009]]],
[[8,
[912623, 745450, 786920, 884366, 500128, 894194, 55355, 541997, 287984]]],
[[8,
[251475, 665365, 951424, 372786, 476136, 935232, 686006, 16417, 354464]]],
[[8,
[821431, 102853, 497803, 133160, 303248, 762461, 89745, 268858, 449519]]],
[[8,
[534063, 710813, 509727, 848942, 879670, 7758, 717332, 463900, 117393]]],
[[8,
[681360, 681570, 700536, 743574, 478559, 321739, 231068, 477494, 391927]]],
[[8,
[365981, 713927, 597676, 579951, 996150, 835674, 151258, 97439, 75465]]],
[[0,
[333327]]],
[[8,
[975120, 654214, 510970, 422674, 898628, 722733, 876659, 366178, 489254]]],
[[8,
[808673, 113276, 364992, 998550, 526034, 561976, 92904, 335850, 42285]]],
[[8,
[934676, 487236, 562934, 712771, 974985, 18268, 774964, 443910, 497247]]],
[[8,
[88904, 623531, 390743, 754090, 471729, 300175, 492230, 258137, 64069]]],
[[8,
[585519, 133737, 895625, 436536, 731831, 104163, 715711, 231298, 52098]]],
[[8,
[732492, 525459, 301181, 687891, 64414, 241025, 695814, 956248, 251829]]]
]]]]]:
