[0, [1000151, 
19, 
1144, 
['c1', 'c2', 'c3', 'c4', 'c5', 'c6', 'c7', 'c8', 'd10', 'd11', 'd12', 'd3', 'd4', 'd5', 'd6', 'd7', 'd8', 'd9', 'A'],
[-41,121,-82,-96,65,-119,-60,76,89,9,98,-27,112,-31,-108,-76,67,-46,-125],
[1,
[[9,
[358741, 503923, 768655, 148949, 389234, 829507, 337505, 449423, 199041, 1]],
[0,
[1]],
[
[[0,
[1000150]]],
[[0,
[1000150]]],
[[8,
[121908, 13689, 648660, 172444, 223014, 606565, 190992, 859361, 622909]]],
[[8,
[596867, 527964, 467801, 327220, 425932, 337640, 992845, 444467, 355604]]],
[[8,
[432857, 933578, 274153, 679850, 951647, 613998, 828168, 376757, 932761]]],
[[8,
[594974, 718199, 621006, 176745, 252492, 546659, 862141, 463430, 780082]]],
[[8,
[305968, 569734, 792014, 233046, 642980, 916337, 712883, 420640, 545444]]],
[[8,
[87872, 557993, 958511, 165604, 376135, 78807, 752295, 305542, 876198]]],
[[8,
[59887, 639000, 297951, 834554, 40470, 423335, 982538, 621705, 546806]]],
[[8,
[401561, 171577, 430363, 544270, 450704, 199047, 53053, 179871, 939277]]],
[[8,
[40856, 459542, 151440, 265389, 625870, 953771, 496126, 880579, 359419]]],
[[0,
[333383]]],
[[8,
[121908, 13689, 648660, 172444, 223014, 606565, 190992, 859361, 622909]]],
[[8,
[539255, 317630, 391751, 231087, 201022, 528753, 134529, 650841, 692162]]],
[[8,
[168909, 640619, 764683, 75440, 320709, 510017, 623447, 36898, 687699]]],
[[8,
[579763, 366653, 242734, 831665, 389702, 547142, 345219, 985636, 21575]]],
[[8,
[494842, 301956, 106219, 480316, 737549, 13937, 69778, 647632, 847317]]],
[[8,
[676503, 542614, 608476, 225208, 381300, 32089, 968535, 304380, 629486]]]
]]]]]:
